Java HotSpot(TM) 64-Bit Server VM (25.91-b14) for bsd-amd64 JRE (1.8.0_91-b14), built on Apr  1 2016 01:03:00 by "java_re" with gcc 4.2.1 (Based on Apple Inc. build 5658) (LLVM build 2336.11.00)
Memory: 4k page, physical 16777216k(1535964k free)

/proc/meminfo:

CommandLine flags: -XX:CMSInitiatingOccupancyFraction=50 -XX:CMSMaxAbortablePrecleanTime=6000 -XX:+CMSParallelRemarkEnabled -XX:+CMSScavengeBeforeRemark -XX:ConcGCThreads=4 -XX:InitialHeapSize=536870912 -XX:MaxHeapSize=536870912 -XX:MaxTenuringThreshold=8 -XX:NewRatio=3 -XX:OldPLABSize=16 -XX:ParallelGCThreads=4 -XX:+ParallelRefProcEnabled -XX:PretenureSizeThreshold=67108864 -XX:+PrintGC -XX:+PrintGCApplicationStoppedTime -XX:+PrintGCDateStamps -XX:+PrintGCDetails -XX:+PrintGCTimeStamps -XX:+PrintHeapAtGC -XX:+PrintTenuringDistribution -XX:SurvivorRatio=4 -XX:TargetSurvivorRatio=90 -XX:ThreadStackSize=256 -XX:+UseCMSInitiatingOccupancyOnly -XX:+UseCompressedClassPointers -XX:+UseCompressedOops -XX:+UseConcMarkSweepGC -XX:+UseParNewGC 
2016-08-01T17:48:09.535+0800: 0.360: Total time for which application threads were stopped: 0.0001676 seconds, Stopping threads took: 0.0000121 seconds
2016-08-01T17:48:09.641+0800: 0.465: Total time for which application threads were stopped: 0.0001194 seconds, Stopping threads took: 0.0000119 seconds
2016-08-01T17:48:09.731+0800: 0.556: Total time for which application threads were stopped: 0.0001214 seconds, Stopping threads took: 0.0000113 seconds
2016-08-01T17:48:09.783+0800: 0.608: Total time for which application threads were stopped: 0.0001664 seconds, Stopping threads took: 0.0000272 seconds
2016-08-01T17:48:09.797+0800: 0.622: Total time for which application threads were stopped: 0.0001615 seconds, Stopping threads took: 0.0000161 seconds
2016-08-01T17:48:09.808+0800: 0.633: Total time for which application threads were stopped: 0.0001423 seconds, Stopping threads took: 0.0000131 seconds
{Heap before GC invocations=0 (full 0):
 par new generation   total 109248K, used 87424K [0x00000007a0000000, 0x00000007a8000000, 0x00000007a8000000)
  eden space 87424K, 100% used [0x00000007a0000000, 0x00000007a5560000, 0x00000007a5560000)
  from space 21824K,   0% used [0x00000007a5560000, 0x00000007a5560000, 0x00000007a6ab0000)
  to   space 21824K,   0% used [0x00000007a6ab0000, 0x00000007a6ab0000, 0x00000007a8000000)
 concurrent mark-sweep generation total 393216K, used 0K [0x00000007a8000000, 0x00000007c0000000, 0x00000007c0000000)
 Metaspace       used 10062K, capacity 10204K, committed 10496K, reserved 1058816K
  class space    used 1153K, capacity 1208K, committed 1280K, reserved 1048576K
2016-08-01T17:48:10.013+0800: 0.837: [GC (Allocation Failure) 2016-08-01T17:48:10.013+0800: 0.837: [ParNew
Desired survivor size 20112992 bytes, new threshold 8 (max 8)
- age   1:    5577328 bytes,    5577328 total
: 87424K->5511K(109248K), 0.0059070 secs] 87424K->5511K(502464K), 0.0059793 secs] [Times: user=0.02 sys=0.00, real=0.00 secs] 
Heap after GC invocations=1 (full 0):
 par new generation   total 109248K, used 5511K [0x00000007a0000000, 0x00000007a8000000, 0x00000007a8000000)
  eden space 87424K,   0% used [0x00000007a0000000, 0x00000007a0000000, 0x00000007a5560000)
  from space 21824K,  25% used [0x00000007a6ab0000, 0x00000007a7011d20, 0x00000007a8000000)
  to   space 21824K,   0% used [0x00000007a5560000, 0x00000007a5560000, 0x00000007a6ab0000)
 concurrent mark-sweep generation total 393216K, used 0K [0x00000007a8000000, 0x00000007c0000000, 0x00000007c0000000)
 Metaspace       used 10062K, capacity 10204K, committed 10496K, reserved 1058816K
  class space    used 1153K, capacity 1208K, committed 1280K, reserved 1048576K
}
2016-08-01T17:48:10.019+0800: 0.843: Total time for which application threads were stopped: 0.0061797 seconds, Stopping threads took: 0.0000185 seconds
2016-08-01T17:48:10.107+0800: 0.931: Total time for which application threads were stopped: 0.0001933 seconds, Stopping threads took: 0.0000153 seconds
2016-08-01T17:48:10.161+0800: 0.986: Total time for which application threads were stopped: 0.0001822 seconds, Stopping threads took: 0.0000137 seconds
2016-08-01T17:48:10.336+0800: 1.161: Total time for which application threads were stopped: 0.0002358 seconds, Stopping threads took: 0.0000127 seconds
2016-08-01T17:48:10.338+0800: 1.163: Total time for which application threads were stopped: 0.0001895 seconds, Stopping threads took: 0.0000138 seconds
2016-08-01T17:48:10.343+0800: 1.168: Total time for which application threads were stopped: 0.0001739 seconds, Stopping threads took: 0.0000112 seconds
2016-08-01T17:48:10.831+0800: 1.656: Total time for which application threads were stopped: 0.0002710 seconds, Stopping threads took: 0.0000277 seconds
{Heap before GC invocations=1 (full 0):
 par new generation   total 109248K, used 92935K [0x00000007a0000000, 0x00000007a8000000, 0x00000007a8000000)
  eden space 87424K, 100% used [0x00000007a0000000, 0x00000007a5560000, 0x00000007a5560000)
  from space 21824K,  25% used [0x00000007a6ab0000, 0x00000007a7011d20, 0x00000007a8000000)
  to   space 21824K,   0% used [0x00000007a5560000, 0x00000007a5560000, 0x00000007a6ab0000)
 concurrent mark-sweep generation total 393216K, used 0K [0x00000007a8000000, 0x00000007c0000000, 0x00000007c0000000)
 Metaspace       used 19298K, capacity 19642K, committed 19840K, reserved 1067008K
  class space    used 2270K, capacity 2386K, committed 2432K, reserved 1048576K
2016-08-01T17:48:11.104+0800: 1.928: [GC (Allocation Failure) 2016-08-01T17:48:11.104+0800: 1.928: [ParNew
Desired survivor size 20112992 bytes, new threshold 8 (max 8)
- age   1:    9355368 bytes,    9355368 total
- age   2:    2503224 bytes,   11858592 total
: 92935K->13407K(109248K), 0.0092297 secs] 92935K->13407K(502464K), 0.0092937 secs] [Times: user=0.02 sys=0.01, real=0.01 secs] 
Heap after GC invocations=2 (full 0):
 par new generation   total 109248K, used 13407K [0x00000007a0000000, 0x00000007a8000000, 0x00000007a8000000)
  eden space 87424K,   0% used [0x00000007a0000000, 0x00000007a0000000, 0x00000007a5560000)
  from space 21824K,  61% used [0x00000007a5560000, 0x00000007a6277ea0, 0x00000007a6ab0000)
  to   space 21824K,   0% used [0x00000007a6ab0000, 0x00000007a6ab0000, 0x00000007a8000000)
 concurrent mark-sweep generation total 393216K, used 0K [0x00000007a8000000, 0x00000007c0000000, 0x00000007c0000000)
 Metaspace       used 19298K, capacity 19642K, committed 19840K, reserved 1067008K
  class space    used 2270K, capacity 2386K, committed 2432K, reserved 1048576K
}
2016-08-01T17:48:11.113+0800: 1.938: Total time for which application threads were stopped: 0.0095770 seconds, Stopping threads took: 0.0000882 seconds
2016-08-01T17:48:11.199+0800: 2.024: Total time for which application threads were stopped: 0.0002888 seconds, Stopping threads took: 0.0000247 seconds
2016-08-01T17:48:11.225+0800: 2.050: Total time for which application threads were stopped: 0.0003525 seconds, Stopping threads took: 0.0000733 seconds
2016-08-01T17:48:11.246+0800: 2.070: Total time for which application threads were stopped: 0.0001799 seconds, Stopping threads took: 0.0000114 seconds
{Heap before GC invocations=2 (full 0):
 par new generation   total 109248K, used 100818K [0x00000007a0000000, 0x00000007a8000000, 0x00000007a8000000)
  eden space 87424K,  99% used [0x00000007a0000000, 0x00000007a555c9f0, 0x00000007a5560000)
  from space 21824K,  61% used [0x00000007a5560000, 0x00000007a6277ea0, 0x00000007a6ab0000)
  to   space 21824K,   0% used [0x00000007a6ab0000, 0x00000007a6ab0000, 0x00000007a8000000)
 concurrent mark-sweep generation total 393216K, used 0K [0x00000007a8000000, 0x00000007c0000000, 0x00000007c0000000)
 Metaspace       used 20459K, capacity 20794K, committed 20992K, reserved 1067008K
  class space    used 2400K, capacity 2514K, committed 2560K, reserved 1048576K
2016-08-01T17:48:11.324+0800: 2.149: [GC (Allocation Failure) 2016-08-01T17:48:11.324+0800: 2.149: [ParNew
Desired survivor size 20112992 bytes, new threshold 8 (max 8)
- age   1:    2144224 bytes,    2144224 total
- age   2:    3722288 bytes,    5866512 total
- age   3:    2485784 bytes,    8352296 total
: 100818K->14369K(109248K), 0.0067424 secs] 100818K->14369K(502464K), 0.0068207 secs] [Times: user=0.03 sys=0.00, real=0.01 secs] 
Heap after GC invocations=3 (full 0):
 par new generation   total 109248K, used 14369K [0x00000007a0000000, 0x00000007a8000000, 0x00000007a8000000)
  eden space 87424K,   0% used [0x00000007a0000000, 0x00000007a0000000, 0x00000007a5560000)
  from space 21824K,  65% used [0x00000007a6ab0000, 0x00000007a78b8440, 0x00000007a8000000)
  to   space 21824K,   0% used [0x00000007a5560000, 0x00000007a5560000, 0x00000007a6ab0000)
 concurrent mark-sweep generation total 393216K, used 0K [0x00000007a8000000, 0x00000007c0000000, 0x00000007c0000000)
 Metaspace       used 20459K, capacity 20794K, committed 20992K, reserved 1067008K
  class space    used 2400K, capacity 2514K, committed 2560K, reserved 1048576K
}
2016-08-01T17:48:11.331+0800: 2.156: Total time for which application threads were stopped: 0.0070163 seconds, Stopping threads took: 0.0000387 seconds
2016-08-01T17:48:11.405+0800: 2.230: Total time for which application threads were stopped: 0.0001093 seconds, Stopping threads took: 0.0000342 seconds
2016-08-01T17:48:11.425+0800: 2.250: Total time for which application threads were stopped: 0.0001138 seconds, Stopping threads took: 0.0000166 seconds
{Heap before GC invocations=3 (full 0):
 par new generation   total 109248K, used 101793K [0x00000007a0000000, 0x00000007a8000000, 0x00000007a8000000)
  eden space 87424K, 100% used [0x00000007a0000000, 0x00000007a5560000, 0x00000007a5560000)
  from space 21824K,  65% used [0x00000007a6ab0000, 0x00000007a78b8440, 0x00000007a8000000)
  to   space 21824K,   0% used [0x00000007a5560000, 0x00000007a5560000, 0x00000007a6ab0000)
 concurrent mark-sweep generation total 393216K, used 0K [0x00000007a8000000, 0x00000007c0000000, 0x00000007c0000000)
 Metaspace       used 21448K, capacity 21746K, committed 21884K, reserved 1069056K
  class space    used 2527K, capacity 2614K, committed 2684K, reserved 1048576K
2016-08-01T17:48:11.454+0800: 2.278: [GC (Allocation Failure) 2016-08-01T17:48:11.454+0800: 2.278: [ParNew
Desired survivor size 20112992 bytes, new threshold 8 (max 8)
- age   1:    1820344 bytes,    1820344 total
- age   2:    1277152 bytes,    3097496 total
- age   3:    3711360 bytes,    6808856 total
- age   4:    2485784 bytes,    9294640 total
: 101793K->11084K(109248K), 0.0058224 secs] 101793K->11084K(502464K), 0.0058684 secs] [Times: user=0.02 sys=0.00, real=0.00 secs] 
Heap after GC invocations=4 (full 0):
 par new generation   total 109248K, used 11084K [0x00000007a0000000, 0x00000007a8000000, 0x00000007a8000000)
  eden space 87424K,   0% used [0x00000007a0000000, 0x00000007a0000000, 0x00000007a5560000)
  from space 21824K,  50% used [0x00000007a5560000, 0x00000007a60333b0, 0x00000007a6ab0000)
  to   space 21824K,   0% used [0x00000007a6ab0000, 0x00000007a6ab0000, 0x00000007a8000000)
 concurrent mark-sweep generation total 393216K, used 0K [0x00000007a8000000, 0x00000007c0000000, 0x00000007c0000000)
 Metaspace       used 21448K, capacity 21746K, committed 21884K, reserved 1069056K
  class space    used 2527K, capacity 2614K, committed 2684K, reserved 1048576K
}
2016-08-01T17:48:11.459+0800: 2.284: Total time for which application threads were stopped: 0.0060080 seconds, Stopping threads took: 0.0000163 seconds
2016-08-01T17:48:11.460+0800: 2.284: [GC (CMS Initial Mark) [1 CMS-initial-mark: 0K(393216K)] 11739K(502464K), 0.0018427 secs] [Times: user=0.01 sys=0.00, real=0.00 secs] 
2016-08-01T17:48:11.461+0800: 2.286: Total time for which application threads were stopped: 0.0019552 seconds, Stopping threads took: 0.0000433 seconds
2016-08-01T17:48:11.462+0800: 2.286: [CMS-concurrent-mark-start]
2016-08-01T17:48:11.462+0800: 2.287: [CMS-concurrent-mark: 0.000/0.000 secs] [Times: user=0.00 sys=0.00, real=0.00 secs] 
2016-08-01T17:48:11.462+0800: 2.287: [CMS-concurrent-preclean-start]
2016-08-01T17:48:11.462+0800: 2.287: [CMS-concurrent-preclean: 0.001/0.001 secs] [Times: user=0.00 sys=0.00, real=0.00 secs] 
2016-08-01T17:48:11.463+0800: 2.287: [GC (CMS Final Remark) [YG occupancy: 11739 K (109248 K)]{Heap before GC invocations=4 (full 1):
 par new generation   total 109248K, used 11739K [0x00000007a0000000, 0x00000007a8000000, 0x00000007a8000000)
  eden space 87424K,   0% used [0x00000007a0000000, 0x00000007a00a3c18, 0x00000007a5560000)
  from space 21824K,  50% used [0x00000007a5560000, 0x00000007a60333b0, 0x00000007a6ab0000)
  to   space 21824K,   0% used [0x00000007a6ab0000, 0x00000007a6ab0000, 0x00000007a8000000)
 concurrent mark-sweep generation total 393216K, used 0K [0x00000007a8000000, 0x00000007c0000000, 0x00000007c0000000)
 Metaspace       used 21455K, capacity 21746K, committed 21884K, reserved 1069056K
  class space    used 2529K, capacity 2614K, committed 2684K, reserved 1048576K
2016-08-01T17:48:11.463+0800: 2.287: [GC (CMS Final Remark) 2016-08-01T17:48:11.463+0800: 2.287: [ParNew
Desired survivor size 20112992 bytes, new threshold 8 (max 8)
- age   1:       4456 bytes,       4456 total
- age   2:    1136112 bytes,    1140568 total
- age   3:    1277152 bytes,    2417720 total
- age   4:    3711360 bytes,    6129080 total
- age   5:    2485784 bytes,    8614864 total
: 11739K->13853K(109248K), 0.0055192 secs] 11739K->13853K(502464K), 0.0055689 secs] [Times: user=0.02 sys=0.00, real=0.00 secs] 
Heap after GC invocations=5 (full 1):
 par new generation   total 109248K, used 13853K [0x00000007a0000000, 0x00000007a8000000, 0x00000007a8000000)
  eden space 87424K,   0% used [0x00000007a0000000, 0x00000007a0000000, 0x00000007a5560000)
  from space 21824K,  63% used [0x00000007a6ab0000, 0x00000007a7837470, 0x00000007a8000000)
  to   space 21824K,   0% used [0x00000007a5560000, 0x00000007a5560000, 0x00000007a6ab0000)
 concurrent mark-sweep generation total 393216K, used 0K [0x00000007a8000000, 0x00000007c0000000, 0x00000007c0000000)
 Metaspace       used 21455K, capacity 21746K, committed 21884K, reserved 1069056K
  class space    used 2529K, capacity 2614K, committed 2684K, reserved 1048576K
}
2016-08-01T17:48:11.468+0800: 2.293: [Rescan (parallel) , 0.0016684 secs]2016-08-01T17:48:11.470+0800: 2.295: [weak refs processing, 0.0007649 secs]2016-08-01T17:48:11.471+0800: 2.295: [class unloading, 0.0027989 secs]2016-08-01T17:48:11.473+0800: 2.298: [scrub symbol table, 0.0027037 secs]2016-08-01T17:48:11.476+0800: 2.301: [scrub string table, 0.0002056 secs][1 CMS-remark: 0K(393216K)] 13853K(502464K), 0.0145130 secs] [Times: user=0.03 sys=0.00, real=0.01 secs] 
2016-08-01T17:48:11.477+0800: 2.302: Total time for which application threads were stopped: 0.0146046 seconds, Stopping threads took: 0.0000215 seconds
2016-08-01T17:48:11.477+0800: 2.302: [CMS-concurrent-sweep-start]
2016-08-01T17:48:11.477+0800: 2.302: [CMS-concurrent-sweep: 0.000/0.000 secs] [Times: user=0.00 sys=0.00, real=0.00 secs] 
2016-08-01T17:48:11.477+0800: 2.302: [CMS-concurrent-reset-start]
2016-08-01T17:48:11.480+0800: 2.305: [CMS-concurrent-reset: 0.003/0.003 secs] [Times: user=0.00 sys=0.00, real=0.01 secs] 
2016-08-01T17:48:11.523+0800: 2.348: Total time for which application threads were stopped: 0.0003623 seconds, Stopping threads took: 0.0000186 seconds
2016-08-01T17:48:11.883+0800: 2.708: Total time for which application threads were stopped: 0.0004186 seconds, Stopping threads took: 0.0000171 seconds
2016-08-01T17:48:12.886+0800: 3.711: Total time for which application threads were stopped: 0.0001965 seconds, Stopping threads took: 0.0000304 seconds
2016-08-01T17:48:13.266+0800: 4.091: Total time for which application threads were stopped: 0.0003511 seconds, Stopping threads took: 0.0000243 seconds
2016-08-01T17:48:19.104+0800: 9.929: Total time for which application threads were stopped: 0.0000789 seconds, Stopping threads took: 0.0000167 seconds
2016-08-01T17:48:19.107+0800: 9.933: Total time for which application threads were stopped: 0.0000684 seconds, Stopping threads took: 0.0000162 seconds
2016-08-01T17:48:19.128+0800: 9.953: Total time for which application threads were stopped: 0.0003605 seconds, Stopping threads took: 0.0000177 seconds
2016-08-01T17:48:19.138+0800: 9.964: Total time for which application threads were stopped: 0.0000837 seconds, Stopping threads took: 0.0000244 seconds
2016-08-01T17:48:19.338+0800: 10.163: Total time for which application threads were stopped: 0.0001228 seconds, Stopping threads took: 0.0000194 seconds
2016-08-01T17:48:19.339+0800: 10.164: Total time for which application threads were stopped: 0.0000808 seconds, Stopping threads took: 0.0000277 seconds
2016-08-01T17:48:19.339+0800: 10.164: Total time for which application threads were stopped: 0.0000696 seconds, Stopping threads took: 0.0000119 seconds
{Heap before GC invocations=5 (full 1):
 par new generation   total 109248K, used 101277K [0x00000007a0000000, 0x00000007a8000000, 0x00000007a8000000)
  eden space 87424K, 100% used [0x00000007a0000000, 0x00000007a5560000, 0x00000007a5560000)
  from space 21824K,  63% used [0x00000007a6ab0000, 0x00000007a7837470, 0x00000007a8000000)
  to   space 21824K,   0% used [0x00000007a5560000, 0x00000007a5560000, 0x00000007a6ab0000)
 concurrent mark-sweep generation total 393216K, used 0K [0x00000007a8000000, 0x00000007c0000000, 0x00000007c0000000)
 Metaspace       used 28144K, capacity 28530K, committed 28924K, reserved 1075200K
  class space    used 3372K, capacity 3488K, committed 3580K, reserved 1048576K
2016-08-01T17:48:27.494+0800: 18.320: [GC (Allocation Failure) 2016-08-01T17:48:27.494+0800: 18.320: [ParNew
Desired survivor size 20112992 bytes, new threshold 6 (max 8)
- age   1:   14781720 bytes,   14781720 total
- age   2:        792 bytes,   14782512 total
- age   3:    1131616 bytes,   15914128 total
- age   4:     246424 bytes,   16160552 total
- age   5:    3627808 bytes,   19788360 total
- age   6:    2485440 bytes,   22273800 total
: 101277K->21824K(109248K), 0.0187060 secs] 101277K->24828K(502464K), 0.0187747 secs] [Times: user=0.05 sys=0.01, real=0.02 secs] 
Heap after GC invocations=6 (full 1):
 par new generation   total 109248K, used 21824K [0x00000007a0000000, 0x00000007a8000000, 0x00000007a8000000)
  eden space 87424K,   0% used [0x00000007a0000000, 0x00000007a0000000, 0x00000007a5560000)
  from space 21824K, 100% used [0x00000007a5560000, 0x00000007a6ab0000, 0x00000007a6ab0000)
  to   space 21824K,   0% used [0x00000007a6ab0000, 0x00000007a6ab0000, 0x00000007a8000000)
 concurrent mark-sweep generation total 393216K, used 3004K [0x00000007a8000000, 0x00000007c0000000, 0x00000007c0000000)
 Metaspace       used 28144K, capacity 28530K, committed 28924K, reserved 1075200K
  class space    used 3372K, capacity 3488K, committed 3580K, reserved 1048576K
}
2016-08-01T17:48:27.513+0800: 18.338: Total time for which application threads were stopped: 0.0189950 seconds, Stopping threads took: 0.0000555 seconds
2016-08-01T17:48:27.513+0800: 18.339: Total time for which application threads were stopped: 0.0001078 seconds, Stopping threads took: 0.0000312 seconds
2016-08-01T17:48:27.513+0800: 18.339: Total time for which application threads were stopped: 0.0000685 seconds, Stopping threads took: 0.0000307 seconds
2016-08-01T17:48:28.518+0800: 19.343: Total time for which application threads were stopped: 0.0002326 seconds, Stopping threads took: 0.0000548 seconds
2016-08-01T17:49:39.176+0800: 90.005: Total time for which application threads were stopped: 0.0000721 seconds, Stopping threads took: 0.0000169 seconds
2016-08-01T17:49:39.176+0800: 90.005: Total time for which application threads were stopped: 0.0000646 seconds, Stopping threads took: 0.0000266 seconds
2016-08-01T17:49:39.176+0800: 90.005: Total time for which application threads were stopped: 0.0000651 seconds, Stopping threads took: 0.0000325 seconds
2016-08-01T17:49:39.177+0800: 90.005: Total time for which application threads were stopped: 0.0000343 seconds, Stopping threads took: 0.0000062 seconds
2016-08-01T17:50:52.868+0800: 163.700: Total time for which application threads were stopped: 0.0000944 seconds, Stopping threads took: 0.0000320 seconds
2016-08-01T17:50:52.868+0800: 163.700: Total time for which application threads were stopped: 0.0000510 seconds, Stopping threads took: 0.0000215 seconds
2016-08-01T17:50:52.868+0800: 163.700: Total time for which application threads were stopped: 0.0001018 seconds, Stopping threads took: 0.0000092 seconds
2016-08-01T17:50:57.763+0800: 168.595: Total time for which application threads were stopped: 0.0000805 seconds, Stopping threads took: 0.0000249 seconds
2016-08-01T17:50:58.768+0800: 169.600: Total time for which application threads were stopped: 0.0001372 seconds, Stopping threads took: 0.0000587 seconds
2016-08-01T17:51:29.193+0800: 200.027: Total time for which application threads were stopped: 0.0000927 seconds, Stopping threads took: 0.0000236 seconds
2016-08-01T17:52:37.538+0800: 268.374: Total time for which application threads were stopped: 0.0000965 seconds, Stopping threads took: 0.0000257 seconds
2016-08-01T17:52:38.540+0800: 269.376: Total time for which application threads were stopped: 0.0002610 seconds, Stopping threads took: 0.0000597 seconds
2016-08-01T17:53:11.320+0800: 302.158: Total time for which application threads were stopped: 0.0000839 seconds, Stopping threads took: 0.0000183 seconds
2016-08-01T17:53:11.320+0800: 302.158: Total time for which application threads were stopped: 0.0000346 seconds, Stopping threads took: 0.0000065 seconds
2016-08-01T17:53:11.333+0800: 302.171: Total time for which application threads were stopped: 0.0000854 seconds, Stopping threads took: 0.0000171 seconds
2016-08-01T17:53:11.385+0800: 302.223: Total time for which application threads were stopped: 0.0003700 seconds, Stopping threads took: 0.0000158 seconds
2016-08-01T17:53:12.387+0800: 303.225: Total time for which application threads were stopped: 0.0001800 seconds, Stopping threads took: 0.0000763 seconds
2016-08-01T17:53:16.394+0800: 307.232: Total time for which application threads were stopped: 0.0001317 seconds, Stopping threads took: 0.0000282 seconds
2016-08-01T17:54:00.511+0800: 351.351: Total time for which application threads were stopped: 0.0001603 seconds, Stopping threads took: 0.0000300 seconds
2016-08-01T17:54:40.618+0800: 391.460: Total time for which application threads were stopped: 0.0001139 seconds, Stopping threads took: 0.0000236 seconds
2016-08-01T17:55:39.533+0800: 450.377: Total time for which application threads were stopped: 0.0000918 seconds, Stopping threads took: 0.0000197 seconds
2016-08-01T17:56:11.777+0800: 482.623: Total time for which application threads were stopped: 0.0000895 seconds, Stopping threads took: 0.0000195 seconds
2016-08-01T17:56:11.777+0800: 482.623: Total time for which application threads were stopped: 0.0000405 seconds, Stopping threads took: 0.0000074 seconds
2016-08-01T17:56:11.777+0800: 482.623: Total time for which application threads were stopped: 0.0000398 seconds, Stopping threads took: 0.0000064 seconds
2016-08-01T17:56:11.788+0800: 482.634: Total time for which application threads were stopped: 0.0000952 seconds, Stopping threads took: 0.0000284 seconds
2016-08-01T17:56:12.792+0800: 483.638: Total time for which application threads were stopped: 0.0001643 seconds, Stopping threads took: 0.0000281 seconds
2016-08-01T17:57:08.489+0800: 539.338: Total time for which application threads were stopped: 0.0000875 seconds, Stopping threads took: 0.0000189 seconds
2016-08-01T17:57:08.489+0800: 539.338: Total time for which application threads were stopped: 0.0000391 seconds, Stopping threads took: 0.0000070 seconds
2016-08-01T18:05:13.833+0800: 1024.703: Total time for which application threads were stopped: 0.0000918 seconds, Stopping threads took: 0.0000186 seconds
2016-08-01T18:05:13.833+0800: 1024.703: Total time for which application threads were stopped: 0.0000483 seconds, Stopping threads took: 0.0000114 seconds
2016-08-01T18:05:13.833+0800: 1024.703: Total time for which application threads were stopped: 0.0000593 seconds, Stopping threads took: 0.0000230 seconds
2016-08-01T18:05:13.844+0800: 1024.715: Total time for which application threads were stopped: 0.0001167 seconds, Stopping threads took: 0.0000331 seconds
2016-08-01T18:05:14.847+0800: 1025.717: Total time for which application threads were stopped: 0.0001878 seconds, Stopping threads took: 0.0000677 seconds
2016-08-01T18:06:19.304+0800: 1090.177: Total time for which application threads were stopped: 0.0000986 seconds, Stopping threads took: 0.0000231 seconds
2016-08-01T18:06:19.304+0800: 1090.177: Total time for which application threads were stopped: 0.0000422 seconds, Stopping threads took: 0.0000072 seconds
2016-08-01T18:06:42.021+0800: 1112.895: Total time for which application threads were stopped: 0.0000897 seconds, Stopping threads took: 0.0000196 seconds
2016-08-01T18:06:42.021+0800: 1112.895: Total time for which application threads were stopped: 0.0000478 seconds, Stopping threads took: 0.0000105 seconds
2016-08-01T18:06:42.021+0800: 1112.895: Total time for which application threads were stopped: 0.0000372 seconds, Stopping threads took: 0.0000067 seconds
2016-08-01T18:06:42.032+0800: 1112.906: Total time for which application threads were stopped: 0.0001355 seconds, Stopping threads took: 0.0000737 seconds
2016-08-01T18:06:42.033+0800: 1112.907: Total time for which application threads were stopped: 0.0000731 seconds, Stopping threads took: 0.0000186 seconds
2016-08-01T18:06:42.033+0800: 1112.907: Total time for which application threads were stopped: 0.0000583 seconds, Stopping threads took: 0.0000153 seconds
2016-08-01T18:06:42.034+0800: 1112.908: Total time for which application threads were stopped: 0.0000585 seconds, Stopping threads took: 0.0000166 seconds
2016-08-01T18:06:42.034+0800: 1112.908: Total time for which application threads were stopped: 0.0000482 seconds, Stopping threads took: 0.0000158 seconds
2016-08-01T18:06:42.034+0800: 1112.908: Total time for which application threads were stopped: 0.0000446 seconds, Stopping threads took: 0.0000152 seconds
2016-08-01T18:06:42.034+0800: 1112.908: Total time for which application threads were stopped: 0.0000581 seconds, Stopping threads took: 0.0000143 seconds
2016-08-01T18:06:42.034+0800: 1112.908: Total time for which application threads were stopped: 0.0000439 seconds, Stopping threads took: 0.0000064 seconds
2016-08-01T18:06:42.034+0800: 1112.908: Total time for which application threads were stopped: 0.0000500 seconds, Stopping threads took: 0.0000155 seconds
2016-08-01T18:06:42.034+0800: 1112.908: Total time for which application threads were stopped: 0.0000463 seconds, Stopping threads took: 0.0000092 seconds
2016-08-01T18:06:42.034+0800: 1112.908: Total time for which application threads were stopped: 0.0000449 seconds, Stopping threads took: 0.0000184 seconds
2016-08-01T18:06:42.034+0800: 1112.908: Total time for which application threads were stopped: 0.0000334 seconds, Stopping threads took: 0.0000062 seconds
2016-08-01T18:06:42.034+0800: 1112.908: Total time for which application threads were stopped: 0.0000313 seconds, Stopping threads took: 0.0000056 seconds
2016-08-01T18:06:42.035+0800: 1112.909: Total time for which application threads were stopped: 0.0000576 seconds, Stopping threads took: 0.0000177 seconds
2016-08-01T18:06:42.035+0800: 1112.909: Total time for which application threads were stopped: 0.0000594 seconds, Stopping threads took: 0.0000204 seconds
2016-08-01T18:06:42.035+0800: 1112.909: Total time for which application threads were stopped: 0.0000418 seconds, Stopping threads took: 0.0000152 seconds
2016-08-01T18:06:42.035+0800: 1112.909: Total time for which application threads were stopped: 0.0000571 seconds, Stopping threads took: 0.0000192 seconds
2016-08-01T18:06:42.035+0800: 1112.909: Total time for which application threads were stopped: 0.0000493 seconds, Stopping threads took: 0.0000142 seconds
2016-08-01T18:06:42.035+0800: 1112.909: Total time for which application threads were stopped: 0.0000557 seconds, Stopping threads took: 0.0000193 seconds
2016-08-01T18:06:42.035+0800: 1112.909: Total time for which application threads were stopped: 0.0000408 seconds, Stopping threads took: 0.0000148 seconds
2016-08-01T18:06:42.035+0800: 1112.909: Total time for which application threads were stopped: 0.0001078 seconds, Stopping threads took: 0.0000189 seconds
2016-08-01T18:06:43.036+0800: 1113.910: Total time for which application threads were stopped: 0.0001962 seconds, Stopping threads took: 0.0000327 seconds
2016-08-01T18:08:22.080+0800: 1212.959: Total time for which application threads were stopped: 0.0001187 seconds, Stopping threads took: 0.0000254 seconds
2016-08-01T18:16:16.609+0800: 1687.508: Total time for which application threads were stopped: 0.0001653 seconds, Stopping threads took: 0.0000224 seconds
2016-08-01T18:16:17.724+0800: 1688.624: Total time for which application threads were stopped: 0.0000867 seconds, Stopping threads took: 0.0000187 seconds
2016-08-01T18:16:17.725+0800: 1688.624: Total time for which application threads were stopped: 0.0000421 seconds, Stopping threads took: 0.0000077 seconds
2016-08-01T18:16:17.727+0800: 1688.627: Total time for which application threads were stopped: 0.0000689 seconds, Stopping threads took: 0.0000124 seconds
2016-08-01T18:16:17.727+0800: 1688.627: Total time for which application threads were stopped: 0.0000562 seconds, Stopping threads took: 0.0000177 seconds
2016-08-01T18:16:17.729+0800: 1688.628: Total time for which application threads were stopped: 0.0000477 seconds, Stopping threads took: 0.0000089 seconds
2016-08-01T18:16:17.729+0800: 1688.628: Total time for which application threads were stopped: 0.0000476 seconds, Stopping threads took: 0.0000070 seconds
2016-08-01T18:16:17.730+0800: 1688.629: Total time for which application threads were stopped: 0.0000727 seconds, Stopping threads took: 0.0000114 seconds
2016-08-01T18:16:17.730+0800: 1688.630: Total time for which application threads were stopped: 0.0000514 seconds, Stopping threads took: 0.0000110 seconds
2016-08-01T18:16:17.731+0800: 1688.630: Total time for which application threads were stopped: 0.0000570 seconds, Stopping threads took: 0.0000241 seconds
2016-08-01T18:16:17.731+0800: 1688.630: Total time for which application threads were stopped: 0.0000593 seconds, Stopping threads took: 0.0000196 seconds
2016-08-01T18:16:17.758+0800: 1688.657: Total time for which application threads were stopped: 0.0003957 seconds, Stopping threads took: 0.0000288 seconds
2016-08-01T18:16:18.760+0800: 1689.660: Total time for which application threads were stopped: 0.0002172 seconds, Stopping threads took: 0.0000468 seconds
2016-08-01T18:16:37.807+0800: 1708.708: Total time for which application threads were stopped: 0.0001441 seconds, Stopping threads took: 0.0000262 seconds
2016-08-01T18:16:44.238+0800: 1715.139: Total time for which application threads were stopped: 0.0000988 seconds, Stopping threads took: 0.0000275 seconds
2016-08-01T18:16:44.238+0800: 1715.139: Total time for which application threads were stopped: 0.0000547 seconds, Stopping threads took: 0.0000071 seconds
2016-08-01T18:16:44.260+0800: 1715.161: Total time for which application threads were stopped: 0.0000962 seconds, Stopping threads took: 0.0000197 seconds
2016-08-01T18:18:24.264+0800: 1815.169: Total time for which application threads were stopped: 0.0000966 seconds, Stopping threads took: 0.0000198 seconds
2016-08-01T18:27:17.783+0800: 2348.711: Total time for which application threads were stopped: 0.0001483 seconds, Stopping threads took: 0.0000248 seconds
2016-08-01T18:28:11.209+0800: 2402.140: Total time for which application threads were stopped: 0.0000889 seconds, Stopping threads took: 0.0000190 seconds
2016-08-01T18:28:11.209+0800: 2402.140: Total time for which application threads were stopped: 0.0000488 seconds, Stopping threads took: 0.0000097 seconds
2016-08-01T18:28:53.506+0800: 2444.439: Total time for which application threads were stopped: 0.0001200 seconds, Stopping threads took: 0.0000441 seconds
2016-08-01T18:28:53.506+0800: 2444.439: Total time for which application threads were stopped: 0.0000454 seconds, Stopping threads took: 0.0000097 seconds
2016-08-01T18:28:53.506+0800: 2444.439: Total time for which application threads were stopped: 0.0000451 seconds, Stopping threads took: 0.0000085 seconds
2016-08-01T18:28:53.518+0800: 2444.450: Total time for which application threads were stopped: 0.0000884 seconds, Stopping threads took: 0.0000298 seconds
2016-08-01T18:28:54.519+0800: 2445.452: Total time for which application threads were stopped: 0.0001265 seconds, Stopping threads took: 0.0000282 seconds
2016-08-01T18:29:38.647+0800: 2489.582: Total time for which application threads were stopped: 0.0001072 seconds, Stopping threads took: 0.0000257 seconds
2016-08-01T18:29:43.660+0800: 2494.595: Total time for which application threads were stopped: 0.0001249 seconds, Stopping threads took: 0.0000318 seconds
2016-08-01T18:30:33.536+0800: 2544.474: Total time for which application threads were stopped: 0.0000945 seconds, Stopping threads took: 0.0000203 seconds
2016-08-01T18:31:15.971+0800: 2586.910: Total time for which application threads were stopped: 0.0000846 seconds, Stopping threads took: 0.0000176 seconds
2016-08-01T18:31:15.971+0800: 2586.910: Total time for which application threads were stopped: 0.0000320 seconds, Stopping threads took: 0.0000059 seconds
2016-08-01T18:31:15.981+0800: 2586.921: Total time for which application threads were stopped: 0.0000818 seconds, Stopping threads took: 0.0000176 seconds
2016-08-01T18:31:15.983+0800: 2586.922: Total time for which application threads were stopped: 0.0000663 seconds, Stopping threads took: 0.0000179 seconds
2016-08-01T18:31:15.983+0800: 2586.922: Total time for which application threads were stopped: 0.0000590 seconds, Stopping threads took: 0.0000218 seconds
2016-08-01T18:31:15.983+0800: 2586.923: Total time for which application threads were stopped: 0.0000643 seconds, Stopping threads took: 0.0000150 seconds
2016-08-01T18:31:15.984+0800: 2586.923: Total time for which application threads were stopped: 0.0000638 seconds, Stopping threads took: 0.0000254 seconds
2016-08-01T18:31:15.984+0800: 2586.923: Total time for which application threads were stopped: 0.0000611 seconds, Stopping threads took: 0.0000184 seconds
2016-08-01T18:31:15.984+0800: 2586.924: Total time for which application threads were stopped: 0.0000540 seconds, Stopping threads took: 0.0000174 seconds
2016-08-01T18:31:15.985+0800: 2586.924: Total time for which application threads were stopped: 0.0000585 seconds, Stopping threads took: 0.0000188 seconds
2016-08-01T18:31:15.985+0800: 2586.924: Total time for which application threads were stopped: 0.0000488 seconds, Stopping threads took: 0.0000171 seconds
2016-08-01T18:31:15.985+0800: 2586.924: Total time for which application threads were stopped: 0.0000502 seconds, Stopping threads took: 0.0000183 seconds
2016-08-01T18:31:15.985+0800: 2586.924: Total time for which application threads were stopped: 0.0000479 seconds, Stopping threads took: 0.0000152 seconds
2016-08-01T18:31:15.985+0800: 2586.925: Total time for which application threads were stopped: 0.0000606 seconds, Stopping threads took: 0.0000220 seconds
2016-08-01T18:31:15.986+0800: 2586.925: Total time for which application threads were stopped: 0.0001256 seconds, Stopping threads took: 0.0000253 seconds
2016-08-01T18:31:16.990+0800: 2587.929: Total time for which application threads were stopped: 0.0001180 seconds, Stopping threads took: 0.0000272 seconds
2016-08-01T18:32:56.001+0800: 2686.945: Total time for which application threads were stopped: 0.0000965 seconds, Stopping threads took: 0.0000214 seconds
2016-08-01T21:38:24.308+0800: 4623.851: Total time for which application threads were stopped: 0.0003432 seconds, Stopping threads took: 0.0001225 seconds
2016-08-01T21:47:26.781+0800: 5166.347: Total time for which application threads were stopped: 0.0001056 seconds, Stopping threads took: 0.0000264 seconds
2016-08-01T21:47:29.785+0800: 5169.352: Total time for which application threads were stopped: 0.0001287 seconds, Stopping threads took: 0.0000315 seconds
2016-08-01T21:53:52.793+0800: 5552.376: Total time for which application threads were stopped: 0.0002323 seconds, Stopping threads took: 0.0000483 seconds
2016-08-01T22:10:22.442+0800: 6542.069: Total time for which application threads were stopped: 0.0001631 seconds, Stopping threads took: 0.0000289 seconds
2016-08-01T22:10:52.507+0800: 6572.134: Total time for which application threads were stopped: 0.0001539 seconds, Stopping threads took: 0.0000467 seconds
2016-08-01T22:11:22.602+0800: 6602.231: Total time for which application threads were stopped: 0.0001127 seconds, Stopping threads took: 0.0000215 seconds
2016-08-01T22:15:22.245+0800: 6841.885: Total time for which application threads were stopped: 0.0006552 seconds, Stopping threads took: 0.0001278 seconds
2016-08-01T22:15:52.313+0800: 6871.954: Total time for which application threads were stopped: 0.0001235 seconds, Stopping threads took: 0.0000347 seconds
2016-08-01T22:29:28.631+0800: 7688.308: Total time for which application threads were stopped: 0.0000779 seconds, Stopping threads took: 0.0000158 seconds
2016-08-01T22:29:28.631+0800: 7688.308: Total time for which application threads were stopped: 0.0000369 seconds, Stopping threads took: 0.0000066 seconds
2016-08-01T22:29:28.642+0800: 7688.318: Total time for which application threads were stopped: 0.0000637 seconds, Stopping threads took: 0.0000197 seconds
2016-08-01T22:29:29.644+0800: 7689.320: Total time for which application threads were stopped: 0.0001189 seconds, Stopping threads took: 0.0000283 seconds
2016-08-01T22:29:39.916+0800: 7699.593: Total time for which application threads were stopped: 0.0001275 seconds, Stopping threads took: 0.0000598 seconds
2016-08-01T22:29:39.917+0800: 7699.594: Total time for which application threads were stopped: 0.0000846 seconds, Stopping threads took: 0.0000490 seconds
2016-08-01T22:29:39.917+0800: 7699.594: Total time for which application threads were stopped: 0.0000607 seconds, Stopping threads took: 0.0000235 seconds
2016-08-01T22:29:39.928+0800: 7699.605: Total time for which application threads were stopped: 0.0001747 seconds, Stopping threads took: 0.0000575 seconds
2016-08-01T22:29:39.928+0800: 7699.605: Total time for which application threads were stopped: 0.0000675 seconds, Stopping threads took: 0.0000342 seconds
2016-08-01T22:29:40.933+0800: 7700.610: Total time for which application threads were stopped: 0.0002268 seconds, Stopping threads took: 0.0000250 seconds
2016-08-01T22:29:50.292+0800: 7709.970: Total time for which application threads were stopped: 0.0001025 seconds, Stopping threads took: 0.0000411 seconds
2016-08-01T22:29:50.292+0800: 7709.970: Total time for which application threads were stopped: 0.0000407 seconds, Stopping threads took: 0.0000087 seconds
2016-08-01T22:29:50.303+0800: 7709.981: Total time for which application threads were stopped: 0.0000868 seconds, Stopping threads took: 0.0000181 seconds
2016-08-01T22:29:50.318+0800: 7709.996: Total time for which application threads were stopped: 0.0000932 seconds, Stopping threads took: 0.0000150 seconds
2016-08-01T22:29:52.323+0800: 7712.000: Total time for which application threads were stopped: 0.0002223 seconds, Stopping threads took: 0.0000534 seconds
2016-08-01T22:30:07.410+0800: 7727.088: Total time for which application threads were stopped: 0.0001030 seconds, Stopping threads took: 0.0000228 seconds
2016-08-01T22:30:07.410+0800: 7727.088: Total time for which application threads were stopped: 0.0000433 seconds, Stopping threads took: 0.0000077 seconds
2016-08-01T22:30:07.642+0800: 7727.320: Total time for which application threads were stopped: 0.0000857 seconds, Stopping threads took: 0.0000186 seconds
2016-08-01T22:30:07.642+0800: 7727.320: Total time for which application threads were stopped: 0.0000332 seconds, Stopping threads took: 0.0000061 seconds
2016-08-01T22:30:08.646+0800: 7728.325: Total time for which application threads were stopped: 0.0001253 seconds, Stopping threads took: 0.0000300 seconds
2016-08-01T22:30:18.682+0800: 7738.361: Total time for which application threads were stopped: 0.0001378 seconds, Stopping threads took: 0.0000324 seconds
2016-08-01T22:31:47.645+0800: 7827.328: Total time for which application threads were stopped: 0.0000966 seconds, Stopping threads took: 0.0000221 seconds
2016-08-01T22:44:00.880+0800: 8560.595: Total time for which application threads were stopped: 0.0000810 seconds, Stopping threads took: 0.0000162 seconds
2016-08-01T22:44:00.880+0800: 8560.595: Total time for which application threads were stopped: 0.0000298 seconds, Stopping threads took: 0.0000053 seconds
2016-08-01T22:44:00.880+0800: 8560.595: Total time for which application threads were stopped: 0.0000522 seconds, Stopping threads took: 0.0000178 seconds
2016-08-01T22:44:00.914+0800: 8560.629: Total time for which application threads were stopped: 0.0003028 seconds, Stopping threads took: 0.0000137 seconds
2016-08-01T22:44:00.915+0800: 8560.630: Total time for which application threads were stopped: 0.0002524 seconds, Stopping threads took: 0.0000113 seconds
2016-08-01T22:44:00.916+0800: 8560.631: Total time for which application threads were stopped: 0.0000721 seconds, Stopping threads took: 0.0000231 seconds
2016-08-01T22:44:00.916+0800: 8560.631: Total time for which application threads were stopped: 0.0000743 seconds, Stopping threads took: 0.0000239 seconds
2016-08-01T22:44:00.916+0800: 8560.631: Total time for which application threads were stopped: 0.0000433 seconds, Stopping threads took: 0.0000159 seconds
2016-08-01T22:44:00.916+0800: 8560.631: Total time for which application threads were stopped: 0.0000550 seconds, Stopping threads took: 0.0000139 seconds
2016-08-01T22:44:00.916+0800: 8560.631: Total time for which application threads were stopped: 0.0000880 seconds, Stopping threads took: 0.0000258 seconds
2016-08-01T22:44:00.917+0800: 8560.632: Total time for which application threads were stopped: 0.0000708 seconds, Stopping threads took: 0.0000085 seconds
2016-08-01T22:44:00.917+0800: 8560.632: Total time for which application threads were stopped: 0.0000358 seconds, Stopping threads took: 0.0000055 seconds
2016-08-01T22:44:00.917+0800: 8560.632: Total time for which application threads were stopped: 0.0001937 seconds, Stopping threads took: 0.0000038 seconds
2016-08-01T22:44:00.923+0800: 8560.638: Total time for which application threads were stopped: 0.0000659 seconds, Stopping threads took: 0.0000116 seconds
2016-08-01T22:44:00.923+0800: 8560.638: Total time for which application threads were stopped: 0.0000592 seconds, Stopping threads took: 0.0000104 seconds
2016-08-01T22:44:00.923+0800: 8560.638: Total time for which application threads were stopped: 0.0000581 seconds, Stopping threads took: 0.0000242 seconds
2016-08-01T22:44:00.923+0800: 8560.638: Total time for which application threads were stopped: 0.0000516 seconds, Stopping threads took: 0.0000191 seconds
2016-08-01T22:44:00.923+0800: 8560.638: Total time for which application threads were stopped: 0.0000473 seconds, Stopping threads took: 0.0000088 seconds
2016-08-01T22:44:00.925+0800: 8560.640: Total time for which application threads were stopped: 0.0000554 seconds, Stopping threads took: 0.0000094 seconds
2016-08-01T22:44:00.925+0800: 8560.640: Total time for which application threads were stopped: 0.0000377 seconds, Stopping threads took: 0.0000055 seconds
2016-08-01T22:44:00.937+0800: 8560.652: Total time for which application threads were stopped: 0.0000695 seconds, Stopping threads took: 0.0000124 seconds
2016-08-01T22:44:00.937+0800: 8560.652: Total time for which application threads were stopped: 0.0000518 seconds, Stopping threads took: 0.0000146 seconds
2016-08-01T22:44:00.938+0800: 8560.653: Total time for which application threads were stopped: 0.0000493 seconds, Stopping threads took: 0.0000225 seconds
2016-08-01T22:44:00.956+0800: 8560.671: Total time for which application threads were stopped: 0.0003470 seconds, Stopping threads took: 0.0000204 seconds
2016-08-01T22:44:00.956+0800: 8560.671: Total time for which application threads were stopped: 0.0000509 seconds, Stopping threads took: 0.0000078 seconds
2016-08-01T22:44:00.997+0800: 8560.712: Total time for which application threads were stopped: 0.0000914 seconds, Stopping threads took: 0.0000152 seconds
2016-08-01T22:44:01.018+0800: 8560.733: Total time for which application threads were stopped: 0.0002261 seconds, Stopping threads took: 0.0000449 seconds
2016-08-01T22:44:01.034+0800: 8560.749: Total time for which application threads were stopped: 0.0000953 seconds, Stopping threads took: 0.0000150 seconds
2016-08-01T22:44:01.035+0800: 8560.750: Total time for which application threads were stopped: 0.0000929 seconds, Stopping threads took: 0.0000122 seconds
2016-08-01T22:44:01.037+0800: 8560.752: Total time for which application threads were stopped: 0.0000614 seconds, Stopping threads took: 0.0000083 seconds
2016-08-01T22:44:01.037+0800: 8560.752: Total time for which application threads were stopped: 0.0000441 seconds, Stopping threads took: 0.0000079 seconds
2016-08-01T22:44:01.039+0800: 8560.754: Total time for which application threads were stopped: 0.0000572 seconds, Stopping threads took: 0.0000153 seconds
2016-08-01T22:44:01.091+0800: 8560.806: Total time for which application threads were stopped: 0.0001858 seconds, Stopping threads took: 0.0000434 seconds
2016-08-01T22:44:01.093+0800: 8560.807: Total time for which application threads were stopped: 0.0000978 seconds, Stopping threads took: 0.0000270 seconds
2016-08-01T22:44:01.095+0800: 8560.810: Total time for which application threads were stopped: 0.0000870 seconds, Stopping threads took: 0.0000144 seconds
2016-08-01T22:44:01.096+0800: 8560.811: Total time for which application threads were stopped: 0.0000859 seconds, Stopping threads took: 0.0000134 seconds
2016-08-01T22:44:01.096+0800: 8560.811: Total time for which application threads were stopped: 0.0000863 seconds, Stopping threads took: 0.0000220 seconds
2016-08-01T22:44:01.097+0800: 8560.812: Total time for which application threads were stopped: 0.0000697 seconds, Stopping threads took: 0.0000106 seconds
2016-08-01T22:44:01.103+0800: 8560.818: Total time for which application threads were stopped: 0.0001012 seconds, Stopping threads took: 0.0000154 seconds
2016-08-01T22:44:01.105+0800: 8560.819: Total time for which application threads were stopped: 0.0000897 seconds, Stopping threads took: 0.0000152 seconds
2016-08-01T22:44:01.115+0800: 8560.830: Total time for which application threads were stopped: 0.0001412 seconds, Stopping threads took: 0.0000456 seconds
2016-08-01T22:44:01.115+0800: 8560.830: Total time for which application threads were stopped: 0.0000940 seconds, Stopping threads took: 0.0000253 seconds
2016-08-01T22:44:01.116+0800: 8560.831: Total time for which application threads were stopped: 0.0000695 seconds, Stopping threads took: 0.0000114 seconds
2016-08-01T22:44:01.117+0800: 8560.832: Total time for which application threads were stopped: 0.0000496 seconds, Stopping threads took: 0.0000091 seconds
2016-08-01T22:44:01.117+0800: 8560.832: Total time for which application threads were stopped: 0.0001707 seconds, Stopping threads took: 0.0000249 seconds
2016-08-01T22:44:01.221+0800: 8560.936: Total time for which application threads were stopped: 0.0002299 seconds, Stopping threads took: 0.0000204 seconds
2016-08-01T22:44:01.221+0800: 8560.936: Total time for which application threads were stopped: 0.0000753 seconds, Stopping threads took: 0.0000150 seconds
2016-08-01T22:44:01.222+0800: 8560.937: Total time for which application threads were stopped: 0.0000548 seconds, Stopping threads took: 0.0000098 seconds
2016-08-01T22:44:01.222+0800: 8560.937: Total time for which application threads were stopped: 0.0000500 seconds, Stopping threads took: 0.0000096 seconds
2016-08-01T22:44:01.222+0800: 8560.937: Total time for which application threads were stopped: 0.0000354 seconds, Stopping threads took: 0.0000072 seconds
2016-08-01T22:44:01.222+0800: 8560.937: Total time for which application threads were stopped: 0.0000441 seconds, Stopping threads took: 0.0000097 seconds
2016-08-01T22:44:01.223+0800: 8560.937: Total time for which application threads were stopped: 0.0000398 seconds, Stopping threads took: 0.0000092 seconds
2016-08-01T22:44:01.223+0800: 8560.938: Total time for which application threads were stopped: 0.0000497 seconds, Stopping threads took: 0.0000091 seconds
2016-08-01T22:44:01.223+0800: 8560.938: Total time for which application threads were stopped: 0.0000462 seconds, Stopping threads took: 0.0000082 seconds
2016-08-01T22:44:01.223+0800: 8560.938: Total time for which application threads were stopped: 0.0000548 seconds, Stopping threads took: 0.0000107 seconds
2016-08-01T22:44:01.224+0800: 8560.939: Total time for which application threads were stopped: 0.0000574 seconds, Stopping threads took: 0.0000103 seconds
2016-08-01T22:44:01.224+0800: 8560.939: Total time for which application threads were stopped: 0.0000653 seconds, Stopping threads took: 0.0000117 seconds
2016-08-01T22:44:01.225+0800: 8560.940: Total time for which application threads were stopped: 0.0000669 seconds, Stopping threads took: 0.0000125 seconds
2016-08-01T22:44:01.225+0800: 8560.940: Total time for which application threads were stopped: 0.0000616 seconds, Stopping threads took: 0.0000112 seconds
2016-08-01T22:44:01.225+0800: 8560.940: Total time for which application threads were stopped: 0.0000811 seconds, Stopping threads took: 0.0000291 seconds
2016-08-01T22:44:01.226+0800: 8560.941: Total time for which application threads were stopped: 0.0000637 seconds, Stopping threads took: 0.0000247 seconds
2016-08-01T22:44:01.226+0800: 8560.941: Total time for which application threads were stopped: 0.0000722 seconds, Stopping threads took: 0.0000232 seconds
2016-08-01T22:44:01.227+0800: 8560.942: Total time for which application threads were stopped: 0.0000563 seconds, Stopping threads took: 0.0000103 seconds
2016-08-01T22:44:01.227+0800: 8560.942: Total time for which application threads were stopped: 0.0000465 seconds, Stopping threads took: 0.0000084 seconds
2016-08-01T22:44:01.242+0800: 8560.957: Total time for which application threads were stopped: 0.0001171 seconds, Stopping threads took: 0.0000318 seconds
2016-08-01T22:44:01.285+0800: 8561.000: Total time for which application threads were stopped: 0.0005530 seconds, Stopping threads took: 0.0000180 seconds
2016-08-01T22:44:01.293+0800: 8561.008: Total time for which application threads were stopped: 0.0001069 seconds, Stopping threads took: 0.0000327 seconds
2016-08-01T22:44:01.293+0800: 8561.008: Total time for which application threads were stopped: 0.0001164 seconds, Stopping threads took: 0.0000230 seconds
2016-08-01T22:44:01.293+0800: 8561.008: Total time for which application threads were stopped: 0.0000828 seconds, Stopping threads took: 0.0000276 seconds
2016-08-01T22:44:01.294+0800: 8561.009: Total time for which application threads were stopped: 0.0000732 seconds, Stopping threads took: 0.0000233 seconds
2016-08-01T22:44:01.298+0800: 8561.013: Total time for which application threads were stopped: 0.0001156 seconds, Stopping threads took: 0.0000433 seconds
2016-08-01T22:44:01.301+0800: 8561.016: Total time for which application threads were stopped: 0.0001032 seconds, Stopping threads took: 0.0000334 seconds
2016-08-01T22:44:01.301+0800: 8561.016: Total time for which application threads were stopped: 0.0000562 seconds, Stopping threads took: 0.0000099 seconds
2016-08-01T22:44:01.302+0800: 8561.016: Total time for which application threads were stopped: 0.0001113 seconds, Stopping threads took: 0.0000512 seconds
2016-08-01T22:44:01.308+0800: 8561.023: Total time for which application threads were stopped: 0.0001096 seconds, Stopping threads took: 0.0000375 seconds
2016-08-01T22:44:01.308+0800: 8561.023: Total time for which application threads were stopped: 0.0003460 seconds, Stopping threads took: 0.0002855 seconds
2016-08-01T22:44:01.322+0800: 8561.037: Total time for which application threads were stopped: 0.0001024 seconds, Stopping threads took: 0.0000401 seconds
2016-08-01T22:44:01.322+0800: 8561.037: Total time for which application threads were stopped: 0.0000810 seconds, Stopping threads took: 0.0000309 seconds
2016-08-01T22:44:01.322+0800: 8561.037: Total time for which application threads were stopped: 0.0000653 seconds, Stopping threads took: 0.0000269 seconds
2016-08-01T22:44:01.324+0800: 8561.039: Total time for which application threads were stopped: 0.0001007 seconds, Stopping threads took: 0.0000318 seconds
2016-08-01T22:44:01.324+0800: 8561.039: Total time for which application threads were stopped: 0.0000784 seconds, Stopping threads took: 0.0000237 seconds
2016-08-01T22:44:01.327+0800: 8561.042: Total time for which application threads were stopped: 0.0000836 seconds, Stopping threads took: 0.0000290 seconds
2016-08-01T22:44:01.327+0800: 8561.042: Total time for which application threads were stopped: 0.0000789 seconds, Stopping threads took: 0.0000344 seconds
2016-08-01T22:44:01.328+0800: 8561.043: Total time for which application threads were stopped: 0.0000733 seconds, Stopping threads took: 0.0000239 seconds
2016-08-01T22:44:01.329+0800: 8561.044: Total time for which application threads were stopped: 0.0000906 seconds, Stopping threads took: 0.0000288 seconds
2016-08-01T22:44:01.329+0800: 8561.044: Total time for which application threads were stopped: 0.0000747 seconds, Stopping threads took: 0.0000255 seconds
2016-08-01T22:44:01.330+0800: 8561.045: Total time for which application threads were stopped: 0.0000663 seconds, Stopping threads took: 0.0000214 seconds
2016-08-01T22:44:01.330+0800: 8561.045: Total time for which application threads were stopped: 0.0000664 seconds, Stopping threads took: 0.0000221 seconds
2016-08-01T22:44:01.330+0800: 8561.045: Total time for which application threads were stopped: 0.0000630 seconds, Stopping threads took: 0.0000199 seconds
2016-08-01T22:44:01.331+0800: 8561.045: Total time for which application threads were stopped: 0.0000742 seconds, Stopping threads took: 0.0000237 seconds
2016-08-01T22:44:01.331+0800: 8561.046: Total time for which application threads were stopped: 0.0000700 seconds, Stopping threads took: 0.0000232 seconds
2016-08-01T22:44:01.331+0800: 8561.046: Total time for which application threads were stopped: 0.0001720 seconds, Stopping threads took: 0.0001326 seconds
2016-08-01T22:44:01.331+0800: 8561.046: Total time for which application threads were stopped: 0.0000745 seconds, Stopping threads took: 0.0000211 seconds
2016-08-01T22:44:01.331+0800: 8561.046: Total time for which application threads were stopped: 0.0000645 seconds, Stopping threads took: 0.0000283 seconds
2016-08-01T22:44:01.331+0800: 8561.046: Total time for which application threads were stopped: 0.0000714 seconds, Stopping threads took: 0.0000202 seconds
2016-08-01T22:44:01.331+0800: 8561.046: Total time for which application threads were stopped: 0.0000721 seconds, Stopping threads took: 0.0000231 seconds
2016-08-01T22:44:01.332+0800: 8561.047: Total time for which application threads were stopped: 0.0000849 seconds, Stopping threads took: 0.0000306 seconds
2016-08-01T22:44:01.332+0800: 8561.047: Total time for which application threads were stopped: 0.0000791 seconds, Stopping threads took: 0.0000235 seconds
2016-08-01T22:44:01.333+0800: 8561.048: Total time for which application threads were stopped: 0.0000998 seconds, Stopping threads took: 0.0000489 seconds
2016-08-01T22:44:01.338+0800: 8561.053: Total time for which application threads were stopped: 0.0001067 seconds, Stopping threads took: 0.0000445 seconds
2016-08-01T22:44:01.339+0800: 8561.054: Total time for which application threads were stopped: 0.0000915 seconds, Stopping threads took: 0.0000475 seconds
2016-08-01T22:44:01.339+0800: 8561.054: Total time for which application threads were stopped: 0.0000836 seconds, Stopping threads took: 0.0000332 seconds
2016-08-01T22:44:01.339+0800: 8561.054: Total time for which application threads were stopped: 0.0001220 seconds, Stopping threads took: 0.0000790 seconds
2016-08-01T22:44:01.339+0800: 8561.054: Total time for which application threads were stopped: 0.0000708 seconds, Stopping threads took: 0.0000213 seconds
2016-08-01T22:44:01.346+0800: 8561.061: Total time for which application threads were stopped: 0.0001234 seconds, Stopping threads took: 0.0000308 seconds
2016-08-01T22:44:01.346+0800: 8561.061: Total time for which application threads were stopped: 0.0000895 seconds, Stopping threads took: 0.0000293 seconds
2016-08-01T22:44:01.346+0800: 8561.061: Total time for which application threads were stopped: 0.0000869 seconds, Stopping threads took: 0.0000441 seconds
2016-08-01T22:44:01.346+0800: 8561.061: Total time for which application threads were stopped: 0.0000649 seconds, Stopping threads took: 0.0000306 seconds
2016-08-01T22:44:01.346+0800: 8561.061: Total time for which application threads were stopped: 0.0000661 seconds, Stopping threads took: 0.0000278 seconds
2016-08-01T22:44:01.348+0800: 8561.063: Total time for which application threads were stopped: 0.0000881 seconds, Stopping threads took: 0.0000132 seconds
2016-08-01T22:44:01.348+0800: 8561.063: Total time for which application threads were stopped: 0.0001485 seconds, Stopping threads took: 0.0000276 seconds
2016-08-01T22:44:01.353+0800: 8561.068: Total time for which application threads were stopped: 0.0001379 seconds, Stopping threads took: 0.0000573 seconds
2016-08-01T22:44:01.374+0800: 8561.089: Total time for which application threads were stopped: 0.0004149 seconds, Stopping threads took: 0.0000146 seconds
2016-08-01T22:44:01.381+0800: 8561.096: Total time for which application threads were stopped: 0.0001284 seconds, Stopping threads took: 0.0000335 seconds
2016-08-01T22:44:01.386+0800: 8561.101: Total time for which application threads were stopped: 0.0001050 seconds, Stopping threads took: 0.0000476 seconds
2016-08-01T22:44:01.394+0800: 8561.109: Total time for which application threads were stopped: 0.0002055 seconds, Stopping threads took: 0.0000648 seconds
2016-08-01T22:44:01.412+0800: 8561.127: Total time for which application threads were stopped: 0.0001051 seconds, Stopping threads took: 0.0000163 seconds
2016-08-01T22:44:01.412+0800: 8561.127: Total time for which application threads were stopped: 0.0000647 seconds, Stopping threads took: 0.0000117 seconds
2016-08-01T22:44:01.412+0800: 8561.127: Total time for which application threads were stopped: 0.0000713 seconds, Stopping threads took: 0.0000133 seconds
2016-08-01T22:44:01.413+0800: 8561.128: Total time for which application threads were stopped: 0.0000852 seconds, Stopping threads took: 0.0000293 seconds
2016-08-01T22:44:01.413+0800: 8561.128: Total time for which application threads were stopped: 0.0000825 seconds, Stopping threads took: 0.0000297 seconds
2016-08-01T22:44:01.413+0800: 8561.128: Total time for which application threads were stopped: 0.0000654 seconds, Stopping threads took: 0.0000102 seconds
2016-08-01T22:44:01.414+0800: 8561.128: Total time for which application threads were stopped: 0.0000800 seconds, Stopping threads took: 0.0000279 seconds
2016-08-01T22:44:01.415+0800: 8561.130: Total time for which application threads were stopped: 0.0000924 seconds, Stopping threads took: 0.0000305 seconds
2016-08-01T22:44:01.415+0800: 8561.130: Total time for which application threads were stopped: 0.0000882 seconds, Stopping threads took: 0.0000317 seconds
2016-08-01T22:44:01.415+0800: 8561.130: Total time for which application threads were stopped: 0.0000609 seconds, Stopping threads took: 0.0000109 seconds
2016-08-01T22:44:01.415+0800: 8561.130: Total time for which application threads were stopped: 0.0000677 seconds, Stopping threads took: 0.0000245 seconds
2016-08-01T22:44:01.416+0800: 8561.131: Total time for which application threads were stopped: 0.0000620 seconds, Stopping threads took: 0.0000201 seconds
2016-08-01T22:44:01.416+0800: 8561.131: Total time for which application threads were stopped: 0.0000458 seconds, Stopping threads took: 0.0000086 seconds
2016-08-01T22:44:01.416+0800: 8561.131: Total time for which application threads were stopped: 0.0000642 seconds, Stopping threads took: 0.0000116 seconds
2016-08-01T22:44:01.416+0800: 8561.131: Total time for which application threads were stopped: 0.0001379 seconds, Stopping threads took: 0.0000106 seconds
2016-08-01T22:44:01.481+0800: 8561.196: Total time for which application threads were stopped: 0.0000833 seconds, Stopping threads took: 0.0000159 seconds
2016-08-01T22:44:01.496+0800: 8561.211: Total time for which application threads were stopped: 0.0004424 seconds, Stopping threads took: 0.0000208 seconds
2016-08-01T22:44:01.497+0800: 8561.211: Total time for which application threads were stopped: 0.0002484 seconds, Stopping threads took: 0.0000084 seconds
2016-08-01T22:44:01.497+0800: 8561.212: Total time for which application threads were stopped: 0.0002706 seconds, Stopping threads took: 0.0000129 seconds
2016-08-01T22:44:01.500+0800: 8561.215: Total time for which application threads were stopped: 0.0003035 seconds, Stopping threads took: 0.0000112 seconds
{Heap before GC invocations=6 (full 1):
 par new generation   total 109248K, used 108325K [0x00000007a0000000, 0x00000007a8000000, 0x00000007a8000000)
  eden space 87424K,  98% used [0x00000007a0000000, 0x00000007a5479480, 0x00000007a5560000)
  from space 21824K, 100% used [0x00000007a5560000, 0x00000007a6ab0000, 0x00000007a6ab0000)
  to   space 21824K,   0% used [0x00000007a6ab0000, 0x00000007a6ab0000, 0x00000007a8000000)
 concurrent mark-sweep generation total 393216K, used 3004K [0x00000007a8000000, 0x00000007c0000000, 0x00000007c0000000)
 Metaspace       used 31131K, capacity 31488K, committed 31996K, reserved 1077248K
  class space    used 3668K, capacity 3787K, committed 3836K, reserved 1048576K
2016-08-01T22:44:01.504+0800: 8561.219: [GC (Allocation Failure) 2016-08-01T22:44:01.504+0800: 8561.219: [ParNew
Desired survivor size 20112992 bytes, new threshold 8 (max 8)
- age   1:    2057944 bytes,    2057944 total
- age   2:   12053352 bytes,   14111296 total
- age   3:        704 bytes,   14112000 total
- age   4:    1115728 bytes,   15227728 total
- age   5:     238520 bytes,   15466248 total
- age   6:    3451312 bytes,   18917560 total
: 108325K->21824K(109248K), 0.0570778 secs] 111329K->32648K(502464K), 0.0572077 secs] [Times: user=0.14 sys=0.11, real=0.06 secs] 
Heap after GC invocations=7 (full 1):
 par new generation   total 109248K, used 21824K [0x00000007a0000000, 0x00000007a8000000, 0x00000007a8000000)
  eden space 87424K,   0% used [0x00000007a0000000, 0x00000007a0000000, 0x00000007a5560000)
  from space 21824K, 100% used [0x00000007a6ab0000, 0x00000007a8000000, 0x00000007a8000000)
  to   space 21824K,   0% used [0x00000007a5560000, 0x00000007a5560000, 0x00000007a6ab0000)
 concurrent mark-sweep generation total 393216K, used 10824K [0x00000007a8000000, 0x00000007c0000000, 0x00000007c0000000)
 Metaspace       used 31131K, capacity 31488K, committed 31996K, reserved 1077248K
  class space    used 3668K, capacity 3787K, committed 3836K, reserved 1048576K
}
2016-08-01T22:44:01.561+0800: 8561.276: Total time for which application threads were stopped: 0.0573941 seconds, Stopping threads took: 0.0000150 seconds
2016-08-01T22:44:01.659+0800: 8561.374: Total time for which application threads were stopped: 0.0005346 seconds, Stopping threads took: 0.0000193 seconds
2016-08-01T22:44:02.664+0800: 8562.379: Total time for which application threads were stopped: 0.0001677 seconds, Stopping threads took: 0.0000641 seconds
2016-08-01T22:44:11.582+0800: 8571.298: Total time for which application threads were stopped: 0.0001296 seconds, Stopping threads took: 0.0000245 seconds
2016-08-01T22:44:11.585+0800: 8571.300: Total time for which application threads were stopped: 0.0000777 seconds, Stopping threads took: 0.0000127 seconds
2016-08-01T22:44:11.586+0800: 8571.301: Total time for which application threads were stopped: 0.0004127 seconds, Stopping threads took: 0.0000135 seconds
2016-08-01T22:44:11.586+0800: 8571.302: Total time for which application threads were stopped: 0.0000730 seconds, Stopping threads took: 0.0000140 seconds
2016-08-01T22:44:11.588+0800: 8571.303: Total time for which application threads were stopped: 0.0001397 seconds, Stopping threads took: 0.0000240 seconds
2016-08-01T22:44:11.616+0800: 8571.331: Total time for which application threads were stopped: 0.0001221 seconds, Stopping threads took: 0.0000272 seconds
2016-08-01T22:44:11.621+0800: 8571.337: Total time for which application threads were stopped: 0.0001042 seconds, Stopping threads took: 0.0000226 seconds
2016-08-01T22:44:11.622+0800: 8571.338: Total time for which application threads were stopped: 0.0000859 seconds, Stopping threads took: 0.0000116 seconds
2016-08-01T22:44:11.622+0800: 8571.338: Total time for which application threads were stopped: 0.0000763 seconds, Stopping threads took: 0.0000304 seconds
2016-08-01T22:44:12.625+0800: 8572.340: Total time for which application threads were stopped: 0.0001643 seconds, Stopping threads took: 0.0000744 seconds
2016-08-01T22:45:01.344+0800: 8621.062: Total time for which application threads were stopped: 0.0001163 seconds, Stopping threads took: 0.0000248 seconds
2016-08-01T22:46:01.578+0800: 8681.298: Total time for which application threads were stopped: 0.0001865 seconds, Stopping threads took: 0.0000789 seconds
2016-08-01T22:46:01.582+0800: 8681.302: Total time for which application threads were stopped: 0.0002580 seconds, Stopping threads took: 0.0000632 seconds
2016-08-01T22:46:01.589+0800: 8681.309: Total time for which application threads were stopped: 0.0000840 seconds, Stopping threads took: 0.0000151 seconds
2016-08-01T22:46:01.591+0800: 8681.311: Total time for which application threads were stopped: 0.0000857 seconds, Stopping threads took: 0.0000285 seconds
2016-08-01T22:46:01.591+0800: 8681.311: Total time for which application threads were stopped: 0.0000614 seconds, Stopping threads took: 0.0000220 seconds
2016-08-01T22:46:01.591+0800: 8681.311: Total time for which application threads were stopped: 0.0000779 seconds, Stopping threads took: 0.0000370 seconds
2016-08-01T22:46:01.599+0800: 8681.319: Total time for which application threads were stopped: 0.0001025 seconds, Stopping threads took: 0.0000207 seconds
2016-08-01T22:46:01.599+0800: 8681.320: Total time for which application threads were stopped: 0.0000541 seconds, Stopping threads took: 0.0000080 seconds
2016-08-01T22:46:01.599+0800: 8681.320: Total time for which application threads were stopped: 0.0000664 seconds, Stopping threads took: 0.0000212 seconds
2016-08-01T22:46:01.599+0800: 8681.320: Total time for which application threads were stopped: 0.0000512 seconds, Stopping threads took: 0.0000085 seconds
2016-08-01T22:54:02.495+0800: 9162.236: Total time for which application threads were stopped: 0.0001351 seconds, Stopping threads took: 0.0000380 seconds
2016-08-01T22:54:02.498+0800: 9162.240: Total time for which application threads were stopped: 0.0001009 seconds, Stopping threads took: 0.0000253 seconds
2016-08-01T22:54:03.500+0800: 9163.242: Total time for which application threads were stopped: 0.0001792 seconds, Stopping threads took: 0.0000761 seconds
2016-08-01T22:55:06.299+0800: 9226.043: Total time for which application threads were stopped: 0.0000860 seconds, Stopping threads took: 0.0000183 seconds
2016-08-01T22:55:06.300+0800: 9226.045: Total time for which application threads were stopped: 0.0000708 seconds, Stopping threads took: 0.0000220 seconds
2016-08-01T22:55:06.301+0800: 9226.045: Total time for which application threads were stopped: 0.0000341 seconds, Stopping threads took: 0.0000072 seconds
2016-08-01T22:55:07.304+0800: 9227.048: Total time for which application threads were stopped: 0.0001267 seconds, Stopping threads took: 0.0000198 seconds
2016-08-01T22:56:50.585+0800: 9330.334: Total time for which application threads were stopped: 0.0001130 seconds, Stopping threads took: 0.0000340 seconds
2016-08-01T22:56:51.588+0800: 9331.337: Total time for which application threads were stopped: 0.0001135 seconds, Stopping threads took: 0.0000243 seconds
2016-08-01T22:57:18.673+0800: 9358.423: Total time for which application threads were stopped: 0.0001367 seconds, Stopping threads took: 0.0000330 seconds
2016-08-01T23:04:55.125+0800: 9814.895: Total time for which application threads were stopped: 0.0001106 seconds, Stopping threads took: 0.0000215 seconds
2016-08-01T23:04:56.129+0800: 9815.899: Total time for which application threads were stopped: 0.0001324 seconds, Stopping threads took: 0.0000212 seconds
2016-08-01T23:05:52.768+0800: 9872.541: Total time for which application threads were stopped: 0.0001328 seconds, Stopping threads took: 0.0000305 seconds
2016-08-01T23:05:53.773+0800: 9873.546: Total time for which application threads were stopped: 0.0001149 seconds, Stopping threads took: 0.0000235 seconds
2016-08-01T23:08:28.471+0800: 10028.251: Total time for which application threads were stopped: 0.0001005 seconds, Stopping threads took: 0.0000191 seconds
2016-08-01T23:08:29.474+0800: 10029.254: Total time for which application threads were stopped: 0.0001124 seconds, Stopping threads took: 0.0000232 seconds
2016-08-01T23:19:36.600+0800: 10696.409: Total time for which application threads were stopped: 0.0001192 seconds, Stopping threads took: 0.0000192 seconds
2016-08-01T23:19:37.604+0800: 10697.413: Total time for which application threads were stopped: 0.0001614 seconds, Stopping threads took: 0.0000486 seconds
2016-08-01T23:21:44.921+0800: 10824.736: Total time for which application threads were stopped: 0.0001217 seconds, Stopping threads took: 0.0000432 seconds
2016-08-01T23:21:45.925+0800: 10825.740: Total time for which application threads were stopped: 0.0001369 seconds, Stopping threads took: 0.0000301 seconds
2016-08-02T11:10:35.911+0800: 25530.828: Total time for which application threads were stopped: 0.0032617 seconds, Stopping threads took: 0.0011144 seconds
2016-08-02T11:10:35.979+0800: 25530.896: Total time for which application threads were stopped: 0.0001486 seconds, Stopping threads took: 0.0000822 seconds
2016-08-02T11:10:36.012+0800: 25530.929: Total time for which application threads were stopped: 0.0002490 seconds, Stopping threads took: 0.0000175 seconds
2016-08-02T11:10:36.012+0800: 25530.929: Total time for which application threads were stopped: 0.0000547 seconds, Stopping threads took: 0.0000049 seconds
2016-08-02T11:10:36.064+0800: 25530.981: Total time for which application threads were stopped: 0.0002838 seconds, Stopping threads took: 0.0000139 seconds
2016-08-02T11:10:36.071+0800: 25530.988: Total time for which application threads were stopped: 0.0000844 seconds, Stopping threads took: 0.0000339 seconds
2016-08-02T11:10:36.077+0800: 25530.994: Total time for which application threads were stopped: 0.0001440 seconds, Stopping threads took: 0.0000697 seconds
2016-08-02T11:10:36.092+0800: 25531.009: Total time for which application threads were stopped: 0.0000665 seconds, Stopping threads took: 0.0000116 seconds
2016-08-02T11:10:36.148+0800: 25531.065: Total time for which application threads were stopped: 0.0001041 seconds, Stopping threads took: 0.0000250 seconds
2016-08-02T11:10:36.161+0800: 25531.078: Total time for which application threads were stopped: 0.0000927 seconds, Stopping threads took: 0.0000252 seconds
2016-08-02T11:10:36.166+0800: 25531.083: Total time for which application threads were stopped: 0.0001408 seconds, Stopping threads took: 0.0000292 seconds
2016-08-02T11:10:37.168+0800: 25532.085: Total time for which application threads were stopped: 0.0002740 seconds, Stopping threads took: 0.0000525 seconds
2016-08-02T11:43:28.198+0800: 27503.208: Total time for which application threads were stopped: 0.0000880 seconds, Stopping threads took: 0.0000164 seconds
2016-08-02T11:43:29.201+0800: 27504.211: Total time for which application threads were stopped: 0.0002402 seconds, Stopping threads took: 0.0000531 seconds
2016-08-02T11:44:50.427+0800: 27585.440: Total time for which application threads were stopped: 0.0001204 seconds, Stopping threads took: 0.0000288 seconds
2016-08-02T11:44:54.710+0800: 27589.724: Total time for which application threads were stopped: 0.0000800 seconds, Stopping threads took: 0.0000161 seconds
2016-08-02T11:44:55.715+0800: 27590.729: Total time for which application threads were stopped: 0.0001878 seconds, Stopping threads took: 0.0000334 seconds
2016-08-02T11:45:14.765+0800: 27609.780: Total time for which application threads were stopped: 0.0001121 seconds, Stopping threads took: 0.0000338 seconds
2016-08-02T11:45:23.764+0800: 27618.780: Total time for which application threads were stopped: 0.0000898 seconds, Stopping threads took: 0.0000184 seconds
2016-08-02T11:45:24.767+0800: 27619.783: Total time for which application threads were stopped: 0.0001445 seconds, Stopping threads took: 0.0000558 seconds
2016-08-02T11:45:27.780+0800: 27622.795: Total time for which application threads were stopped: 0.0002070 seconds, Stopping threads took: 0.0000466 seconds
{Heap before GC invocations=7 (full 1):
 par new generation   total 109248K, used 109248K [0x00000007a0000000, 0x00000007a8000000, 0x00000007a8000000)
  eden space 87424K, 100% used [0x00000007a0000000, 0x00000007a5560000, 0x00000007a5560000)
  from space 21824K, 100% used [0x00000007a6ab0000, 0x00000007a8000000, 0x00000007a8000000)
  to   space 21824K,   0% used [0x00000007a5560000, 0x00000007a5560000, 0x00000007a6ab0000)
 concurrent mark-sweep generation total 393216K, used 10824K [0x00000007a8000000, 0x00000007c0000000, 0x00000007c0000000)
 Metaspace       used 31598K, capacity 31936K, committed 32252K, reserved 1077248K
  class space    used 3679K, capacity 3787K, committed 3836K, reserved 1048576K
2016-08-02T11:45:46.713+0800: 27641.729: [GC (Allocation Failure) 2016-08-02T11:45:46.713+0800: 27641.730: [ParNew
Desired survivor size 20112992 bytes, new threshold 8 (max 8)
- age   1:    5101168 bytes,    5101168 total
- age   2:     427008 bytes,    5528176 total
- age   3:    9643456 bytes,   15171632 total
- age   4:        704 bytes,   15172336 total
- age   5:    1103248 bytes,   16275584 total
- age   6:     227400 bytes,   16502984 total
- age   7:    3332336 bytes,   19835320 total
: 109248K->21488K(109248K), 0.0534247 secs] 120072K->32313K(502464K), 0.0537066 secs] [Times: user=0.05 sys=0.12, real=0.05 secs] 
Heap after GC invocations=8 (full 1):
 par new generation   total 109248K, used 21488K [0x00000007a0000000, 0x00000007a8000000, 0x00000007a8000000)
  eden space 87424K,   0% used [0x00000007a0000000, 0x00000007a0000000, 0x00000007a5560000)
  from space 21824K,  98% used [0x00000007a5560000, 0x00000007a6a5c3a0, 0x00000007a6ab0000)
  to   space 21824K,   0% used [0x00000007a6ab0000, 0x00000007a6ab0000, 0x00000007a8000000)
 concurrent mark-sweep generation total 393216K, used 10824K [0x00000007a8000000, 0x00000007c0000000, 0x00000007c0000000)
 Metaspace       used 31598K, capacity 31936K, committed 32252K, reserved 1077248K
  class space    used 3679K, capacity 3787K, committed 3836K, reserved 1048576K
}
2016-08-02T11:45:46.767+0800: 27641.783: Total time for which application threads were stopped: 0.0542554 seconds, Stopping threads took: 0.0000144 seconds
2016-08-02T11:46:00.807+0800: 27655.824: Total time for which application threads were stopped: 0.0001427 seconds, Stopping threads took: 0.0000208 seconds
2016-08-02T13:42:58.358+0800: 34673.692: Total time for which application threads were stopped: 0.0002179 seconds, Stopping threads took: 0.0001440 seconds
2016-08-02T13:42:59.362+0800: 34674.696: Total time for which application threads were stopped: 0.0001622 seconds, Stopping threads took: 0.0000566 seconds
2016-08-02T13:44:07.917+0800: 34743.254: Total time for which application threads were stopped: 0.0001866 seconds, Stopping threads took: 0.0000349 seconds
2016-08-02T13:44:08.922+0800: 34744.259: Total time for which application threads were stopped: 0.0001464 seconds, Stopping threads took: 0.0000303 seconds
2016-08-02T13:45:05.085+0800: 34800.425: Total time for which application threads were stopped: 0.0000990 seconds, Stopping threads took: 0.0000324 seconds
2016-08-02T13:45:06.089+0800: 34801.429: Total time for which application threads were stopped: 0.0001236 seconds, Stopping threads took: 0.0000245 seconds
2016-08-02T13:45:10.524+0800: 34805.864: Total time for which application threads were stopped: 0.0001049 seconds, Stopping threads took: 0.0000196 seconds
2016-08-02T13:45:11.526+0800: 34806.867: Total time for which application threads were stopped: 0.0001082 seconds, Stopping threads took: 0.0000211 seconds
2016-08-02T13:46:07.900+0800: 34863.243: Total time for which application threads were stopped: 0.0000921 seconds, Stopping threads took: 0.0000191 seconds
2016-08-02T13:46:08.902+0800: 34864.245: Total time for which application threads were stopped: 0.0001160 seconds, Stopping threads took: 0.0000255 seconds
2016-08-02T13:46:51.841+0800: 34907.186: Total time for which application threads were stopped: 0.0000945 seconds, Stopping threads took: 0.0000205 seconds
2016-08-02T13:46:52.845+0800: 34908.190: Total time for which application threads were stopped: 0.0001056 seconds, Stopping threads took: 0.0000229 seconds
2016-08-02T13:48:09.049+0800: 34984.398: Total time for which application threads were stopped: 0.0001208 seconds, Stopping threads took: 0.0000345 seconds
2016-08-02T13:48:15.067+0800: 34990.416: Total time for which application threads were stopped: 0.0001459 seconds, Stopping threads took: 0.0000309 seconds
2016-08-02T13:51:34.655+0800: 35190.013: Total time for which application threads were stopped: 0.0001066 seconds, Stopping threads took: 0.0000389 seconds
2016-08-02T13:51:35.657+0800: 35191.015: Total time for which application threads were stopped: 0.0001076 seconds, Stopping threads took: 0.0000223 seconds
2016-08-02T13:51:49.808+0800: 35205.166: Total time for which application threads were stopped: 0.0001484 seconds, Stopping threads took: 0.0000382 seconds
2016-08-02T13:59:06.468+0800: 35641.846: Total time for which application threads were stopped: 0.0000860 seconds, Stopping threads took: 0.0000179 seconds
2016-08-02T13:59:07.473+0800: 35642.851: Total time for which application threads were stopped: 0.0001162 seconds, Stopping threads took: 0.0000274 seconds
2016-08-02T13:59:25.540+0800: 35660.919: Total time for which application threads were stopped: 0.0001293 seconds, Stopping threads took: 0.0000276 seconds
2016-08-02T13:59:26.499+0800: 35661.878: Total time for which application threads were stopped: 0.0000972 seconds, Stopping threads took: 0.0000201 seconds
2016-08-02T13:59:27.503+0800: 35662.882: Total time for which application threads were stopped: 0.0001395 seconds, Stopping threads took: 0.0000287 seconds
2016-08-02T13:59:36.532+0800: 35671.912: Total time for which application threads were stopped: 0.0002136 seconds, Stopping threads took: 0.0000404 seconds
2016-08-02T14:03:13.305+0800: 35888.694: Total time for which application threads were stopped: 0.0001050 seconds, Stopping threads took: 0.0000175 seconds
2016-08-02T14:03:26.254+0800: 35901.644: Total time for which application threads were stopped: 0.0001082 seconds, Stopping threads took: 0.0000213 seconds
2016-08-02T14:03:27.256+0800: 35902.646: Total time for which application threads were stopped: 0.0001320 seconds, Stopping threads took: 0.0000298 seconds
2016-08-02T14:05:11.835+0800: 36007.230: Total time for which application threads were stopped: 0.0001188 seconds, Stopping threads took: 0.0000206 seconds
2016-08-02T14:05:11.837+0800: 36007.232: Total time for which application threads were stopped: 0.0000885 seconds, Stopping threads took: 0.0000249 seconds
2016-08-02T14:05:11.837+0800: 36007.232: Total time for which application threads were stopped: 0.0000457 seconds, Stopping threads took: 0.0000078 seconds
2016-08-02T14:05:11.840+0800: 36007.235: Total time for which application threads were stopped: 0.0000814 seconds, Stopping threads took: 0.0000139 seconds
2016-08-02T14:05:11.840+0800: 36007.235: Total time for which application threads were stopped: 0.0000440 seconds, Stopping threads took: 0.0000081 seconds
2016-08-02T14:05:12.845+0800: 36008.240: Total time for which application threads were stopped: 0.0001640 seconds, Stopping threads took: 0.0000335 seconds
2016-08-02T14:05:24.600+0800: 36019.995: Total time for which application threads were stopped: 0.0001340 seconds, Stopping threads took: 0.0000202 seconds
2016-08-02T14:05:25.602+0800: 36020.997: Total time for which application threads were stopped: 0.0001756 seconds, Stopping threads took: 0.0000488 seconds
2016-08-02T14:12:21.782+0800: 36437.196: Total time for which application threads were stopped: 0.0001172 seconds, Stopping threads took: 0.0000357 seconds
2016-08-02T14:12:22.786+0800: 36438.200: Total time for which application threads were stopped: 0.0001834 seconds, Stopping threads took: 0.0000313 seconds
2016-08-02T14:12:38.688+0800: 36454.103: Total time for which application threads were stopped: 0.0001148 seconds, Stopping threads took: 0.0000354 seconds
2016-08-02T14:12:38.690+0800: 36454.105: Total time for which application threads were stopped: 0.0000645 seconds, Stopping threads took: 0.0000100 seconds
2016-08-02T14:12:38.690+0800: 36454.105: Total time for which application threads were stopped: 0.0000367 seconds, Stopping threads took: 0.0000058 seconds
2016-08-02T14:12:38.690+0800: 36454.105: Total time for which application threads were stopped: 0.0000415 seconds, Stopping threads took: 0.0000054 seconds
{Heap before GC invocations=8 (full 1):
 par new generation   total 109248K, used 108912K [0x00000007a0000000, 0x00000007a8000000, 0x00000007a8000000)
  eden space 87424K, 100% used [0x00000007a0000000, 0x00000007a5560000, 0x00000007a5560000)
  from space 21824K,  98% used [0x00000007a5560000, 0x00000007a6a5c3a0, 0x00000007a6ab0000)
  to   space 21824K,   0% used [0x00000007a6ab0000, 0x00000007a6ab0000, 0x00000007a8000000)
 concurrent mark-sweep generation total 393216K, used 10824K [0x00000007a8000000, 0x00000007c0000000, 0x00000007c0000000)
 Metaspace       used 31756K, capacity 32128K, committed 32508K, reserved 1077248K
  class space    used 3679K, capacity 3787K, committed 3836K, reserved 1048576K
2016-08-02T14:12:38.695+0800: 36454.110: [GC (Allocation Failure) 2016-08-02T14:12:38.695+0800: 36454.110: [ParNew
Desired survivor size 20112992 bytes, new threshold 8 (max 8)
- age   1:     433008 bytes,     433008 total
- age   2:    4946152 bytes,    5379160 total
- age   3:     408056 bytes,    5787216 total
- age   4:    9634232 bytes,   15421448 total
- age   5:        704 bytes,   15422152 total
- age   6:    1103216 bytes,   16525368 total
- age   7:     227400 bytes,   16752768 total
- age   8:    3331040 bytes,   20083808 total
: 108912K->21824K(109248K), 0.0151606 secs] 119737K->32648K(502464K), 0.0152777 secs] [Times: user=0.03 sys=0.02, real=0.02 secs] 
Heap after GC invocations=9 (full 1):
 par new generation   total 109248K, used 21824K [0x00000007a0000000, 0x00000007a8000000, 0x00000007a8000000)
  eden space 87424K,   0% used [0x00000007a0000000, 0x00000007a0000000, 0x00000007a5560000)
  from space 21824K, 100% used [0x00000007a6ab0000, 0x00000007a8000000, 0x00000007a8000000)
  to   space 21824K,   0% used [0x00000007a5560000, 0x00000007a5560000, 0x00000007a6ab0000)
 concurrent mark-sweep generation total 393216K, used 10824K [0x00000007a8000000, 0x00000007c0000000, 0x00000007c0000000)
 Metaspace       used 31756K, capacity 32128K, committed 32508K, reserved 1077248K
  class space    used 3679K, capacity 3787K, committed 3836K, reserved 1048576K
}
2016-08-02T14:12:38.710+0800: 36454.125: Total time for which application threads were stopped: 0.0159813 seconds, Stopping threads took: 0.0000170 seconds
2016-08-02T14:26:43.935+0800: 37299.388: Total time for which application threads were stopped: 0.0001036 seconds, Stopping threads took: 0.0000189 seconds
2016-08-02T14:26:43.940+0800: 37299.393: Total time for which application threads were stopped: 0.0001042 seconds, Stopping threads took: 0.0000241 seconds
2016-08-02T14:26:45.150+0800: 37300.603: Total time for which application threads were stopped: 0.0001071 seconds, Stopping threads took: 0.0000195 seconds
2016-08-02T14:26:45.151+0800: 37300.604: Total time for which application threads were stopped: 0.0000638 seconds, Stopping threads took: 0.0000114 seconds
2016-08-02T14:26:46.156+0800: 37301.609: Total time for which application threads were stopped: 0.0001354 seconds, Stopping threads took: 0.0000460 seconds
2016-08-02T14:43:46.722+0800: 38322.221: Total time for which application threads were stopped: 0.0001036 seconds, Stopping threads took: 0.0000198 seconds
2016-08-02T14:43:47.725+0800: 38323.225: Total time for which application threads were stopped: 0.0001656 seconds, Stopping threads took: 0.0000339 seconds
2016-08-02T14:45:08.984+0800: 38404.487: Total time for which application threads were stopped: 0.0001388 seconds, Stopping threads took: 0.0000326 seconds
2016-08-02T14:45:14.373+0800: 38409.877: Total time for which application threads were stopped: 0.0000980 seconds, Stopping threads took: 0.0000181 seconds
2016-08-02T14:45:15.377+0800: 38410.880: Total time for which application threads were stopped: 0.0001843 seconds, Stopping threads took: 0.0000468 seconds
2016-08-02T14:53:18.855+0800: 38894.380: Total time for which application threads were stopped: 0.0000978 seconds, Stopping threads took: 0.0000201 seconds
2016-08-02T14:53:19.858+0800: 38895.383: Total time for which application threads were stopped: 0.0001255 seconds, Stopping threads took: 0.0000286 seconds
2016-08-02T14:54:17.381+0800: 38952.909: Total time for which application threads were stopped: 0.0001520 seconds, Stopping threads took: 0.0000213 seconds
2016-08-02T14:54:18.386+0800: 38953.913: Total time for which application threads were stopped: 0.0001765 seconds, Stopping threads took: 0.0000354 seconds
2016-08-02T14:54:55.422+0800: 38990.951: Total time for which application threads were stopped: 0.0000931 seconds, Stopping threads took: 0.0000192 seconds
2016-08-02T14:57:18.256+0800: 39133.792: Total time for which application threads were stopped: 0.0000923 seconds, Stopping threads took: 0.0000165 seconds
2016-08-02T14:57:19.257+0800: 39134.793: Total time for which application threads were stopped: 0.0002088 seconds, Stopping threads took: 0.0000352 seconds
2016-08-02T15:00:19.292+0800: 39314.836: Total time for which application threads were stopped: 0.0002945 seconds, Stopping threads took: 0.0001916 seconds
2016-08-02T15:00:20.293+0800: 39315.837: Total time for which application threads were stopped: 0.0001687 seconds, Stopping threads took: 0.0000612 seconds
2016-08-02T15:06:16.225+0800: 39671.785: Total time for which application threads were stopped: 0.0002725 seconds, Stopping threads took: 0.0000510 seconds
2016-08-02T15:06:17.226+0800: 39672.786: Total time for which application threads were stopped: 0.0001928 seconds, Stopping threads took: 0.0000339 seconds
2016-08-02T15:06:43.144+0800: 39698.705: Total time for which application threads were stopped: 0.0001051 seconds, Stopping threads took: 0.0000223 seconds
2016-08-02T15:06:44.147+0800: 39699.709: Total time for which application threads were stopped: 0.0001239 seconds, Stopping threads took: 0.0000415 seconds
2016-08-02T15:11:53.084+0800: 40008.659: Total time for which application threads were stopped: 0.0000957 seconds, Stopping threads took: 0.0000200 seconds
2016-08-02T15:11:54.089+0800: 40009.664: Total time for which application threads were stopped: 0.0001264 seconds, Stopping threads took: 0.0000227 seconds
2016-08-02T15:15:56.564+0800: 40252.150: Total time for which application threads were stopped: 0.0001370 seconds, Stopping threads took: 0.0000537 seconds
{Heap before GC invocations=9 (full 1):
 par new generation   total 109248K, used 109248K [0x00000007a0000000, 0x00000007a8000000, 0x00000007a8000000)
  eden space 87424K, 100% used [0x00000007a0000000, 0x00000007a5560000, 0x00000007a5560000)
  from space 21824K, 100% used [0x00000007a6ab0000, 0x00000007a8000000, 0x00000007a8000000)
  to   space 21824K,   0% used [0x00000007a5560000, 0x00000007a5560000, 0x00000007a6ab0000)
 concurrent mark-sweep generation total 393216K, used 10824K [0x00000007a8000000, 0x00000007c0000000, 0x00000007c0000000)
 Metaspace       used 31840K, capacity 32256K, committed 32764K, reserved 1079296K
  class space    used 3680K, capacity 3787K, committed 3836K, reserved 1048576K
2016-08-02T15:15:56.569+0800: 40252.155: [GC (Allocation Failure) 2016-08-02T15:15:56.569+0800: 40252.155: [ParNew
Desired survivor size 20112992 bytes, new threshold 8 (max 8)
- age   1:     274096 bytes,     274096 total
- age   2:     199288 bytes,     473384 total
- age   3:    2716864 bytes,    3190248 total
- age   4:     407840 bytes,    3598088 total
- age   5:    9634208 bytes,   13232296 total
- age   6:        704 bytes,   13233000 total
- age   7:    1103216 bytes,   14336216 total
- age   8:     227424 bytes,   14563640 total
: 109248K->17070K(109248K), 0.0209267 secs] 120072K->31266K(502464K), 0.0209872 secs] [Times: user=0.06 sys=0.01, real=0.03 secs] 
Heap after GC invocations=10 (full 1):
 par new generation   total 109248K, used 17070K [0x00000007a0000000, 0x00000007a8000000, 0x00000007a8000000)
  eden space 87424K,   0% used [0x00000007a0000000, 0x00000007a0000000, 0x00000007a5560000)
  from space 21824K,  78% used [0x00000007a5560000, 0x00000007a660baf0, 0x00000007a6ab0000)
  to   space 21824K,   0% used [0x00000007a6ab0000, 0x00000007a6ab0000, 0x00000007a8000000)
 concurrent mark-sweep generation total 393216K, used 14196K [0x00000007a8000000, 0x00000007c0000000, 0x00000007c0000000)
 Metaspace       used 31840K, capacity 32256K, committed 32764K, reserved 1079296K
  class space    used 3680K, capacity 3787K, committed 3836K, reserved 1048576K
}
2016-08-02T15:15:56.590+0800: 40252.176: Total time for which application threads were stopped: 0.0211353 seconds, Stopping threads took: 0.0000123 seconds
2016-08-02T15:15:57.594+0800: 40253.180: Total time for which application threads were stopped: 0.0001719 seconds, Stopping threads took: 0.0000322 seconds
2016-08-02T15:17:21.638+0800: 40337.228: Total time for which application threads were stopped: 0.0001582 seconds, Stopping threads took: 0.0000163 seconds
2016-08-02T15:17:22.639+0800: 40338.229: Total time for which application threads were stopped: 0.0002284 seconds, Stopping threads took: 0.0000525 seconds
2016-08-02T15:18:10.377+0800: 40385.969: Total time for which application threads were stopped: 0.0001277 seconds, Stopping threads took: 0.0000288 seconds
2016-08-02T15:18:10.377+0800: 40385.969: Total time for which application threads were stopped: 0.0000490 seconds, Stopping threads took: 0.0000097 seconds
2016-08-02T15:18:11.381+0800: 40386.974: Total time for which application threads were stopped: 0.0001800 seconds, Stopping threads took: 0.0000246 seconds
2016-08-02T15:18:43.482+0800: 40419.075: Total time for which application threads were stopped: 0.0001363 seconds, Stopping threads took: 0.0000233 seconds
2016-08-02T15:40:46.240+0800: 41741.892: Total time for which application threads were stopped: 0.0001047 seconds, Stopping threads took: 0.0000178 seconds
2016-08-02T15:41:08.414+0800: 41764.068: Total time for which application threads were stopped: 0.0001332 seconds, Stopping threads took: 0.0000209 seconds
2016-08-02T15:41:09.418+0800: 41765.072: Total time for which application threads were stopped: 0.0001505 seconds, Stopping threads took: 0.0000276 seconds
2016-08-02T15:41:58.561+0800: 41814.217: Total time for which application threads were stopped: 0.0001536 seconds, Stopping threads took: 0.0000328 seconds
2016-08-02T15:45:49.080+0800: 42044.746: Total time for which application threads were stopped: 0.0000969 seconds, Stopping threads took: 0.0000188 seconds
2016-08-02T15:45:50.085+0800: 42045.751: Total time for which application threads were stopped: 0.0002099 seconds, Stopping threads took: 0.0000341 seconds
2016-08-02T15:46:01.123+0800: 42056.790: Total time for which application threads were stopped: 0.0001816 seconds, Stopping threads took: 0.0000452 seconds
2016-08-02T16:07:37.081+0800: 43352.806: Total time for which application threads were stopped: 0.0001223 seconds, Stopping threads took: 0.0000240 seconds
2016-08-02T16:08:28.445+0800: 43404.172: Total time for which application threads were stopped: 0.0001034 seconds, Stopping threads took: 0.0000220 seconds
2016-08-02T16:08:29.449+0800: 43405.177: Total time for which application threads were stopped: 0.0001534 seconds, Stopping threads took: 0.0000334 seconds
2016-08-02T16:08:41.012+0800: 43416.740: Total time for which application threads were stopped: 0.0001178 seconds, Stopping threads took: 0.0000246 seconds
2016-08-02T16:10:26.174+0800: 43521.906: Total time for which application threads were stopped: 0.0001045 seconds, Stopping threads took: 0.0000191 seconds
{Heap before GC invocations=10 (full 1):
 par new generation   total 109248K, used 104494K [0x00000007a0000000, 0x00000007a8000000, 0x00000007a8000000)
  eden space 87424K, 100% used [0x00000007a0000000, 0x00000007a5560000, 0x00000007a5560000)
  from space 21824K,  78% used [0x00000007a5560000, 0x00000007a660baf0, 0x00000007a6ab0000)
  to   space 21824K,   0% used [0x00000007a6ab0000, 0x00000007a6ab0000, 0x00000007a8000000)
 concurrent mark-sweep generation total 393216K, used 14196K [0x00000007a8000000, 0x00000007c0000000, 0x00000007c0000000)
 Metaspace       used 31942K, capacity 32320K, committed 32764K, reserved 1079296K
  class space    used 3680K, capacity 3787K, committed 3836K, reserved 1048576K
2016-08-02T16:10:26.181+0800: 43521.913: [GC (Allocation Failure) 2016-08-02T16:10:26.181+0800: 43521.913: [ParNew
Desired survivor size 20112992 bytes, new threshold 8 (max 8)
- age   1:     285536 bytes,     285536 total
- age   2:      10064 bytes,     295600 total
- age   3:     198200 bytes,     493800 total
- age   4:    2716728 bytes,    3210528 total
- age   5:     407840 bytes,    3618368 total
- age   6:    7405992 bytes,   11024360 total
- age   7:        704 bytes,   11025064 total
- age   8:    1103216 bytes,   12128280 total
: 104494K->14252K(109248K), 0.0098524 secs] 118690K->28674K(502464K), 0.0099064 secs] [Times: user=0.03 sys=0.00, real=0.01 secs] 
Heap after GC invocations=11 (full 1):
 par new generation   total 109248K, used 14252K [0x00000007a0000000, 0x00000007a8000000, 0x00000007a8000000)
  eden space 87424K,   0% used [0x00000007a0000000, 0x00000007a0000000, 0x00000007a5560000)
  from space 21824K,  65% used [0x00000007a6ab0000, 0x00000007a789b020, 0x00000007a8000000)
  to   space 21824K,   0% used [0x00000007a5560000, 0x00000007a5560000, 0x00000007a6ab0000)
 concurrent mark-sweep generation total 393216K, used 14422K [0x00000007a8000000, 0x00000007c0000000, 0x00000007c0000000)
 Metaspace       used 31942K, capacity 32320K, committed 32764K, reserved 1079296K
  class space    used 3680K, capacity 3787K, committed 3836K, reserved 1048576K
}
2016-08-02T16:10:26.191+0800: 43521.923: Total time for which application threads were stopped: 0.0101672 seconds, Stopping threads took: 0.0000162 seconds
2016-08-02T16:10:40.225+0800: 43535.958: Total time for which application threads were stopped: 0.0001093 seconds, Stopping threads took: 0.0000247 seconds
2016-08-02T16:29:39.059+0800: 44674.843: Total time for which application threads were stopped: 0.0001508 seconds, Stopping threads took: 0.0000348 seconds
2016-08-02T16:29:51.277+0800: 44687.062: Total time for which application threads were stopped: 0.0000812 seconds, Stopping threads took: 0.0000163 seconds
2016-08-02T16:29:52.282+0800: 44688.067: Total time for which application threads were stopped: 0.0001511 seconds, Stopping threads took: 0.0000335 seconds
2016-08-02T17:27:24.471+0800: 48140.412: Total time for which application threads were stopped: 0.0001219 seconds, Stopping threads took: 0.0000227 seconds
2016-08-02T17:27:24.477+0800: 48140.417: Total time for which application threads were stopped: 0.0001067 seconds, Stopping threads took: 0.0000356 seconds
2016-08-02T17:27:25.482+0800: 48141.422: Total time for which application threads were stopped: 0.0001402 seconds, Stopping threads took: 0.0000363 seconds
2016-08-02T18:12:23.438+0800: 50839.501: Total time for which application threads were stopped: 0.0001491 seconds, Stopping threads took: 0.0000372 seconds
2016-08-02T18:13:47.664+0800: 50923.731: Total time for which application threads were stopped: 0.0001082 seconds, Stopping threads took: 0.0000232 seconds
2016-08-02T18:17:52.730+0800: 51168.807: Total time for which application threads were stopped: 0.0000991 seconds, Stopping threads took: 0.0000180 seconds
2016-08-02T18:17:53.731+0800: 51169.808: Total time for which application threads were stopped: 0.0002372 seconds, Stopping threads took: 0.0000613 seconds
2016-08-02T18:19:33.034+0800: 51269.116: Total time for which application threads were stopped: 0.0001118 seconds, Stopping threads took: 0.0000232 seconds
2016-08-02T21:05:43.701+0800: 52792.347: Total time for which application threads were stopped: 0.0000955 seconds, Stopping threads took: 0.0000180 seconds
2016-08-02T21:05:43.705+0800: 52792.351: Total time for which application threads were stopped: 0.0000951 seconds, Stopping threads took: 0.0000194 seconds
2016-08-02T21:05:44.204+0800: 52792.850: Total time for which application threads were stopped: 0.0001426 seconds, Stopping threads took: 0.0000300 seconds
2016-08-02T21:05:44.208+0800: 52792.854: Total time for which application threads were stopped: 0.0000672 seconds, Stopping threads took: 0.0000117 seconds
2016-08-02T23:21:38.780+0800: 60729.959: Total time for which application threads were stopped: 0.0006688 seconds, Stopping threads took: 0.0003669 seconds
2016-08-02T23:42:01.392+0800: 61952.626: Total time for which application threads were stopped: 0.0003566 seconds, Stopping threads took: 0.0001560 seconds
2016-08-03T13:16:13.469+0800: 66081.315: Total time for which application threads were stopped: 0.0011538 seconds, Stopping threads took: 0.0004835 seconds
2016-08-03T13:16:13.484+0800: 66081.330: Total time for which application threads were stopped: 0.0002775 seconds, Stopping threads took: 0.0000123 seconds
2016-08-03T13:16:13.486+0800: 66081.332: Total time for which application threads were stopped: 0.0002100 seconds, Stopping threads took: 0.0000142 seconds
2016-08-03T13:16:13.499+0800: 66081.345: Total time for which application threads were stopped: 0.0005828 seconds, Stopping threads took: 0.0000358 seconds
2016-08-03T13:16:13.623+0800: 66081.469: Total time for which application threads were stopped: 0.0002478 seconds, Stopping threads took: 0.0000466 seconds
2016-08-03T13:16:13.625+0800: 66081.471: Total time for which application threads were stopped: 0.0000977 seconds, Stopping threads took: 0.0000251 seconds
2016-08-03T13:16:13.627+0800: 66081.473: Total time for which application threads were stopped: 0.0000949 seconds, Stopping threads took: 0.0000259 seconds
2016-08-03T13:16:13.627+0800: 66081.473: Total time for which application threads were stopped: 0.0000864 seconds, Stopping threads took: 0.0000314 seconds
2016-08-03T13:16:13.628+0800: 66081.474: Total time for which application threads were stopped: 0.0000643 seconds, Stopping threads took: 0.0000111 seconds
2016-08-03T13:16:13.628+0800: 66081.474: Total time for which application threads were stopped: 0.0000875 seconds, Stopping threads took: 0.0000127 seconds
2016-08-03T13:16:13.629+0800: 66081.475: Total time for which application threads were stopped: 0.0000750 seconds, Stopping threads took: 0.0000122 seconds
2016-08-03T13:16:13.629+0800: 66081.475: Total time for which application threads were stopped: 0.0000971 seconds, Stopping threads took: 0.0000335 seconds
2016-08-03T13:16:13.630+0800: 66081.476: Total time for which application threads were stopped: 0.0000746 seconds, Stopping threads took: 0.0000181 seconds
2016-08-03T13:16:13.630+0800: 66081.476: Total time for which application threads were stopped: 0.0000900 seconds, Stopping threads took: 0.0000331 seconds
2016-08-03T13:16:13.631+0800: 66081.477: Total time for which application threads were stopped: 0.0000665 seconds, Stopping threads took: 0.0000093 seconds
2016-08-03T13:16:13.631+0800: 66081.477: Total time for which application threads were stopped: 0.0003557 seconds, Stopping threads took: 0.0003144 seconds
2016-08-03T13:16:13.632+0800: 66081.478: Total time for which application threads were stopped: 0.0000468 seconds, Stopping threads took: 0.0000087 seconds
2016-08-03T13:16:13.659+0800: 66081.505: Total time for which application threads were stopped: 0.0001025 seconds, Stopping threads took: 0.0000118 seconds
2016-08-03T13:16:13.702+0800: 66081.548: Total time for which application threads were stopped: 0.0002597 seconds, Stopping threads took: 0.0001152 seconds
2016-08-03T13:16:13.710+0800: 66081.556: Total time for which application threads were stopped: 0.0001564 seconds, Stopping threads took: 0.0000400 seconds
2016-08-03T13:16:13.719+0800: 66081.565: Total time for which application threads were stopped: 0.0001359 seconds, Stopping threads took: 0.0000200 seconds
2016-08-03T13:16:13.719+0800: 66081.565: Total time for which application threads were stopped: 0.0000707 seconds, Stopping threads took: 0.0000096 seconds
2016-08-03T13:16:13.719+0800: 66081.565: Total time for which application threads were stopped: 0.0001044 seconds, Stopping threads took: 0.0000146 seconds
2016-08-03T13:16:13.719+0800: 66081.565: Total time for which application threads were stopped: 0.0000756 seconds, Stopping threads took: 0.0000117 seconds
2016-08-03T13:16:13.719+0800: 66081.565: Total time for which application threads were stopped: 0.0000640 seconds, Stopping threads took: 0.0000097 seconds
2016-08-03T13:16:13.720+0800: 66081.566: Total time for which application threads were stopped: 0.0000793 seconds, Stopping threads took: 0.0000137 seconds
2016-08-03T13:16:13.720+0800: 66081.566: Total time for which application threads were stopped: 0.0000608 seconds, Stopping threads took: 0.0000095 seconds
2016-08-03T13:16:13.732+0800: 66081.578: Total time for which application threads were stopped: 0.0000993 seconds, Stopping threads took: 0.0000147 seconds
2016-08-03T13:16:13.733+0800: 66081.579: Total time for which application threads were stopped: 0.0000902 seconds, Stopping threads took: 0.0000135 seconds
2016-08-03T13:16:13.739+0800: 66081.585: Total time for which application threads were stopped: 0.0001868 seconds, Stopping threads took: 0.0000175 seconds
2016-08-03T13:16:13.771+0800: 66081.617: Total time for which application threads were stopped: 0.0001084 seconds, Stopping threads took: 0.0000183 seconds
2016-08-03T13:16:13.776+0800: 66081.622: Total time for which application threads were stopped: 0.0001036 seconds, Stopping threads took: 0.0000170 seconds
2016-08-03T13:16:13.782+0800: 66081.628: Total time for which application threads were stopped: 0.0000970 seconds, Stopping threads took: 0.0000158 seconds
2016-08-03T13:16:13.854+0800: 66081.700: Total time for which application threads were stopped: 0.0001539 seconds, Stopping threads took: 0.0000447 seconds
2016-08-03T13:16:13.863+0800: 66081.709: Total time for which application threads were stopped: 0.0001804 seconds, Stopping threads took: 0.0000517 seconds
2016-08-03T13:16:13.867+0800: 66081.713: Total time for which application threads were stopped: 0.0001230 seconds, Stopping threads took: 0.0000145 seconds
2016-08-03T13:16:14.872+0800: 66082.718: Total time for which application threads were stopped: 0.0001533 seconds, Stopping threads took: 0.0000335 seconds
2016-08-03T13:16:46.521+0800: 66114.369: Total time for which application threads were stopped: 0.0001212 seconds, Stopping threads took: 0.0000380 seconds
2016-08-03T13:16:47.521+0800: 66115.369: Total time for which application threads were stopped: 0.0001373 seconds, Stopping threads took: 0.0000324 seconds
2016-08-03T13:16:57.962+0800: 66125.810: Total time for which application threads were stopped: 0.0001094 seconds, Stopping threads took: 0.0000313 seconds
2016-08-03T13:16:57.963+0800: 66125.811: Total time for which application threads were stopped: 0.0001031 seconds, Stopping threads took: 0.0000372 seconds
2016-08-03T13:16:57.964+0800: 66125.812: Total time for which application threads were stopped: 0.0000456 seconds, Stopping threads took: 0.0000088 seconds
2016-08-03T13:16:57.964+0800: 66125.812: Total time for which application threads were stopped: 0.0000962 seconds, Stopping threads took: 0.0000186 seconds
2016-08-03T13:16:57.964+0800: 66125.812: Total time for which application threads were stopped: 0.0000710 seconds, Stopping threads took: 0.0000107 seconds
{Heap before GC invocations=11 (full 1):
 par new generation   total 109248K, used 101676K [0x00000007a0000000, 0x00000007a8000000, 0x00000007a8000000)
  eden space 87424K, 100% used [0x00000007a0000000, 0x00000007a5560000, 0x00000007a5560000)
  from space 21824K,  65% used [0x00000007a6ab0000, 0x00000007a789b020, 0x00000007a8000000)
  to   space 21824K,   0% used [0x00000007a5560000, 0x00000007a5560000, 0x00000007a6ab0000)
 concurrent mark-sweep generation total 393216K, used 14422K [0x00000007a8000000, 0x00000007c0000000, 0x00000007c0000000)
 Metaspace       used 32099K, capacity 32460K, committed 32764K, reserved 1079296K
  class space    used 3681K, capacity 3789K, committed 3836K, reserved 1048576K
2016-08-03T13:16:57.972+0800: 66125.820: [GC (Allocation Failure) 2016-08-03T13:16:57.972+0800: 66125.820: [ParNew
Desired survivor size 20112992 bytes, new threshold 8 (max 8)
- age   1:     724160 bytes,     724160 total
- age   2:       2232 bytes,     726392 total
- age   3:       6432 bytes,     732824 total
- age   4:      28096 bytes,     760920 total
- age   5:    4627592 bytes,    5388512 total
- age   6:     352504 bytes,    5741016 total
- age   7:    9626496 bytes,   15367512 total
- age   8:        704 bytes,   15368216 total
: 101676K->16798K(109248K), 0.0363178 secs] 116098K->32302K(502464K), 0.0363818 secs] [Times: user=0.04 sys=0.07, real=0.03 secs] 
Heap after GC invocations=12 (full 1):
 par new generation   total 109248K, used 16798K [0x00000007a0000000, 0x00000007a8000000, 0x00000007a8000000)
  eden space 87424K,   0% used [0x00000007a0000000, 0x00000007a0000000, 0x00000007a5560000)
  from space 21824K,  76% used [0x00000007a5560000, 0x00000007a65c7840, 0x00000007a6ab0000)
  to   space 21824K,   0% used [0x00000007a6ab0000, 0x00000007a6ab0000, 0x00000007a8000000)
 concurrent mark-sweep generation total 393216K, used 15504K [0x00000007a8000000, 0x00000007c0000000, 0x00000007c0000000)
 Metaspace       used 32099K, capacity 32460K, committed 32764K, reserved 1079296K
  class space    used 3681K, capacity 3789K, committed 3836K, reserved 1048576K
}
2016-08-03T13:16:58.008+0800: 66125.856: Total time for which application threads were stopped: 0.0365955 seconds, Stopping threads took: 0.0000116 seconds
2016-08-03T13:16:59.013+0800: 66126.861: Total time for which application threads were stopped: 0.0001763 seconds, Stopping threads took: 0.0000483 seconds
2016-08-03T13:17:40.103+0800: 66167.953: Total time for which application threads were stopped: 0.0001567 seconds, Stopping threads took: 0.0000340 seconds
2016-08-03T13:17:52.131+0800: 66179.981: Total time for which application threads were stopped: 0.0000925 seconds, Stopping threads took: 0.0000195 seconds
2016-08-03T13:18:09.174+0800: 66197.025: Total time for which application threads were stopped: 0.0001743 seconds, Stopping threads took: 0.0000391 seconds
2016-08-03T13:18:45.252+0800: 66233.105: Total time for which application threads were stopped: 0.0001098 seconds, Stopping threads took: 0.0000272 seconds
2016-08-03T13:18:47.256+0800: 66235.109: Total time for which application threads were stopped: 0.0001686 seconds, Stopping threads took: 0.0000310 seconds
2016-08-03T13:18:56.276+0800: 66244.130: Total time for which application threads were stopped: 0.0001511 seconds, Stopping threads took: 0.0000423 seconds
2016-08-03T13:21:39.489+0800: 66407.350: Total time for which application threads were stopped: 0.0001198 seconds, Stopping threads took: 0.0000204 seconds
{Heap before GC invocations=12 (full 1):
 par new generation   total 109248K, used 104222K [0x00000007a0000000, 0x00000007a8000000, 0x00000007a8000000)
  eden space 87424K, 100% used [0x00000007a0000000, 0x00000007a5560000, 0x00000007a5560000)
  from space 21824K,  76% used [0x00000007a5560000, 0x00000007a65c7840, 0x00000007a6ab0000)
  to   space 21824K,   0% used [0x00000007a6ab0000, 0x00000007a6ab0000, 0x00000007a8000000)
 concurrent mark-sweep generation total 393216K, used 15504K [0x00000007a8000000, 0x00000007c0000000, 0x00000007c0000000)
 Metaspace       used 32131K, capacity 32460K, committed 32764K, reserved 1079296K
  class space    used 3681K, capacity 3789K, committed 3836K, reserved 1048576K
2016-08-03T13:21:39.497+0800: 66407.358: [GC (Allocation Failure) 2016-08-03T13:21:39.497+0800: 66407.358: [ParNew
Desired survivor size 20112992 bytes, new threshold 8 (max 8)
- age   1:     165976 bytes,     165976 total
- age   2:     367312 bytes,     533288 total
- age   3:       1184 bytes,     534472 total
- age   4:       4320 bytes,     538792 total
- age   5:      24544 bytes,     563336 total
- age   6:    2394112 bytes,    2957448 total
- age   7:     352376 bytes,    3309824 total
- age   8:    9626496 bytes,   12936320 total
: 104222K->15137K(109248K), 0.0089670 secs] 119726K->30642K(502464K), 0.0090328 secs] [Times: user=0.03 sys=0.01, real=0.01 secs] 
Heap after GC invocations=13 (full 1):
 par new generation   total 109248K, used 15137K [0x00000007a0000000, 0x00000007a8000000, 0x00000007a8000000)
  eden space 87424K,   0% used [0x00000007a0000000, 0x00000007a0000000, 0x00000007a5560000)
  from space 21824K,  69% used [0x00000007a6ab0000, 0x00000007a79786b0, 0x00000007a8000000)
  to   space 21824K,   0% used [0x00000007a5560000, 0x00000007a5560000, 0x00000007a6ab0000)
 concurrent mark-sweep generation total 393216K, used 15505K [0x00000007a8000000, 0x00000007c0000000, 0x00000007c0000000)
 Metaspace       used 32131K, capacity 32460K, committed 32764K, reserved 1079296K
  class space    used 3681K, capacity 3789K, committed 3836K, reserved 1048576K
}
2016-08-03T13:21:39.506+0800: 66407.367: Total time for which application threads were stopped: 0.0092222 seconds, Stopping threads took: 0.0000129 seconds
2016-08-03T13:21:40.511+0800: 66408.372: Total time for which application threads were stopped: 0.0002773 seconds, Stopping threads took: 0.0000593 seconds
2016-08-03T13:22:29.614+0800: 66457.477: Total time for which application threads were stopped: 0.0001441 seconds, Stopping threads took: 0.0000307 seconds
2016-08-03T13:23:03.691+0800: 66491.556: Total time for which application threads were stopped: 0.0001374 seconds, Stopping threads took: 0.0000323 seconds
2016-08-03T13:23:06.368+0800: 66494.233: Total time for which application threads were stopped: 0.0001374 seconds, Stopping threads took: 0.0000584 seconds
2016-08-03T13:23:06.369+0800: 66494.234: Total time for which application threads were stopped: 0.0000718 seconds, Stopping threads took: 0.0000120 seconds
2016-08-03T13:23:07.371+0800: 66495.236: Total time for which application threads were stopped: 0.0002440 seconds, Stopping threads took: 0.0000549 seconds
2016-08-03T13:25:05.160+0800: 66613.031: Total time for which application threads were stopped: 0.0001022 seconds, Stopping threads took: 0.0000191 seconds
2016-08-03T13:25:25.209+0800: 66633.080: Total time for which application threads were stopped: 0.0001038 seconds, Stopping threads took: 0.0000243 seconds
2016-08-03T13:25:30.369+0800: 66638.241: Total time for which application threads were stopped: 0.0001011 seconds, Stopping threads took: 0.0000232 seconds
2016-08-03T13:25:31.370+0800: 66639.241: Total time for which application threads were stopped: 0.0001463 seconds, Stopping threads took: 0.0000314 seconds
2016-08-03T13:25:32.371+0800: 66640.243: Total time for which application threads were stopped: 0.0001480 seconds, Stopping threads took: 0.0000356 seconds
2016-08-03T13:26:46.823+0800: 66714.699: Total time for which application threads were stopped: 0.0001065 seconds, Stopping threads took: 0.0000268 seconds
2016-08-03T13:26:47.825+0800: 66715.700: Total time for which application threads were stopped: 0.0001489 seconds, Stopping threads took: 0.0000330 seconds
2016-08-03T13:27:21.960+0800: 66749.836: Total time for which application threads were stopped: 0.0001850 seconds, Stopping threads took: 0.0000227 seconds
2016-08-03T13:27:22.962+0800: 66750.839: Total time for which application threads were stopped: 0.0002399 seconds, Stopping threads took: 0.0000373 seconds
2016-08-03T13:28:18.382+0800: 66806.262: Total time for which application threads were stopped: 0.0000977 seconds, Stopping threads took: 0.0000196 seconds
2016-08-03T13:28:19.384+0800: 66807.263: Total time for which application threads were stopped: 0.0001437 seconds, Stopping threads took: 0.0000321 seconds
2016-08-03T13:29:08.498+0800: 66856.379: Total time for which application threads were stopped: 0.0001400 seconds, Stopping threads took: 0.0000292 seconds
2016-08-03T13:30:00.606+0800: 66908.491: Total time for which application threads were stopped: 0.0001768 seconds, Stopping threads took: 0.0000338 seconds
2016-08-03T13:30:18.154+0800: 66926.039: Total time for which application threads were stopped: 0.0000962 seconds, Stopping threads took: 0.0000188 seconds
2016-08-03T13:30:19.156+0800: 66927.041: Total time for which application threads were stopped: 0.0001237 seconds, Stopping threads took: 0.0000287 seconds
2016-08-03T13:30:44.689+0800: 66952.575: Total time for which application threads were stopped: 0.0000979 seconds, Stopping threads took: 0.0000207 seconds
{Heap before GC invocations=13 (full 1):
 par new generation   total 109248K, used 102561K [0x00000007a0000000, 0x00000007a8000000, 0x00000007a8000000)
  eden space 87424K, 100% used [0x00000007a0000000, 0x00000007a5560000, 0x00000007a5560000)
  from space 21824K,  69% used [0x00000007a6ab0000, 0x00000007a79786b0, 0x00000007a8000000)
  to   space 21824K,   0% used [0x00000007a5560000, 0x00000007a5560000, 0x00000007a6ab0000)
 concurrent mark-sweep generation total 393216K, used 15505K [0x00000007a8000000, 0x00000007c0000000, 0x00000007c0000000)
 Metaspace       used 32149K, capacity 32524K, committed 33020K, reserved 1079296K
  class space    used 3681K, capacity 3789K, committed 3836K, reserved 1048576K
2016-08-03T13:30:44.689+0800: 66952.576: [GC (Allocation Failure) 2016-08-03T13:30:44.689+0800: 66952.576: [ParNew
Desired survivor size 20112992 bytes, new threshold 8 (max 8)
- age   1:      85224 bytes,      85224 total
- age   2:       5312 bytes,      90536 total
- age   3:     353824 bytes,     444360 total
- age   4:       1184 bytes,     445544 total
- age   5:       4320 bytes,     449864 total
- age   6:      24544 bytes,     474408 total
- age   7:    2394112 bytes,    2868520 total
- age   8:     352376 bytes,    3220896 total
: 102561K->5900K(109248K), 0.0218462 secs] 118066K->29506K(502464K), 0.0218931 secs] [Times: user=0.05 sys=0.01, real=0.03 secs] 
Heap after GC invocations=14 (full 1):
 par new generation   total 109248K, used 5900K [0x00000007a0000000, 0x00000007a8000000, 0x00000007a8000000)
  eden space 87424K,   0% used [0x00000007a0000000, 0x00000007a0000000, 0x00000007a5560000)
  from space 21824K,  27% used [0x00000007a5560000, 0x00000007a5b23170, 0x00000007a6ab0000)
  to   space 21824K,   0% used [0x00000007a6ab0000, 0x00000007a6ab0000, 0x00000007a8000000)
 concurrent mark-sweep generation total 393216K, used 23605K [0x00000007a8000000, 0x00000007c0000000, 0x00000007c0000000)
 Metaspace       used 32149K, capacity 32524K, committed 33020K, reserved 1079296K
  class space    used 3681K, capacity 3789K, committed 3836K, reserved 1048576K
}
2016-08-03T13:30:44.711+0800: 66952.598: Total time for which application threads were stopped: 0.0220605 seconds, Stopping threads took: 0.0000113 seconds
2016-08-03T13:31:37.829+0800: 67005.718: Total time for which application threads were stopped: 0.0001204 seconds, Stopping threads took: 0.0000269 seconds
2016-08-03T13:31:39.717+0800: 67007.606: Total time for which application threads were stopped: 0.0001099 seconds, Stopping threads took: 0.0000320 seconds
2016-08-03T13:32:29.820+0800: 67057.711: Total time for which application threads were stopped: 0.0002509 seconds, Stopping threads took: 0.0000541 seconds
2016-08-03T13:33:27.038+0800: 67114.932: Total time for which application threads were stopped: 0.0000954 seconds, Stopping threads took: 0.0000172 seconds
2016-08-03T13:34:34.642+0800: 67182.539: Total time for which application threads were stopped: 0.0000970 seconds, Stopping threads took: 0.0000192 seconds
2016-08-03T13:34:34.644+0800: 67182.541: Total time for which application threads were stopped: 0.0001351 seconds, Stopping threads took: 0.0000315 seconds
2016-08-03T13:36:40.316+0800: 67308.218: Total time for which application threads were stopped: 0.0000987 seconds, Stopping threads took: 0.0000193 seconds
2016-08-03T13:36:57.779+0800: 67325.682: Total time for which application threads were stopped: 0.0001620 seconds, Stopping threads took: 0.0000597 seconds
2016-08-03T13:36:58.781+0800: 67326.684: Total time for which application threads were stopped: 0.0002658 seconds, Stopping threads took: 0.0000359 seconds
2016-08-03T13:37:04.802+0800: 67332.706: Total time for which application threads were stopped: 0.0002251 seconds, Stopping threads took: 0.0000512 seconds
2016-08-03T13:39:07.478+0800: 67455.387: Total time for which application threads were stopped: 0.0001050 seconds, Stopping threads took: 0.0000182 seconds
2016-08-03T13:40:18.666+0800: 67526.579: Total time for which application threads were stopped: 0.0001073 seconds, Stopping threads took: 0.0000277 seconds
2016-08-03T14:09:17.705+0800: 69265.701: Total time for which application threads were stopped: 0.0001064 seconds, Stopping threads took: 0.0000279 seconds
{Heap before GC invocations=14 (full 1):
 par new generation   total 109248K, used 93324K [0x00000007a0000000, 0x00000007a8000000, 0x00000007a8000000)
  eden space 87424K, 100% used [0x00000007a0000000, 0x00000007a5560000, 0x00000007a5560000)
  from space 21824K,  27% used [0x00000007a5560000, 0x00000007a5b23170, 0x00000007a6ab0000)
  to   space 21824K,   0% used [0x00000007a6ab0000, 0x00000007a6ab0000, 0x00000007a8000000)
 concurrent mark-sweep generation total 393216K, used 23605K [0x00000007a8000000, 0x00000007c0000000, 0x00000007c0000000)
 Metaspace       used 32175K, capacity 32524K, committed 33020K, reserved 1079296K
  class space    used 3681K, capacity 3789K, committed 3836K, reserved 1048576K
2016-08-03T14:09:17.716+0800: 69265.711: [GC (Allocation Failure) 2016-08-03T14:09:17.716+0800: 69265.711: [ParNew
Desired survivor size 20112992 bytes, new threshold 8 (max 8)
- age   1:     281728 bytes,     281728 total
- age   2:       7128 bytes,     288856 total
- age   3:       4008 bytes,     292864 total
- age   4:     341984 bytes,     634848 total
- age   5:       1184 bytes,     636032 total
- age   6:       4320 bytes,     640352 total
- age   7:      24544 bytes,     664896 total
- age   8:    2394112 bytes,    3059008 total
: 93324K->3754K(109248K), 0.0061474 secs] 116930K->27706K(502464K), 0.0062115 secs] [Times: user=0.02 sys=0.00, real=0.01 secs] 
Heap after GC invocations=15 (full 1):
 par new generation   total 109248K, used 3754K [0x00000007a0000000, 0x00000007a8000000, 0x00000007a8000000)
  eden space 87424K,   0% used [0x00000007a0000000, 0x00000007a0000000, 0x00000007a5560000)
  from space 21824K,  17% used [0x00000007a6ab0000, 0x00000007a6e5a990, 0x00000007a8000000)
  to   space 21824K,   0% used [0x00000007a5560000, 0x00000007a5560000, 0x00000007a6ab0000)
 concurrent mark-sweep generation total 393216K, used 23952K [0x00000007a8000000, 0x00000007c0000000, 0x00000007c0000000)
 Metaspace       used 32175K, capacity 32524K, committed 33020K, reserved 1079296K
  class space    used 3681K, capacity 3789K, committed 3836K, reserved 1048576K
}
2016-08-03T14:09:17.722+0800: 69265.718: Total time for which application threads were stopped: 0.0063979 seconds, Stopping threads took: 0.0000203 seconds
2016-08-03T16:16:06.891+0800: 76058.197: Total time for which application threads were stopped: 0.0001409 seconds, Stopping threads took: 0.0000374 seconds
2016-08-03T16:16:44.830+0800: 76096.138: Total time for which application threads were stopped: 0.0001041 seconds, Stopping threads took: 0.0000190 seconds
2016-08-03T16:16:44.835+0800: 76096.142: Total time for which application threads were stopped: 0.0000820 seconds, Stopping threads took: 0.0000273 seconds
2016-08-03T16:16:44.870+0800: 76096.177: Total time for which application threads were stopped: 0.0000946 seconds, Stopping threads took: 0.0000173 seconds
2016-08-03T16:16:44.873+0800: 76096.181: Total time for which application threads were stopped: 0.0000615 seconds, Stopping threads took: 0.0000108 seconds
2016-08-03T16:16:44.877+0800: 76096.184: Total time for which application threads were stopped: 0.0001971 seconds, Stopping threads took: 0.0000188 seconds
2016-08-03T16:16:44.890+0800: 76096.197: Total time for which application threads were stopped: 0.0000683 seconds, Stopping threads took: 0.0000114 seconds
2016-08-03T16:17:20.169+0800: 76131.478: Total time for which application threads were stopped: 0.0001157 seconds, Stopping threads took: 0.0000190 seconds
2016-08-03T16:17:21.174+0800: 76132.483: Total time for which application threads were stopped: 0.0002573 seconds, Stopping threads took: 0.0000551 seconds
2016-08-03T16:17:58.860+0800: 76170.171: Total time for which application threads were stopped: 0.0001561 seconds, Stopping threads took: 0.0000254 seconds
2016-08-03T16:18:21.907+0800: 76193.218: Total time for which application threads were stopped: 0.0004647 seconds, Stopping threads took: 0.0001471 seconds
2016-08-03T16:18:44.957+0800: 76216.269: Total time for which application threads were stopped: 0.0002442 seconds, Stopping threads took: 0.0000527 seconds
2016-08-03T16:22:40.479+0800: 76451.803: Total time for which application threads were stopped: 0.0001092 seconds, Stopping threads took: 0.0000241 seconds
2016-08-03T16:22:41.480+0800: 76452.804: Total time for which application threads were stopped: 0.0002176 seconds, Stopping threads took: 0.0000774 seconds
2016-08-03T16:29:06.150+0800: 76837.491: Total time for which application threads were stopped: 0.0001213 seconds, Stopping threads took: 0.0000212 seconds
2016-08-03T16:29:07.150+0800: 76838.491: Total time for which application threads were stopped: 0.0002685 seconds, Stopping threads took: 0.0000551 seconds
2016-08-03T16:32:26.057+0800: 77037.408: Total time for which application threads were stopped: 0.0001016 seconds, Stopping threads took: 0.0000189 seconds
2016-08-04T11:50:38.053+0800: 95791.444: Total time for which application threads were stopped: 0.0027865 seconds, Stopping threads took: 0.0003091 seconds
2016-08-04T11:50:38.087+0800: 95791.478: Total time for which application threads were stopped: 0.0001170 seconds, Stopping threads took: 0.0000215 seconds
2016-08-04T15:23:01.791+0800: 101370.190: Total time for which application threads were stopped: 0.0002808 seconds, Stopping threads took: 0.0001084 seconds
2016-08-04T15:27:01.023+0800: 101572.148: Total time for which application threads were stopped: 0.0001345 seconds, Stopping threads took: 0.0000391 seconds
2016-08-04T15:27:01.025+0800: 101572.151: Total time for which application threads were stopped: 0.0000964 seconds, Stopping threads took: 0.0000131 seconds
2016-08-04T15:27:01.065+0800: 101572.191: Total time for which application threads were stopped: 0.0001066 seconds, Stopping threads took: 0.0000186 seconds
2016-08-04T15:27:01.069+0800: 101572.195: Total time for which application threads were stopped: 0.0000857 seconds, Stopping threads took: 0.0000146 seconds
2016-08-04T15:27:01.091+0800: 101572.217: Total time for which application threads were stopped: 0.0000999 seconds, Stopping threads took: 0.0000171 seconds
2016-08-04T15:27:01.096+0800: 101572.222: Total time for which application threads were stopped: 0.0000909 seconds, Stopping threads took: 0.0000163 seconds
2016-08-04T15:27:01.118+0800: 101572.244: Total time for which application threads were stopped: 0.0001074 seconds, Stopping threads took: 0.0000189 seconds
2016-08-04T15:27:01.122+0800: 101572.248: Total time for which application threads were stopped: 0.0000956 seconds, Stopping threads took: 0.0000256 seconds
2016-08-04T15:27:01.127+0800: 101572.252: Total time for which application threads were stopped: 0.0001347 seconds, Stopping threads took: 0.0000363 seconds
2016-08-04T15:27:01.177+0800: 101572.303: Total time for which application threads were stopped: 0.0000962 seconds, Stopping threads took: 0.0000175 seconds
2016-08-04T15:27:01.190+0800: 101572.315: Total time for which application threads were stopped: 0.0000991 seconds, Stopping threads took: 0.0000321 seconds
2016-08-04T15:27:01.194+0800: 101572.320: Total time for which application threads were stopped: 0.0002661 seconds, Stopping threads took: 0.0001048 seconds
2016-08-04T15:27:02.195+0800: 101573.321: Total time for which application threads were stopped: 0.0002379 seconds, Stopping threads took: 0.0000296 seconds
2016-08-04T23:31:08.546+0800: 113368.116: Total time for which application threads were stopped: 0.0013905 seconds, Stopping threads took: 0.0002162 seconds
2016-08-04T23:31:08.569+0800: 113368.139: Total time for which application threads were stopped: 0.0000821 seconds, Stopping threads took: 0.0000133 seconds
2016-08-04T23:31:08.620+0800: 113368.190: Total time for which application threads were stopped: 0.0001084 seconds, Stopping threads took: 0.0000186 seconds
2016-08-04T23:31:08.625+0800: 113368.195: Total time for which application threads were stopped: 0.0002342 seconds, Stopping threads took: 0.0000161 seconds
2016-08-04T23:31:08.630+0800: 113368.200: Total time for which application threads were stopped: 0.0000801 seconds, Stopping threads took: 0.0000135 seconds
2016-08-04T23:31:08.645+0800: 113368.216: Total time for which application threads were stopped: 0.0001091 seconds, Stopping threads took: 0.0000203 seconds
2016-08-05T11:48:50.152+0800: 124803.305: Total time for which application threads were stopped: 0.0029977 seconds, Stopping threads took: 0.0003140 seconds
2016-08-05T11:48:50.190+0800: 124803.342: Total time for which application threads were stopped: 0.0001377 seconds, Stopping threads took: 0.0000187 seconds
2016-08-05T13:20:07.179+0800: 130280.578: Total time for which application threads were stopped: 0.0003014 seconds, Stopping threads took: 0.0000960 seconds
2016-08-05T14:57:23.096+0800: 136116.104: Total time for which application threads were stopped: 0.0001142 seconds, Stopping threads took: 0.0000190 seconds
2016-08-05T14:57:23.103+0800: 136116.111: Total time for which application threads were stopped: 0.0002800 seconds, Stopping threads took: 0.0001891 seconds
2016-08-05T14:57:24.106+0800: 136117.114: Total time for which application threads were stopped: 0.0001480 seconds, Stopping threads took: 0.0000339 seconds
2016-08-05T16:04:07.816+0800: 140072.049: Total time for which application threads were stopped: 0.0001284 seconds, Stopping threads took: 0.0000385 seconds
2016-08-05T16:04:08.820+0800: 140073.053: Total time for which application threads were stopped: 0.0001705 seconds, Stopping threads took: 0.0000366 seconds
2016-08-05T16:05:16.140+0800: 140140.377: Total time for which application threads were stopped: 0.0001193 seconds, Stopping threads took: 0.0000186 seconds
2016-08-05T16:06:12.034+0800: 140196.273: Total time for which application threads were stopped: 0.0004532 seconds, Stopping threads took: 0.0003767 seconds
2016-08-06T18:42:02.941+0800: 152883.667: Total time for which application threads were stopped: 0.0015609 seconds, Stopping threads took: 0.0004945 seconds
2016-08-06T18:45:02.395+0800: 153063.129: Total time for which application threads were stopped: 0.0002632 seconds, Stopping threads took: 0.0000683 seconds
2016-08-06T18:47:02.755+0800: 153183.495: Total time for which application threads were stopped: 0.0001370 seconds, Stopping threads took: 0.0000336 seconds
2016-08-06T19:01:32.269+0800: 154053.049: Total time for which application threads were stopped: 0.0002421 seconds, Stopping threads took: 0.0000588 seconds
2016-08-06T20:09:10.542+0800: 156806.988: Total time for which application threads were stopped: 0.0001997 seconds, Stopping threads took: 0.0000595 seconds
2016-08-06T20:09:10.611+0800: 156807.057: Total time for which application threads were stopped: 0.0001862 seconds, Stopping threads took: 0.0000272 seconds
2016-08-06T20:09:10.618+0800: 156807.065: Total time for which application threads were stopped: 0.0001190 seconds, Stopping threads took: 0.0000279 seconds
2016-08-06T20:09:10.645+0800: 156807.092: Total time for which application threads were stopped: 0.0001029 seconds, Stopping threads took: 0.0000161 seconds
2016-08-06T20:09:10.742+0800: 156807.189: Total time for which application threads were stopped: 0.0001097 seconds, Stopping threads took: 0.0000210 seconds
2016-08-06T20:09:10.819+0800: 156807.266: Total time for which application threads were stopped: 0.0001756 seconds, Stopping threads took: 0.0000173 seconds
2016-08-06T20:09:10.840+0800: 156807.287: Total time for which application threads were stopped: 0.0000737 seconds, Stopping threads took: 0.0000114 seconds
2016-08-06T20:09:10.844+0800: 156807.291: Total time for which application threads were stopped: 0.0000678 seconds, Stopping threads took: 0.0000125 seconds
2016-08-06T20:09:10.848+0800: 156807.295: Total time for which application threads were stopped: 0.0000879 seconds, Stopping threads took: 0.0000147 seconds
2016-08-06T20:09:10.918+0800: 156807.365: Total time for which application threads were stopped: 0.0001114 seconds, Stopping threads took: 0.0000188 seconds
2016-08-06T20:09:10.945+0800: 156807.392: Total time for which application threads were stopped: 0.0001209 seconds, Stopping threads took: 0.0000302 seconds
2016-08-06T20:09:10.951+0800: 156807.398: Total time for which application threads were stopped: 0.0001352 seconds, Stopping threads took: 0.0000330 seconds
{Heap before GC invocations=15 (full 1):
 par new generation   total 109248K, used 91178K [0x00000007a0000000, 0x00000007a8000000, 0x00000007a8000000)
  eden space 87424K, 100% used [0x00000007a0000000, 0x00000007a5560000, 0x00000007a5560000)
  from space 21824K,  17% used [0x00000007a6ab0000, 0x00000007a6e5a990, 0x00000007a8000000)
  to   space 21824K,   0% used [0x00000007a5560000, 0x00000007a5560000, 0x00000007a6ab0000)
 concurrent mark-sweep generation total 393216K, used 23952K [0x00000007a8000000, 0x00000007c0000000, 0x00000007c0000000)
 Metaspace       used 32342K, capacity 32730K, committed 33276K, reserved 1079296K
  class space    used 3684K, capacity 3792K, committed 3836K, reserved 1048576K
2016-08-06T20:09:10.966+0800: 156807.412: [GC (Allocation Failure) 2016-08-06T20:09:10.966+0800: 156807.413: [ParNew
Desired survivor size 20112992 bytes, new threshold 8 (max 8)
- age   1:    1668384 bytes,    1668384 total
- age   2:      46840 bytes,    1715224 total
- age   3:       6120 bytes,    1721344 total
- age   4:       3120 bytes,    1724464 total
- age   5:     309784 bytes,    2034248 total
- age   6:       1184 bytes,    2035432 total
- age   7:       4288 bytes,    2039720 total
- age   8:      24512 bytes,    2064232 total
: 91178K->2234K(109248K), 0.0232891 secs] 115130K->28524K(502464K), 0.0235005 secs] [Times: user=0.03 sys=0.03, real=0.02 secs] 
Heap after GC invocations=16 (full 1):
 par new generation   total 109248K, used 2234K [0x00000007a0000000, 0x00000007a8000000, 0x00000007a8000000)
  eden space 87424K,   0% used [0x00000007a0000000, 0x00000007a0000000, 0x00000007a5560000)
  from space 21824K,  10% used [0x00000007a5560000, 0x00000007a578eab8, 0x00000007a6ab0000)
  to   space 21824K,   0% used [0x00000007a6ab0000, 0x00000007a6ab0000, 0x00000007a8000000)
 concurrent mark-sweep generation total 393216K, used 26290K [0x00000007a8000000, 0x00000007c0000000, 0x00000007c0000000)
 Metaspace       used 32342K, capacity 32730K, committed 33276K, reserved 1079296K
  class space    used 3684K, capacity 3792K, committed 3836K, reserved 1048576K
}
2016-08-06T20:09:10.989+0800: 156807.436: Total time for which application threads were stopped: 0.0236838 seconds, Stopping threads took: 0.0000176 seconds
2016-08-06T20:09:11.017+0800: 156807.464: Total time for which application threads were stopped: 0.0030055 seconds, Stopping threads took: 0.0029253 seconds
2016-08-06T20:09:11.027+0800: 156807.474: Total time for which application threads were stopped: 0.0001273 seconds, Stopping threads took: 0.0000114 seconds
2016-08-06T20:09:11.027+0800: 156807.474: Total time for which application threads were stopped: 0.0001292 seconds, Stopping threads took: 0.0000248 seconds
2016-08-06T20:09:12.031+0800: 156808.478: Total time for which application threads were stopped: 0.0001355 seconds, Stopping threads took: 0.0000239 seconds
2016-08-06T20:09:20.788+0800: 156817.235: Total time for which application threads were stopped: 0.0001607 seconds, Stopping threads took: 0.0000307 seconds
2016-08-06T20:09:20.790+0800: 156817.237: Total time for which application threads were stopped: 0.0001813 seconds, Stopping threads took: 0.0000542 seconds
2016-08-06T20:09:20.790+0800: 156817.237: Total time for which application threads were stopped: 0.0001113 seconds, Stopping threads took: 0.0000364 seconds
2016-08-06T20:09:20.790+0800: 156817.238: Total time for which application threads were stopped: 0.0000962 seconds, Stopping threads took: 0.0000344 seconds
2016-08-06T20:09:20.791+0800: 156817.238: Total time for which application threads were stopped: 0.0001027 seconds, Stopping threads took: 0.0000293 seconds
2016-08-06T20:09:20.819+0800: 156817.266: Total time for which application threads were stopped: 0.0007111 seconds, Stopping threads took: 0.0000503 seconds
2016-08-06T20:09:20.820+0800: 156817.268: Total time for which application threads were stopped: 0.0001139 seconds, Stopping threads took: 0.0000310 seconds
2016-08-06T20:09:20.820+0800: 156817.268: Total time for which application threads were stopped: 0.0001363 seconds, Stopping threads took: 0.0000082 seconds
2016-08-06T20:09:21.826+0800: 156818.273: Total time for which application threads were stopped: 0.0002468 seconds, Stopping threads took: 0.0000520 seconds
2016-08-06T20:11:10.783+0800: 156927.235: Total time for which application threads were stopped: 0.0001329 seconds, Stopping threads took: 0.0000231 seconds
2016-08-06T20:11:10.788+0800: 156927.241: Total time for which application threads were stopped: 0.0001010 seconds, Stopping threads took: 0.0000329 seconds
2016-08-06T20:11:10.790+0800: 156927.243: Total time for which application threads were stopped: 0.0000631 seconds, Stopping threads took: 0.0000106 seconds
2016-08-06T20:11:10.794+0800: 156927.246: Total time for which application threads were stopped: 0.0000666 seconds, Stopping threads took: 0.0000125 seconds
2016-08-06T20:11:10.794+0800: 156927.247: Total time for which application threads were stopped: 0.0000649 seconds, Stopping threads took: 0.0000081 seconds
2016-08-06T20:11:10.794+0800: 156927.247: Total time for which application threads were stopped: 0.0000892 seconds, Stopping threads took: 0.0000288 seconds
2016-08-06T20:11:10.803+0800: 156927.255: Total time for which application threads were stopped: 0.0000944 seconds, Stopping threads took: 0.0000113 seconds
2016-08-06T20:11:10.803+0800: 156927.255: Total time for which application threads were stopped: 0.0000356 seconds, Stopping threads took: 0.0000058 seconds
2016-08-06T20:11:10.803+0800: 156927.255: Total time for which application threads were stopped: 0.0000633 seconds, Stopping threads took: 0.0000251 seconds
2016-08-06T20:11:10.803+0800: 156927.256: Total time for which application threads were stopped: 0.0000798 seconds, Stopping threads took: 0.0000203 seconds
2016-08-07T00:58:59.162+0800: 168095.499: Total time for which application threads were stopped: 0.0005106 seconds, Stopping threads took: 0.0000605 seconds
2016-08-07T00:58:59.163+0800: 168095.500: Total time for which application threads were stopped: 0.0002333 seconds, Stopping threads took: 0.0000924 seconds
2016-08-07T00:58:59.172+0800: 168095.509: Total time for which application threads were stopped: 0.0001677 seconds, Stopping threads took: 0.0000507 seconds
2016-08-07T00:58:59.234+0800: 168095.571: Total time for which application threads were stopped: 0.0001898 seconds, Stopping threads took: 0.0000529 seconds
2016-08-07T00:58:59.242+0800: 168095.579: Total time for which application threads were stopped: 0.0002398 seconds, Stopping threads took: 0.0001138 seconds
2016-08-07T00:58:59.250+0800: 168095.587: Total time for which application threads were stopped: 0.0001592 seconds, Stopping threads took: 0.0000271 seconds
2016-08-07T00:58:59.277+0800: 168095.614: Total time for which application threads were stopped: 0.0001969 seconds, Stopping threads took: 0.0000404 seconds
2016-08-07T00:59:00.282+0800: 168096.619: Total time for which application threads were stopped: 0.0001443 seconds, Stopping threads took: 0.0000322 seconds
2016-08-08T11:02:43.470+0800: 230913.265: Total time for which application threads were stopped: 0.0043727 seconds, Stopping threads took: 0.0002791 seconds
2016-08-08T11:02:43.513+0800: 230913.308: Total time for which application threads were stopped: 0.0002664 seconds, Stopping threads took: 0.0000210 seconds
2016-08-08T11:02:43.543+0800: 230913.338: Total time for which application threads were stopped: 0.0015080 seconds, Stopping threads took: 0.0000435 seconds
2016-08-08T11:02:43.641+0800: 230913.435: Total time for which application threads were stopped: 0.0001441 seconds, Stopping threads took: 0.0000202 seconds
2016-08-08T11:02:43.641+0800: 230913.436: Total time for which application threads were stopped: 0.0000882 seconds, Stopping threads took: 0.0000131 seconds
2016-08-08T11:02:43.663+0800: 230913.457: Total time for which application threads were stopped: 0.0001360 seconds, Stopping threads took: 0.0000303 seconds
2016-08-08T11:02:43.665+0800: 230913.460: Total time for which application threads were stopped: 0.0000688 seconds, Stopping threads took: 0.0000144 seconds
2016-08-08T11:02:43.666+0800: 230913.460: Total time for which application threads were stopped: 0.0000963 seconds, Stopping threads took: 0.0000216 seconds
2016-08-08T11:02:43.666+0800: 230913.461: Total time for which application threads were stopped: 0.0001813 seconds, Stopping threads took: 0.0001112 seconds
2016-08-08T11:02:43.667+0800: 230913.461: Total time for which application threads were stopped: 0.0000671 seconds, Stopping threads took: 0.0000138 seconds
2016-08-08T11:02:43.667+0800: 230913.462: Total time for which application threads were stopped: 0.0001506 seconds, Stopping threads took: 0.0000254 seconds
2016-08-08T11:02:43.668+0800: 230913.462: Total time for which application threads were stopped: 0.0000673 seconds, Stopping threads took: 0.0000129 seconds
2016-08-08T11:02:43.668+0800: 230913.463: Total time for which application threads were stopped: 0.0000649 seconds, Stopping threads took: 0.0000090 seconds
2016-08-08T11:02:43.669+0800: 230913.463: Total time for which application threads were stopped: 0.0000719 seconds, Stopping threads took: 0.0000111 seconds
2016-08-08T11:02:43.669+0800: 230913.464: Total time for which application threads were stopped: 0.0000558 seconds, Stopping threads took: 0.0000106 seconds
2016-08-08T11:02:43.670+0800: 230913.465: Total time for which application threads were stopped: 0.0000621 seconds, Stopping threads took: 0.0000136 seconds
2016-08-08T11:02:43.671+0800: 230913.465: Total time for which application threads were stopped: 0.0000493 seconds, Stopping threads took: 0.0000090 seconds
2016-08-08T11:02:43.671+0800: 230913.466: Total time for which application threads were stopped: 0.0000674 seconds, Stopping threads took: 0.0000109 seconds
2016-08-08T11:02:43.706+0800: 230913.501: Total time for which application threads were stopped: 0.0002090 seconds, Stopping threads took: 0.0000386 seconds
2016-08-08T11:02:43.747+0800: 230913.541: Total time for which application threads were stopped: 0.0002063 seconds, Stopping threads took: 0.0000373 seconds
2016-08-08T11:02:43.756+0800: 230913.550: Total time for which application threads were stopped: 0.0000980 seconds, Stopping threads took: 0.0000283 seconds
2016-08-08T11:02:43.762+0800: 230913.557: Total time for which application threads were stopped: 0.0002843 seconds, Stopping threads took: 0.0000780 seconds
2016-08-08T11:02:43.775+0800: 230913.570: Total time for which application threads were stopped: 0.0001207 seconds, Stopping threads took: 0.0000337 seconds
2016-08-08T11:02:43.775+0800: 230913.570: Total time for which application threads were stopped: 0.0000714 seconds, Stopping threads took: 0.0000108 seconds
2016-08-08T11:02:43.775+0800: 230913.570: Total time for which application threads were stopped: 0.0000631 seconds, Stopping threads took: 0.0000099 seconds
2016-08-08T11:02:43.776+0800: 230913.570: Total time for which application threads were stopped: 0.0000600 seconds, Stopping threads took: 0.0000094 seconds
2016-08-08T11:02:43.776+0800: 230913.570: Total time for which application threads were stopped: 0.0000425 seconds, Stopping threads took: 0.0000076 seconds
2016-08-08T11:02:43.776+0800: 230913.570: Total time for which application threads were stopped: 0.0000404 seconds, Stopping threads took: 0.0000075 seconds
2016-08-08T11:02:43.776+0800: 230913.571: Total time for which application threads were stopped: 0.0000464 seconds, Stopping threads took: 0.0000163 seconds
2016-08-08T11:02:43.776+0800: 230913.571: Total time for which application threads were stopped: 0.0000418 seconds, Stopping threads took: 0.0000077 seconds
2016-08-08T11:02:43.777+0800: 230913.572: Total time for which application threads were stopped: 0.0001241 seconds, Stopping threads took: 0.0000129 seconds
2016-08-08T11:02:43.778+0800: 230913.573: Total time for which application threads were stopped: 0.0001090 seconds, Stopping threads took: 0.0000122 seconds
2016-08-08T11:02:43.784+0800: 230913.578: Total time for which application threads were stopped: 0.0000917 seconds, Stopping threads took: 0.0000140 seconds
2016-08-08T11:02:43.810+0800: 230913.604: Total time for which application threads were stopped: 0.0000728 seconds, Stopping threads took: 0.0000131 seconds
2016-08-08T11:02:43.816+0800: 230913.611: Total time for which application threads were stopped: 0.0000690 seconds, Stopping threads took: 0.0000118 seconds
2016-08-08T11:02:43.821+0800: 230913.616: Total time for which application threads were stopped: 0.0000756 seconds, Stopping threads took: 0.0000143 seconds
2016-08-08T11:02:43.888+0800: 230913.682: Total time for which application threads were stopped: 0.0002370 seconds, Stopping threads took: 0.0000598 seconds
2016-08-08T11:02:43.895+0800: 230913.690: Total time for which application threads were stopped: 0.0001127 seconds, Stopping threads took: 0.0000166 seconds
2016-08-08T11:02:43.899+0800: 230913.694: Total time for which application threads were stopped: 0.0001001 seconds, Stopping threads took: 0.0000151 seconds
2016-08-08T11:02:44.900+0800: 230914.694: Total time for which application threads were stopped: 0.0001317 seconds, Stopping threads took: 0.0000222 seconds
2016-08-08T14:05:10.668+0800: 235768.110: Total time for which application threads were stopped: 0.0001347 seconds, Stopping threads took: 0.0000317 seconds
2016-08-08T14:05:10.673+0800: 235768.115: Total time for which application threads were stopped: 0.0000994 seconds, Stopping threads took: 0.0000239 seconds
2016-08-08T14:05:10.714+0800: 235768.156: Total time for which application threads were stopped: 0.0001387 seconds, Stopping threads took: 0.0000487 seconds
2016-08-08T14:05:10.718+0800: 235768.160: Total time for which application threads were stopped: 0.0000785 seconds, Stopping threads took: 0.0000223 seconds
2016-08-08T14:05:10.722+0800: 235768.164: Total time for which application threads were stopped: 0.0000666 seconds, Stopping threads took: 0.0000116 seconds
2016-08-08T14:05:10.736+0800: 235768.178: Total time for which application threads were stopped: 0.0005736 seconds, Stopping threads took: 0.0004792 seconds
2016-08-08T14:05:11.737+0800: 235769.179: Total time for which application threads were stopped: 0.0006001 seconds, Stopping threads took: 0.0001269 seconds
2016-08-08T17:28:54.136+0800: 247172.983: Total time for which application threads were stopped: 0.0026914 seconds, Stopping threads took: 0.0013321 seconds
2016-08-08T17:28:54.158+0800: 247173.006: Total time for which application threads were stopped: 0.0001068 seconds, Stopping threads took: 0.0000271 seconds
2016-08-08T17:28:55.162+0800: 247174.010: Total time for which application threads were stopped: 0.0001593 seconds, Stopping threads took: 0.0000408 seconds
2016-08-08T18:43:57.704+0800: 251676.788: Total time for which application threads were stopped: 0.0002206 seconds, Stopping threads took: 0.0000361 seconds
2016-08-08T18:43:57.731+0800: 251676.815: Total time for which application threads were stopped: 0.0006597 seconds, Stopping threads took: 0.0000152 seconds
2016-08-08T18:43:58.732+0800: 251677.815: Total time for which application threads were stopped: 0.0001029 seconds, Stopping threads took: 0.0000235 seconds
2016-08-08T18:44:00.734+0800: 251679.818: Total time for which application threads were stopped: 0.0001176 seconds, Stopping threads took: 0.0000252 seconds
2016-08-08T18:44:47.817+0800: 251726.903: Total time for which application threads were stopped: 0.0001114 seconds, Stopping threads took: 0.0000355 seconds
2016-08-08T18:44:54.822+0800: 251733.909: Total time for which application threads were stopped: 0.0001477 seconds, Stopping threads took: 0.0000250 seconds
2016-08-08T18:52:35.886+0800: 252194.996: Total time for which application threads were stopped: 0.0003610 seconds, Stopping threads took: 0.0000217 seconds
2016-08-08T18:52:35.889+0800: 252195.000: Total time for which application threads were stopped: 0.0017577 seconds, Stopping threads took: 0.0016347 seconds
2016-08-08T18:52:35.889+0800: 252195.000: Total time for which application threads were stopped: 0.0001025 seconds, Stopping threads took: 0.0000370 seconds
2016-08-08T18:52:35.890+0800: 252195.000: Total time for which application threads were stopped: 0.0001222 seconds, Stopping threads took: 0.0000268 seconds
2016-08-08T18:52:35.890+0800: 252195.001: Total time for which application threads were stopped: 0.0001221 seconds, Stopping threads took: 0.0000291 seconds
2016-08-08T18:55:19.374+0800: 252358.492: Total time for which application threads were stopped: 0.0000976 seconds, Stopping threads took: 0.0000185 seconds
2016-08-08T18:55:20.377+0800: 252359.495: Total time for which application threads were stopped: 0.0001901 seconds, Stopping threads took: 0.0000324 seconds
2016-08-08T21:08:14.513+0800: 253996.063: Total time for which application threads were stopped: 0.0000957 seconds, Stopping threads took: 0.0000190 seconds
2016-08-08T21:08:14.517+0800: 253996.066: Total time for which application threads were stopped: 0.0000651 seconds, Stopping threads took: 0.0000114 seconds
2016-08-09T11:34:51.993+0800: 265384.786: Total time for which application threads were stopped: 0.0029347 seconds, Stopping threads took: 0.0002479 seconds
2016-08-09T11:34:52.003+0800: 265384.795: Total time for which application threads were stopped: 0.0001548 seconds, Stopping threads took: 0.0000209 seconds
2016-08-09T11:34:52.078+0800: 265384.871: Total time for which application threads were stopped: 0.0001244 seconds, Stopping threads took: 0.0000177 seconds
2016-08-09T11:34:52.089+0800: 265384.882: Total time for which application threads were stopped: 0.0000889 seconds, Stopping threads took: 0.0000151 seconds
2016-08-09T11:34:52.166+0800: 265384.959: Total time for which application threads were stopped: 0.0005347 seconds, Stopping threads took: 0.0000154 seconds
2016-08-09T11:34:52.173+0800: 265384.965: Total time for which application threads were stopped: 0.0000836 seconds, Stopping threads took: 0.0000244 seconds
2016-08-09T11:34:52.197+0800: 265384.990: Total time for which application threads were stopped: 0.0000941 seconds, Stopping threads took: 0.0000168 seconds
2016-08-09T11:34:52.202+0800: 265384.995: Total time for which application threads were stopped: 0.0001315 seconds, Stopping threads took: 0.0000187 seconds
2016-08-09T11:34:52.207+0800: 265384.999: Total time for which application threads were stopped: 0.0000954 seconds, Stopping threads took: 0.0000181 seconds
2016-08-09T11:34:52.262+0800: 265385.055: Total time for which application threads were stopped: 0.0001031 seconds, Stopping threads took: 0.0000201 seconds
2016-08-09T11:34:52.281+0800: 265385.074: Total time for which application threads were stopped: 0.0007795 seconds, Stopping threads took: 0.0007070 seconds
2016-08-09T11:34:52.287+0800: 265385.080: Total time for which application threads were stopped: 0.0002636 seconds, Stopping threads took: 0.0000341 seconds
2016-08-09T11:34:53.288+0800: 265386.081: Total time for which application threads were stopped: 0.0001439 seconds, Stopping threads took: 0.0000244 seconds
2016-08-09T12:48:36.415+0800: 269809.463: Total time for which application threads were stopped: 0.0000897 seconds, Stopping threads took: 0.0000168 seconds
{Heap before GC invocations=16 (full 1):
 par new generation   total 109248K, used 89658K [0x00000007a0000000, 0x00000007a8000000, 0x00000007a8000000)
  eden space 87424K, 100% used [0x00000007a0000000, 0x00000007a5560000, 0x00000007a5560000)
  from space 21824K,  10% used [0x00000007a5560000, 0x00000007a578eab8, 0x00000007a6ab0000)
  to   space 21824K,   0% used [0x00000007a6ab0000, 0x00000007a6ab0000, 0x00000007a8000000)
 concurrent mark-sweep generation total 393216K, used 26290K [0x00000007a8000000, 0x00000007c0000000, 0x00000007c0000000)
 Metaspace       used 32543K, capacity 32998K, committed 33532K, reserved 1079296K
  class space    used 3685K, capacity 3794K, committed 3836K, reserved 1048576K
2016-08-09T12:48:36.429+0800: 269809.478: [GC (Allocation Failure) 2016-08-09T12:48:36.430+0800: 269809.478: [ParNew
Desired survivor size 20112992 bytes, new threshold 8 (max 8)
- age   1:     556088 bytes,     556088 total
- age   2:     112480 bytes,     668568 total
- age   3:       5968 bytes,     674536 total
- age   4:       6120 bytes,     680656 total
- age   5:       2840 bytes,     683496 total
- age   6:      32520 bytes,     716016 total
- age   7:       1184 bytes,     717200 total
- age   8:       4288 bytes,     721488 total
: 89658K->1496K(109248K), 0.0100617 secs] 115948K->27810K(502464K), 0.0103346 secs] [Times: user=0.02 sys=0.01, real=0.02 secs] 
Heap after GC invocations=17 (full 1):
 par new generation   total 109248K, used 1496K [0x00000007a0000000, 0x00000007a8000000, 0x00000007a8000000)
  eden space 87424K,   0% used [0x00000007a0000000, 0x00000007a0000000, 0x00000007a5560000)
  from space 21824K,   6% used [0x00000007a6ab0000, 0x00000007a6c26200, 0x00000007a8000000)
  to   space 21824K,   0% used [0x00000007a5560000, 0x00000007a5560000, 0x00000007a6ab0000)
 concurrent mark-sweep generation total 393216K, used 26314K [0x00000007a8000000, 0x00000007c0000000, 0x00000007c0000000)
 Metaspace       used 32543K, capacity 32998K, committed 33532K, reserved 1079296K
  class space    used 3685K, capacity 3794K, committed 3836K, reserved 1048576K
}
2016-08-09T12:48:36.440+0800: 269809.489: Total time for which application threads were stopped: 0.0114883 seconds, Stopping threads took: 0.0000127 seconds
2016-08-09T14:53:57.487+0800: 277330.955: Total time for which application threads were stopped: 0.0000970 seconds, Stopping threads took: 0.0000183 seconds
2016-08-09T14:53:57.492+0800: 277330.960: Total time for which application threads were stopped: 0.0000911 seconds, Stopping threads took: 0.0000176 seconds
2016-08-09T14:53:57.526+0800: 277330.994: Total time for which application threads were stopped: 0.0001025 seconds, Stopping threads took: 0.0000182 seconds
2016-08-09T14:53:57.530+0800: 277330.998: Total time for which application threads were stopped: 0.0001129 seconds, Stopping threads took: 0.0000107 seconds
2016-08-09T14:53:57.534+0800: 277331.002: Total time for which application threads were stopped: 0.0000989 seconds, Stopping threads took: 0.0000185 seconds
2016-08-09T14:53:57.547+0800: 277331.015: Total time for which application threads were stopped: 0.0001640 seconds, Stopping threads took: 0.0000192 seconds
2016-08-09T14:57:01.384+0800: 277514.862: Total time for which application threads were stopped: 0.0000939 seconds, Stopping threads took: 0.0000178 seconds
2016-08-09T14:57:51.115+0800: 277564.596: Total time for which application threads were stopped: 0.0002072 seconds, Stopping threads took: 0.0000483 seconds
2016-08-09T15:07:50.356+0800: 278163.872: Total time for which application threads were stopped: 0.0001285 seconds, Stopping threads took: 0.0000349 seconds
2016-08-09T15:08:52.108+0800: 278225.627: Total time for which application threads were stopped: 0.0001313 seconds, Stopping threads took: 0.0000226 seconds
2016-08-09T15:08:53.109+0800: 278226.628: Total time for which application threads were stopped: 0.0000928 seconds, Stopping threads took: 0.0000219 seconds
2016-08-09T15:09:07.636+0800: 278241.156: Total time for which application threads were stopped: 0.0001292 seconds, Stopping threads took: 0.0000206 seconds
2016-08-09T15:10:04.504+0800: 278298.027: Total time for which application threads were stopped: 0.0001076 seconds, Stopping threads took: 0.0000292 seconds
2016-08-09T15:38:51.199+0800: 280024.820: Total time for which application threads were stopped: 0.0000985 seconds, Stopping threads took: 0.0000203 seconds
2016-08-09T15:39:26.250+0800: 280059.874: Total time for which application threads were stopped: 0.0001077 seconds, Stopping threads took: 0.0000175 seconds
2016-08-09T15:39:27.255+0800: 280060.878: Total time for which application threads were stopped: 0.0001776 seconds, Stopping threads took: 0.0000337 seconds
2016-08-09T15:41:48.010+0800: 280201.642: Total time for which application threads were stopped: 0.0001062 seconds, Stopping threads took: 0.0000190 seconds
2016-08-09T15:44:13.333+0800: 280346.972: Total time for which application threads were stopped: 0.0001049 seconds, Stopping threads took: 0.0000179 seconds
2016-08-09T15:44:52.121+0800: 280385.763: Total time for which application threads were stopped: 0.0001431 seconds, Stopping threads took: 0.0000195 seconds
2016-08-09T15:45:21.688+0800: 280415.331: Total time for which application threads were stopped: 0.0000951 seconds, Stopping threads took: 0.0000175 seconds
2016-08-09T15:45:22.692+0800: 280416.335: Total time for which application threads were stopped: 0.0001100 seconds, Stopping threads took: 0.0000254 seconds
2016-08-09T15:45:33.973+0800: 280427.617: Total time for which application threads were stopped: 0.0001336 seconds, Stopping threads took: 0.0000209 seconds
2016-08-09T15:46:32.081+0800: 280485.728: Total time for which application threads were stopped: 0.0000924 seconds, Stopping threads took: 0.0000171 seconds
2016-08-09T15:47:53.909+0800: 280567.561: Total time for which application threads were stopped: 0.0001272 seconds, Stopping threads took: 0.0000210 seconds
2016-08-09T15:48:45.856+0800: 280619.510: Total time for which application threads were stopped: 0.0001215 seconds, Stopping threads took: 0.0000201 seconds
2016-08-09T15:51:41.389+0800: 280795.053: Total time for which application threads were stopped: 0.0001419 seconds, Stopping threads took: 0.0000243 seconds
2016-08-09T15:54:34.945+0800: 280968.620: Total time for which application threads were stopped: 0.0001043 seconds, Stopping threads took: 0.0000184 seconds
2016-08-09T15:55:55.274+0800: 281048.952: Total time for which application threads were stopped: 0.0001356 seconds, Stopping threads took: 0.0000239 seconds
2016-08-09T15:55:56.274+0800: 281049.953: Total time for which application threads were stopped: 0.0001151 seconds, Stopping threads took: 0.0000352 seconds
2016-08-09T15:56:05.850+0800: 281059.530: Total time for which application threads were stopped: 0.0002106 seconds, Stopping threads took: 0.0000273 seconds
2016-08-09T15:59:51.785+0800: 281285.477: Total time for which application threads were stopped: 0.0001072 seconds, Stopping threads took: 0.0000201 seconds
2016-08-09T16:01:19.291+0800: 281372.988: Total time for which application threads were stopped: 0.0001008 seconds, Stopping threads took: 0.0000189 seconds
2016-08-09T16:11:18.975+0800: 281972.705: Total time for which application threads were stopped: 0.0001309 seconds, Stopping threads took: 0.0000207 seconds
2016-08-09T16:11:19.975+0800: 281973.706: Total time for which application threads were stopped: 0.0001208 seconds, Stopping threads took: 0.0000249 seconds
2016-08-09T16:31:01.089+0800: 283154.883: Total time for which application threads were stopped: 0.0001193 seconds, Stopping threads took: 0.0000194 seconds
2016-08-09T16:48:39.838+0800: 284213.689: Total time for which application threads were stopped: 0.0000958 seconds, Stopping threads took: 0.0000173 seconds
2016-08-09T16:48:39.911+0800: 284213.762: Total time for which application threads were stopped: 0.0000969 seconds, Stopping threads took: 0.0000177 seconds
2016-08-09T16:48:39.913+0800: 284213.765: Total time for which application threads were stopped: 0.0000816 seconds, Stopping threads took: 0.0000133 seconds
2016-08-09T16:49:55.540+0800: 284289.395: Total time for which application threads were stopped: 0.0001054 seconds, Stopping threads took: 0.0000198 seconds
2016-08-09T16:49:55.612+0800: 284289.468: Total time for which application threads were stopped: 0.0001121 seconds, Stopping threads took: 0.0000208 seconds
2016-08-09T16:49:55.615+0800: 284289.470: Total time for which application threads were stopped: 0.0000942 seconds, Stopping threads took: 0.0000242 seconds
2016-08-09T16:57:03.900+0800: 284717.779: Total time for which application threads were stopped: 0.0001426 seconds, Stopping threads took: 0.0000204 seconds
2016-08-09T16:58:02.453+0800: 284776.335: Total time for which application threads were stopped: 0.0000999 seconds, Stopping threads took: 0.0000196 seconds
2016-08-09T16:58:40.437+0800: 284814.321: Total time for which application threads were stopped: 0.0001480 seconds, Stopping threads took: 0.0000305 seconds
2016-08-09T16:58:40.452+0800: 284814.336: Total time for which application threads were stopped: 0.0001148 seconds, Stopping threads took: 0.0000282 seconds
2016-08-09T16:58:40.454+0800: 284814.338: Total time for which application threads were stopped: 0.0000906 seconds, Stopping threads took: 0.0000150 seconds
2016-08-09T16:58:41.456+0800: 284815.341: Total time for which application threads were stopped: 0.0001557 seconds, Stopping threads took: 0.0000333 seconds
2016-08-09T16:59:34.835+0800: 284868.722: Total time for which application threads were stopped: 0.0000989 seconds, Stopping threads took: 0.0000175 seconds
2016-08-09T16:59:55.708+0800: 284889.596: Total time for which application threads were stopped: 0.0000993 seconds, Stopping threads took: 0.0000184 seconds
2016-08-09T17:00:00.821+0800: 284894.709: Total time for which application threads were stopped: 0.0001137 seconds, Stopping threads took: 0.0000207 seconds
2016-08-09T17:00:07.703+0800: 284901.592: Total time for which application threads were stopped: 0.0001037 seconds, Stopping threads took: 0.0000185 seconds
2016-08-09T17:00:09.976+0800: 284903.865: Total time for which application threads were stopped: 0.0002137 seconds, Stopping threads took: 0.0000205 seconds
2016-08-09T17:00:16.809+0800: 284910.699: Total time for which application threads were stopped: 0.0000940 seconds, Stopping threads took: 0.0000180 seconds
2016-08-09T17:00:17.812+0800: 284911.701: Total time for which application threads were stopped: 0.0001397 seconds, Stopping threads took: 0.0000297 seconds
2016-08-09T17:00:19.227+0800: 284913.117: Total time for which application threads were stopped: 0.0001013 seconds, Stopping threads took: 0.0000179 seconds
2016-08-09T17:00:52.492+0800: 284946.383: Total time for which application threads were stopped: 0.0000963 seconds, Stopping threads took: 0.0000179 seconds
2016-08-09T17:00:57.943+0800: 284951.834: Total time for which application threads were stopped: 0.0001010 seconds, Stopping threads took: 0.0000187 seconds
2016-08-09T17:01:45.136+0800: 284999.030: Total time for which application threads were stopped: 0.0001094 seconds, Stopping threads took: 0.0000179 seconds
2016-08-09T17:01:46.757+0800: 285000.651: Total time for which application threads were stopped: 0.0001052 seconds, Stopping threads took: 0.0000198 seconds
2016-08-09T17:01:57.207+0800: 285011.102: Total time for which application threads were stopped: 0.0001063 seconds, Stopping threads took: 0.0000186 seconds
2016-08-09T17:01:58.210+0800: 285012.105: Total time for which application threads were stopped: 0.0001732 seconds, Stopping threads took: 0.0000250 seconds
2016-08-09T17:41:39.334+0800: 287393.359: Total time for which application threads were stopped: 0.0001076 seconds, Stopping threads took: 0.0000187 seconds
2016-08-09T17:42:04.146+0800: 287418.172: Total time for which application threads were stopped: 0.0000942 seconds, Stopping threads took: 0.0000178 seconds
2016-08-09T17:42:22.063+0800: 287436.090: Total time for which application threads were stopped: 0.0001066 seconds, Stopping threads took: 0.0000192 seconds
2016-08-09T17:59:17.164+0800: 288451.247: Total time for which application threads were stopped: 0.0000967 seconds, Stopping threads took: 0.0000173 seconds
2016-08-09T17:59:17.312+0800: 288451.395: Total time for which application threads were stopped: 0.0002198 seconds, Stopping threads took: 0.0000863 seconds
2016-08-09T17:59:17.406+0800: 288451.489: Total time for which application threads were stopped: 0.0001313 seconds, Stopping threads took: 0.0000200 seconds
2016-08-09T17:59:17.511+0800: 288451.594: Total time for which application threads were stopped: 0.0001066 seconds, Stopping threads took: 0.0000191 seconds
2016-08-09T17:59:17.514+0800: 288451.597: Total time for which application threads were stopped: 0.0013064 seconds, Stopping threads took: 0.0012197 seconds
2016-08-09T17:59:17.515+0800: 288451.597: Total time for which application threads were stopped: 0.0000816 seconds, Stopping threads took: 0.0000170 seconds
2016-08-09T17:59:17.529+0800: 288451.612: Total time for which application threads were stopped: 0.0001476 seconds, Stopping threads took: 0.0000198 seconds
2016-08-09T17:59:17.557+0800: 288451.639: Total time for which application threads were stopped: 0.0001684 seconds, Stopping threads took: 0.0000408 seconds
2016-08-09T17:59:17.557+0800: 288451.640: Total time for which application threads were stopped: 0.0001121 seconds, Stopping threads took: 0.0000492 seconds
2016-08-09T17:59:27.330+0800: 288461.413: Total time for which application threads were stopped: 0.0001339 seconds, Stopping threads took: 0.0000408 seconds
2016-08-09T17:59:27.331+0800: 288461.415: Total time for which application threads were stopped: 0.0000880 seconds, Stopping threads took: 0.0000124 seconds
2016-08-09T17:59:27.332+0800: 288461.415: Total time for which application threads were stopped: 0.0000909 seconds, Stopping threads took: 0.0000250 seconds
2016-08-09T17:59:27.358+0800: 288461.442: Total time for which application threads were stopped: 0.0002357 seconds, Stopping threads took: 0.0000435 seconds
2016-08-09T17:59:27.360+0800: 288461.443: Total time for which application threads were stopped: 0.0002105 seconds, Stopping threads took: 0.0000342 seconds
2016-08-09T17:59:28.363+0800: 288462.447: Total time for which application threads were stopped: 0.0001010 seconds, Stopping threads took: 0.0000225 seconds
2016-08-09T18:01:17.320+0800: 288571.410: Total time for which application threads were stopped: 0.0001320 seconds, Stopping threads took: 0.0000261 seconds
2016-08-09T18:01:17.325+0800: 288571.415: Total time for which application threads were stopped: 0.0001134 seconds, Stopping threads took: 0.0000230 seconds
2016-08-09T18:01:17.326+0800: 288571.415: Total time for which application threads were stopped: 0.0001037 seconds, Stopping threads took: 0.0000392 seconds
2016-08-09T18:01:17.329+0800: 288571.419: Total time for which application threads were stopped: 0.0000954 seconds, Stopping threads took: 0.0000275 seconds
2016-08-09T18:01:17.339+0800: 288571.429: Total time for which application threads were stopped: 0.0001044 seconds, Stopping threads took: 0.0000251 seconds
2016-08-09T18:01:17.340+0800: 288571.429: Total time for which application threads were stopped: 0.0000543 seconds, Stopping threads took: 0.0000157 seconds
2016-08-09T18:01:17.340+0800: 288571.429: Total time for which application threads were stopped: 0.0000516 seconds, Stopping threads took: 0.0000184 seconds
2016-08-09T18:01:17.340+0800: 288571.429: Total time for which application threads were stopped: 0.0000670 seconds, Stopping threads took: 0.0000213 seconds
2016-08-10T11:33:09.532+0800: 312748.015: Total time for which application threads were stopped: 0.0009530 seconds, Stopping threads took: 0.0002209 seconds
2016-08-10T11:33:09.545+0800: 312748.028: Total time for which application threads were stopped: 0.0003469 seconds, Stopping threads took: 0.0000798 seconds
2016-08-10T11:33:09.556+0800: 312748.040: Total time for which application threads were stopped: 0.0002202 seconds, Stopping threads took: 0.0001176 seconds
2016-08-10T11:33:09.609+0800: 312748.093: Total time for which application threads were stopped: 0.0001650 seconds, Stopping threads took: 0.0000289 seconds
2016-08-10T11:33:09.614+0800: 312748.097: Total time for which application threads were stopped: 0.0000851 seconds, Stopping threads took: 0.0000153 seconds
2016-08-10T11:38:52.158+0800: 313090.662: Total time for which application threads were stopped: 0.0000994 seconds, Stopping threads took: 0.0000165 seconds
2016-08-10T11:38:52.237+0800: 313090.741: Total time for which application threads were stopped: 0.0001270 seconds, Stopping threads took: 0.0000172 seconds
2016-08-10T11:38:52.239+0800: 313090.743: Total time for which application threads were stopped: 0.0000923 seconds, Stopping threads took: 0.0000160 seconds
2016-08-10T11:39:09.195+0800: 313107.700: Total time for which application threads were stopped: 0.0003034 seconds, Stopping threads took: 0.0000166 seconds
2016-08-10T11:39:09.303+0800: 313107.808: Total time for which application threads were stopped: 0.0001028 seconds, Stopping threads took: 0.0000183 seconds
2016-08-10T11:39:09.306+0800: 313107.811: Total time for which application threads were stopped: 0.0000881 seconds, Stopping threads took: 0.0000305 seconds
2016-08-10T12:05:34.242+0800: 314692.842: Total time for which application threads were stopped: 0.0001410 seconds, Stopping threads took: 0.0000470 seconds
2016-08-10T12:05:34.312+0800: 314692.913: Total time for which application threads were stopped: 0.0001094 seconds, Stopping threads took: 0.0000193 seconds
2016-08-10T12:05:34.317+0800: 314692.917: Total time for which application threads were stopped: 0.0019607 seconds, Stopping threads took: 0.0018806 seconds
2016-08-10T12:06:33.752+0800: 314752.356: Total time for which application threads were stopped: 0.0000999 seconds, Stopping threads took: 0.0000190 seconds
2016-08-10T12:06:33.820+0800: 314752.425: Total time for which application threads were stopped: 0.0000994 seconds, Stopping threads took: 0.0000177 seconds
2016-08-10T12:06:33.822+0800: 314752.427: Total time for which application threads were stopped: 0.0000794 seconds, Stopping threads took: 0.0000140 seconds
2016-08-10T12:07:04.352+0800: 314782.959: Total time for which application threads were stopped: 0.0001019 seconds, Stopping threads took: 0.0000209 seconds
2016-08-10T12:07:04.370+0800: 314782.976: Total time for which application threads were stopped: 0.0001028 seconds, Stopping threads took: 0.0000198 seconds
2016-08-10T12:07:04.372+0800: 314782.978: Total time for which application threads were stopped: 0.0000921 seconds, Stopping threads took: 0.0000175 seconds
2016-08-10T13:25:00.731+0800: 316409.606: Total time for which application threads were stopped: 0.0001680 seconds, Stopping threads took: 0.0000360 seconds
2016-08-10T13:25:36.234+0800: 316445.111: Total time for which application threads were stopped: 0.0000942 seconds, Stopping threads took: 0.0000171 seconds
2016-08-10T13:26:40.866+0800: 316509.747: Total time for which application threads were stopped: 0.0001139 seconds, Stopping threads took: 0.0000177 seconds
2016-08-10T13:27:50.381+0800: 316579.267: Total time for which application threads were stopped: 0.0000994 seconds, Stopping threads took: 0.0000212 seconds
2016-08-10T13:28:30.033+0800: 316618.921: Total time for which application threads were stopped: 0.0000986 seconds, Stopping threads took: 0.0000177 seconds
2016-08-10T13:36:14.275+0800: 317013.502: Total time for which application threads were stopped: 0.0001763 seconds, Stopping threads took: 0.0000379 seconds
2016-08-10T13:36:56.410+0800: 317055.639: Total time for which application threads were stopped: 0.0001427 seconds, Stopping threads took: 0.0000359 seconds
2016-08-10T13:36:57.413+0800: 317056.643: Total time for which application threads were stopped: 0.0001433 seconds, Stopping threads took: 0.0000522 seconds
2016-08-10T13:37:10.987+0800: 317070.217: Total time for which application threads were stopped: 0.0000949 seconds, Stopping threads took: 0.0000170 seconds
2016-08-10T13:37:21.837+0800: 317081.068: Total time for which application threads were stopped: 0.0001391 seconds, Stopping threads took: 0.0000332 seconds
2016-08-10T13:37:30.528+0800: 317089.759: Total time for which application threads were stopped: 0.0001164 seconds, Stopping threads took: 0.0000229 seconds
2016-08-10T13:37:33.731+0800: 317092.963: Total time for which application threads were stopped: 0.0002682 seconds, Stopping threads took: 0.0000245 seconds
2016-08-10T13:37:51.988+0800: 317111.221: Total time for which application threads were stopped: 0.0001366 seconds, Stopping threads took: 0.0000371 seconds
2016-08-10T13:38:07.606+0800: 317126.839: Total time for which application threads were stopped: 0.0001530 seconds, Stopping threads took: 0.0000199 seconds
2016-08-10T13:39:09.565+0800: 317188.802: Total time for which application threads were stopped: 0.0000952 seconds, Stopping threads took: 0.0000168 seconds
2016-08-10T13:39:15.984+0800: 317195.221: Total time for which application threads were stopped: 0.0001100 seconds, Stopping threads took: 0.0000213 seconds
2016-08-10T13:39:20.782+0800: 317200.020: Total time for which application threads were stopped: 0.0001202 seconds, Stopping threads took: 0.0000191 seconds
2016-08-10T13:39:21.786+0800: 317201.024: Total time for which application threads were stopped: 0.0001153 seconds, Stopping threads took: 0.0000262 seconds
2016-08-10T13:39:27.792+0800: 317207.030: Total time for which application threads were stopped: 0.0001006 seconds, Stopping threads took: 0.0000201 seconds
2016-08-10T13:39:27.860+0800: 317207.098: Total time for which application threads were stopped: 0.0001298 seconds, Stopping threads took: 0.0000280 seconds
2016-08-10T13:39:27.862+0800: 317207.100: Total time for which application threads were stopped: 0.0000977 seconds, Stopping threads took: 0.0000170 seconds
2016-08-10T14:44:04.891+0800: 321084.363: Total time for which application threads were stopped: 0.0001038 seconds, Stopping threads took: 0.0000191 seconds
2016-08-10T14:44:04.921+0800: 321084.393: Total time for which application threads were stopped: 0.0002352 seconds, Stopping threads took: 0.0000413 seconds
2016-08-10T14:44:04.922+0800: 321084.394: Total time for which application threads were stopped: 0.0000972 seconds, Stopping threads took: 0.0000123 seconds
2016-08-10T14:44:04.929+0800: 321084.401: Total time for which application threads were stopped: 0.0001975 seconds, Stopping threads took: 0.0000415 seconds
2016-08-10T14:44:04.929+0800: 321084.401: Total time for which application threads were stopped: 0.0001246 seconds, Stopping threads took: 0.0000248 seconds
2016-08-10T14:44:04.955+0800: 321084.427: Total time for which application threads were stopped: 0.0001989 seconds, Stopping threads took: 0.0000170 seconds
2016-08-10T14:44:04.960+0800: 321084.432: Total time for which application threads were stopped: 0.0001160 seconds, Stopping threads took: 0.0000128 seconds
2016-08-10T14:44:04.967+0800: 321084.439: Total time for which application threads were stopped: 0.0001459 seconds, Stopping threads took: 0.0000144 seconds
2016-08-10T14:44:05.011+0800: 321084.483: Total time for which application threads were stopped: 0.0001364 seconds, Stopping threads took: 0.0000255 seconds
2016-08-10T14:44:05.011+0800: 321084.483: Total time for which application threads were stopped: 0.0000723 seconds, Stopping threads took: 0.0000088 seconds
2016-08-10T14:44:05.026+0800: 321084.497: Total time for which application threads were stopped: 0.0001351 seconds, Stopping threads took: 0.0000357 seconds
2016-08-10T14:44:05.027+0800: 321084.499: Total time for which application threads were stopped: 0.0000629 seconds, Stopping threads took: 0.0000113 seconds
2016-08-10T14:44:05.028+0800: 321084.500: Total time for which application threads were stopped: 0.0000526 seconds, Stopping threads took: 0.0000091 seconds
2016-08-10T14:44:05.028+0800: 321084.500: Total time for which application threads were stopped: 0.0000767 seconds, Stopping threads took: 0.0000129 seconds
2016-08-10T14:44:05.029+0800: 321084.500: Total time for which application threads were stopped: 0.0000593 seconds, Stopping threads took: 0.0000106 seconds
2016-08-10T14:44:05.029+0800: 321084.501: Total time for which application threads were stopped: 0.0000667 seconds, Stopping threads took: 0.0000238 seconds
2016-08-10T14:44:05.029+0800: 321084.501: Total time for which application threads were stopped: 0.0000501 seconds, Stopping threads took: 0.0000091 seconds
2016-08-10T14:44:05.030+0800: 321084.502: Total time for which application threads were stopped: 0.0000536 seconds, Stopping threads took: 0.0000082 seconds
2016-08-10T14:44:05.030+0800: 321084.502: Total time for which application threads were stopped: 0.0000650 seconds, Stopping threads took: 0.0000100 seconds
2016-08-10T14:44:05.031+0800: 321084.503: Total time for which application threads were stopped: 0.0000671 seconds, Stopping threads took: 0.0000275 seconds
2016-08-10T14:44:05.033+0800: 321084.505: Total time for which application threads were stopped: 0.0000561 seconds, Stopping threads took: 0.0000105 seconds
2016-08-10T14:44:05.033+0800: 321084.505: Total time for which application threads were stopped: 0.0000523 seconds, Stopping threads took: 0.0000091 seconds
2016-08-10T14:44:05.033+0800: 321084.505: Total time for which application threads were stopped: 0.0001504 seconds, Stopping threads took: 0.0000108 seconds
2016-08-10T14:44:05.056+0800: 321084.528: Total time for which application threads were stopped: 0.0001517 seconds, Stopping threads took: 0.0000340 seconds
2016-08-10T14:44:05.095+0800: 321084.567: Total time for which application threads were stopped: 0.0001299 seconds, Stopping threads took: 0.0000161 seconds
2016-08-10T14:44:05.095+0800: 321084.567: Total time for which application threads were stopped: 0.0000718 seconds, Stopping threads took: 0.0000110 seconds
2016-08-10T14:44:05.095+0800: 321084.567: Total time for which application threads were stopped: 0.0000743 seconds, Stopping threads took: 0.0000126 seconds
2016-08-10T14:44:05.095+0800: 321084.567: Total time for which application threads were stopped: 0.0000513 seconds, Stopping threads took: 0.0000086 seconds
2016-08-10T14:44:05.096+0800: 321084.567: Total time for which application threads were stopped: 0.0000730 seconds, Stopping threads took: 0.0000074 seconds
2016-08-10T14:44:05.096+0800: 321084.568: Total time for which application threads were stopped: 0.0000780 seconds, Stopping threads took: 0.0000350 seconds
2016-08-10T14:44:05.096+0800: 321084.568: Total time for which application threads were stopped: 0.0000392 seconds, Stopping threads took: 0.0000072 seconds
2016-08-10T14:44:05.096+0800: 321084.568: Total time for which application threads were stopped: 0.0000368 seconds, Stopping threads took: 0.0000061 seconds
2016-08-10T14:44:05.104+0800: 321084.576: Total time for which application threads were stopped: 0.0000701 seconds, Stopping threads took: 0.0000123 seconds
2016-08-10T14:44:05.105+0800: 321084.577: Total time for which application threads were stopped: 0.0000507 seconds, Stopping threads took: 0.0000069 seconds
2016-08-10T14:44:05.108+0800: 321084.580: Total time for which application threads were stopped: 0.0000671 seconds, Stopping threads took: 0.0000115 seconds
2016-08-10T14:44:05.120+0800: 321084.591: Total time for which application threads were stopped: 0.0001385 seconds, Stopping threads took: 0.0000199 seconds
2016-08-10T14:44:05.302+0800: 321084.774: Total time for which application threads were stopped: 0.0001147 seconds, Stopping threads took: 0.0000207 seconds
2016-08-10T14:44:05.377+0800: 321084.849: Total time for which application threads were stopped: 0.0001294 seconds, Stopping threads took: 0.0000211 seconds
2016-08-10T14:44:05.384+0800: 321084.856: Total time for which application threads were stopped: 0.0001116 seconds, Stopping threads took: 0.0000257 seconds
2016-08-10T14:44:05.384+0800: 321084.856: Total time for which application threads were stopped: 0.0000657 seconds, Stopping threads took: 0.0000106 seconds
2016-08-10T14:44:05.389+0800: 321084.861: Total time for which application threads were stopped: 0.0000822 seconds, Stopping threads took: 0.0000126 seconds
2016-08-10T14:44:05.389+0800: 321084.861: Total time for which application threads were stopped: 0.0001171 seconds, Stopping threads took: 0.0000238 seconds
2016-08-10T14:44:05.403+0800: 321084.875: Total time for which application threads were stopped: 0.0001501 seconds, Stopping threads took: 0.0000256 seconds
2016-08-10T14:44:05.428+0800: 321084.900: Total time for which application threads were stopped: 0.0001044 seconds, Stopping threads took: 0.0000188 seconds
2016-08-10T14:44:05.433+0800: 321084.905: Total time for which application threads were stopped: 0.0001213 seconds, Stopping threads took: 0.0000340 seconds
2016-08-10T14:44:05.437+0800: 321084.909: Total time for which application threads were stopped: 0.0000755 seconds, Stopping threads took: 0.0000195 seconds
2016-08-10T14:44:05.521+0800: 321084.993: Total time for which application threads were stopped: 0.0001120 seconds, Stopping threads took: 0.0000181 seconds
2016-08-10T14:44:05.527+0800: 321084.999: Total time for which application threads were stopped: 0.0001299 seconds, Stopping threads took: 0.0000263 seconds
2016-08-10T14:44:05.538+0800: 321085.010: Total time for which application threads were stopped: 0.0000997 seconds, Stopping threads took: 0.0000120 seconds
2016-08-10T14:44:05.539+0800: 321085.011: Total time for which application threads were stopped: 0.0001023 seconds, Stopping threads took: 0.0000103 seconds
2016-08-10T14:44:05.539+0800: 321085.011: Total time for which application threads were stopped: 0.0001100 seconds, Stopping threads took: 0.0000354 seconds
2016-08-10T14:44:05.539+0800: 321085.011: Total time for which application threads were stopped: 0.0001218 seconds, Stopping threads took: 0.0000628 seconds
2016-08-10T14:44:05.557+0800: 321085.029: Total time for which application threads were stopped: 0.0001414 seconds, Stopping threads took: 0.0000149 seconds
2016-08-10T14:44:05.561+0800: 321085.033: Total time for which application threads were stopped: 0.0000703 seconds, Stopping threads took: 0.0000109 seconds
2016-08-10T14:44:05.595+0800: 321085.067: Total time for which application threads were stopped: 0.0000902 seconds, Stopping threads took: 0.0000236 seconds
2016-08-10T14:44:15.316+0800: 321094.788: Total time for which application threads were stopped: 0.0001095 seconds, Stopping threads took: 0.0000238 seconds
2016-08-10T14:44:15.316+0800: 321094.789: Total time for which application threads were stopped: 0.0000699 seconds, Stopping threads took: 0.0000210 seconds
2016-08-10T14:44:15.316+0800: 321094.789: Total time for which application threads were stopped: 0.0000460 seconds, Stopping threads took: 0.0000080 seconds
{Heap before GC invocations=17 (full 1):
 par new generation   total 109248K, used 88920K [0x00000007a0000000, 0x00000007a8000000, 0x00000007a8000000)
  eden space 87424K, 100% used [0x00000007a0000000, 0x00000007a5560000, 0x00000007a5560000)
  from space 21824K,   6% used [0x00000007a6ab0000, 0x00000007a6c26200, 0x00000007a8000000)
  to   space 21824K,   0% used [0x00000007a5560000, 0x00000007a5560000, 0x00000007a6ab0000)
 concurrent mark-sweep generation total 393216K, used 26314K [0x00000007a8000000, 0x00000007c0000000, 0x00000007c0000000)
 Metaspace       used 32931K, capacity 33326K, committed 33788K, reserved 1079296K
  class space    used 3685K, capacity 3794K, committed 3836K, reserved 1048576K
2016-08-10T14:44:15.337+0800: 321094.809: [GC (Allocation Failure) 2016-08-10T14:44:15.337+0800: 321094.809: [ParNew
Desired survivor size 20112992 bytes, new threshold 8 (max 8)
- age   1:    1720168 bytes,    1720168 total
- age   2:      47048 bytes,    1767216 total
- age   3:     110968 bytes,    1878184 total
- age   4:       2480 bytes,    1880664 total
- age   5:       6120 bytes,    1886784 total
- age   6:       2840 bytes,    1889624 total
- age   7:      22520 bytes,    1912144 total
- age   8:       1184 bytes,    1913328 total
: 88920K->2216K(109248K), 0.0110276 secs] 115234K->28535K(502464K), 0.0111296 secs] [Times: user=0.01 sys=0.02, real=0.01 secs] 
Heap after GC invocations=18 (full 1):
 par new generation   total 109248K, used 2216K [0x00000007a0000000, 0x00000007a8000000, 0x00000007a8000000)
  eden space 87424K,   0% used [0x00000007a0000000, 0x00000007a0000000, 0x00000007a5560000)
  from space 21824K,  10% used [0x00000007a5560000, 0x00000007a578a3d0, 0x00000007a6ab0000)
  to   space 21824K,   0% used [0x00000007a6ab0000, 0x00000007a6ab0000, 0x00000007a8000000)
 concurrent mark-sweep generation total 393216K, used 26318K [0x00000007a8000000, 0x00000007c0000000, 0x00000007c0000000)
 Metaspace       used 32931K, capacity 33326K, committed 33788K, reserved 1079296K
  class space    used 3685K, capacity 3794K, committed 3836K, reserved 1048576K
}
2016-08-10T14:44:15.348+0800: 321094.820: Total time for which application threads were stopped: 0.0143596 seconds, Stopping threads took: 0.0000203 seconds
2016-08-10T14:44:15.349+0800: 321094.822: Total time for which application threads were stopped: 0.0001173 seconds, Stopping threads took: 0.0000318 seconds
2016-08-10T14:44:15.354+0800: 321094.827: Total time for which application threads were stopped: 0.0001709 seconds, Stopping threads took: 0.0000115 seconds
2016-08-10T14:44:16.355+0800: 321095.827: Total time for which application threads were stopped: 0.0001111 seconds, Stopping threads took: 0.0000248 seconds
2016-08-10T14:45:05.389+0800: 321144.864: Total time for which application threads were stopped: 0.0001173 seconds, Stopping threads took: 0.0000251 seconds
2016-08-10T14:46:05.309+0800: 321204.788: Total time for which application threads were stopped: 0.0000931 seconds, Stopping threads took: 0.0000183 seconds
2016-08-10T14:46:05.312+0800: 321204.792: Total time for which application threads were stopped: 0.0001021 seconds, Stopping threads took: 0.0000122 seconds
2016-08-10T14:46:05.315+0800: 321204.794: Total time for which application threads were stopped: 0.0000995 seconds, Stopping threads took: 0.0000185 seconds
2016-08-10T14:46:05.315+0800: 321204.794: Total time for which application threads were stopped: 0.0000504 seconds, Stopping threads took: 0.0000081 seconds
2016-08-10T14:46:05.317+0800: 321204.796: Total time for which application threads were stopped: 0.0001172 seconds, Stopping threads took: 0.0000462 seconds
2016-08-10T14:46:05.327+0800: 321204.806: Total time for which application threads were stopped: 0.0002427 seconds, Stopping threads took: 0.0000197 seconds
2016-08-10T17:08:03.053+0800: 329723.013: Total time for which application threads were stopped: 0.0001234 seconds, Stopping threads took: 0.0000212 seconds
2016-08-10T17:08:03.055+0800: 329723.015: Total time for which application threads were stopped: 0.0000771 seconds, Stopping threads took: 0.0000123 seconds
2016-08-10T17:08:03.067+0800: 329723.027: Total time for which application threads were stopped: 0.0001455 seconds, Stopping threads took: 0.0000204 seconds
2016-08-10T17:08:04.072+0800: 329724.032: Total time for which application threads were stopped: 0.0001272 seconds, Stopping threads took: 0.0000243 seconds
2016-08-10T17:09:03.439+0800: 329783.402: Total time for which application threads were stopped: 0.0001322 seconds, Stopping threads took: 0.0000202 seconds
2016-08-10T17:09:03.442+0800: 329783.405: Total time for which application threads were stopped: 0.0001314 seconds, Stopping threads took: 0.0000324 seconds
2016-08-10T17:09:03.442+0800: 329783.405: Total time for which application threads were stopped: 0.0000886 seconds, Stopping threads took: 0.0000288 seconds
2016-08-10T17:09:03.443+0800: 329783.406: Total time for which application threads were stopped: 0.0000994 seconds, Stopping threads took: 0.0000291 seconds
2016-08-10T17:09:03.443+0800: 329783.406: Total time for which application threads were stopped: 0.0000820 seconds, Stopping threads took: 0.0000113 seconds
2016-08-10T17:09:03.443+0800: 329783.406: Total time for which application threads were stopped: 0.0000786 seconds, Stopping threads took: 0.0000113 seconds
2016-08-10T17:09:03.443+0800: 329783.406: Total time for which application threads were stopped: 0.0000871 seconds, Stopping threads took: 0.0000271 seconds
2016-08-10T17:09:21.266+0800: 329801.230: Total time for which application threads were stopped: 0.0001027 seconds, Stopping threads took: 0.0000205 seconds
2016-08-10T17:09:22.270+0800: 329802.234: Total time for which application threads were stopped: 0.0001062 seconds, Stopping threads took: 0.0000250 seconds
2016-08-10T17:09:36.974+0800: 329816.939: Total time for which application threads were stopped: 0.0000999 seconds, Stopping threads took: 0.0000188 seconds
2016-08-10T17:09:37.271+0800: 329817.236: Total time for which application threads were stopped: 0.0001101 seconds, Stopping threads took: 0.0000230 seconds
2016-08-10T17:09:38.272+0800: 329818.237: Total time for which application threads were stopped: 0.0001454 seconds, Stopping threads took: 0.0000543 seconds
2016-08-10T17:09:45.842+0800: 329825.808: Total time for which application threads were stopped: 0.0001051 seconds, Stopping threads took: 0.0000184 seconds
2016-08-10T17:09:45.842+0800: 329825.808: Total time for which application threads were stopped: 0.0000407 seconds, Stopping threads took: 0.0000059 seconds
2016-08-10T17:09:45.843+0800: 329825.808: Total time for which application threads were stopped: 0.0000737 seconds, Stopping threads took: 0.0000200 seconds
2016-08-10T17:09:45.843+0800: 329825.808: Total time for which application threads were stopped: 0.0000624 seconds, Stopping threads took: 0.0000146 seconds
2016-08-10T17:10:28.693+0800: 329868.661: Total time for which application threads were stopped: 0.0001035 seconds, Stopping threads took: 0.0000183 seconds
2016-08-10T17:10:29.694+0800: 329869.662: Total time for which application threads were stopped: 0.0001996 seconds, Stopping threads took: 0.0000700 seconds
2016-08-10T17:12:12.970+0800: 329972.944: Total time for which application threads were stopped: 0.0001093 seconds, Stopping threads took: 0.0000193 seconds
2016-08-10T17:24:51.560+0800: 330731.576: Total time for which application threads were stopped: 0.0001137 seconds, Stopping threads took: 0.0000214 seconds
2016-08-10T17:24:51.563+0800: 330731.579: Total time for which application threads were stopped: 0.0001402 seconds, Stopping threads took: 0.0000152 seconds
2016-08-10T17:25:20.534+0800: 330760.368: Total time for which application threads were stopped: 0.0002161 seconds, Stopping threads took: 0.0000240 seconds
2016-08-10T17:26:07.650+0800: 330807.487: Total time for which application threads were stopped: 0.0001867 seconds, Stopping threads took: 0.0000787 seconds
2016-08-10T17:44:28.172+0800: 331908.077: Total time for which application threads were stopped: 0.0001329 seconds, Stopping threads took: 0.0000211 seconds
2016-08-10T17:44:28.177+0800: 331908.082: Total time for which application threads were stopped: 0.0000667 seconds, Stopping threads took: 0.0000114 seconds
2016-08-10T17:44:28.213+0800: 331908.118: Total time for which application threads were stopped: 0.0000972 seconds, Stopping threads took: 0.0000171 seconds
2016-08-10T17:44:28.308+0800: 331908.213: Total time for which application threads were stopped: 0.0001041 seconds, Stopping threads took: 0.0000204 seconds
2016-08-10T17:44:28.342+0800: 331908.247: Total time for which application threads were stopped: 0.0001310 seconds, Stopping threads took: 0.0000196 seconds
2016-08-10T17:44:28.346+0800: 331908.251: Total time for which application threads were stopped: 0.0001519 seconds, Stopping threads took: 0.0000185 seconds
2016-08-10T17:44:28.361+0800: 331908.266: Total time for which application threads were stopped: 0.0001464 seconds, Stopping threads took: 0.0000318 seconds
2016-08-10T17:44:28.431+0800: 331908.336: Total time for which application threads were stopped: 0.0001164 seconds, Stopping threads took: 0.0000196 seconds
2016-08-10T17:44:28.432+0800: 331908.338: Total time for which application threads were stopped: 0.0001235 seconds, Stopping threads took: 0.0000221 seconds
2016-08-10T17:44:28.435+0800: 331908.340: Total time for which application threads were stopped: 0.0001155 seconds, Stopping threads took: 0.0000133 seconds
2016-08-10T17:44:28.436+0800: 331908.341: Total time for which application threads were stopped: 0.0000601 seconds, Stopping threads took: 0.0000093 seconds
2016-08-10T17:44:28.436+0800: 331908.341: Total time for which application threads were stopped: 0.0000404 seconds, Stopping threads took: 0.0000059 seconds
2016-08-10T17:44:38.316+0800: 331918.221: Total time for which application threads were stopped: 0.0001018 seconds, Stopping threads took: 0.0000207 seconds
2016-08-10T17:44:38.316+0800: 331918.222: Total time for which application threads were stopped: 0.0000425 seconds, Stopping threads took: 0.0000066 seconds
2016-08-10T17:44:38.316+0800: 331918.222: Total time for which application threads were stopped: 0.0000386 seconds, Stopping threads took: 0.0000058 seconds
2016-08-10T17:44:38.317+0800: 331918.222: Total time for which application threads were stopped: 0.0000458 seconds, Stopping threads took: 0.0000089 seconds
{Heap before GC invocations=18 (full 1):
 par new generation   total 109248K, used 89640K [0x00000007a0000000, 0x00000007a8000000, 0x00000007a8000000)
  eden space 87424K, 100% used [0x00000007a0000000, 0x00000007a5560000, 0x00000007a5560000)
  from space 21824K,  10% used [0x00000007a5560000, 0x00000007a578a3d0, 0x00000007a6ab0000)
  to   space 21824K,   0% used [0x00000007a6ab0000, 0x00000007a6ab0000, 0x00000007a8000000)
 concurrent mark-sweep generation total 393216K, used 26318K [0x00000007a8000000, 0x00000007c0000000, 0x00000007c0000000)
 Metaspace       used 32997K, capacity 33330K, committed 33788K, reserved 1079296K
  class space    used 3688K, capacity 3794K, committed 3836K, reserved 1048576K
2016-08-10T17:44:38.321+0800: 331918.227: [GC (Allocation Failure) 2016-08-10T17:44:38.321+0800: 331918.227: [ParNew
Desired survivor size 20112992 bytes, new threshold 8 (max 8)
- age   1:    1852592 bytes,    1852592 total
- age   2:     441840 bytes,    2294432 total
- age   3:      26712 bytes,    2321144 total
- age   4:      87912 bytes,    2409056 total
- age   5:       2480 bytes,    2411536 total
- age   6:       6120 bytes,    2417656 total
- age   7:       2680 bytes,    2420336 total
- age   8:      22392 bytes,    2442728 total
: 89640K->2846K(109248K), 0.0066442 secs] 115959K->29166K(502464K), 0.0067266 secs] [Times: user=0.01 sys=0.01, real=0.00 secs] 
Heap after GC invocations=19 (full 1):
 par new generation   total 109248K, used 2846K [0x00000007a0000000, 0x00000007a8000000, 0x00000007a8000000)
  eden space 87424K,   0% used [0x00000007a0000000, 0x00000007a0000000, 0x00000007a5560000)
  from space 21824K,  13% used [0x00000007a6ab0000, 0x00000007a6d77ba0, 0x00000007a8000000)
  to   space 21824K,   0% used [0x00000007a5560000, 0x00000007a5560000, 0x00000007a6ab0000)
 concurrent mark-sweep generation total 393216K, used 26319K [0x00000007a8000000, 0x00000007c0000000, 0x00000007c0000000)
 Metaspace       used 32997K, capacity 33330K, committed 33788K, reserved 1079296K
  class space    used 3688K, capacity 3794K, committed 3836K, reserved 1048576K
}
2016-08-10T17:44:38.328+0800: 331918.233: Total time for which application threads were stopped: 0.0069569 seconds, Stopping threads took: 0.0000190 seconds
2016-08-10T17:44:38.328+0800: 331918.234: Total time for which application threads were stopped: 0.0002084 seconds, Stopping threads took: 0.0000562 seconds
2016-08-10T17:44:38.334+0800: 331918.240: Total time for which application threads were stopped: 0.0000889 seconds, Stopping threads took: 0.0000275 seconds
2016-08-10T17:44:38.335+0800: 331918.240: Total time for which application threads were stopped: 0.0000957 seconds, Stopping threads took: 0.0000184 seconds
2016-08-10T17:44:38.335+0800: 331918.241: Total time for which application threads were stopped: 0.0000633 seconds, Stopping threads took: 0.0000171 seconds
2016-08-10T17:44:39.337+0800: 331919.242: Total time for which application threads were stopped: 0.0001491 seconds, Stopping threads took: 0.0000390 seconds
2016-08-10T17:46:28.312+0800: 332028.225: Total time for which application threads were stopped: 0.0035681 seconds, Stopping threads took: 0.0034140 seconds
2016-08-10T17:46:28.314+0800: 332028.226: Total time for which application threads were stopped: 0.0000951 seconds, Stopping threads took: 0.0000195 seconds
2016-08-10T17:46:28.314+0800: 332028.227: Total time for which application threads were stopped: 0.0000767 seconds, Stopping threads took: 0.0000262 seconds
2016-08-10T17:46:28.315+0800: 332028.227: Total time for which application threads were stopped: 0.0000792 seconds, Stopping threads took: 0.0000097 seconds
2016-08-10T17:46:28.315+0800: 332028.228: Total time for which application threads were stopped: 0.0000432 seconds, Stopping threads took: 0.0000067 seconds
2016-08-10T17:46:28.316+0800: 332028.229: Total time for which application threads were stopped: 0.0000458 seconds, Stopping threads took: 0.0000078 seconds
2016-08-10T17:46:28.318+0800: 332028.231: Total time for which application threads were stopped: 0.0000545 seconds, Stopping threads took: 0.0000089 seconds
2016-08-10T17:46:28.324+0800: 332028.237: Total time for which application threads were stopped: 0.0000878 seconds, Stopping threads took: 0.0000242 seconds
2016-08-10T17:46:28.324+0800: 332028.237: Total time for which application threads were stopped: 0.0000579 seconds, Stopping threads took: 0.0000113 seconds
2016-08-10T17:46:28.324+0800: 332028.237: Total time for which application threads were stopped: 0.0000627 seconds, Stopping threads took: 0.0000216 seconds
2016-08-10T17:46:28.325+0800: 332028.237: Total time for which application threads were stopped: 0.0000898 seconds, Stopping threads took: 0.0000083 seconds
2016-08-10T17:46:28.325+0800: 332028.237: Total time for which application threads were stopped: 0.0001044 seconds, Stopping threads took: 0.0000649 seconds
2016-08-10T17:46:28.325+0800: 332028.237: Total time for which application threads were stopped: 0.0000700 seconds, Stopping threads took: 0.0000265 seconds
2016-08-10T17:46:28.325+0800: 332028.237: Total time for which application threads were stopped: 0.0000671 seconds, Stopping threads took: 0.0000333 seconds
2016-08-10T18:15:17.096+0800: 333757.114: Total time for which application threads were stopped: 0.0001013 seconds, Stopping threads took: 0.0000191 seconds
2016-08-10T18:15:17.096+0800: 333757.114: Total time for which application threads were stopped: 0.0000709 seconds, Stopping threads took: 0.0000110 seconds
2016-08-10T18:15:17.167+0800: 333757.185: Total time for which application threads were stopped: 0.0001233 seconds, Stopping threads took: 0.0000200 seconds
2016-08-10T18:15:17.169+0800: 333757.187: Total time for which application threads were stopped: 0.0000914 seconds, Stopping threads took: 0.0000156 seconds
2016-08-11T11:44:54.860+0800: 346641.494: Total time for which application threads were stopped: 0.0038212 seconds, Stopping threads took: 0.0003368 seconds
2016-08-11T11:44:54.902+0800: 346641.536: Total time for which application threads were stopped: 0.0000939 seconds, Stopping threads took: 0.0000152 seconds
2016-08-11T11:44:54.984+0800: 346641.618: Total time for which application threads were stopped: 0.0010377 seconds, Stopping threads took: 0.0000172 seconds
2016-08-11T11:44:55.049+0800: 346641.684: Total time for which application threads were stopped: 0.0002065 seconds, Stopping threads took: 0.0000198 seconds
2016-08-11T11:44:55.096+0800: 346641.730: Total time for which application threads were stopped: 0.0001658 seconds, Stopping threads took: 0.0000525 seconds
2016-08-11T11:44:55.170+0800: 346641.805: Total time for which application threads were stopped: 0.0004119 seconds, Stopping threads took: 0.0003221 seconds
2016-08-11T11:44:55.174+0800: 346641.809: Total time for which application threads were stopped: 0.0004630 seconds, Stopping threads took: 0.0003381 seconds
2016-08-11T11:44:55.174+0800: 346641.809: Total time for which application threads were stopped: 0.0001346 seconds, Stopping threads took: 0.0000104 seconds
2016-08-11T11:44:55.175+0800: 346641.809: Total time for which application threads were stopped: 0.0001059 seconds, Stopping threads took: 0.0000102 seconds
2016-08-11T11:45:05.071+0800: 346651.706: Total time for which application threads were stopped: 0.0001569 seconds, Stopping threads took: 0.0000197 seconds
2016-08-11T11:45:05.073+0800: 346651.708: Total time for which application threads were stopped: 0.0019229 seconds, Stopping threads took: 0.0018266 seconds
2016-08-11T11:45:05.073+0800: 346651.709: Total time for which application threads were stopped: 0.0000566 seconds, Stopping threads took: 0.0000170 seconds
2016-08-11T11:45:05.074+0800: 346651.709: Total time for which application threads were stopped: 0.0000580 seconds, Stopping threads took: 0.0000111 seconds
2016-08-11T11:45:05.074+0800: 346651.710: Total time for which application threads were stopped: 0.0000616 seconds, Stopping threads took: 0.0000153 seconds
2016-08-11T11:45:05.093+0800: 346651.728: Total time for which application threads were stopped: 0.0006939 seconds, Stopping threads took: 0.0000372 seconds
2016-08-11T11:45:05.094+0800: 346651.729: Total time for which application threads were stopped: 0.0001278 seconds, Stopping threads took: 0.0000349 seconds
2016-08-11T11:45:05.100+0800: 346651.735: Total time for which application threads were stopped: 0.0012521 seconds, Stopping threads took: 0.0000494 seconds
2016-08-11T11:45:05.102+0800: 346651.738: Total time for which application threads were stopped: 0.0007688 seconds, Stopping threads took: 0.0000366 seconds
2016-08-11T11:45:05.129+0800: 346651.764: Total time for which application threads were stopped: 0.0008716 seconds, Stopping threads took: 0.0006891 seconds
2016-08-11T11:45:05.129+0800: 346651.764: Total time for which application threads were stopped: 0.0001258 seconds, Stopping threads took: 0.0000652 seconds
2016-08-11T11:45:05.129+0800: 346651.764: Total time for which application threads were stopped: 0.0000779 seconds, Stopping threads took: 0.0000265 seconds
2016-08-11T11:45:05.129+0800: 346651.764: Total time for which application threads were stopped: 0.0000936 seconds, Stopping threads took: 0.0000302 seconds
2016-08-11T11:45:05.129+0800: 346651.764: Total time for which application threads were stopped: 0.0000834 seconds, Stopping threads took: 0.0000283 seconds
2016-08-11T11:45:05.130+0800: 346651.765: Total time for which application threads were stopped: 0.0003748 seconds, Stopping threads took: 0.0002563 seconds
2016-08-11T11:45:05.130+0800: 346651.765: Total time for which application threads were stopped: 0.0001359 seconds, Stopping threads took: 0.0000751 seconds
2016-08-11T11:45:05.172+0800: 346651.807: Total time for which application threads were stopped: 0.0001357 seconds, Stopping threads took: 0.0000256 seconds
2016-08-11T11:45:05.172+0800: 346651.807: Total time for which application threads were stopped: 0.0000466 seconds, Stopping threads took: 0.0000087 seconds
2016-08-11T11:45:05.172+0800: 346651.808: Total time for which application threads were stopped: 0.0000438 seconds, Stopping threads took: 0.0000062 seconds
2016-08-11T11:45:05.185+0800: 346651.820: Total time for which application threads were stopped: 0.0001243 seconds, Stopping threads took: 0.0000430 seconds
2016-08-11T11:45:05.185+0800: 346651.820: Total time for which application threads were stopped: 0.0001575 seconds, Stopping threads took: 0.0000123 seconds
2016-08-11T11:45:24.078+0800: 346670.714: Total time for which application threads were stopped: 0.0001055 seconds, Stopping threads took: 0.0000160 seconds
2016-08-11T11:45:24.079+0800: 346670.716: Total time for which application threads were stopped: 0.0001142 seconds, Stopping threads took: 0.0000137 seconds
2016-08-11T11:45:25.080+0800: 346671.716: Total time for which application threads were stopped: 0.0001118 seconds, Stopping threads took: 0.0000319 seconds
2016-08-11T11:46:55.065+0800: 346761.707: Total time for which application threads were stopped: 0.0000943 seconds, Stopping threads took: 0.0000212 seconds
2016-08-11T11:46:55.065+0800: 346761.707: Total time for which application threads were stopped: 0.0000398 seconds, Stopping threads took: 0.0000067 seconds
2016-08-11T11:46:55.066+0800: 346761.708: Total time for which application threads were stopped: 0.0000419 seconds, Stopping threads took: 0.0000085 seconds
2016-08-11T11:46:55.066+0800: 346761.708: Total time for which application threads were stopped: 0.0000415 seconds, Stopping threads took: 0.0000080 seconds
2016-08-11T11:46:55.067+0800: 346761.709: Total time for which application threads were stopped: 0.0001280 seconds, Stopping threads took: 0.0000440 seconds
2016-08-11T11:46:55.067+0800: 346761.709: Total time for which application threads were stopped: 0.0000609 seconds, Stopping threads took: 0.0000114 seconds
2016-08-11T11:46:55.068+0800: 346761.710: Total time for which application threads were stopped: 0.0001145 seconds, Stopping threads took: 0.0000360 seconds
2016-08-11T11:46:55.068+0800: 346761.710: Total time for which application threads were stopped: 0.0000569 seconds, Stopping threads took: 0.0000107 seconds
2016-08-11T11:46:55.069+0800: 346761.711: Total time for which application threads were stopped: 0.0000454 seconds, Stopping threads took: 0.0000087 seconds
2016-08-11T11:46:55.069+0800: 346761.711: Total time for which application threads were stopped: 0.0000459 seconds, Stopping threads took: 0.0000100 seconds
2016-08-11T11:46:55.069+0800: 346761.711: Total time for which application threads were stopped: 0.0000404 seconds, Stopping threads took: 0.0000071 seconds
2016-08-11T11:46:55.070+0800: 346761.712: Total time for which application threads were stopped: 0.0000447 seconds, Stopping threads took: 0.0000083 seconds
2016-08-11T11:46:55.125+0800: 346761.767: Total time for which application threads were stopped: 0.0002078 seconds, Stopping threads took: 0.0000823 seconds
2016-08-11T11:46:55.125+0800: 346761.767: Total time for which application threads were stopped: 0.0000942 seconds, Stopping threads took: 0.0000273 seconds
2016-08-11T11:46:55.126+0800: 346761.768: Total time for which application threads were stopped: 0.0000559 seconds, Stopping threads took: 0.0000095 seconds
2016-08-11T11:46:56.126+0800: 346762.768: Total time for which application threads were stopped: 0.0001143 seconds, Stopping threads took: 0.0000350 seconds
2016-08-11T12:04:02.026+0800: 347788.729: Total time for which application threads were stopped: 0.0001304 seconds, Stopping threads took: 0.0000222 seconds
2016-08-11T12:04:02.027+0800: 347788.730: Total time for which application threads were stopped: 0.0001475 seconds, Stopping threads took: 0.0000160 seconds
2016-08-11T12:04:03.030+0800: 347789.733: Total time for which application threads were stopped: 0.0001012 seconds, Stopping threads took: 0.0000220 seconds
2016-08-11T12:04:09.653+0800: 347796.356: Total time for which application threads were stopped: 0.0001527 seconds, Stopping threads took: 0.0000239 seconds
2016-08-11T12:04:09.657+0800: 347796.361: Total time for which application threads were stopped: 0.0001121 seconds, Stopping threads took: 0.0000194 seconds
2016-08-11T12:04:09.658+0800: 347796.361: Total time for which application threads were stopped: 0.0000816 seconds, Stopping threads took: 0.0000138 seconds
2016-08-11T12:04:09.658+0800: 347796.361: Total time for which application threads were stopped: 0.0000829 seconds, Stopping threads took: 0.0000108 seconds
2016-08-11T12:04:09.658+0800: 347796.361: Total time for which application threads were stopped: 0.0001272 seconds, Stopping threads took: 0.0000121 seconds
2016-08-11T12:04:09.658+0800: 347796.362: Total time for which application threads were stopped: 0.0000705 seconds, Stopping threads took: 0.0000116 seconds
2016-08-11T12:04:10.659+0800: 347797.362: Total time for which application threads were stopped: 0.0000967 seconds, Stopping threads took: 0.0000229 seconds
2016-08-11T12:05:15.744+0800: 347862.452: Total time for which application threads were stopped: 0.0001417 seconds, Stopping threads took: 0.0000231 seconds
2016-08-11T14:45:19.076+0800: 351250.127: Total time for which application threads were stopped: 0.0001477 seconds, Stopping threads took: 0.0000473 seconds
2016-08-11T14:45:19.077+0800: 351250.128: Total time for which application threads were stopped: 0.0000925 seconds, Stopping threads took: 0.0000228 seconds
2016-08-11T14:45:19.124+0800: 351250.175: Total time for which application threads were stopped: 0.0001253 seconds, Stopping threads took: 0.0000172 seconds
2016-08-11T14:45:19.128+0800: 351250.179: Total time for which application threads were stopped: 0.0001283 seconds, Stopping threads took: 0.0000245 seconds
2016-08-11T14:45:19.139+0800: 351250.190: Total time for which application threads were stopped: 0.0001148 seconds, Stopping threads took: 0.0000217 seconds
2016-08-11T14:45:19.182+0800: 351250.233: Total time for which application threads were stopped: 0.0001003 seconds, Stopping threads took: 0.0000182 seconds
2016-08-11T14:45:19.212+0800: 351250.263: Total time for which application threads were stopped: 0.0001113 seconds, Stopping threads took: 0.0000174 seconds
2016-08-11T14:45:19.237+0800: 351250.288: Total time for which application threads were stopped: 0.0000966 seconds, Stopping threads took: 0.0000181 seconds
2016-08-11T14:45:19.241+0800: 351250.292: Total time for which application threads were stopped: 0.0001061 seconds, Stopping threads took: 0.0000207 seconds
2016-08-11T14:45:19.245+0800: 351250.296: Total time for which application threads were stopped: 0.0000964 seconds, Stopping threads took: 0.0000169 seconds
2016-08-11T14:45:19.323+0800: 351250.374: Total time for which application threads were stopped: 0.0001559 seconds, Stopping threads took: 0.0000189 seconds
2016-08-11T14:45:19.338+0800: 351250.389: Total time for which application threads were stopped: 0.0000691 seconds, Stopping threads took: 0.0000115 seconds
2016-08-11T14:45:19.341+0800: 351250.393: Total time for which application threads were stopped: 0.0000943 seconds, Stopping threads took: 0.0000231 seconds
2016-08-11T14:45:19.343+0800: 351250.394: Total time for which application threads were stopped: 0.0001778 seconds, Stopping threads took: 0.0000097 seconds
{Heap before GC invocations=19 (full 1):
 par new generation   total 109248K, used 90270K [0x00000007a0000000, 0x00000007a8000000, 0x00000007a8000000)
  eden space 87424K, 100% used [0x00000007a0000000, 0x00000007a5560000, 0x00000007a5560000)
  from space 21824K,  13% used [0x00000007a6ab0000, 0x00000007a6d77ba0, 0x00000007a8000000)
  to   space 21824K,   0% used [0x00000007a5560000, 0x00000007a5560000, 0x00000007a6ab0000)
 concurrent mark-sweep generation total 393216K, used 26319K [0x00000007a8000000, 0x00000007c0000000, 0x00000007c0000000)
 Metaspace       used 33094K, capacity 33474K, committed 33788K, reserved 1079296K
  class space    used 3690K, capacity 3796K, committed 3836K, reserved 1048576K
2016-08-11T14:45:19.350+0800: 351250.401: [GC (Allocation Failure) 2016-08-11T14:45:19.350+0800: 351250.401: [ParNew
Desired survivor size 20112992 bytes, new threshold 8 (max 8)
- age   1:    1896792 bytes,    1896792 total
- age   2:      98952 bytes,    1995744 total
- age   3:     191704 bytes,    2187448 total
- age   4:      23760 bytes,    2211208 total
- age   5:      87592 bytes,    2298800 total
- age   6:       2480 bytes,    2301280 total
- age   7:       6120 bytes,    2307400 total
- age   8:       2680 bytes,    2310080 total
: 90270K->3515K(109248K), 0.0105672 secs] 116590K->29856K(502464K), 0.0106232 secs] [Times: user=0.01 sys=0.01, real=0.02 secs] 
Heap after GC invocations=20 (full 1):
 par new generation   total 109248K, used 3515K [0x00000007a0000000, 0x00000007a8000000, 0x00000007a8000000)
  eden space 87424K,   0% used [0x00000007a0000000, 0x00000007a0000000, 0x00000007a5560000)
  from space 21824K,  16% used [0x00000007a5560000, 0x00000007a58cee90, 0x00000007a6ab0000)
  to   space 21824K,   0% used [0x00000007a6ab0000, 0x00000007a6ab0000, 0x00000007a8000000)
 concurrent mark-sweep generation total 393216K, used 26340K [0x00000007a8000000, 0x00000007c0000000, 0x00000007c0000000)
 Metaspace       used 33094K, capacity 33474K, committed 33788K, reserved 1079296K
  class space    used 3690K, capacity 3796K, committed 3836K, reserved 1048576K
}
2016-08-11T14:45:19.360+0800: 351250.411: Total time for which application threads were stopped: 0.0121756 seconds, Stopping threads took: 0.0000103 seconds
2016-08-11T14:45:19.376+0800: 351250.427: Total time for which application threads were stopped: 0.0004073 seconds, Stopping threads took: 0.0000911 seconds
2016-08-11T14:45:19.380+0800: 351250.432: Total time for which application threads were stopped: 0.0000709 seconds, Stopping threads took: 0.0000120 seconds
2016-08-11T14:45:29.187+0800: 351260.239: Total time for which application threads were stopped: 0.0001825 seconds, Stopping threads took: 0.0000440 seconds
2016-08-11T14:45:29.188+0800: 351260.239: Total time for which application threads were stopped: 0.0000684 seconds, Stopping threads took: 0.0000107 seconds
2016-08-11T14:45:29.188+0800: 351260.239: Total time for which application threads were stopped: 0.0000549 seconds, Stopping threads took: 0.0000106 seconds
2016-08-11T14:45:29.188+0800: 351260.240: Total time for which application threads were stopped: 0.0001244 seconds, Stopping threads took: 0.0000100 seconds
2016-08-11T14:45:29.188+0800: 351260.240: Total time for which application threads were stopped: 0.0000398 seconds, Stopping threads took: 0.0000064 seconds
2016-08-11T14:45:29.195+0800: 351260.247: Total time for which application threads were stopped: 0.0001025 seconds, Stopping threads took: 0.0000124 seconds
2016-08-11T14:45:29.196+0800: 351260.247: Total time for which application threads were stopped: 0.0000800 seconds, Stopping threads took: 0.0000080 seconds
2016-08-11T14:45:30.196+0800: 351261.248: Total time for which application threads were stopped: 0.0001184 seconds, Stopping threads took: 0.0000314 seconds
2016-08-11T14:47:19.180+0800: 351370.238: Total time for which application threads were stopped: 0.0001441 seconds, Stopping threads took: 0.0000661 seconds
2016-08-11T14:47:19.182+0800: 351370.240: Total time for which application threads were stopped: 0.0004178 seconds, Stopping threads took: 0.0001165 seconds
2016-08-11T14:47:19.184+0800: 351370.243: Total time for which application threads were stopped: 0.0004608 seconds, Stopping threads took: 0.0000737 seconds
2016-08-11T14:47:19.189+0800: 351370.248: Total time for which application threads were stopped: 0.0000633 seconds, Stopping threads took: 0.0000108 seconds
2016-08-11T14:47:19.190+0800: 351370.249: Total time for which application threads were stopped: 0.0000593 seconds, Stopping threads took: 0.0000194 seconds
2016-08-11T14:47:19.190+0800: 351370.249: Total time for which application threads were stopped: 0.0000540 seconds, Stopping threads took: 0.0000158 seconds
2016-08-11T14:47:19.190+0800: 351370.249: Total time for which application threads were stopped: 0.0001200 seconds, Stopping threads took: 0.0000271 seconds
2016-08-11T14:47:19.193+0800: 351370.251: Total time for which application threads were stopped: 0.0000656 seconds, Stopping threads took: 0.0000122 seconds
2016-08-11T14:47:19.193+0800: 351370.251: Total time for which application threads were stopped: 0.0000607 seconds, Stopping threads took: 0.0000178 seconds
2016-08-11T14:47:19.193+0800: 351370.252: Total time for which application threads were stopped: 0.0000506 seconds, Stopping threads took: 0.0000181 seconds
2016-08-11T14:47:19.193+0800: 351370.252: Total time for which application threads were stopped: 0.0000471 seconds, Stopping threads took: 0.0000145 seconds
2016-08-11T15:23:53.855+0800: 353244.452: Total time for which application threads were stopped: 0.0001236 seconds, Stopping threads took: 0.0000331 seconds
2016-08-11T15:23:53.856+0800: 353244.452: Total time for which application threads were stopped: 0.0000637 seconds, Stopping threads took: 0.0000093 seconds
2016-08-11T15:24:15.659+0800: 353266.257: Total time for which application threads were stopped: 0.0001315 seconds, Stopping threads took: 0.0000222 seconds
2016-08-11T15:33:00.819+0800: 353791.449: Total time for which application threads were stopped: 0.0001009 seconds, Stopping threads took: 0.0000183 seconds
2016-08-11T15:33:01.823+0800: 353792.453: Total time for which application threads were stopped: 0.0001125 seconds, Stopping threads took: 0.0000233 seconds
2016-08-11T17:55:59.367+0800: 362370.527: Total time for which application threads were stopped: 0.0001240 seconds, Stopping threads took: 0.0000341 seconds
2016-08-11T17:55:59.372+0800: 362370.532: Total time for which application threads were stopped: 0.0001874 seconds, Stopping threads took: 0.0000350 seconds
2016-08-11T17:55:59.439+0800: 362370.599: Total time for which application threads were stopped: 0.0001059 seconds, Stopping threads took: 0.0000178 seconds
2016-08-11T17:55:59.529+0800: 362370.689: Total time for which application threads were stopped: 0.0001148 seconds, Stopping threads took: 0.0000185 seconds
2016-08-11T17:55:59.564+0800: 362370.724: Total time for which application threads were stopped: 0.0000789 seconds, Stopping threads took: 0.0000128 seconds
2016-08-11T17:55:59.568+0800: 362370.728: Total time for which application threads were stopped: 0.0000724 seconds, Stopping threads took: 0.0000123 seconds
2016-08-11T17:55:59.582+0800: 362370.742: Total time for which application threads were stopped: 0.0000662 seconds, Stopping threads took: 0.0000110 seconds
2016-08-11T17:55:59.671+0800: 362370.831: Total time for which application threads were stopped: 0.0001450 seconds, Stopping threads took: 0.0000224 seconds
2016-08-11T17:55:59.674+0800: 362370.834: Total time for which application threads were stopped: 0.0001226 seconds, Stopping threads took: 0.0000282 seconds
2016-08-11T17:55:59.677+0800: 362370.837: Total time for which application threads were stopped: 0.0002117 seconds, Stopping threads took: 0.0000641 seconds
2016-08-11T17:55:59.677+0800: 362370.837: Total time for which application threads were stopped: 0.0001547 seconds, Stopping threads took: 0.0000433 seconds
2016-08-11T17:56:09.535+0800: 362380.695: Total time for which application threads were stopped: 0.0001013 seconds, Stopping threads took: 0.0000183 seconds
2016-08-11T17:56:09.535+0800: 362380.696: Total time for which application threads were stopped: 0.0000665 seconds, Stopping threads took: 0.0000094 seconds
2016-08-11T17:56:09.535+0800: 362380.696: Total time for which application threads were stopped: 0.0000603 seconds, Stopping threads took: 0.0000057 seconds
2016-08-11T17:56:09.536+0800: 362380.696: Total time for which application threads were stopped: 0.0000405 seconds, Stopping threads took: 0.0000066 seconds
2016-08-11T17:56:09.536+0800: 362380.696: Total time for which application threads were stopped: 0.0000420 seconds, Stopping threads took: 0.0000071 seconds
2016-08-11T17:56:09.544+0800: 362380.704: Total time for which application threads were stopped: 0.0001361 seconds, Stopping threads took: 0.0000281 seconds
2016-08-11T17:56:09.544+0800: 362380.705: Total time for which application threads were stopped: 0.0002371 seconds, Stopping threads took: 0.0000078 seconds
2016-08-11T17:56:09.544+0800: 362380.705: Total time for which application threads were stopped: 0.0000913 seconds, Stopping threads took: 0.0000355 seconds
2016-08-11T17:56:09.550+0800: 362380.710: Total time for which application threads were stopped: 0.0000953 seconds, Stopping threads took: 0.0000182 seconds
2016-08-11T17:56:09.550+0800: 362380.711: Total time for which application threads were stopped: 0.0001980 seconds, Stopping threads took: 0.0001057 seconds
2016-08-11T17:56:09.553+0800: 362380.713: Total time for which application threads were stopped: 0.0005860 seconds, Stopping threads took: 0.0005339 seconds
2016-08-11T17:56:09.553+0800: 362380.713: Total time for which application threads were stopped: 0.0000758 seconds, Stopping threads took: 0.0000260 seconds
2016-08-11T17:56:09.553+0800: 362380.714: Total time for which application threads were stopped: 0.0002334 seconds, Stopping threads took: 0.0001175 seconds
2016-08-11T17:56:09.553+0800: 362380.714: Total time for which application threads were stopped: 0.0000616 seconds, Stopping threads took: 0.0000112 seconds
2016-08-11T17:56:09.554+0800: 362380.714: Total time for which application threads were stopped: 0.0000560 seconds, Stopping threads took: 0.0000080 seconds
2016-08-11T17:56:09.554+0800: 362380.714: Total time for which application threads were stopped: 0.0001454 seconds, Stopping threads took: 0.0000096 seconds
2016-08-11T17:57:59.529+0800: 362490.696: Total time for which application threads were stopped: 0.0001029 seconds, Stopping threads took: 0.0000216 seconds
2016-08-11T17:57:59.533+0800: 362490.700: Total time for which application threads were stopped: 0.0001061 seconds, Stopping threads took: 0.0000209 seconds
2016-08-11T17:57:59.534+0800: 362490.701: Total time for which application threads were stopped: 0.0000660 seconds, Stopping threads took: 0.0000122 seconds
2016-08-11T17:57:59.535+0800: 362490.702: Total time for which application threads were stopped: 0.0000524 seconds, Stopping threads took: 0.0000094 seconds
2016-08-11T17:57:59.536+0800: 362490.703: Total time for which application threads were stopped: 0.0000655 seconds, Stopping threads took: 0.0000085 seconds
2016-08-11T17:57:59.536+0800: 362490.703: Total time for which application threads were stopped: 0.0000421 seconds, Stopping threads took: 0.0000065 seconds
2016-08-11T17:58:00.537+0800: 362491.704: Total time for which application threads were stopped: 0.0001486 seconds, Stopping threads took: 0.0000294 seconds
2016-08-12T10:42:41.074+0800: 373306.172: Total time for which application threads were stopped: 0.0022847 seconds, Stopping threads took: 0.0003212 seconds
2016-08-12T10:42:41.086+0800: 373306.184: Total time for which application threads were stopped: 0.0003037 seconds, Stopping threads took: 0.0000123 seconds
2016-08-12T10:42:41.095+0800: 373306.193: Total time for which application threads were stopped: 0.0000741 seconds, Stopping threads took: 0.0000122 seconds
2016-08-12T10:42:41.150+0800: 373306.247: Total time for which application threads were stopped: 0.0000886 seconds, Stopping threads took: 0.0000145 seconds
2016-08-12T10:42:41.154+0800: 373306.251: Total time for which application threads were stopped: 0.0001409 seconds, Stopping threads took: 0.0000553 seconds
2016-08-12T10:42:42.158+0800: 373307.255: Total time for which application threads were stopped: 0.0002108 seconds, Stopping threads took: 0.0000237 seconds
2016-08-12T13:43:06.130+0800: 383548.863: Total time for which application threads were stopped: 0.0001249 seconds, Stopping threads took: 0.0000326 seconds
2016-08-12T13:43:07.130+0800: 383549.863: Total time for which application threads were stopped: 0.0001629 seconds, Stopping threads took: 0.0000268 seconds
2016-08-12T13:50:14.109+0800: 383976.868: Total time for which application threads were stopped: 0.0001058 seconds, Stopping threads took: 0.0000202 seconds
2016-08-12T13:50:14.110+0800: 383976.869: Total time for which application threads were stopped: 0.0000786 seconds, Stopping threads took: 0.0000079 seconds
2016-08-12T13:50:14.112+0800: 383976.871: Total time for which application threads were stopped: 0.0017367 seconds, Stopping threads took: 0.0000056 seconds
2016-08-12T13:50:14.112+0800: 383976.871: Total time for which application threads were stopped: 0.0001695 seconds, Stopping threads took: 0.0000216 seconds
2016-08-12T13:50:14.112+0800: 383976.871: Total time for which application threads were stopped: 0.0000962 seconds, Stopping threads took: 0.0000095 seconds
2016-08-12T13:50:42.166+0800: 384004.926: Total time for which application threads were stopped: 0.0001638 seconds, Stopping threads took: 0.0000738 seconds
2016-08-12T14:00:53.130+0800: 384615.927: Total time for which application threads were stopped: 0.0001383 seconds, Stopping threads took: 0.0000226 seconds
2016-08-12T14:00:53.132+0800: 384615.929: Total time for which application threads were stopped: 0.0001772 seconds, Stopping threads took: 0.0000772 seconds
2016-08-12T14:00:53.133+0800: 384615.930: Total time for which application threads were stopped: 0.0007945 seconds, Stopping threads took: 0.0007215 seconds
2016-08-12T14:00:55.929+0800: 384618.727: Total time for which application threads were stopped: 0.0001867 seconds, Stopping threads took: 0.0000263 seconds
2016-08-12T14:00:55.934+0800: 384618.731: Total time for which application threads were stopped: 0.0000973 seconds, Stopping threads took: 0.0000163 seconds
2016-08-12T14:01:02.065+0800: 384624.863: Total time for which application threads were stopped: 0.0001791 seconds, Stopping threads took: 0.0000279 seconds
2016-08-12T14:05:45.128+0800: 384907.944: Total time for which application threads were stopped: 0.0001033 seconds, Stopping threads took: 0.0000201 seconds
{Heap before GC invocations=20 (full 1):
 par new generation   total 109248K, used 90939K [0x00000007a0000000, 0x00000007a8000000, 0x00000007a8000000)
  eden space 87424K, 100% used [0x00000007a0000000, 0x00000007a5560000, 0x00000007a5560000)
  from space 21824K,  16% used [0x00000007a5560000, 0x00000007a58cee90, 0x00000007a6ab0000)
  to   space 21824K,   0% used [0x00000007a6ab0000, 0x00000007a6ab0000, 0x00000007a8000000)
 concurrent mark-sweep generation total 393216K, used 26340K [0x00000007a8000000, 0x00000007c0000000, 0x00000007c0000000)
 Metaspace       used 33142K, capacity 33538K, committed 34044K, reserved 1079296K
  class space    used 3690K, capacity 3796K, committed 3836K, reserved 1048576K
2016-08-12T14:05:45.142+0800: 384907.958: [GC (Allocation Failure) 2016-08-12T14:05:45.143+0800: 384907.958: [ParNew
Desired survivor size 20112992 bytes, new threshold 8 (max 8)
- age   1:     796080 bytes,     796080 total
- age   2:     312848 bytes,    1108928 total
- age   3:      86864 bytes,    1195792 total
- age   4:     189384 bytes,    1385176 total
- age   5:      23560 bytes,    1408736 total
- age   6:      87432 bytes,    1496168 total
- age   7:       2480 bytes,    1498648 total
- age   8:       6120 bytes,    1504768 total
: 90939K->1831K(109248K), 0.0222084 secs] 117280K->28174K(502464K), 0.0226322 secs] [Times: user=0.02 sys=0.05, real=0.02 secs] 
Heap after GC invocations=21 (full 1):
 par new generation   total 109248K, used 1831K [0x00000007a0000000, 0x00000007a8000000, 0x00000007a8000000)
  eden space 87424K,   0% used [0x00000007a0000000, 0x00000007a0000000, 0x00000007a5560000)
  from space 21824K,   8% used [0x00000007a6ab0000, 0x00000007a6c79d90, 0x00000007a8000000)
  to   space 21824K,   0% used [0x00000007a5560000, 0x00000007a5560000, 0x00000007a6ab0000)
 concurrent mark-sweep generation total 393216K, used 26343K [0x00000007a8000000, 0x00000007c0000000, 0x00000007c0000000)
 Metaspace       used 33142K, capacity 33538K, committed 34044K, reserved 1079296K
  class space    used 3690K, capacity 3796K, committed 3836K, reserved 1048576K
}
2016-08-12T14:05:45.165+0800: 384907.981: Total time for which application threads were stopped: 0.0266240 seconds, Stopping threads took: 0.0000169 seconds
2016-08-12T14:07:53.012+0800: 385035.835: Total time for which application threads were stopped: 0.0001385 seconds, Stopping threads took: 0.0000233 seconds
2016-08-12T14:08:30.745+0800: 385073.570: Total time for which application threads were stopped: 0.0001620 seconds, Stopping threads took: 0.0000334 seconds
2016-08-12T14:08:40.278+0800: 385083.104: Total time for which application threads were stopped: 0.0001607 seconds, Stopping threads took: 0.0000223 seconds
2016-08-12T14:10:07.324+0800: 385170.156: Total time for which application threads were stopped: 0.0001119 seconds, Stopping threads took: 0.0000197 seconds
2016-08-12T14:10:07.326+0800: 385170.158: Total time for which application threads were stopped: 0.0001120 seconds, Stopping threads took: 0.0000170 seconds
2016-08-12T14:10:07.327+0800: 385170.158: Total time for which application threads were stopped: 0.0000558 seconds, Stopping threads took: 0.0000090 seconds
2016-08-12T14:10:54.921+0800: 385217.756: Total time for which application threads were stopped: 0.0001277 seconds, Stopping threads took: 0.0000293 seconds
2016-08-12T14:10:55.351+0800: 385218.186: Total time for which application threads were stopped: 0.0001224 seconds, Stopping threads took: 0.0000201 seconds
{Heap before GC invocations=21 (full 1):
 par new generation   total 109248K, used 89255K [0x00000007a0000000, 0x00000007a8000000, 0x00000007a8000000)
  eden space 87424K, 100% used [0x00000007a0000000, 0x00000007a5560000, 0x00000007a5560000)
  from space 21824K,   8% used [0x00000007a6ab0000, 0x00000007a6c79d90, 0x00000007a8000000)
  to   space 21824K,   0% used [0x00000007a5560000, 0x00000007a5560000, 0x00000007a6ab0000)
 concurrent mark-sweep generation total 393216K, used 26343K [0x00000007a8000000, 0x00000007c0000000, 0x00000007c0000000)
 Metaspace       used 33168K, capacity 33602K, committed 34044K, reserved 1079296K
  class space    used 3692K, capacity 3796K, committed 3836K, reserved 1048576K
2016-08-12T14:10:58.824+0800: 385221.659: [GC (Allocation Failure) 2016-08-12T14:10:58.824+0800: 385221.659: [ParNew
Desired survivor size 20112992 bytes, new threshold 8 (max 8)
- age   1:     256672 bytes,     256672 total
- age   2:     645712 bytes,     902384 total
- age   3:     280616 bytes,    1183000 total
- age   4:      86416 bytes,    1269416 total
- age   5:     189272 bytes,    1458688 total
- age   6:      23288 bytes,    1481976 total
- age   7:      87320 bytes,    1569296 total
- age   8:       2480 bytes,    1571776 total
: 89255K->1966K(109248K), 0.0076434 secs] 115598K->28316K(502464K), 0.0077055 secs] [Times: user=0.02 sys=0.00, real=0.01 secs] 
Heap after GC invocations=22 (full 1):
 par new generation   total 109248K, used 1966K [0x00000007a0000000, 0x00000007a8000000, 0x00000007a8000000)
  eden space 87424K,   0% used [0x00000007a0000000, 0x00000007a0000000, 0x00000007a5560000)
  from space 21824K,   9% used [0x00000007a5560000, 0x00000007a574bab8, 0x00000007a6ab0000)
  to   space 21824K,   0% used [0x00000007a6ab0000, 0x00000007a6ab0000, 0x00000007a8000000)
 concurrent mark-sweep generation total 393216K, used 26349K [0x00000007a8000000, 0x00000007c0000000, 0x00000007c0000000)
 Metaspace       used 33168K, capacity 33602K, committed 34044K, reserved 1079296K
  class space    used 3692K, capacity 3796K, committed 3836K, reserved 1048576K
}
2016-08-12T14:10:58.832+0800: 385221.666: Total time for which application threads were stopped: 0.0084155 seconds, Stopping threads took: 0.0000233 seconds
2016-08-12T14:11:10.331+0800: 385233.167: Total time for which application threads were stopped: 0.0001211 seconds, Stopping threads took: 0.0000281 seconds
2016-08-12T14:11:10.333+0800: 385233.168: Total time for which application threads were stopped: 0.0001707 seconds, Stopping threads took: 0.0000201 seconds
2016-08-12T14:11:32.242+0800: 385255.079: Total time for which application threads were stopped: 0.0001051 seconds, Stopping threads took: 0.0000233 seconds
2016-08-12T14:12:09.402+0800: 385292.241: Total time for which application threads were stopped: 0.0001397 seconds, Stopping threads took: 0.0000230 seconds
2016-08-12T14:12:09.402+0800: 385292.241: Total time for which application threads were stopped: 0.0001277 seconds, Stopping threads took: 0.0000364 seconds
2016-08-12T14:15:54.327+0800: 385517.180: Total time for which application threads were stopped: 0.0001161 seconds, Stopping threads took: 0.0000236 seconds
2016-08-12T14:15:57.552+0800: 385520.405: Total time for which application threads were stopped: 0.0001151 seconds, Stopping threads took: 0.0000304 seconds
{Heap before GC invocations=22 (full 1):
 par new generation   total 109248K, used 89390K [0x00000007a0000000, 0x00000007a8000000, 0x00000007a8000000)
  eden space 87424K, 100% used [0x00000007a0000000, 0x00000007a5560000, 0x00000007a5560000)
  from space 21824K,   9% used [0x00000007a5560000, 0x00000007a574bab8, 0x00000007a6ab0000)
  to   space 21824K,   0% used [0x00000007a6ab0000, 0x00000007a6ab0000, 0x00000007a8000000)
 concurrent mark-sweep generation total 393216K, used 26349K [0x00000007a8000000, 0x00000007c0000000, 0x00000007c0000000)
 Metaspace       used 33181K, capacity 33602K, committed 34044K, reserved 1079296K
  class space    used 3692K, capacity 3796K, committed 3836K, reserved 1048576K
2016-08-12T14:16:03.536+0800: 385526.389: [GC (Allocation Failure) 2016-08-12T14:16:03.536+0800: 385526.390: [ParNew
Desired survivor size 20112992 bytes, new threshold 8 (max 8)
- age   1:     296072 bytes,     296072 total
- age   2:      23896 bytes,     319968 total
- age   3:     645280 bytes,     965248 total
- age   4:     280272 bytes,    1245520 total
- age   5:      85704 bytes,    1331224 total
- age   6:     189272 bytes,    1520496 total
- age   7:      23088 bytes,    1543584 total
- age   8:      87320 bytes,    1630904 total
: 89390K->1877K(109248K), 0.0061629 secs] 115740K->28229K(502464K), 0.0062302 secs] [Times: user=0.01 sys=0.01, real=0.01 secs] 
Heap after GC invocations=23 (full 1):
 par new generation   total 109248K, used 1877K [0x00000007a0000000, 0x00000007a8000000, 0x00000007a8000000)
  eden space 87424K,   0% used [0x00000007a0000000, 0x00000007a0000000, 0x00000007a5560000)
  from space 21824K,   8% used [0x00000007a6ab0000, 0x00000007a6c855b0, 0x00000007a8000000)
  to   space 21824K,   0% used [0x00000007a5560000, 0x00000007a5560000, 0x00000007a6ab0000)
 concurrent mark-sweep generation total 393216K, used 26351K [0x00000007a8000000, 0x00000007c0000000, 0x00000007c0000000)
 Metaspace       used 33181K, capacity 33602K, committed 34044K, reserved 1079296K
  class space    used 3692K, capacity 3796K, committed 3836K, reserved 1048576K
}
2016-08-12T14:16:03.543+0800: 385526.396: Total time for which application threads were stopped: 0.0064226 seconds, Stopping threads took: 0.0000214 seconds
2016-08-12T14:16:04.546+0800: 385527.399: Total time for which application threads were stopped: 0.0001295 seconds, Stopping threads took: 0.0000434 seconds
2016-08-12T14:16:18.575+0800: 385541.429: Total time for which application threads were stopped: 0.0001198 seconds, Stopping threads took: 0.0000262 seconds
2016-08-12T14:18:36.413+0800: 385679.275: Total time for which application threads were stopped: 0.0001095 seconds, Stopping threads took: 0.0000190 seconds
2016-08-12T14:18:37.418+0800: 385680.280: Total time for which application threads were stopped: 0.0001082 seconds, Stopping threads took: 0.0000222 seconds
2016-08-12T14:20:32.958+0800: 385795.828: Total time for which application threads were stopped: 0.0001295 seconds, Stopping threads took: 0.0000180 seconds
2016-08-12T14:20:33.963+0800: 385796.832: Total time for which application threads were stopped: 0.0001375 seconds, Stopping threads took: 0.0000258 seconds
2016-08-12T14:20:40.358+0800: 385803.229: Total time for which application threads were stopped: 0.0000982 seconds, Stopping threads took: 0.0000201 seconds
2016-08-12T14:20:41.359+0800: 385804.229: Total time for which application threads were stopped: 0.0002170 seconds, Stopping threads took: 0.0000516 seconds
2016-08-12T14:20:49.361+0800: 385812.231: Total time for which application threads were stopped: 0.0001795 seconds, Stopping threads took: 0.0000217 seconds
2016-08-12T14:32:00.991+0800: 386483.901: Total time for which application threads were stopped: 0.0002136 seconds, Stopping threads took: 0.0000203 seconds
2016-08-12T14:32:01.060+0800: 386483.969: Total time for which application threads were stopped: 0.0013301 seconds, Stopping threads took: 0.0000175 seconds
2016-08-12T14:32:02.062+0800: 386484.972: Total time for which application threads were stopped: 0.0001338 seconds, Stopping threads took: 0.0000240 seconds
2016-08-12T14:32:18.585+0800: 386501.495: Total time for which application threads were stopped: 0.0001074 seconds, Stopping threads took: 0.0000200 seconds
2016-08-12T14:32:18.660+0800: 386501.571: Total time for which application threads were stopped: 0.0001167 seconds, Stopping threads took: 0.0000202 seconds
2016-08-12T14:32:18.661+0800: 386501.572: Total time for which application threads were stopped: 0.0000572 seconds, Stopping threads took: 0.0000096 seconds
2016-08-12T14:32:18.663+0800: 386501.573: Total time for which application threads were stopped: 0.0000827 seconds, Stopping threads took: 0.0000126 seconds
2016-08-12T14:32:38.650+0800: 386521.561: Total time for which application threads were stopped: 0.0001250 seconds, Stopping threads took: 0.0000232 seconds
2016-08-12T14:32:39.652+0800: 386522.563: Total time for which application threads were stopped: 0.0001426 seconds, Stopping threads took: 0.0000228 seconds
2016-08-12T15:16:51.465+0800: 389174.531: Total time for which application threads were stopped: 0.0001017 seconds, Stopping threads took: 0.0000190 seconds
2016-08-12T15:16:52.465+0800: 389175.531: Total time for which application threads were stopped: 0.0001287 seconds, Stopping threads took: 0.0000346 seconds
{Heap before GC invocations=23 (full 1):
 par new generation   total 109248K, used 89301K [0x00000007a0000000, 0x00000007a8000000, 0x00000007a8000000)
  eden space 87424K, 100% used [0x00000007a0000000, 0x00000007a5560000, 0x00000007a5560000)
  from space 21824K,   8% used [0x00000007a6ab0000, 0x00000007a6c855b0, 0x00000007a8000000)
  to   space 21824K,   0% used [0x00000007a5560000, 0x00000007a5560000, 0x00000007a6ab0000)
 concurrent mark-sweep generation total 393216K, used 26351K [0x00000007a8000000, 0x00000007c0000000, 0x00000007c0000000)
 Metaspace       used 33428K, capacity 33826K, committed 34300K, reserved 1079296K
  class space    used 3727K, capacity 3828K, committed 3836K, reserved 1048576K
2016-08-12T15:17:35.350+0800: 389218.419: [GC (Allocation Failure) 2016-08-12T15:17:35.350+0800: 389218.419: [ParNew
Desired survivor size 20112992 bytes, new threshold 8 (max 8)
- age   1:     533568 bytes,     533568 total
- age   2:       8360 bytes,     541928 total
- age   3:       9728 bytes,     551656 total
- age   4:     643584 bytes,    1195240 total
- age   5:     280208 bytes,    1475448 total
- age   6:      85552 bytes,    1561000 total
- age   7:     189272 bytes,    1750272 total
- age   8:      23088 bytes,    1773360 total
: 89301K->2348K(109248K), 0.0069720 secs] 115653K->28785K(502464K), 0.0070324 secs] [Times: user=0.02 sys=0.00, real=0.00 secs] 
Heap after GC invocations=24 (full 1):
 par new generation   total 109248K, used 2348K [0x00000007a0000000, 0x00000007a8000000, 0x00000007a8000000)
  eden space 87424K,   0% used [0x00000007a0000000, 0x00000007a0000000, 0x00000007a5560000)
  from space 21824K,  10% used [0x00000007a5560000, 0x00000007a57ab1e0, 0x00000007a6ab0000)
  to   space 21824K,   0% used [0x00000007a6ab0000, 0x00000007a6ab0000, 0x00000007a8000000)
 concurrent mark-sweep generation total 393216K, used 26437K [0x00000007a8000000, 0x00000007c0000000, 0x00000007c0000000)
 Metaspace       used 33428K, capacity 33826K, committed 34300K, reserved 1079296K
  class space    used 3727K, capacity 3828K, committed 3836K, reserved 1048576K
}
2016-08-12T15:17:35.357+0800: 389218.426: Total time for which application threads were stopped: 0.0077289 seconds, Stopping threads took: 0.0000195 seconds
2016-08-12T15:18:20.405+0800: 389263.476: Total time for which application threads were stopped: 0.0001092 seconds, Stopping threads took: 0.0000236 seconds
2016-08-12T15:19:03.574+0800: 389306.648: Total time for which application threads were stopped: 0.0001167 seconds, Stopping threads took: 0.0000246 seconds
2016-08-12T15:19:04.577+0800: 389307.651: Total time for which application threads were stopped: 0.0001015 seconds, Stopping threads took: 0.0000240 seconds
2016-08-12T15:19:59.323+0800: 389362.400: Total time for which application threads were stopped: 0.0001421 seconds, Stopping threads took: 0.0000389 seconds
2016-08-12T15:21:16.867+0800: 389439.949: Total time for which application threads were stopped: 0.0002006 seconds, Stopping threads took: 0.0000393 seconds
2016-08-12T15:21:43.995+0800: 389467.079: Total time for which application threads were stopped: 0.0001437 seconds, Stopping threads took: 0.0000250 seconds
2016-08-12T15:21:44.998+0800: 389468.082: Total time for which application threads were stopped: 0.0001019 seconds, Stopping threads took: 0.0000233 seconds
2016-08-12T15:22:34.691+0800: 389517.778: Total time for which application threads were stopped: 0.0001577 seconds, Stopping threads took: 0.0000372 seconds
2016-08-12T15:22:35.694+0800: 389518.780: Total time for which application threads were stopped: 0.0001055 seconds, Stopping threads took: 0.0000226 seconds
2016-08-12T15:24:06.403+0800: 389609.495: Total time for which application threads were stopped: 0.0003353 seconds, Stopping threads took: 0.0000485 seconds
2016-08-12T15:24:10.021+0800: 389613.113: Total time for which application threads were stopped: 0.0001400 seconds, Stopping threads took: 0.0000405 seconds
2016-08-12T15:24:11.023+0800: 389614.115: Total time for which application threads were stopped: 0.0001023 seconds, Stopping threads took: 0.0000220 seconds
{Heap before GC invocations=24 (full 1):
 par new generation   total 109248K, used 89772K [0x00000007a0000000, 0x00000007a8000000, 0x00000007a8000000)
  eden space 87424K, 100% used [0x00000007a0000000, 0x00000007a5560000, 0x00000007a5560000)
  from space 21824K,  10% used [0x00000007a5560000, 0x00000007a57ab1e0, 0x00000007a6ab0000)
  to   space 21824K,   0% used [0x00000007a6ab0000, 0x00000007a6ab0000, 0x00000007a8000000)
 concurrent mark-sweep generation total 393216K, used 26437K [0x00000007a8000000, 0x00000007c0000000, 0x00000007c0000000)
 Metaspace       used 33432K, capacity 33826K, committed 34300K, reserved 1079296K
  class space    used 3727K, capacity 3828K, committed 3836K, reserved 1048576K
2016-08-12T15:24:38.220+0800: 389641.314: [GC (Allocation Failure) 2016-08-12T15:24:38.220+0800: 389641.314: [ParNew
Desired survivor size 20112992 bytes, new threshold 8 (max 8)
- age   1:     297520 bytes,     297520 total
- age   2:      50264 bytes,     347784 total
- age   3:       7176 bytes,     354960 total
- age   4:       9728 bytes,     364688 total
- age   5:     643584 bytes,    1008272 total
- age   6:     280208 bytes,    1288480 total
- age   7:      85552 bytes,    1374032 total
- age   8:     189272 bytes,    1563304 total
: 89772K->1949K(109248K), 0.0078133 secs] 116209K->28410K(502464K), 0.0078839 secs] [Times: user=0.02 sys=0.00, real=0.00 secs] 
Heap after GC invocations=25 (full 1):
 par new generation   total 109248K, used 1949K [0x00000007a0000000, 0x00000007a8000000, 0x00000007a8000000)
  eden space 87424K,   0% used [0x00000007a0000000, 0x00000007a0000000, 0x00000007a5560000)
  from space 21824K,   8% used [0x00000007a6ab0000, 0x00000007a6c977f0, 0x00000007a8000000)
  to   space 21824K,   0% used [0x00000007a5560000, 0x00000007a5560000, 0x00000007a6ab0000)
 concurrent mark-sweep generation total 393216K, used 26460K [0x00000007a8000000, 0x00000007c0000000, 0x00000007c0000000)
 Metaspace       used 33432K, capacity 33826K, committed 34300K, reserved 1079296K
  class space    used 3727K, capacity 3828K, committed 3836K, reserved 1048576K
}
2016-08-12T15:24:38.227+0800: 389641.321: Total time for which application threads were stopped: 0.0081009 seconds, Stopping threads took: 0.0000224 seconds
2016-08-12T15:24:51.250+0800: 389654.345: Total time for which application threads were stopped: 0.0001549 seconds, Stopping threads took: 0.0000285 seconds
2016-08-12T15:25:24.329+0800: 389687.426: Total time for which application threads were stopped: 0.0001177 seconds, Stopping threads took: 0.0000209 seconds
2016-08-12T15:25:25.329+0800: 389688.426: Total time for which application threads were stopped: 0.0001062 seconds, Stopping threads took: 0.0000240 seconds
2016-08-12T15:27:20.506+0800: 389803.610: Total time for which application threads were stopped: 0.0001857 seconds, Stopping threads took: 0.0000507 seconds
{Heap before GC invocations=25 (full 1):
 par new generation   total 109248K, used 89373K [0x00000007a0000000, 0x00000007a8000000, 0x00000007a8000000)
  eden space 87424K, 100% used [0x00000007a0000000, 0x00000007a5560000, 0x00000007a5560000)
  from space 21824K,   8% used [0x00000007a6ab0000, 0x00000007a6c977f0, 0x00000007a8000000)
  to   space 21824K,   0% used [0x00000007a5560000, 0x00000007a5560000, 0x00000007a6ab0000)
 concurrent mark-sweep generation total 393216K, used 26460K [0x00000007a8000000, 0x00000007c0000000, 0x00000007c0000000)
 Metaspace       used 33446K, capacity 33826K, committed 34300K, reserved 1079296K
  class space    used 3727K, capacity 3828K, committed 3836K, reserved 1048576K
2016-08-12T15:27:46.196+0800: 389829.301: [GC (Allocation Failure) 2016-08-12T15:27:46.196+0800: 389829.301: [ParNew
Desired survivor size 20112992 bytes, new threshold 8 (max 8)
- age   1:     187032 bytes,     187032 total
- age   2:      14296 bytes,     201328 total
- age   3:      49864 bytes,     251192 total
- age   4:       7176 bytes,     258368 total
- age   5:       9728 bytes,     268096 total
- age   6:     643584 bytes,     911680 total
- age   7:     280208 bytes,    1191888 total
- age   8:      85552 bytes,    1277440 total
: 89373K->1748K(109248K), 0.0111427 secs] 115834K->28393K(502464K), 0.0112105 secs] [Times: user=0.02 sys=0.00, real=0.01 secs] 
Heap after GC invocations=26 (full 1):
 par new generation   total 109248K, used 1748K [0x00000007a0000000, 0x00000007a8000000, 0x00000007a8000000)
  eden space 87424K,   0% used [0x00000007a0000000, 0x00000007a0000000, 0x00000007a5560000)
  from space 21824K,   8% used [0x00000007a5560000, 0x00000007a5715218, 0x00000007a6ab0000)
  to   space 21824K,   0% used [0x00000007a6ab0000, 0x00000007a6ab0000, 0x00000007a8000000)
 concurrent mark-sweep generation total 393216K, used 26645K [0x00000007a8000000, 0x00000007c0000000, 0x00000007c0000000)
 Metaspace       used 33446K, capacity 33826K, committed 34300K, reserved 1079296K
  class space    used 3727K, capacity 3828K, committed 3836K, reserved 1048576K
}
2016-08-12T15:27:46.207+0800: 389829.312: Total time for which application threads were stopped: 0.0114535 seconds, Stopping threads took: 0.0000207 seconds
2016-08-12T15:43:18.506+0800: 390761.665: Total time for which application threads were stopped: 0.0001746 seconds, Stopping threads took: 0.0000193 seconds
2016-08-12T15:43:23.565+0800: 390766.725: Total time for which application threads were stopped: 0.0001490 seconds, Stopping threads took: 0.0000220 seconds
2016-08-12T15:43:35.584+0800: 390778.744: Total time for which application threads were stopped: 0.0001651 seconds, Stopping threads took: 0.0000243 seconds
2016-08-12T15:43:36.585+0800: 390779.746: Total time for which application threads were stopped: 0.0002083 seconds, Stopping threads took: 0.0000720 seconds
2016-08-12T15:44:21.630+0800: 390824.793: Total time for which application threads were stopped: 0.0001787 seconds, Stopping threads took: 0.0000435 seconds
{Heap before GC invocations=26 (full 1):
 par new generation   total 109248K, used 89172K [0x00000007a0000000, 0x00000007a8000000, 0x00000007a8000000)
  eden space 87424K, 100% used [0x00000007a0000000, 0x00000007a5560000, 0x00000007a5560000)
  from space 21824K,   8% used [0x00000007a5560000, 0x00000007a5715218, 0x00000007a6ab0000)
  to   space 21824K,   0% used [0x00000007a6ab0000, 0x00000007a6ab0000, 0x00000007a8000000)
 concurrent mark-sweep generation total 393216K, used 26645K [0x00000007a8000000, 0x00000007c0000000, 0x00000007c0000000)
 Metaspace       used 33460K, capacity 33826K, committed 34300K, reserved 1079296K
  class space    used 3727K, capacity 3828K, committed 3836K, reserved 1048576K
2016-08-12T15:44:25.596+0800: 390828.760: [GC (Allocation Failure) 2016-08-12T15:44:25.596+0800: 390828.760: [ParNew
Desired survivor size 20112992 bytes, new threshold 8 (max 8)
- age   1:     264048 bytes,     264048 total
- age   2:      32424 bytes,     296472 total
- age   3:      14224 bytes,     310696 total
- age   4:      49864 bytes,     360560 total
- age   5:       7176 bytes,     367736 total
- age   6:       9728 bytes,     377464 total
- age   7:     643408 bytes,    1020872 total
- age   8:     280208 bytes,    1301080 total
: 89172K->1707K(109248K), 0.0057965 secs] 115817K->28436K(502464K), 0.0058527 secs] [Times: user=0.01 sys=0.00, real=0.01 secs] 
Heap after GC invocations=27 (full 1):
 par new generation   total 109248K, used 1707K [0x00000007a0000000, 0x00000007a8000000, 0x00000007a8000000)
  eden space 87424K,   0% used [0x00000007a0000000, 0x00000007a0000000, 0x00000007a5560000)
  from space 21824K,   7% used [0x00000007a6ab0000, 0x00000007a6c5ae08, 0x00000007a8000000)
  to   space 21824K,   0% used [0x00000007a5560000, 0x00000007a5560000, 0x00000007a6ab0000)
 concurrent mark-sweep generation total 393216K, used 26729K [0x00000007a8000000, 0x00000007c0000000, 0x00000007c0000000)
 Metaspace       used 33460K, capacity 33826K, committed 34300K, reserved 1079296K
  class space    used 3727K, capacity 3828K, committed 3836K, reserved 1048576K
}
2016-08-12T15:44:25.602+0800: 390828.766: Total time for which application threads were stopped: 0.0060624 seconds, Stopping threads took: 0.0000189 seconds
2016-08-12T15:45:52.524+0800: 390915.693: Total time for which application threads were stopped: 0.0001291 seconds, Stopping threads took: 0.0000232 seconds
2016-08-12T15:46:17.711+0800: 390940.881: Total time for which application threads were stopped: 0.0001364 seconds, Stopping threads took: 0.0000276 seconds
2016-08-12T15:52:29.955+0800: 391313.148: Total time for which application threads were stopped: 0.0001523 seconds, Stopping threads took: 0.0000261 seconds
2016-08-12T15:52:30.956+0800: 391314.148: Total time for which application threads were stopped: 0.0001217 seconds, Stopping threads took: 0.0000255 seconds
2016-08-12T15:52:42.315+0800: 391325.509: Total time for which application threads were stopped: 0.0000980 seconds, Stopping threads took: 0.0000193 seconds
2016-08-12T15:52:43.319+0800: 391326.512: Total time for which application threads were stopped: 0.0001170 seconds, Stopping threads took: 0.0000267 seconds
2016-08-12T15:52:53.324+0800: 391336.518: Total time for which application threads were stopped: 0.0001295 seconds, Stopping threads took: 0.0000407 seconds
2016-08-12T15:53:27.349+0800: 391370.544: Total time for which application threads were stopped: 0.0001595 seconds, Stopping threads took: 0.0000232 seconds
2016-08-12T15:53:56.390+0800: 391399.588: Total time for which application threads were stopped: 0.0001707 seconds, Stopping threads took: 0.0000396 seconds
2016-08-12T15:54:00.398+0800: 391403.595: Total time for which application threads were stopped: 0.0001491 seconds, Stopping threads took: 0.0000316 seconds
{Heap before GC invocations=27 (full 1):
 par new generation   total 109248K, used 89131K [0x00000007a0000000, 0x00000007a8000000, 0x00000007a8000000)
  eden space 87424K, 100% used [0x00000007a0000000, 0x00000007a5560000, 0x00000007a5560000)
  from space 21824K,   7% used [0x00000007a6ab0000, 0x00000007a6c5ae08, 0x00000007a8000000)
  to   space 21824K,   0% used [0x00000007a5560000, 0x00000007a5560000, 0x00000007a6ab0000)
 concurrent mark-sweep generation total 393216K, used 26729K [0x00000007a8000000, 0x00000007c0000000, 0x00000007c0000000)
 Metaspace       used 33469K, capacity 33826K, committed 34300K, reserved 1079296K
  class space    used 3727K, capacity 3828K, committed 3836K, reserved 1048576K
2016-08-12T15:54:20.087+0800: 391423.286: [GC (Allocation Failure) 2016-08-12T15:54:20.087+0800: 391423.286: [ParNew
Desired survivor size 20112992 bytes, new threshold 8 (max 8)
- age   1:     222344 bytes,     222344 total
- age   2:      15288 bytes,     237632 total
- age   3:      25512 bytes,     263144 total
- age   4:        744 bytes,     263888 total
- age   5:      45512 bytes,     309400 total
- age   6:       7176 bytes,     316576 total
- age   7:       9728 bytes,     326304 total
- age   8:     643408 bytes,     969712 total
: 89131K->1234K(109248K), 0.0063695 secs] 115860K->28237K(502464K), 0.0064805 secs] [Times: user=0.02 sys=0.00, real=0.01 secs] 
Heap after GC invocations=28 (full 1):
 par new generation   total 109248K, used 1234K [0x00000007a0000000, 0x00000007a8000000, 0x00000007a8000000)
  eden space 87424K,   0% used [0x00000007a0000000, 0x00000007a0000000, 0x00000007a5560000)
  from space 21824K,   5% used [0x00000007a5560000, 0x00000007a5694838, 0x00000007a6ab0000)
  to   space 21824K,   0% used [0x00000007a6ab0000, 0x00000007a6ab0000, 0x00000007a8000000)
 concurrent mark-sweep generation total 393216K, used 27003K [0x00000007a8000000, 0x00000007c0000000, 0x00000007c0000000)
 Metaspace       used 33469K, capacity 33826K, committed 34300K, reserved 1079296K
  class space    used 3727K, capacity 3828K, committed 3836K, reserved 1048576K
}
2016-08-12T15:54:20.094+0800: 391423.293: Total time for which application threads were stopped: 0.0067175 seconds, Stopping threads took: 0.0000197 seconds
2016-08-12T15:54:35.114+0800: 391438.314: Total time for which application threads were stopped: 0.0001292 seconds, Stopping threads took: 0.0000401 seconds
2016-08-12T15:56:39.000+0800: 391562.207: Total time for which application threads were stopped: 0.0001465 seconds, Stopping threads took: 0.0000235 seconds
2016-08-12T15:56:41.622+0800: 391564.829: Total time for which application threads were stopped: 0.0001296 seconds, Stopping threads took: 0.0000310 seconds
2016-08-12T15:56:43.629+0800: 391566.837: Total time for which application threads were stopped: 0.0001531 seconds, Stopping threads took: 0.0000271 seconds
{Heap before GC invocations=28 (full 1):
 par new generation   total 109248K, used 88658K [0x00000007a0000000, 0x00000007a8000000, 0x00000007a8000000)
  eden space 87424K, 100% used [0x00000007a0000000, 0x00000007a5560000, 0x00000007a5560000)
  from space 21824K,   5% used [0x00000007a5560000, 0x00000007a5694838, 0x00000007a6ab0000)
  to   space 21824K,   0% used [0x00000007a6ab0000, 0x00000007a6ab0000, 0x00000007a8000000)
 concurrent mark-sweep generation total 393216K, used 27003K [0x00000007a8000000, 0x00000007c0000000, 0x00000007c0000000)
 Metaspace       used 33536K, capacity 33954K, committed 34300K, reserved 1079296K
  class space    used 3727K, capacity 3828K, committed 3836K, reserved 1048576K
2016-08-12T15:56:46.231+0800: 391569.439: [GC (Allocation Failure) 2016-08-12T15:56:46.231+0800: 391569.439: [ParNew
Desired survivor size 20112992 bytes, new threshold 8 (max 8)
- age   1:     174048 bytes,     174048 total
- age   2:      31536 bytes,     205584 total
- age   3:      14688 bytes,     220272 total
- age   4:      19224 bytes,     239496 total
- age   5:        744 bytes,     240240 total
- age   6:      45512 bytes,     285752 total
- age   7:       7176 bytes,     292928 total
- age   8:       9728 bytes,     302656 total
: 88658K->615K(109248K), 0.0066743 secs] 115661K->28249K(502464K), 0.0067315 secs] [Times: user=0.01 sys=0.00, real=0.00 secs] 
Heap after GC invocations=29 (full 1):
 par new generation   total 109248K, used 615K [0x00000007a0000000, 0x00000007a8000000, 0x00000007a8000000)
  eden space 87424K,   0% used [0x00000007a0000000, 0x00000007a0000000, 0x00000007a5560000)
  from space 21824K,   2% used [0x00000007a6ab0000, 0x00000007a6b49d18, 0x00000007a8000000)
  to   space 21824K,   0% used [0x00000007a5560000, 0x00000007a5560000, 0x00000007a6ab0000)
 concurrent mark-sweep generation total 393216K, used 27634K [0x00000007a8000000, 0x00000007c0000000, 0x00000007c0000000)
 Metaspace       used 33536K, capacity 33954K, committed 34300K, reserved 1079296K
  class space    used 3727K, capacity 3828K, committed 3836K, reserved 1048576K
}
2016-08-12T15:56:46.238+0800: 391569.446: Total time for which application threads were stopped: 0.0069020 seconds, Stopping threads took: 0.0000180 seconds
2016-08-12T15:57:36.290+0800: 391619.501: Total time for which application threads were stopped: 0.0003085 seconds, Stopping threads took: 0.0001197 seconds
2016-08-12T15:57:46.633+0800: 391629.844: Total time for which application threads were stopped: 0.0002016 seconds, Stopping threads took: 0.0000220 seconds
2016-08-12T15:57:47.633+0800: 391630.845: Total time for which application threads were stopped: 0.0001094 seconds, Stopping threads took: 0.0000230 seconds
2016-08-12T15:57:49.162+0800: 391632.373: Total time for which application threads were stopped: 0.0001974 seconds, Stopping threads took: 0.0000296 seconds
2016-08-12T15:57:50.889+0800: 391634.101: Total time for which application threads were stopped: 0.0001038 seconds, Stopping threads took: 0.0000197 seconds
2016-08-12T15:57:55.900+0800: 391639.112: Total time for which application threads were stopped: 0.0001090 seconds, Stopping threads took: 0.0000331 seconds
2016-08-12T15:57:58.905+0800: 391642.117: Total time for which application threads were stopped: 0.0001018 seconds, Stopping threads took: 0.0000223 seconds
2016-08-12T15:58:03.917+0800: 391647.129: Total time for which application threads were stopped: 0.0001377 seconds, Stopping threads took: 0.0000382 seconds
2016-08-12T15:58:20.934+0800: 391664.148: Total time for which application threads were stopped: 0.0000973 seconds, Stopping threads took: 0.0000231 seconds
2016-08-12T15:58:27.946+0800: 391671.160: Total time for which application threads were stopped: 0.0003880 seconds, Stopping threads took: 0.0000969 seconds
2016-08-12T15:59:57.785+0800: 391761.004: Total time for which application threads were stopped: 0.0001468 seconds, Stopping threads took: 0.0000225 seconds
{Heap before GC invocations=29 (full 1):
 par new generation   total 109248K, used 88039K [0x00000007a0000000, 0x00000007a8000000, 0x00000007a8000000)
  eden space 87424K, 100% used [0x00000007a0000000, 0x00000007a5560000, 0x00000007a5560000)
  from space 21824K,   2% used [0x00000007a6ab0000, 0x00000007a6b49d18, 0x00000007a8000000)
  to   space 21824K,   0% used [0x00000007a5560000, 0x00000007a5560000, 0x00000007a6ab0000)
 concurrent mark-sweep generation total 393216K, used 27634K [0x00000007a8000000, 0x00000007c0000000, 0x00000007c0000000)
 Metaspace       used 33581K, capacity 33954K, committed 34300K, reserved 1079296K
  class space    used 3728K, capacity 3828K, committed 3836K, reserved 1048576K
2016-08-12T15:59:57.796+0800: 391761.015: [GC (Allocation Failure) 2016-08-12T15:59:57.796+0800: 391761.015: [ParNew
Desired survivor size 20112992 bytes, new threshold 8 (max 8)
- age   1:     223408 bytes,     223408 total
- age   2:      15848 bytes,     239256 total
- age   3:      18016 bytes,     257272 total
- age   4:       1240 bytes,     258512 total
- age   5:      19192 bytes,     277704 total
- age   6:        744 bytes,     278448 total
- age   7:      45512 bytes,     323960 total
- age   8:       7176 bytes,     331136 total
: 88039K->446K(109248K), 0.0101848 secs] 115673K->28089K(502464K), 0.0102530 secs] [Times: user=0.03 sys=0.00, real=0.01 secs] 
Heap after GC invocations=30 (full 1):
 par new generation   total 109248K, used 446K [0x00000007a0000000, 0x00000007a8000000, 0x00000007a8000000)
  eden space 87424K,   0% used [0x00000007a0000000, 0x00000007a0000000, 0x00000007a5560000)
  from space 21824K,   2% used [0x00000007a5560000, 0x00000007a55cf8b0, 0x00000007a6ab0000)
  to   space 21824K,   0% used [0x00000007a6ab0000, 0x00000007a6ab0000, 0x00000007a8000000)
 concurrent mark-sweep generation total 393216K, used 27643K [0x00000007a8000000, 0x00000007c0000000, 0x00000007c0000000)
 Metaspace       used 33581K, capacity 33954K, committed 34300K, reserved 1079296K
  class space    used 3728K, capacity 3828K, committed 3836K, reserved 1048576K
}
2016-08-12T15:59:57.807+0800: 391761.026: Total time for which application threads were stopped: 0.0104588 seconds, Stopping threads took: 0.0000172 seconds
2016-08-12T16:00:12.057+0800: 391775.277: Total time for which application threads were stopped: 0.0001111 seconds, Stopping threads took: 0.0000204 seconds
2016-08-12T16:01:01.136+0800: 391824.359: Total time for which application threads were stopped: 0.0000970 seconds, Stopping threads took: 0.0000227 seconds
2016-08-12T16:01:03.138+0800: 391826.362: Total time for which application threads were stopped: 0.0000999 seconds, Stopping threads took: 0.0000238 seconds
2016-08-12T16:01:05.142+0800: 391828.365: Total time for which application threads were stopped: 0.0001298 seconds, Stopping threads took: 0.0000295 seconds
2016-08-12T16:01:08.148+0800: 391831.371: Total time for which application threads were stopped: 0.0001381 seconds, Stopping threads took: 0.0000257 seconds
2016-08-12T16:01:17.160+0800: 391840.384: Total time for which application threads were stopped: 0.0001294 seconds, Stopping threads took: 0.0000231 seconds
{Heap before GC invocations=30 (full 1):
 par new generation   total 109248K, used 87870K [0x00000007a0000000, 0x00000007a8000000, 0x00000007a8000000)
  eden space 87424K, 100% used [0x00000007a0000000, 0x00000007a5560000, 0x00000007a5560000)
  from space 21824K,   2% used [0x00000007a5560000, 0x00000007a55cf8b0, 0x00000007a6ab0000)
  to   space 21824K,   0% used [0x00000007a6ab0000, 0x00000007a6ab0000, 0x00000007a8000000)
 concurrent mark-sweep generation total 393216K, used 27643K [0x00000007a8000000, 0x00000007c0000000, 0x00000007c0000000)
 Metaspace       used 33596K, capacity 34018K, committed 34300K, reserved 1079296K
  class space    used 3728K, capacity 3828K, committed 3836K, reserved 1048576K
2016-08-12T16:01:18.744+0800: 391841.968: [GC (Allocation Failure) 2016-08-12T16:01:18.744+0800: 391841.968: [ParNew
Desired survivor size 20112992 bytes, new threshold 8 (max 8)
- age   1:     229864 bytes,     229864 total
- age   2:      29176 bytes,     259040 total
- age   3:      15808 bytes,     274848 total
- age   4:      18016 bytes,     292864 total
- age   5:       1240 bytes,     294104 total
- age   6:      19192 bytes,     313296 total
- age   7:        744 bytes,     314040 total
- age   8:      45512 bytes,     359552 total
: 87870K->456K(109248K), 0.0058395 secs] 115513K->28107K(502464K), 0.0058944 secs] [Times: user=0.02 sys=0.00, real=0.01 secs] 
Heap after GC invocations=31 (full 1):
 par new generation   total 109248K, used 456K [0x00000007a0000000, 0x00000007a8000000, 0x00000007a8000000)
  eden space 87424K,   0% used [0x00000007a0000000, 0x00000007a0000000, 0x00000007a5560000)
  from space 21824K,   2% used [0x00000007a6ab0000, 0x00000007a6b220f8, 0x00000007a8000000)
  to   space 21824K,   0% used [0x00000007a5560000, 0x00000007a5560000, 0x00000007a6ab0000)
 concurrent mark-sweep generation total 393216K, used 27650K [0x00000007a8000000, 0x00000007c0000000, 0x00000007c0000000)
 Metaspace       used 33596K, capacity 34018K, committed 34300K, reserved 1079296K
  class space    used 3728K, capacity 3828K, committed 3836K, reserved 1048576K
}
2016-08-12T16:01:18.750+0800: 391841.974: Total time for which application threads were stopped: 0.0060786 seconds, Stopping threads took: 0.0000199 seconds
2016-08-12T16:01:20.756+0800: 391843.980: Total time for which application threads were stopped: 0.0001153 seconds, Stopping threads took: 0.0000255 seconds
2016-08-15T13:32:01.328+0800: 442154.660: Total time for which application threads were stopped: 0.0051356 seconds, Stopping threads took: 0.0002505 seconds
2016-08-15T13:32:01.376+0800: 442154.707: Total time for which application threads were stopped: 0.0001877 seconds, Stopping threads took: 0.0000178 seconds
2016-08-15T13:32:01.388+0800: 442154.720: Total time for which application threads were stopped: 0.0001476 seconds, Stopping threads took: 0.0000211 seconds
2016-08-15T13:32:01.509+0800: 442154.840: Total time for which application threads were stopped: 0.0001524 seconds, Stopping threads took: 0.0000170 seconds
2016-08-15T13:32:01.509+0800: 442154.841: Total time for which application threads were stopped: 0.0000707 seconds, Stopping threads took: 0.0000115 seconds
2016-08-15T13:32:01.510+0800: 442154.841: Total time for which application threads were stopped: 0.0000639 seconds, Stopping threads took: 0.0000118 seconds
2016-08-15T13:32:01.510+0800: 442154.841: Total time for which application threads were stopped: 0.0000624 seconds, Stopping threads took: 0.0000138 seconds
2016-08-15T13:32:01.511+0800: 442154.842: Total time for which application threads were stopped: 0.0000883 seconds, Stopping threads took: 0.0000162 seconds
2016-08-15T13:32:01.511+0800: 442154.843: Total time for which application threads were stopped: 0.0000788 seconds, Stopping threads took: 0.0000191 seconds
2016-08-15T13:32:01.511+0800: 442154.843: Total time for which application threads were stopped: 0.0000523 seconds, Stopping threads took: 0.0000073 seconds
2016-08-15T13:32:01.512+0800: 442154.844: Total time for which application threads were stopped: 0.0002654 seconds, Stopping threads took: 0.0000079 seconds
2016-08-15T13:32:01.583+0800: 442154.914: Total time for which application threads were stopped: 0.0005766 seconds, Stopping threads took: 0.0004262 seconds
2016-08-15T13:32:01.594+0800: 442154.926: Total time for which application threads were stopped: 0.0011935 seconds, Stopping threads took: 0.0000275 seconds
2016-08-15T13:32:01.604+0800: 442154.935: Total time for which application threads were stopped: 0.0001222 seconds, Stopping threads took: 0.0000148 seconds
2016-08-15T13:32:01.604+0800: 442154.935: Total time for which application threads were stopped: 0.0000777 seconds, Stopping threads took: 0.0000106 seconds
2016-08-15T13:32:01.604+0800: 442154.935: Total time for which application threads were stopped: 0.0000776 seconds, Stopping threads took: 0.0000238 seconds
2016-08-15T13:32:01.604+0800: 442154.935: Total time for which application threads were stopped: 0.0000802 seconds, Stopping threads took: 0.0000291 seconds
2016-08-15T13:32:01.604+0800: 442154.936: Total time for which application threads were stopped: 0.0001221 seconds, Stopping threads took: 0.0000471 seconds
2016-08-15T13:32:01.604+0800: 442154.936: Total time for which application threads were stopped: 0.0001029 seconds, Stopping threads took: 0.0000444 seconds
2016-08-15T13:32:01.604+0800: 442154.936: Total time for which application threads were stopped: 0.0000624 seconds, Stopping threads took: 0.0000179 seconds
2016-08-15T13:32:01.605+0800: 442154.936: Total time for which application threads were stopped: 0.0000590 seconds, Stopping threads took: 0.0000178 seconds
2016-08-15T13:32:01.615+0800: 442154.946: Total time for which application threads were stopped: 0.0002718 seconds, Stopping threads took: 0.0000146 seconds
2016-08-15T13:32:01.615+0800: 442154.947: Total time for which application threads were stopped: 0.0001080 seconds, Stopping threads took: 0.0000142 seconds
2016-08-15T13:32:01.680+0800: 442155.012: Total time for which application threads were stopped: 0.0001127 seconds, Stopping threads took: 0.0000305 seconds
2016-08-15T13:32:01.720+0800: 442155.052: Total time for which application threads were stopped: 0.0001143 seconds, Stopping threads took: 0.0000152 seconds
2016-08-15T13:32:01.746+0800: 442155.078: Total time for which application threads were stopped: 0.0000981 seconds, Stopping threads took: 0.0000149 seconds
2016-08-15T13:32:01.752+0800: 442155.083: Total time for which application threads were stopped: 0.0001496 seconds, Stopping threads took: 0.0000116 seconds
2016-08-15T13:32:01.757+0800: 442155.089: Total time for which application threads were stopped: 0.0000702 seconds, Stopping threads took: 0.0000122 seconds
2016-08-15T13:32:04.074+0800: 442157.405: Total time for which application threads were stopped: 0.0001117 seconds, Stopping threads took: 0.0000171 seconds
2016-08-15T13:32:04.091+0800: 442157.423: Total time for which application threads were stopped: 0.0001111 seconds, Stopping threads took: 0.0000197 seconds
2016-08-15T13:32:04.094+0800: 442157.426: Total time for which application threads were stopped: 0.0000708 seconds, Stopping threads took: 0.0000106 seconds
2016-08-15T13:32:04.148+0800: 442157.480: Total time for which application threads were stopped: 0.0001008 seconds, Stopping threads took: 0.0000176 seconds
2016-08-15T13:32:11.693+0800: 442165.025: Total time for which application threads were stopped: 0.0001430 seconds, Stopping threads took: 0.0000213 seconds
2016-08-15T13:32:11.694+0800: 442165.026: Total time for which application threads were stopped: 0.0001112 seconds, Stopping threads took: 0.0000109 seconds
2016-08-15T13:32:11.694+0800: 442165.026: Total time for which application threads were stopped: 0.0000827 seconds, Stopping threads took: 0.0000092 seconds
2016-08-15T13:32:11.694+0800: 442165.027: Total time for which application threads were stopped: 0.0000905 seconds, Stopping threads took: 0.0000092 seconds
2016-08-15T13:32:11.695+0800: 442165.027: Total time for which application threads were stopped: 0.0000455 seconds, Stopping threads took: 0.0000073 seconds
2016-08-15T13:32:11.709+0800: 442165.041: Total time for which application threads were stopped: 0.0001165 seconds, Stopping threads took: 0.0000325 seconds
2016-08-15T13:32:11.716+0800: 442165.048: Total time for which application threads were stopped: 0.0001557 seconds, Stopping threads took: 0.0000316 seconds
2016-08-15T13:32:11.717+0800: 442165.049: Total time for which application threads were stopped: 0.0001558 seconds, Stopping threads took: 0.0000208 seconds
2016-08-15T13:32:11.717+0800: 442165.049: Total time for which application threads were stopped: 0.0001125 seconds, Stopping threads took: 0.0000260 seconds
2016-08-15T13:32:12.721+0800: 442166.053: Total time for which application threads were stopped: 0.0001347 seconds, Stopping threads took: 0.0000247 seconds
2016-08-15T13:32:46.622+0800: 442199.957: Total time for which application threads were stopped: 0.0001128 seconds, Stopping threads took: 0.0000197 seconds
2016-08-15T13:32:46.624+0800: 442199.958: Total time for which application threads were stopped: 0.0002113 seconds, Stopping threads took: 0.0000225 seconds
2016-08-15T13:32:47.628+0800: 442200.963: Total time for which application threads were stopped: 0.0001488 seconds, Stopping threads took: 0.0000317 seconds
2016-08-15T13:34:01.689+0800: 442275.029: Total time for which application threads were stopped: 0.0001348 seconds, Stopping threads took: 0.0000259 seconds
2016-08-15T13:34:01.692+0800: 442275.032: Total time for which application threads were stopped: 0.0001500 seconds, Stopping threads took: 0.0000288 seconds
2016-08-15T13:34:01.693+0800: 442275.033: Total time for which application threads were stopped: 0.0000842 seconds, Stopping threads took: 0.0000163 seconds
2016-08-15T13:34:01.694+0800: 442275.034: Total time for which application threads were stopped: 0.0000838 seconds, Stopping threads took: 0.0000151 seconds
2016-08-15T13:34:01.695+0800: 442275.035: Total time for which application threads were stopped: 0.0000765 seconds, Stopping threads took: 0.0000125 seconds
2016-08-15T13:34:01.697+0800: 442275.037: Total time for which application threads were stopped: 0.0000943 seconds, Stopping threads took: 0.0000177 seconds
2016-08-15T13:34:01.699+0800: 442275.039: Total time for which application threads were stopped: 0.0000885 seconds, Stopping threads took: 0.0000158 seconds
2016-08-15T13:34:01.700+0800: 442275.040: Total time for which application threads were stopped: 0.0001027 seconds, Stopping threads took: 0.0000187 seconds
2016-08-15T13:34:01.700+0800: 442275.040: Total time for which application threads were stopped: 0.0001218 seconds, Stopping threads took: 0.0000459 seconds
2016-08-15T13:34:01.701+0800: 442275.041: Total time for which application threads were stopped: 0.0001554 seconds, Stopping threads took: 0.0000841 seconds
2016-08-15T13:34:01.713+0800: 442275.053: Total time for which application threads were stopped: 0.0001321 seconds, Stopping threads took: 0.0000453 seconds
2016-08-15T13:34:01.714+0800: 442275.054: Total time for which application threads were stopped: 0.0000668 seconds, Stopping threads took: 0.0000212 seconds
2016-08-15T13:34:01.714+0800: 442275.054: Total time for which application threads were stopped: 0.0000635 seconds, Stopping threads took: 0.0000183 seconds
2016-08-15T13:34:01.714+0800: 442275.054: Total time for which application threads were stopped: 0.0000699 seconds, Stopping threads took: 0.0000190 seconds
2016-08-15T13:34:59.180+0800: 442332.524: Total time for which application threads were stopped: 0.0001090 seconds, Stopping threads took: 0.0000212 seconds
2016-08-15T13:34:59.181+0800: 442332.525: Total time for which application threads were stopped: 0.0000585 seconds, Stopping threads took: 0.0000076 seconds
2016-08-15T13:34:59.182+0800: 442332.526: Total time for which application threads were stopped: 0.0000769 seconds, Stopping threads took: 0.0000069 seconds
2016-08-15T13:34:59.184+0800: 442332.528: Total time for which application threads were stopped: 0.0008960 seconds, Stopping threads took: 0.0000161 seconds
2016-08-15T13:34:59.184+0800: 442332.528: Total time for which application threads were stopped: 0.0000900 seconds, Stopping threads took: 0.0000211 seconds
2016-08-15T13:38:18.455+0800: 442531.813: Total time for which application threads were stopped: 0.0001685 seconds, Stopping threads took: 0.0000411 seconds
2016-08-15T13:38:18.459+0800: 442531.817: Total time for which application threads were stopped: 0.0006844 seconds, Stopping threads took: 0.0000175 seconds
2016-08-15T13:38:18.462+0800: 442531.820: Total time for which application threads were stopped: 0.0001097 seconds, Stopping threads took: 0.0000137 seconds
2016-08-15T13:38:18.462+0800: 442531.820: Total time for which application threads were stopped: 0.0000542 seconds, Stopping threads took: 0.0000067 seconds
2016-08-15T13:38:18.462+0800: 442531.821: Total time for which application threads were stopped: 0.0000630 seconds, Stopping threads took: 0.0000078 seconds
2016-08-15T14:46:00.277+0800: 446593.920: Total time for which application threads were stopped: 0.0001166 seconds, Stopping threads took: 0.0000266 seconds
2016-08-15T14:46:00.371+0800: 446594.014: Total time for which application threads were stopped: 0.0001247 seconds, Stopping threads took: 0.0000326 seconds
2016-08-15T14:46:00.373+0800: 446594.017: Total time for which application threads were stopped: 0.0001103 seconds, Stopping threads took: 0.0000269 seconds
2016-08-15T14:46:01.374+0800: 446595.017: Total time for which application threads were stopped: 0.0001575 seconds, Stopping threads took: 0.0000313 seconds
2016-08-15T15:01:52.640+0800: 447546.350: Total time for which application threads were stopped: 0.0001152 seconds, Stopping threads took: 0.0000200 seconds
2016-08-15T15:01:52.643+0800: 447546.352: Total time for which application threads were stopped: 0.0000959 seconds, Stopping threads took: 0.0000151 seconds
2016-08-15T15:02:26.187+0800: 447579.899: Total time for which application threads were stopped: 0.0001066 seconds, Stopping threads took: 0.0000172 seconds
2016-08-15T15:02:26.189+0800: 447579.901: Total time for which application threads were stopped: 0.0000549 seconds, Stopping threads took: 0.0000088 seconds
2016-08-15T15:02:26.191+0800: 447579.903: Total time for which application threads were stopped: 0.0000624 seconds, Stopping threads took: 0.0000106 seconds
2016-08-15T15:02:26.215+0800: 447579.927: Total time for which application threads were stopped: 0.0001133 seconds, Stopping threads took: 0.0000170 seconds
2016-08-15T15:02:26.234+0800: 447579.946: Total time for which application threads were stopped: 0.0007806 seconds, Stopping threads took: 0.0000197 seconds
2016-08-15T15:02:26.337+0800: 447580.049: Total time for which application threads were stopped: 0.0001149 seconds, Stopping threads took: 0.0000195 seconds
2016-08-15T15:02:26.338+0800: 447580.050: Total time for which application threads were stopped: 0.0007054 seconds, Stopping threads took: 0.0000137 seconds
2016-08-15T15:02:26.341+0800: 447580.053: Total time for which application threads were stopped: 0.0001464 seconds, Stopping threads took: 0.0000233 seconds
2016-08-15T15:02:26.341+0800: 447580.053: Total time for which application threads were stopped: 0.0000389 seconds, Stopping threads took: 0.0000056 seconds
2016-08-15T15:02:26.341+0800: 447580.053: Total time for which application threads were stopped: 0.0000370 seconds, Stopping threads took: 0.0000052 seconds
2016-08-15T15:02:27.345+0800: 447581.057: Total time for which application threads were stopped: 0.0001917 seconds, Stopping threads took: 0.0000351 seconds
2016-08-15T15:02:45.882+0800: 447599.596: Total time for which application threads were stopped: 0.0001093 seconds, Stopping threads took: 0.0000186 seconds
2016-08-15T15:02:45.884+0800: 447599.598: Total time for which application threads were stopped: 0.0001302 seconds, Stopping threads took: 0.0000115 seconds
2016-08-15T15:02:45.888+0800: 447599.602: Total time for which application threads were stopped: 0.0000945 seconds, Stopping threads took: 0.0000153 seconds
2016-08-15T15:02:45.909+0800: 447599.622: Total time for which application threads were stopped: 0.0001148 seconds, Stopping threads took: 0.0000178 seconds
2016-08-15T15:02:46.911+0800: 447600.625: Total time for which application threads were stopped: 0.0002399 seconds, Stopping threads took: 0.0000590 seconds
2016-08-15T15:02:51.422+0800: 447605.136: Total time for which application threads were stopped: 0.0001073 seconds, Stopping threads took: 0.0000187 seconds
2016-08-15T15:02:51.424+0800: 447605.138: Total time for which application threads were stopped: 0.0000733 seconds, Stopping threads took: 0.0000109 seconds
2016-08-15T15:02:51.429+0800: 447605.143: Total time for which application threads were stopped: 0.0000755 seconds, Stopping threads took: 0.0000112 seconds
2016-08-15T15:02:51.450+0800: 447605.163: Total time for which application threads were stopped: 0.0001737 seconds, Stopping threads took: 0.0000156 seconds
2016-08-15T15:02:52.454+0800: 447606.168: Total time for which application threads were stopped: 0.0001085 seconds, Stopping threads took: 0.0000302 seconds
2016-08-15T15:03:11.609+0800: 447625.324: Total time for which application threads were stopped: 0.0001147 seconds, Stopping threads took: 0.0000189 seconds
2016-08-15T15:03:11.612+0800: 447625.327: Total time for which application threads were stopped: 0.0000995 seconds, Stopping threads took: 0.0000160 seconds
2016-08-15T15:03:50.357+0800: 447664.075: Total time for which application threads were stopped: 0.0001103 seconds, Stopping threads took: 0.0000188 seconds
2016-08-15T15:03:50.359+0800: 447664.077: Total time for which application threads were stopped: 0.0000700 seconds, Stopping threads took: 0.0000111 seconds
2016-08-15T15:03:50.365+0800: 447664.083: Total time for which application threads were stopped: 0.0001026 seconds, Stopping threads took: 0.0000171 seconds
{Heap before GC invocations=31 (full 1):
 par new generation   total 109248K, used 87880K [0x00000007a0000000, 0x00000007a8000000, 0x00000007a8000000)
  eden space 87424K, 100% used [0x00000007a0000000, 0x00000007a5560000, 0x00000007a5560000)
  from space 21824K,   2% used [0x00000007a6ab0000, 0x00000007a6b220f8, 0x00000007a8000000)
  to   space 21824K,   0% used [0x00000007a5560000, 0x00000007a5560000, 0x00000007a6ab0000)
 concurrent mark-sweep generation total 393216K, used 27650K [0x00000007a8000000, 0x00000007c0000000, 0x00000007c0000000)
 Metaspace       used 33788K, capacity 34222K, committed 34556K, reserved 1079296K
  class space    used 3742K, capacity 3830K, committed 3836K, reserved 1048576K
2016-08-15T15:03:50.367+0800: 447664.085: [GC (Allocation Failure) 2016-08-15T15:03:50.367+0800: 447664.085: [ParNew
Desired survivor size 20112992 bytes, new threshold 8 (max 8)
- age   1:     884992 bytes,     884992 total
- age   2:       4248 bytes,     889240 total
- age   3:       1104 bytes,     890344 total
- age   4:       1560 bytes,     891904 total
- age   5:       2632 bytes,     894536 total
- age   6:        160 bytes,     894696 total
- age   7:      18152 bytes,     912848 total
: 87880K->1009K(109248K), 0.0086109 secs] 115531K->28696K(502464K), 0.0086719 secs] [Times: user=0.01 sys=0.02, real=0.01 secs] 
Heap after GC invocations=32 (full 1):
 par new generation   total 109248K, used 1009K [0x00000007a0000000, 0x00000007a8000000, 0x00000007a8000000)
  eden space 87424K,   0% used [0x00000007a0000000, 0x00000007a0000000, 0x00000007a5560000)
  from space 21824K,   4% used [0x00000007a5560000, 0x00000007a565c4b0, 0x00000007a6ab0000)
  to   space 21824K,   0% used [0x00000007a6ab0000, 0x00000007a6ab0000, 0x00000007a8000000)
 concurrent mark-sweep generation total 393216K, used 27687K [0x00000007a8000000, 0x00000007c0000000, 0x00000007c0000000)
 Metaspace       used 33788K, capacity 34222K, committed 34556K, reserved 1079296K
  class space    used 3742K, capacity 3830K, committed 3836K, reserved 1048576K
}
2016-08-15T15:03:50.376+0800: 447664.094: Total time for which application threads were stopped: 0.0088894 seconds, Stopping threads took: 0.0000097 seconds
2016-08-15T15:03:50.376+0800: 447664.094: Total time for which application threads were stopped: 0.0001555 seconds, Stopping threads took: 0.0000705 seconds
2016-08-15T15:03:50.377+0800: 447664.094: Total time for which application threads were stopped: 0.0001421 seconds, Stopping threads took: 0.0000079 seconds
2016-08-15T15:03:50.398+0800: 447664.116: Total time for which application threads were stopped: 0.0001192 seconds, Stopping threads took: 0.0000196 seconds
2016-08-15T15:03:51.400+0800: 447665.118: Total time for which application threads were stopped: 0.0001631 seconds, Stopping threads took: 0.0000323 seconds
2016-08-15T15:03:54.865+0800: 447668.583: Total time for which application threads were stopped: 0.0001339 seconds, Stopping threads took: 0.0000305 seconds
2016-08-15T15:03:54.867+0800: 447668.585: Total time for which application threads were stopped: 0.0000774 seconds, Stopping threads took: 0.0000129 seconds
2016-08-15T15:03:54.873+0800: 447668.591: Total time for which application threads were stopped: 0.0001121 seconds, Stopping threads took: 0.0000177 seconds
2016-08-15T15:03:54.895+0800: 447668.614: Total time for which application threads were stopped: 0.0001110 seconds, Stopping threads took: 0.0000279 seconds
2016-08-15T15:03:55.899+0800: 447669.618: Total time for which application threads were stopped: 0.0001164 seconds, Stopping threads took: 0.0000314 seconds
2016-08-15T15:17:30.158+0800: 448483.933: Total time for which application threads were stopped: 0.0001053 seconds, Stopping threads took: 0.0000182 seconds
2016-08-15T15:17:31.159+0800: 448484.934: Total time for which application threads were stopped: 0.0001834 seconds, Stopping threads took: 0.0000296 seconds
2016-08-15T15:17:59.637+0800: 448513.414: Total time for which application threads were stopped: 0.0001087 seconds, Stopping threads took: 0.0000195 seconds
2016-08-15T15:17:59.640+0800: 448513.416: Total time for which application threads were stopped: 0.0001020 seconds, Stopping threads took: 0.0000243 seconds
2016-08-15T15:17:59.646+0800: 448513.423: Total time for which application threads were stopped: 0.0002806 seconds, Stopping threads took: 0.0000164 seconds
2016-08-15T15:17:59.667+0800: 448513.444: Total time for which application threads were stopped: 0.0001411 seconds, Stopping threads took: 0.0000296 seconds
2016-08-15T15:18:01.781+0800: 448515.558: Total time for which application threads were stopped: 0.0001153 seconds, Stopping threads took: 0.0000190 seconds
2016-08-15T15:18:01.784+0800: 448515.561: Total time for which application threads were stopped: 0.0000951 seconds, Stopping threads took: 0.0000160 seconds
2016-08-15T15:18:24.906+0800: 448538.684: Total time for which application threads were stopped: 0.0001329 seconds, Stopping threads took: 0.0000179 seconds
2016-08-15T15:18:24.908+0800: 448538.686: Total time for which application threads were stopped: 0.0001050 seconds, Stopping threads took: 0.0000202 seconds
2016-08-15T15:20:28.653+0800: 448662.440: Total time for which application threads were stopped: 0.0001083 seconds, Stopping threads took: 0.0000195 seconds
2016-08-15T15:20:28.655+0800: 448662.443: Total time for which application threads were stopped: 0.0000991 seconds, Stopping threads took: 0.0000209 seconds
2016-08-15T15:20:54.910+0800: 448688.699: Total time for which application threads were stopped: 0.0001884 seconds, Stopping threads took: 0.0000183 seconds
2016-08-15T15:20:54.912+0800: 448688.701: Total time for which application threads were stopped: 0.0000656 seconds, Stopping threads took: 0.0000094 seconds
2016-08-15T15:20:54.918+0800: 448688.706: Total time for which application threads were stopped: 0.0001101 seconds, Stopping threads took: 0.0000174 seconds
2016-08-15T15:20:54.939+0800: 448688.728: Total time for which application threads were stopped: 0.0001145 seconds, Stopping threads took: 0.0000184 seconds
2016-08-15T15:20:55.941+0800: 448689.730: Total time for which application threads were stopped: 0.0001501 seconds, Stopping threads took: 0.0000329 seconds
2016-08-15T15:20:59.190+0800: 448692.979: Total time for which application threads were stopped: 0.0001371 seconds, Stopping threads took: 0.0000264 seconds
2016-08-15T15:20:59.193+0800: 448692.982: Total time for which application threads were stopped: 0.0000882 seconds, Stopping threads took: 0.0000148 seconds
2016-08-15T15:21:11.782+0800: 448705.572: Total time for which application threads were stopped: 0.0001050 seconds, Stopping threads took: 0.0000183 seconds
2016-08-15T15:21:11.784+0800: 448705.574: Total time for which application threads were stopped: 0.0000952 seconds, Stopping threads took: 0.0000147 seconds
2016-08-15T15:21:11.790+0800: 448705.580: Total time for which application threads were stopped: 0.0001062 seconds, Stopping threads took: 0.0000178 seconds
2016-08-15T15:21:11.811+0800: 448705.601: Total time for which application threads were stopped: 0.0001102 seconds, Stopping threads took: 0.0000186 seconds
2016-08-15T15:21:12.812+0800: 448706.602: Total time for which application threads were stopped: 0.0001656 seconds, Stopping threads took: 0.0000324 seconds
2016-08-15T15:22:16.603+0800: 448770.397: Total time for which application threads were stopped: 0.0001063 seconds, Stopping threads took: 0.0000195 seconds
2016-08-15T15:22:17.603+0800: 448771.398: Total time for which application threads were stopped: 0.0001689 seconds, Stopping threads took: 0.0000329 seconds
2016-08-15T15:22:34.528+0800: 448788.323: Total time for which application threads were stopped: 0.0001140 seconds, Stopping threads took: 0.0000280 seconds
2016-08-15T15:22:35.531+0800: 448789.327: Total time for which application threads were stopped: 0.0001359 seconds, Stopping threads took: 0.0000290 seconds
2016-08-15T15:27:29.658+0800: 449083.474: Total time for which application threads were stopped: 0.0001096 seconds, Stopping threads took: 0.0000191 seconds
2016-08-15T15:27:29.660+0800: 449083.476: Total time for which application threads were stopped: 0.0000985 seconds, Stopping threads took: 0.0000243 seconds
2016-08-15T15:27:29.664+0800: 449083.480: Total time for which application threads were stopped: 0.0000922 seconds, Stopping threads took: 0.0000144 seconds
2016-08-15T15:27:29.683+0800: 449083.499: Total time for which application threads were stopped: 0.0001031 seconds, Stopping threads took: 0.0000179 seconds
2016-08-15T15:27:57.702+0800: 449111.520: Total time for which application threads were stopped: 0.0001087 seconds, Stopping threads took: 0.0000186 seconds
2016-08-15T15:27:57.704+0800: 449111.522: Total time for which application threads were stopped: 0.0000902 seconds, Stopping threads took: 0.0000143 seconds
2016-08-15T15:28:02.387+0800: 449116.205: Total time for which application threads were stopped: 0.0001015 seconds, Stopping threads took: 0.0000168 seconds
2016-08-15T15:28:02.389+0800: 449116.207: Total time for which application threads were stopped: 0.0000687 seconds, Stopping threads took: 0.0000109 seconds
2016-08-15T15:28:02.394+0800: 449116.213: Total time for which application threads were stopped: 0.0001069 seconds, Stopping threads took: 0.0000178 seconds
2016-08-15T15:28:02.411+0800: 449116.229: Total time for which application threads were stopped: 0.0001228 seconds, Stopping threads took: 0.0000207 seconds
2016-08-15T15:33:27.676+0800: 449441.516: Total time for which application threads were stopped: 0.0001133 seconds, Stopping threads took: 0.0000214 seconds
2016-08-15T15:33:27.739+0800: 449441.580: Total time for which application threads were stopped: 0.0001050 seconds, Stopping threads took: 0.0000170 seconds
2016-08-15T15:33:27.741+0800: 449441.582: Total time for which application threads were stopped: 0.0000832 seconds, Stopping threads took: 0.0000125 seconds
2016-08-15T15:33:30.582+0800: 449444.423: Total time for which application threads were stopped: 0.0001080 seconds, Stopping threads took: 0.0000190 seconds
2016-08-15T15:33:30.584+0800: 449444.425: Total time for which application threads were stopped: 0.0000887 seconds, Stopping threads took: 0.0000139 seconds
2016-08-15T15:34:37.542+0800: 449511.387: Total time for which application threads were stopped: 0.0001085 seconds, Stopping threads took: 0.0000191 seconds
2016-08-15T15:34:37.544+0800: 449511.390: Total time for which application threads were stopped: 0.0000947 seconds, Stopping threads took: 0.0000150 seconds
2016-08-15T15:35:30.116+0800: 449563.966: Total time for which application threads were stopped: 0.0001172 seconds, Stopping threads took: 0.0000287 seconds
2016-08-15T15:35:30.119+0800: 449563.968: Total time for which application threads were stopped: 0.0002115 seconds, Stopping threads took: 0.0000235 seconds
2016-08-15T15:35:38.647+0800: 449572.497: Total time for which application threads were stopped: 0.0001213 seconds, Stopping threads took: 0.0000186 seconds
2016-08-15T15:35:38.649+0800: 449572.499: Total time for which application threads were stopped: 0.0000743 seconds, Stopping threads took: 0.0000121 seconds
2016-08-15T15:35:51.674+0800: 449585.524: Total time for which application threads were stopped: 0.0001160 seconds, Stopping threads took: 0.0000283 seconds
2016-08-15T15:35:51.676+0800: 449585.527: Total time for which application threads were stopped: 0.0000940 seconds, Stopping threads took: 0.0000166 seconds
2016-08-15T15:35:57.914+0800: 449591.765: Total time for which application threads were stopped: 0.0001110 seconds, Stopping threads took: 0.0000190 seconds
2016-08-15T15:35:57.917+0800: 449591.769: Total time for which application threads were stopped: 0.0001038 seconds, Stopping threads took: 0.0000181 seconds
2016-08-15T15:35:57.923+0800: 449591.774: Total time for which application threads were stopped: 0.0001062 seconds, Stopping threads took: 0.0000277 seconds
2016-08-15T15:35:57.925+0800: 449591.776: Total time for which application threads were stopped: 0.0000770 seconds, Stopping threads took: 0.0000119 seconds
2016-08-15T15:35:57.927+0800: 449591.778: Total time for which application threads were stopped: 0.0000706 seconds, Stopping threads took: 0.0000116 seconds
2016-08-15T15:35:57.930+0800: 449591.781: Total time for which application threads were stopped: 0.0000877 seconds, Stopping threads took: 0.0000132 seconds
2016-08-15T15:35:57.932+0800: 449591.783: Total time for which application threads were stopped: 0.0000744 seconds, Stopping threads took: 0.0000110 seconds
2016-08-15T15:35:57.933+0800: 449591.785: Total time for which application threads were stopped: 0.0000730 seconds, Stopping threads took: 0.0000108 seconds
2016-08-15T15:35:57.939+0800: 449591.790: Total time for which application threads were stopped: 0.0001060 seconds, Stopping threads took: 0.0000167 seconds
2016-08-15T15:35:57.941+0800: 449591.792: Total time for which application threads were stopped: 0.0000767 seconds, Stopping threads took: 0.0000114 seconds
2016-08-15T15:35:57.943+0800: 449591.794: Total time for which application threads were stopped: 0.0000911 seconds, Stopping threads took: 0.0000160 seconds
2016-08-15T15:35:57.946+0800: 449591.797: Total time for which application threads were stopped: 0.0000903 seconds, Stopping threads took: 0.0000147 seconds
2016-08-15T15:35:58.949+0800: 449592.800: Total time for which application threads were stopped: 0.0001628 seconds, Stopping threads took: 0.0000335 seconds
2016-08-15T15:35:59.430+0800: 449593.281: Total time for which application threads were stopped: 0.0001474 seconds, Stopping threads took: 0.0000303 seconds
2016-08-15T15:35:59.434+0800: 449593.285: Total time for which application threads were stopped: 0.0001037 seconds, Stopping threads took: 0.0000160 seconds
2016-08-15T15:35:59.455+0800: 449593.306: Total time for which application threads were stopped: 0.0001319 seconds, Stopping threads took: 0.0000264 seconds
2016-08-15T15:35:59.464+0800: 449593.315: Total time for which application threads were stopped: 0.0001531 seconds, Stopping threads took: 0.0000350 seconds
2016-08-15T15:35:59.464+0800: 449593.315: Total time for which application threads were stopped: 0.0000851 seconds, Stopping threads took: 0.0000179 seconds
2016-08-15T15:35:59.469+0800: 449593.320: Total time for which application threads were stopped: 0.0000978 seconds, Stopping threads took: 0.0000198 seconds
2016-08-15T15:35:59.469+0800: 449593.320: Total time for which application threads were stopped: 0.0000885 seconds, Stopping threads took: 0.0000175 seconds
2016-08-15T15:35:59.469+0800: 449593.320: Total time for which application threads were stopped: 0.0000741 seconds, Stopping threads took: 0.0000173 seconds
2016-08-15T15:35:59.470+0800: 449593.321: Total time for which application threads were stopped: 0.0007941 seconds, Stopping threads took: 0.0000386 seconds
2016-08-15T15:35:59.475+0800: 449593.326: Total time for which application threads were stopped: 0.0001141 seconds, Stopping threads took: 0.0000176 seconds
2016-08-15T15:36:04.151+0800: 449598.002: Total time for which application threads were stopped: 0.0001169 seconds, Stopping threads took: 0.0000204 seconds
2016-08-15T15:36:04.153+0800: 449598.005: Total time for which application threads were stopped: 0.0001053 seconds, Stopping threads took: 0.0000274 seconds
2016-08-15T15:36:04.158+0800: 449598.009: Total time for which application threads were stopped: 0.0001125 seconds, Stopping threads took: 0.0000194 seconds
2016-08-15T15:36:04.160+0800: 449598.012: Total time for which application threads were stopped: 0.0001486 seconds, Stopping threads took: 0.0000119 seconds
2016-08-15T15:36:04.162+0800: 449598.013: Total time for which application threads were stopped: 0.0000796 seconds, Stopping threads took: 0.0000124 seconds
2016-08-15T15:36:04.165+0800: 449598.017: Total time for which application threads were stopped: 0.0000891 seconds, Stopping threads took: 0.0000145 seconds
2016-08-15T15:36:04.167+0800: 449598.019: Total time for which application threads were stopped: 0.0000839 seconds, Stopping threads took: 0.0000124 seconds
2016-08-15T15:36:04.169+0800: 449598.020: Total time for which application threads were stopped: 0.0000781 seconds, Stopping threads took: 0.0000109 seconds
2016-08-15T15:36:04.174+0800: 449598.025: Total time for which application threads were stopped: 0.0001171 seconds, Stopping threads took: 0.0000271 seconds
2016-08-15T15:36:04.176+0800: 449598.028: Total time for which application threads were stopped: 0.0001076 seconds, Stopping threads took: 0.0000260 seconds
2016-08-15T15:36:04.178+0800: 449598.030: Total time for which application threads were stopped: 0.0000754 seconds, Stopping threads took: 0.0000194 seconds
2016-08-15T15:36:04.180+0800: 449598.032: Total time for which application threads were stopped: 0.0000640 seconds, Stopping threads took: 0.0000100 seconds
2016-08-15T15:36:06.895+0800: 449600.746: Total time for which application threads were stopped: 0.0001125 seconds, Stopping threads took: 0.0000279 seconds
2016-08-15T15:36:06.897+0800: 449600.749: Total time for which application threads were stopped: 0.0000852 seconds, Stopping threads took: 0.0000210 seconds
2016-08-15T15:36:59.468+0800: 449653.323: Total time for which application threads were stopped: 0.0001429 seconds, Stopping threads took: 0.0000309 seconds
2016-08-15T15:38:01.484+0800: 449715.344: Total time for which application threads were stopped: 0.0001126 seconds, Stopping threads took: 0.0000225 seconds
2016-08-15T15:38:02.489+0800: 449716.349: Total time for which application threads were stopped: 0.0001776 seconds, Stopping threads took: 0.0000382 seconds
2016-08-15T15:38:16.876+0800: 449730.737: Total time for which application threads were stopped: 0.0000987 seconds, Stopping threads took: 0.0000181 seconds
2016-08-15T15:38:17.368+0800: 449731.229: Total time for which application threads were stopped: 0.0001224 seconds, Stopping threads took: 0.0000178 seconds
2016-08-15T15:38:17.582+0800: 449731.443: Total time for which application threads were stopped: 0.0001373 seconds, Stopping threads took: 0.0000204 seconds
2016-08-15T15:38:27.378+0800: 449741.239: Total time for which application threads were stopped: 0.0001412 seconds, Stopping threads took: 0.0000284 seconds
2016-08-15T15:38:27.379+0800: 449741.240: Total time for which application threads were stopped: 0.0000841 seconds, Stopping threads took: 0.0000159 seconds
2016-08-15T15:38:27.379+0800: 449741.240: Total time for which application threads were stopped: 0.0000856 seconds, Stopping threads took: 0.0000182 seconds
2016-08-15T15:38:27.379+0800: 449741.241: Total time for which application threads were stopped: 0.0000847 seconds, Stopping threads took: 0.0000149 seconds
2016-08-15T15:38:27.380+0800: 449741.241: Total time for which application threads were stopped: 0.0000729 seconds, Stopping threads took: 0.0000117 seconds
2016-08-15T15:38:27.408+0800: 449741.270: Total time for which application threads were stopped: 0.0001170 seconds, Stopping threads took: 0.0000192 seconds
2016-08-15T15:38:27.409+0800: 449741.271: Total time for which application threads were stopped: 0.0000721 seconds, Stopping threads took: 0.0000113 seconds
2016-08-15T15:38:27.409+0800: 449741.271: Total time for which application threads were stopped: 0.0000535 seconds, Stopping threads took: 0.0000076 seconds
2016-08-15T15:38:27.424+0800: 449741.286: Total time for which application threads were stopped: 0.0001096 seconds, Stopping threads took: 0.0000180 seconds
2016-08-15T15:38:27.424+0800: 449741.286: Total time for which application threads were stopped: 0.0000407 seconds, Stopping threads took: 0.0000073 seconds
2016-08-15T15:38:27.424+0800: 449741.286: Total time for which application threads were stopped: 0.0001867 seconds, Stopping threads took: 0.0000886 seconds
2016-08-15T15:38:34.022+0800: 449747.884: Total time for which application threads were stopped: 0.0001085 seconds, Stopping threads took: 0.0000206 seconds
2016-08-15T15:38:34.023+0800: 449747.885: Total time for which application threads were stopped: 0.0000714 seconds, Stopping threads took: 0.0000098 seconds
2016-08-15T15:38:34.024+0800: 449747.886: Total time for which application threads were stopped: 0.0000605 seconds, Stopping threads took: 0.0000099 seconds
2016-08-15T15:38:37.023+0800: 449750.885: Total time for which application threads were stopped: 0.0001030 seconds, Stopping threads took: 0.0000173 seconds
2016-08-15T15:38:43.677+0800: 449757.539: Total time for which application threads were stopped: 0.0001136 seconds, Stopping threads took: 0.0000217 seconds
2016-08-15T15:38:44.681+0800: 449758.544: Total time for which application threads were stopped: 0.0002681 seconds, Stopping threads took: 0.0001139 seconds
2016-08-15T15:39:33.829+0800: 449807.696: Total time for which application threads were stopped: 0.0001406 seconds, Stopping threads took: 0.0000313 seconds
2016-08-15T15:40:17.367+0800: 449851.237: Total time for which application threads were stopped: 0.0001447 seconds, Stopping threads took: 0.0000413 seconds
2016-08-15T15:40:17.371+0800: 449851.240: Total time for which application threads were stopped: 0.0001593 seconds, Stopping threads took: 0.0000404 seconds
2016-08-15T15:40:17.372+0800: 449851.241: Total time for which application threads were stopped: 0.0001047 seconds, Stopping threads took: 0.0000178 seconds
2016-08-15T15:40:17.372+0800: 449851.242: Total time for which application threads were stopped: 0.0000978 seconds, Stopping threads took: 0.0000141 seconds
2016-08-15T15:40:17.373+0800: 449851.242: Total time for which application threads were stopped: 0.0000984 seconds, Stopping threads took: 0.0000143 seconds
2016-08-15T15:40:17.375+0800: 449851.244: Total time for which application threads were stopped: 0.0000781 seconds, Stopping threads took: 0.0000149 seconds
2016-08-15T15:40:17.378+0800: 449851.247: Total time for which application threads were stopped: 0.0001189 seconds, Stopping threads took: 0.0000421 seconds
2016-08-15T15:40:17.378+0800: 449851.248: Total time for which application threads were stopped: 0.0000777 seconds, Stopping threads took: 0.0000237 seconds
2016-08-15T15:40:17.379+0800: 449851.248: Total time for which application threads were stopped: 0.0000794 seconds, Stopping threads took: 0.0000253 seconds
2016-08-15T15:40:17.379+0800: 449851.248: Total time for which application threads were stopped: 0.0001328 seconds, Stopping threads took: 0.0000652 seconds
2016-08-15T15:40:17.379+0800: 449851.248: Total time for which application threads were stopped: 0.0000790 seconds, Stopping threads took: 0.0000301 seconds
2016-08-15T15:40:18.384+0800: 449852.253: Total time for which application threads were stopped: 0.0002655 seconds, Stopping threads took: 0.0000529 seconds
2016-08-15T15:40:33.848+0800: 449867.718: Total time for which application threads were stopped: 0.0001315 seconds, Stopping threads took: 0.0000222 seconds
2016-08-15T15:40:33.848+0800: 449867.719: Total time for which application threads were stopped: 0.0000634 seconds, Stopping threads took: 0.0000075 seconds
2016-08-15T15:40:33.861+0800: 449867.731: Total time for which application threads were stopped: 0.0001092 seconds, Stopping threads took: 0.0000186 seconds
2016-08-15T15:40:33.863+0800: 449867.733: Total time for which application threads were stopped: 0.0001016 seconds, Stopping threads took: 0.0000136 seconds
2016-08-15T15:40:39.056+0800: 449872.926: Total time for which application threads were stopped: 0.0001080 seconds, Stopping threads took: 0.0000208 seconds
2016-08-15T15:40:39.058+0800: 449872.928: Total time for which application threads were stopped: 0.0000703 seconds, Stopping threads took: 0.0000107 seconds
2016-08-15T15:40:39.063+0800: 449872.934: Total time for which application threads were stopped: 0.0001175 seconds, Stopping threads took: 0.0000187 seconds
2016-08-15T15:40:39.083+0800: 449872.953: Total time for which application threads were stopped: 0.0001065 seconds, Stopping threads took: 0.0000189 seconds
2016-08-15T15:40:41.578+0800: 449875.449: Total time for which application threads were stopped: 0.0001124 seconds, Stopping threads took: 0.0000187 seconds
2016-08-15T15:40:41.580+0800: 449875.451: Total time for which application threads were stopped: 0.0000870 seconds, Stopping threads took: 0.0000142 seconds
2016-08-15T15:40:48.484+0800: 449882.356: Total time for which application threads were stopped: 0.0001059 seconds, Stopping threads took: 0.0000196 seconds
2016-08-15T15:40:48.486+0800: 449882.358: Total time for which application threads were stopped: 0.0000843 seconds, Stopping threads took: 0.0000136 seconds
2016-08-15T15:40:48.492+0800: 449882.364: Total time for which application threads were stopped: 0.0001909 seconds, Stopping threads took: 0.0000211 seconds
2016-08-15T15:40:48.512+0800: 449882.383: Total time for which application threads were stopped: 0.0001196 seconds, Stopping threads took: 0.0000203 seconds
2016-08-15T15:40:48.513+0800: 449882.384: Total time for which application threads were stopped: 0.0000679 seconds, Stopping threads took: 0.0000082 seconds
2016-08-15T16:07:49.303+0800: 451503.286: Total time for which application threads were stopped: 0.0001133 seconds, Stopping threads took: 0.0000198 seconds
2016-08-15T16:07:49.305+0800: 451503.288: Total time for which application threads were stopped: 0.0001010 seconds, Stopping threads took: 0.0000244 seconds
2016-08-15T16:07:49.309+0800: 451503.291: Total time for which application threads were stopped: 0.0001049 seconds, Stopping threads took: 0.0000163 seconds
2016-08-15T16:07:49.323+0800: 451503.306: Total time for which application threads were stopped: 0.0001278 seconds, Stopping threads took: 0.0000179 seconds
2016-08-15T16:07:50.329+0800: 451504.311: Total time for which application threads were stopped: 0.0002413 seconds, Stopping threads took: 0.0000530 seconds
2016-08-15T16:08:48.034+0800: 451562.021: Total time for which application threads were stopped: 0.0001093 seconds, Stopping threads took: 0.0000178 seconds
2016-08-15T16:08:48.036+0800: 451562.023: Total time for which application threads were stopped: 0.0000901 seconds, Stopping threads took: 0.0000153 seconds
2016-08-15T16:08:48.040+0800: 451562.026: Total time for which application threads were stopped: 0.0000878 seconds, Stopping threads took: 0.0000151 seconds
2016-08-15T16:08:48.059+0800: 451562.045: Total time for which application threads were stopped: 0.0001190 seconds, Stopping threads took: 0.0000289 seconds
2016-08-15T16:08:49.062+0800: 451563.048: Total time for which application threads were stopped: 0.0002467 seconds, Stopping threads took: 0.0000553 seconds
2016-08-15T16:08:50.611+0800: 451564.598: Total time for which application threads were stopped: 0.0001280 seconds, Stopping threads took: 0.0000298 seconds
2016-08-15T16:08:50.614+0800: 451564.600: Total time for which application threads were stopped: 0.0000932 seconds, Stopping threads took: 0.0000159 seconds
2016-08-15T16:09:21.154+0800: 451595.142: Total time for which application threads were stopped: 0.0001084 seconds, Stopping threads took: 0.0000193 seconds
2016-08-15T16:09:21.156+0800: 451595.144: Total time for which application threads were stopped: 0.0000843 seconds, Stopping threads took: 0.0000216 seconds
2016-08-15T16:09:21.161+0800: 451595.150: Total time for which application threads were stopped: 0.0001000 seconds, Stopping threads took: 0.0000169 seconds
2016-08-15T16:09:21.180+0800: 451595.169: Total time for which application threads were stopped: 0.0001127 seconds, Stopping threads took: 0.0000277 seconds
2016-08-15T16:09:22.185+0800: 451596.174: Total time for which application threads were stopped: 0.0002796 seconds, Stopping threads took: 0.0000536 seconds
2016-08-15T16:10:28.289+0800: 451662.283: Total time for which application threads were stopped: 0.0001063 seconds, Stopping threads took: 0.0000187 seconds
2016-08-15T16:10:28.291+0800: 451662.284: Total time for which application threads were stopped: 0.0000939 seconds, Stopping threads took: 0.0000095 seconds
2016-08-15T16:10:28.296+0800: 451662.290: Total time for which application threads were stopped: 0.0000953 seconds, Stopping threads took: 0.0000156 seconds
2016-08-15T16:10:28.316+0800: 451662.310: Total time for which application threads were stopped: 0.0001105 seconds, Stopping threads took: 0.0000193 seconds
2016-08-15T16:10:29.843+0800: 451663.836: Total time for which application threads were stopped: 0.0001138 seconds, Stopping threads took: 0.0000201 seconds
2016-08-15T16:10:29.845+0800: 451663.839: Total time for which application threads were stopped: 0.0001542 seconds, Stopping threads took: 0.0000140 seconds
2016-08-15T16:10:36.685+0800: 451670.679: Total time for which application threads were stopped: 0.0001115 seconds, Stopping threads took: 0.0000197 seconds
2016-08-15T16:10:36.687+0800: 451670.681: Total time for which application threads were stopped: 0.0000896 seconds, Stopping threads took: 0.0000144 seconds
2016-08-15T16:10:36.692+0800: 451670.686: Total time for which application threads were stopped: 0.0000989 seconds, Stopping threads took: 0.0000166 seconds
2016-08-15T16:10:36.711+0800: 451670.705: Total time for which application threads were stopped: 0.0001164 seconds, Stopping threads took: 0.0000261 seconds
2016-08-15T16:26:35.592+0800: 452629.652: Total time for which application threads were stopped: 0.0001468 seconds, Stopping threads took: 0.0000229 seconds
2016-08-15T16:26:36.595+0800: 452630.655: Total time for which application threads were stopped: 0.0002374 seconds, Stopping threads took: 0.0000568 seconds
2016-08-15T16:26:39.811+0800: 452633.871: Total time for which application threads were stopped: 0.0001307 seconds, Stopping threads took: 0.0000213 seconds
2016-08-15T16:26:39.877+0800: 452633.938: Total time for which application threads were stopped: 0.0001960 seconds, Stopping threads took: 0.0000670 seconds
2016-08-15T16:26:39.877+0800: 452633.938: Total time for which application threads were stopped: 0.0001233 seconds, Stopping threads took: 0.0000263 seconds
2016-08-15T16:26:39.878+0800: 452633.939: Total time for which application threads were stopped: 0.0001568 seconds, Stopping threads took: 0.0000312 seconds
2016-08-15T16:26:39.879+0800: 452633.939: Total time for which application threads were stopped: 0.0002920 seconds, Stopping threads took: 0.0002151 seconds
2016-08-15T16:26:39.879+0800: 452633.940: Total time for which application threads were stopped: 0.0001148 seconds, Stopping threads took: 0.0000258 seconds
2016-08-15T16:26:39.886+0800: 452633.946: Total time for which application threads were stopped: 0.0001025 seconds, Stopping threads took: 0.0000232 seconds
2016-08-15T16:26:39.886+0800: 452633.947: Total time for which application threads were stopped: 0.0001337 seconds, Stopping threads took: 0.0000419 seconds
2016-08-15T16:26:39.891+0800: 452633.951: Total time for which application threads were stopped: 0.0001807 seconds, Stopping threads took: 0.0000537 seconds
2016-08-15T16:26:39.930+0800: 452633.990: Total time for which application threads were stopped: 0.0002155 seconds, Stopping threads took: 0.0000645 seconds
2016-08-15T16:26:39.936+0800: 452633.997: Total time for which application threads were stopped: 0.0000978 seconds, Stopping threads took: 0.0000290 seconds
2016-08-15T16:26:40.145+0800: 452634.205: Total time for which application threads were stopped: 0.0001428 seconds, Stopping threads took: 0.0000274 seconds
2016-08-15T16:26:40.145+0800: 452634.205: Total time for which application threads were stopped: 0.0000940 seconds, Stopping threads took: 0.0000187 seconds
2016-08-15T16:26:40.150+0800: 452634.210: Total time for which application threads were stopped: 0.0001128 seconds, Stopping threads took: 0.0000319 seconds
2016-08-15T16:26:40.150+0800: 452634.210: Total time for which application threads were stopped: 0.0001203 seconds, Stopping threads took: 0.0000432 seconds
2016-08-15T16:26:41.152+0800: 452635.213: Total time for which application threads were stopped: 0.0001525 seconds, Stopping threads took: 0.0000350 seconds
2016-08-15T16:26:48.162+0800: 452642.223: Total time for which application threads were stopped: 0.0001489 seconds, Stopping threads took: 0.0000228 seconds
2016-08-15T16:26:59.525+0800: 452653.587: Total time for which application threads were stopped: 0.0001700 seconds, Stopping threads took: 0.0000329 seconds
2016-08-15T16:26:59.526+0800: 452653.587: Total time for which application threads were stopped: 0.0000925 seconds, Stopping threads took: 0.0000215 seconds
2016-08-15T16:26:59.530+0800: 452653.592: Total time for which application threads were stopped: 0.0000848 seconds, Stopping threads took: 0.0000110 seconds
2016-08-15T16:26:59.530+0800: 452653.592: Total time for which application threads were stopped: 0.0000821 seconds, Stopping threads took: 0.0000207 seconds
2016-08-15T16:26:59.530+0800: 452653.592: Total time for which application threads were stopped: 0.0000700 seconds, Stopping threads took: 0.0000158 seconds
2016-08-15T16:26:59.530+0800: 452653.592: Total time for which application threads were stopped: 0.0001059 seconds, Stopping threads took: 0.0000428 seconds
2016-08-15T16:27:10.548+0800: 452664.611: Total time for which application threads were stopped: 0.0001319 seconds, Stopping threads took: 0.0000293 seconds
2016-08-15T16:27:21.566+0800: 452675.630: Total time for which application threads were stopped: 0.0002616 seconds, Stopping threads took: 0.0000543 seconds
2016-08-15T16:27:22.569+0800: 452676.633: Total time for which application threads were stopped: 0.0001495 seconds, Stopping threads took: 0.0000328 seconds
2016-08-15T16:27:24.574+0800: 452678.637: Total time for which application threads were stopped: 0.0001707 seconds, Stopping threads took: 0.0000280 seconds
2016-08-15T16:27:42.031+0800: 452696.095: Total time for which application threads were stopped: 0.0001568 seconds, Stopping threads took: 0.0000272 seconds
2016-08-15T16:27:42.034+0800: 452696.099: Total time for which application threads were stopped: 0.0002798 seconds, Stopping threads took: 0.0000143 seconds
2016-08-15T16:27:42.065+0800: 452696.130: Total time for which application threads were stopped: 0.0001762 seconds, Stopping threads took: 0.0000234 seconds
2016-08-15T16:27:59.530+0800: 452713.596: Total time for which application threads were stopped: 0.0001068 seconds, Stopping threads took: 0.0000228 seconds
2016-08-15T17:18:52.849+0800: 455767.124: Total time for which application threads were stopped: 0.0001056 seconds, Stopping threads took: 0.0000197 seconds
2016-08-15T17:18:52.850+0800: 455767.124: Total time for which application threads were stopped: 0.0000709 seconds, Stopping threads took: 0.0000098 seconds
2016-08-15T17:18:52.853+0800: 455767.128: Total time for which application threads were stopped: 0.0000696 seconds, Stopping threads took: 0.0000120 seconds
2016-08-15T17:18:52.854+0800: 455767.128: Total time for which application threads were stopped: 0.0000605 seconds, Stopping threads took: 0.0000078 seconds
2016-08-15T17:18:52.894+0800: 455767.169: Total time for which application threads were stopped: 0.0001232 seconds, Stopping threads took: 0.0000202 seconds
2016-08-15T17:18:52.895+0800: 455767.169: Total time for which application threads were stopped: 0.0001006 seconds, Stopping threads took: 0.0000088 seconds
2016-08-15T17:18:52.899+0800: 455767.173: Total time for which application threads were stopped: 0.0000913 seconds, Stopping threads took: 0.0000140 seconds
2016-08-15T17:18:52.903+0800: 455767.177: Total time for which application threads were stopped: 0.0000920 seconds, Stopping threads took: 0.0000141 seconds
2016-08-15T17:18:52.916+0800: 455767.191: Total time for which application threads were stopped: 0.0000798 seconds, Stopping threads took: 0.0000216 seconds
2016-08-15T17:18:55.521+0800: 455769.796: Total time for which application threads were stopped: 0.0001096 seconds, Stopping threads took: 0.0000270 seconds
2016-08-15T17:18:55.585+0800: 455769.860: Total time for which application threads were stopped: 0.0001264 seconds, Stopping threads took: 0.0000353 seconds
2016-08-15T17:18:55.588+0800: 455769.862: Total time for which application threads were stopped: 0.0000944 seconds, Stopping threads took: 0.0000151 seconds
2016-08-15T17:18:57.665+0800: 455771.940: Total time for which application threads were stopped: 0.0001171 seconds, Stopping threads took: 0.0000300 seconds
2016-08-15T17:18:57.667+0800: 455771.942: Total time for which application threads were stopped: 0.0001004 seconds, Stopping threads took: 0.0000254 seconds
2016-08-15T17:19:15.310+0800: 455789.586: Total time for which application threads were stopped: 0.0001063 seconds, Stopping threads took: 0.0000197 seconds
2016-08-15T17:19:21.541+0800: 455795.818: Total time for which application threads were stopped: 0.0001764 seconds, Stopping threads took: 0.0000221 seconds
2016-08-15T17:19:21.543+0800: 455795.820: Total time for which application threads were stopped: 0.0000839 seconds, Stopping threads took: 0.0000146 seconds
2016-08-15T17:19:22.547+0800: 455796.823: Total time for which application threads were stopped: 0.0002447 seconds, Stopping threads took: 0.0000582 seconds
2016-08-15T17:19:41.435+0800: 455815.713: Total time for which application threads were stopped: 0.0001189 seconds, Stopping threads took: 0.0000296 seconds
2016-08-15T17:19:41.437+0800: 455815.714: Total time for which application threads were stopped: 0.0000890 seconds, Stopping threads took: 0.0000165 seconds
2016-08-15T17:19:42.468+0800: 455816.746: Total time for which application threads were stopped: 0.0001175 seconds, Stopping threads took: 0.0000306 seconds
2016-08-15T17:19:47.837+0800: 455822.116: Total time for which application threads were stopped: 0.0001266 seconds, Stopping threads took: 0.0000184 seconds
2016-08-15T17:19:47.850+0800: 455822.129: Total time for which application threads were stopped: 0.0001076 seconds, Stopping threads took: 0.0000186 seconds
2016-08-15T17:19:47.852+0800: 455822.130: Total time for which application threads were stopped: 0.0000670 seconds, Stopping threads took: 0.0000114 seconds
2016-08-15T17:28:02.890+0800: 456317.202: Total time for which application threads were stopped: 0.0000987 seconds, Stopping threads took: 0.0000198 seconds
2016-08-15T17:28:03.895+0800: 456318.207: Total time for which application threads were stopped: 0.0002356 seconds, Stopping threads took: 0.0000532 seconds
2016-08-15T17:28:06.898+0800: 456321.210: Total time for which application threads were stopped: 0.0003015 seconds, Stopping threads took: 0.0001194 seconds
2016-08-15T17:28:08.904+0800: 456323.216: Total time for which application threads were stopped: 0.0001450 seconds, Stopping threads took: 0.0000338 seconds
2016-08-15T17:28:10.079+0800: 456324.392: Total time for which application threads were stopped: 0.0001406 seconds, Stopping threads took: 0.0000263 seconds
2016-08-15T17:28:10.080+0800: 456324.393: Total time for which application threads were stopped: 0.0000845 seconds, Stopping threads took: 0.0000134 seconds
2016-08-15T17:28:10.080+0800: 456324.393: Total time for which application threads were stopped: 0.0000615 seconds, Stopping threads took: 0.0000080 seconds
2016-08-15T17:28:10.080+0800: 456324.393: Total time for which application threads were stopped: 0.0000567 seconds, Stopping threads took: 0.0000077 seconds
2016-08-15T17:28:10.081+0800: 456324.393: Total time for which application threads were stopped: 0.0000555 seconds, Stopping threads took: 0.0000079 seconds
2016-08-15T17:28:10.081+0800: 456324.393: Total time for which application threads were stopped: 0.0000894 seconds, Stopping threads took: 0.0000086 seconds
{Heap before GC invocations=32 (full 1):
 par new generation   total 109248K, used 88433K [0x00000007a0000000, 0x00000007a8000000, 0x00000007a8000000)
  eden space 87424K, 100% used [0x00000007a0000000, 0x00000007a5560000, 0x00000007a5560000)
  from space 21824K,   4% used [0x00000007a5560000, 0x00000007a565c4b0, 0x00000007a6ab0000)
  to   space 21824K,   0% used [0x00000007a6ab0000, 0x00000007a6ab0000, 0x00000007a8000000)
 concurrent mark-sweep generation total 393216K, used 27687K [0x00000007a8000000, 0x00000007c0000000, 0x00000007c0000000)
 Metaspace       used 34165K, capacity 34638K, committed 34940K, reserved 1081344K
  class space    used 3766K, capacity 3926K, committed 3964K, reserved 1048576K
2016-08-15T17:28:10.825+0800: 456325.137: [GC (Allocation Failure) 2016-08-15T17:28:10.825+0800: 456325.137: [ParNew
Desired survivor size 20112992 bytes, new threshold 8 (max 8)
- age   1:    1533072 bytes,    1533072 total
- age   2:     444624 bytes,    1977696 total
- age   3:       2912 bytes,    1980608 total
- age   4:        904 bytes,    1981512 total
- age   5:       1560 bytes,    1983072 total
- age   6:       2632 bytes,    1985704 total
- age   7:        160 bytes,    1985864 total
- age   8:       5520 bytes,    1991384 total
: 88433K->2258K(109248K), 0.0086390 secs] 116120K->29946K(502464K), 0.0087385 secs] [Times: user=0.02 sys=0.01, real=0.01 secs] 
Heap after GC invocations=33 (full 1):
 par new generation   total 109248K, used 2258K [0x00000007a0000000, 0x00000007a8000000, 0x00000007a8000000)
  eden space 87424K,   0% used [0x00000007a0000000, 0x00000007a0000000, 0x00000007a5560000)
  from space 21824K,  10% used [0x00000007a6ab0000, 0x00000007a6ce49f0, 0x00000007a8000000)
  to   space 21824K,   0% used [0x00000007a5560000, 0x00000007a5560000, 0x00000007a6ab0000)
 concurrent mark-sweep generation total 393216K, used 27687K [0x00000007a8000000, 0x00000007c0000000, 0x00000007c0000000)
 Metaspace       used 34165K, capacity 34638K, committed 34940K, reserved 1081344K
  class space    used 3766K, capacity 3926K, committed 3964K, reserved 1048576K
}
2016-08-15T17:28:10.834+0800: 456325.146: Total time for which application threads were stopped: 0.0090088 seconds, Stopping threads took: 0.0000224 seconds
2016-08-15T17:28:16.852+0800: 456331.165: Total time for which application threads were stopped: 0.0002116 seconds, Stopping threads took: 0.0000329 seconds
2016-08-15T17:28:39.925+0800: 456354.239: Total time for which application threads were stopped: 0.0001397 seconds, Stopping threads took: 0.0000308 seconds
2016-08-15T17:28:45.950+0800: 456360.265: Total time for which application threads were stopped: 0.0002498 seconds, Stopping threads took: 0.0000516 seconds
2016-08-15T17:28:47.959+0800: 456362.274: Total time for which application threads were stopped: 0.0001171 seconds, Stopping threads took: 0.0000276 seconds
2016-08-15T17:32:33.738+0800: 456588.069: Total time for which application threads were stopped: 0.0001177 seconds, Stopping threads took: 0.0000225 seconds
2016-08-15T17:34:31.057+0800: 456705.396: Total time for which application threads were stopped: 0.0001130 seconds, Stopping threads took: 0.0000186 seconds
{Heap before GC invocations=33 (full 1):
 par new generation   total 109248K, used 89682K [0x00000007a0000000, 0x00000007a8000000, 0x00000007a8000000)
  eden space 87424K, 100% used [0x00000007a0000000, 0x00000007a5560000, 0x00000007a5560000)
  from space 21824K,  10% used [0x00000007a6ab0000, 0x00000007a6ce49f0, 0x00000007a8000000)
  to   space 21824K,   0% used [0x00000007a5560000, 0x00000007a5560000, 0x00000007a6ab0000)
 concurrent mark-sweep generation total 393216K, used 27687K [0x00000007a8000000, 0x00000007c0000000, 0x00000007c0000000)
 Metaspace       used 34169K, capacity 34638K, committed 34940K, reserved 1081344K
  class space    used 3766K, capacity 3926K, committed 3964K, reserved 1048576K
2016-08-15T17:34:31.067+0800: 456705.406: [GC (Allocation Failure) 2016-08-15T17:34:31.067+0800: 456705.406: [ParNew
Desired survivor size 20112992 bytes, new threshold 8 (max 8)
- age   1:     307568 bytes,     307568 total
- age   2:    1006936 bytes,    1314504 total
- age   3:     421208 bytes,    1735712 total
- age   4:       2912 bytes,    1738624 total
- age   5:        904 bytes,    1739528 total
- age   6:       1560 bytes,    1741088 total
- age   7:       2632 bytes,    1743720 total
- age   8:        160 bytes,    1743880 total
: 89682K->2628K(109248K), 0.0069090 secs] 117370K->30321K(502464K), 0.0070124 secs] [Times: user=0.01 sys=0.00, real=0.01 secs] 
Heap after GC invocations=34 (full 1):
 par new generation   total 109248K, used 2628K [0x00000007a0000000, 0x00000007a8000000, 0x00000007a8000000)
  eden space 87424K,   0% used [0x00000007a0000000, 0x00000007a0000000, 0x00000007a5560000)
  from space 21824K,  12% used [0x00000007a5560000, 0x00000007a57f12a8, 0x00000007a6ab0000)
  to   space 21824K,   0% used [0x00000007a6ab0000, 0x00000007a6ab0000, 0x00000007a8000000)
 concurrent mark-sweep generation total 393216K, used 27693K [0x00000007a8000000, 0x00000007c0000000, 0x00000007c0000000)
 Metaspace       used 34169K, capacity 34638K, committed 34940K, reserved 1081344K
  class space    used 3766K, capacity 3926K, committed 3964K, reserved 1048576K
}
2016-08-15T17:34:31.074+0800: 456705.413: Total time for which application threads were stopped: 0.0072722 seconds, Stopping threads took: 0.0000194 seconds
2016-08-15T17:34:35.741+0800: 456710.080: Total time for which application threads were stopped: 0.0001521 seconds, Stopping threads took: 0.0000315 seconds
2016-08-15T17:34:37.507+0800: 456711.846: Total time for which application threads were stopped: 0.0001277 seconds, Stopping threads took: 0.0000261 seconds
2016-08-15T17:35:56.178+0800: 456790.522: Total time for which application threads were stopped: 0.0001036 seconds, Stopping threads took: 0.0000203 seconds
2016-08-15T17:36:02.792+0800: 456797.137: Total time for which application threads were stopped: 0.0001343 seconds, Stopping threads took: 0.0000222 seconds
2016-08-15T17:37:10.840+0800: 456865.190: Total time for which application threads were stopped: 0.0001191 seconds, Stopping threads took: 0.0000195 seconds
2016-08-15T17:38:00.975+0800: 456915.328: Total time for which application threads were stopped: 0.0002112 seconds, Stopping threads took: 0.0000660 seconds
2016-08-15T17:38:31.370+0800: 456945.725: Total time for which application threads were stopped: 0.0001049 seconds, Stopping threads took: 0.0000202 seconds
2016-08-15T17:38:46.792+0800: 456961.148: Total time for which application threads were stopped: 0.0001093 seconds, Stopping threads took: 0.0000286 seconds
2016-08-15T17:38:47.795+0800: 456962.151: Total time for which application threads were stopped: 0.0001767 seconds, Stopping threads took: 0.0000507 seconds
2016-08-16T10:59:02.608+0800: 458766.230: Total time for which application threads were stopped: 0.0035475 seconds, Stopping threads took: 0.0002486 seconds
2016-08-16T10:59:02.629+0800: 458766.251: Total time for which application threads were stopped: 0.0001021 seconds, Stopping threads took: 0.0000189 seconds
2016-08-16T13:35:35.988+0800: 464433.285: Total time for which application threads were stopped: 0.0001459 seconds, Stopping threads took: 0.0000383 seconds
2016-08-16T13:35:36.063+0800: 464433.360: Total time for which application threads were stopped: 0.0001162 seconds, Stopping threads took: 0.0000209 seconds
2016-08-16T13:35:36.067+0800: 464433.364: Total time for which application threads were stopped: 0.0001101 seconds, Stopping threads took: 0.0000290 seconds
2016-08-16T13:37:12.276+0800: 464529.580: Total time for which application threads were stopped: 0.0001530 seconds, Stopping threads took: 0.0000211 seconds
2016-08-16T13:37:12.351+0800: 464529.655: Total time for which application threads were stopped: 0.0001109 seconds, Stopping threads took: 0.0000207 seconds
2016-08-16T13:37:12.353+0800: 464529.657: Total time for which application threads were stopped: 0.0001008 seconds, Stopping threads took: 0.0000394 seconds
2016-08-16T13:37:27.683+0800: 464544.987: Total time for which application threads were stopped: 0.0001150 seconds, Stopping threads took: 0.0000294 seconds
2016-08-16T13:37:27.783+0800: 464545.088: Total time for which application threads were stopped: 0.0001120 seconds, Stopping threads took: 0.0000222 seconds
2016-08-16T13:37:27.786+0800: 464545.091: Total time for which application threads were stopped: 0.0004054 seconds, Stopping threads took: 0.0000133 seconds
2016-08-16T13:37:29.916+0800: 464547.221: Total time for which application threads were stopped: 0.0001169 seconds, Stopping threads took: 0.0000283 seconds
2016-08-16T13:37:29.919+0800: 464547.223: Total time for which application threads were stopped: 0.0000631 seconds, Stopping threads took: 0.0000098 seconds
2016-08-16T13:37:29.921+0800: 464547.226: Total time for which application threads were stopped: 0.0000631 seconds, Stopping threads took: 0.0000103 seconds
2016-08-16T13:37:29.956+0800: 464547.260: Total time for which application threads were stopped: 0.0001195 seconds, Stopping threads took: 0.0000290 seconds
2016-08-16T13:37:29.975+0800: 464547.279: Total time for which application threads were stopped: 0.0005259 seconds, Stopping threads took: 0.0001025 seconds
2016-08-16T13:37:29.975+0800: 464547.280: Total time for which application threads were stopped: 0.0000866 seconds, Stopping threads took: 0.0000236 seconds
2016-08-16T13:37:29.975+0800: 464547.280: Total time for which application threads were stopped: 0.0000826 seconds, Stopping threads took: 0.0000275 seconds
2016-08-16T13:37:29.976+0800: 464547.280: Total time for which application threads were stopped: 0.0001549 seconds, Stopping threads took: 0.0000825 seconds
2016-08-16T13:37:29.982+0800: 464547.287: Total time for which application threads were stopped: 0.0000937 seconds, Stopping threads took: 0.0000190 seconds
2016-08-16T13:37:29.982+0800: 464547.287: Total time for which application threads were stopped: 0.0000998 seconds, Stopping threads took: 0.0000205 seconds
2016-08-16T13:37:29.987+0800: 464547.292: Total time for which application threads were stopped: 0.0001189 seconds, Stopping threads took: 0.0000185 seconds
2016-08-16T13:37:30.992+0800: 464548.297: Total time for which application threads were stopped: 0.0001549 seconds, Stopping threads took: 0.0000348 seconds
2016-08-16T13:38:06.102+0800: 464583.409: Total time for which application threads were stopped: 0.0001141 seconds, Stopping threads took: 0.0000231 seconds
2016-08-16T13:38:06.105+0800: 464583.412: Total time for which application threads were stopped: 0.0001314 seconds, Stopping threads took: 0.0000320 seconds
2016-08-16T13:38:06.109+0800: 464583.416: Total time for which application threads were stopped: 0.0001070 seconds, Stopping threads took: 0.0000192 seconds
2016-08-16T13:38:06.125+0800: 464583.432: Total time for which application threads were stopped: 0.0001148 seconds, Stopping threads took: 0.0000214 seconds
2016-08-16T13:38:06.152+0800: 464583.459: Total time for which application threads were stopped: 0.0001650 seconds, Stopping threads took: 0.0000195 seconds
2016-08-16T13:38:06.154+0800: 464583.461: Total time for which application threads were stopped: 0.0000855 seconds, Stopping threads took: 0.0000176 seconds
2016-08-16T13:38:06.190+0800: 464583.497: Total time for which application threads were stopped: 0.0002091 seconds, Stopping threads took: 0.0000377 seconds
2016-08-16T13:38:06.190+0800: 464583.497: Total time for which application threads were stopped: 0.0001061 seconds, Stopping threads took: 0.0000092 seconds
2016-08-16T13:38:06.191+0800: 464583.497: Total time for which application threads were stopped: 0.0002142 seconds, Stopping threads took: 0.0000096 seconds
2016-08-16T13:38:06.211+0800: 464583.518: Total time for which application threads were stopped: 0.0001190 seconds, Stopping threads took: 0.0000234 seconds
2016-08-16T13:38:06.212+0800: 464583.519: Total time for which application threads were stopped: 0.0000764 seconds, Stopping threads took: 0.0000110 seconds
2016-08-16T13:38:06.212+0800: 464583.519: Total time for which application threads were stopped: 0.0001868 seconds, Stopping threads took: 0.0000335 seconds
{Heap before GC invocations=34 (full 1):
 par new generation   total 109248K, used 90052K [0x00000007a0000000, 0x00000007a8000000, 0x00000007a8000000)
  eden space 87424K, 100% used [0x00000007a0000000, 0x00000007a5560000, 0x00000007a5560000)
  from space 21824K,  12% used [0x00000007a5560000, 0x00000007a57f12a8, 0x00000007a6ab0000)
  to   space 21824K,   0% used [0x00000007a6ab0000, 0x00000007a6ab0000, 0x00000007a8000000)
 concurrent mark-sweep generation total 393216K, used 27693K [0x00000007a8000000, 0x00000007c0000000, 0x00000007c0000000)
 Metaspace       used 34246K, capacity 34702K, committed 35196K, reserved 1081344K
  class space    used 3767K, capacity 3926K, committed 3964K, reserved 1048576K
2016-08-16T13:38:06.255+0800: 464583.562: [GC (Allocation Failure) 2016-08-16T13:38:06.255+0800: 464583.562: [ParNew
Desired survivor size 20112992 bytes, new threshold 8 (max 8)
- age   1:     727512 bytes,     727512 total
- age   2:      97048 bytes,     824560 total
- age   3:     882160 bytes,    1706720 total
- age   4:     314440 bytes,    2021160 total
- age   5:       2888 bytes,    2024048 total
- age   6:        904 bytes,    2024952 total
- age   7:       1560 bytes,    2026512 total
- age   8:       2632 bytes,    2029144 total
: 90052K->2668K(109248K), 0.0119244 secs] 117745K->30361K(502464K), 0.0121674 secs] [Times: user=0.03 sys=0.02, real=0.01 secs] 
Heap after GC invocations=35 (full 1):
 par new generation   total 109248K, used 2668K [0x00000007a0000000, 0x00000007a8000000, 0x00000007a8000000)
  eden space 87424K,   0% used [0x00000007a0000000, 0x00000007a0000000, 0x00000007a5560000)
  from space 21824K,  12% used [0x00000007a6ab0000, 0x00000007a6d4b0b8, 0x00000007a8000000)
  to   space 21824K,   0% used [0x00000007a5560000, 0x00000007a5560000, 0x00000007a6ab0000)
 concurrent mark-sweep generation total 393216K, used 27693K [0x00000007a8000000, 0x00000007c0000000, 0x00000007c0000000)
 Metaspace       used 34246K, capacity 34702K, committed 35196K, reserved 1081344K
  class space    used 3767K, capacity 3926K, committed 3964K, reserved 1048576K
}
2016-08-16T13:38:06.267+0800: 464583.574: Total time for which application threads were stopped: 0.0201723 seconds, Stopping threads took: 0.0000181 seconds
2016-08-16T13:38:06.283+0800: 464583.590: Total time for which application threads were stopped: 0.0001220 seconds, Stopping threads took: 0.0000440 seconds
2016-08-16T13:38:06.288+0800: 464583.594: Total time for which application threads were stopped: 0.0001144 seconds, Stopping threads took: 0.0000315 seconds
2016-08-16T13:38:06.291+0800: 464583.598: Total time for which application threads were stopped: 0.0001023 seconds, Stopping threads took: 0.0000133 seconds
2016-08-16T13:38:06.291+0800: 464583.598: Total time for which application threads were stopped: 0.0000580 seconds, Stopping threads took: 0.0000085 seconds
2016-08-16T13:38:06.291+0800: 464583.598: Total time for which application threads were stopped: 0.0000644 seconds, Stopping threads took: 0.0000091 seconds
2016-08-16T13:38:06.291+0800: 464583.598: Total time for which application threads were stopped: 0.0000424 seconds, Stopping threads took: 0.0000074 seconds
2016-08-16T13:38:06.291+0800: 464583.598: Total time for which application threads were stopped: 0.0000406 seconds, Stopping threads took: 0.0000062 seconds
2016-08-16T13:38:06.291+0800: 464583.598: Total time for which application threads were stopped: 0.0000499 seconds, Stopping threads took: 0.0000057 seconds
2016-08-16T13:38:06.291+0800: 464583.598: Total time for which application threads were stopped: 0.0000523 seconds, Stopping threads took: 0.0000082 seconds
2016-08-16T13:38:06.291+0800: 464583.598: Total time for which application threads were stopped: 0.0000426 seconds, Stopping threads took: 0.0000082 seconds
2016-08-16T13:38:06.291+0800: 464583.598: Total time for which application threads were stopped: 0.0000494 seconds, Stopping threads took: 0.0000089 seconds
2016-08-16T13:38:06.292+0800: 464583.598: Total time for which application threads were stopped: 0.0000407 seconds, Stopping threads took: 0.0000061 seconds
2016-08-16T13:38:06.306+0800: 464583.613: Total time for which application threads were stopped: 0.0000717 seconds, Stopping threads took: 0.0000130 seconds
2016-08-16T13:38:06.306+0800: 464583.613: Total time for which application threads were stopped: 0.0001153 seconds, Stopping threads took: 0.0000081 seconds
2016-08-16T13:38:06.380+0800: 464583.686: Total time for which application threads were stopped: 0.0001158 seconds, Stopping threads took: 0.0000287 seconds
2016-08-16T13:38:06.382+0800: 464583.688: Total time for which application threads were stopped: 0.0000723 seconds, Stopping threads took: 0.0000208 seconds
2016-08-16T13:38:06.385+0800: 464583.692: Total time for which application threads were stopped: 0.0001240 seconds, Stopping threads took: 0.0000227 seconds
2016-08-16T13:38:06.409+0800: 464583.716: Total time for which application threads were stopped: 0.0001451 seconds, Stopping threads took: 0.0000405 seconds
2016-08-16T13:38:07.412+0800: 464584.719: Total time for which application threads were stopped: 0.0001467 seconds, Stopping threads took: 0.0000360 seconds
2016-08-16T13:38:16.031+0800: 464593.338: Total time for which application threads were stopped: 0.0001186 seconds, Stopping threads took: 0.0000213 seconds
2016-08-16T13:38:16.033+0800: 464593.340: Total time for which application threads were stopped: 0.0000730 seconds, Stopping threads took: 0.0000117 seconds
2016-08-16T13:38:16.038+0800: 464593.346: Total time for which application threads were stopped: 0.0002015 seconds, Stopping threads took: 0.0000451 seconds
2016-08-16T13:38:16.039+0800: 464593.347: Total time for which application threads were stopped: 0.0001975 seconds, Stopping threads took: 0.0000179 seconds
2016-08-16T13:38:16.061+0800: 464593.368: Total time for which application threads were stopped: 0.0001336 seconds, Stopping threads took: 0.0000159 seconds
2016-08-16T13:38:16.061+0800: 464593.369: Total time for which application threads were stopped: 0.0000891 seconds, Stopping threads took: 0.0000098 seconds
2016-08-16T13:38:17.066+0800: 464594.373: Total time for which application threads were stopped: 0.0001497 seconds, Stopping threads took: 0.0000359 seconds
2016-08-16T13:38:29.983+0800: 464607.292: Total time for which application threads were stopped: 0.0001459 seconds, Stopping threads took: 0.0000295 seconds
2016-08-16T13:38:50.592+0800: 464627.902: Total time for which application threads were stopped: 0.0001210 seconds, Stopping threads took: 0.0000255 seconds
2016-08-16T13:38:51.593+0800: 464628.903: Total time for which application threads were stopped: 0.0001847 seconds, Stopping threads took: 0.0000409 seconds
2016-08-16T13:39:40.749+0800: 464678.062: Total time for which application threads were stopped: 0.0001426 seconds, Stopping threads took: 0.0000317 seconds
2016-08-16T13:40:50.525+0800: 464747.843: Total time for which application threads were stopped: 0.0001265 seconds, Stopping threads took: 0.0000295 seconds
2016-08-16T13:40:50.527+0800: 464747.844: Total time for which application threads were stopped: 0.0001197 seconds, Stopping threads took: 0.0000255 seconds
2016-08-16T13:40:50.527+0800: 464747.844: Total time for which application threads were stopped: 0.0001186 seconds, Stopping threads took: 0.0000149 seconds
2016-08-16T13:40:50.527+0800: 464747.845: Total time for which application threads were stopped: 0.0001199 seconds, Stopping threads took: 0.0000272 seconds
2016-08-16T13:40:51.532+0800: 464748.850: Total time for which application threads were stopped: 0.0001413 seconds, Stopping threads took: 0.0000282 seconds
2016-08-16T13:41:40.691+0800: 464798.012: Total time for which application threads were stopped: 0.0002476 seconds, Stopping threads took: 0.0000619 seconds
2016-08-16T13:43:11.429+0800: 464888.756: Total time for which application threads were stopped: 0.0001076 seconds, Stopping threads took: 0.0000205 seconds
2016-08-16T13:43:11.429+0800: 464888.756: Total time for which application threads were stopped: 0.0000862 seconds, Stopping threads took: 0.0000088 seconds
2016-08-16T13:43:11.442+0800: 464888.769: Total time for which application threads were stopped: 0.0001864 seconds, Stopping threads took: 0.0000126 seconds
2016-08-16T13:43:11.444+0800: 464888.771: Total time for which application threads were stopped: 0.0000905 seconds, Stopping threads took: 0.0000168 seconds
2016-08-16T13:43:11.444+0800: 464888.772: Total time for which application threads were stopped: 0.0000831 seconds, Stopping threads took: 0.0000110 seconds
2016-08-16T13:43:14.386+0800: 464891.714: Total time for which application threads were stopped: 0.0001235 seconds, Stopping threads took: 0.0000220 seconds
2016-08-16T13:43:14.389+0800: 464891.716: Total time for which application threads were stopped: 0.0001016 seconds, Stopping threads took: 0.0000217 seconds
2016-08-16T13:45:11.828+0800: 465009.163: Total time for which application threads were stopped: 0.0001154 seconds, Stopping threads took: 0.0000224 seconds
2016-08-16T13:45:11.841+0800: 465009.176: Total time for which application threads were stopped: 0.0001120 seconds, Stopping threads took: 0.0000208 seconds
2016-08-16T13:45:11.843+0800: 465009.179: Total time for which application threads were stopped: 0.0000921 seconds, Stopping threads took: 0.0000252 seconds
2016-08-16T13:45:14.127+0800: 465011.462: Total time for which application threads were stopped: 0.0001139 seconds, Stopping threads took: 0.0000225 seconds
2016-08-16T13:45:14.129+0800: 465011.464: Total time for which application threads were stopped: 0.0000609 seconds, Stopping threads took: 0.0000100 seconds
2016-08-16T13:45:14.133+0800: 465011.469: Total time for which application threads were stopped: 0.0000658 seconds, Stopping threads took: 0.0000109 seconds
2016-08-16T13:45:14.155+0800: 465011.490: Total time for which application threads were stopped: 0.0001415 seconds, Stopping threads took: 0.0000253 seconds
2016-08-16T13:45:33.428+0800: 465030.764: Total time for which application threads were stopped: 0.0001122 seconds, Stopping threads took: 0.0000203 seconds
2016-08-16T13:45:33.430+0800: 465030.766: Total time for which application threads were stopped: 0.0001055 seconds, Stopping threads took: 0.0000237 seconds
2016-08-16T13:45:33.436+0800: 465030.772: Total time for which application threads were stopped: 0.0001102 seconds, Stopping threads took: 0.0000199 seconds
2016-08-16T13:45:33.457+0800: 465030.794: Total time for which application threads were stopped: 0.0001122 seconds, Stopping threads took: 0.0000267 seconds
2016-08-16T13:45:34.462+0800: 465031.799: Total time for which application threads were stopped: 0.0002488 seconds, Stopping threads took: 0.0000596 seconds
2016-08-16T13:45:44.847+0800: 465042.185: Total time for which application threads were stopped: 0.0001107 seconds, Stopping threads took: 0.0000220 seconds
2016-08-16T13:45:44.849+0800: 465042.186: Total time for which application threads were stopped: 0.0000545 seconds, Stopping threads took: 0.0000098 seconds
2016-08-16T13:45:44.854+0800: 465042.192: Total time for which application threads were stopped: 0.0000855 seconds, Stopping threads took: 0.0000150 seconds
2016-08-16T13:45:44.876+0800: 465042.214: Total time for which application threads were stopped: 0.0001279 seconds, Stopping threads took: 0.0000406 seconds
2016-08-16T13:45:53.881+0800: 465051.219: Total time for which application threads were stopped: 0.0001084 seconds, Stopping threads took: 0.0000196 seconds
2016-08-16T13:45:53.883+0800: 465051.221: Total time for which application threads were stopped: 0.0000549 seconds, Stopping threads took: 0.0000099 seconds
2016-08-16T13:45:53.886+0800: 465051.224: Total time for which application threads were stopped: 0.0000736 seconds, Stopping threads took: 0.0000126 seconds
2016-08-16T13:45:53.903+0800: 465051.241: Total time for which application threads were stopped: 0.0001209 seconds, Stopping threads took: 0.0000216 seconds
2016-08-16T13:45:54.906+0800: 465052.244: Total time for which application threads were stopped: 0.0001746 seconds, Stopping threads took: 0.0000317 seconds
2016-08-16T13:45:57.903+0800: 465055.241: Total time for which application threads were stopped: 0.0001823 seconds, Stopping threads took: 0.0000198 seconds
2016-08-16T13:45:57.905+0800: 465055.244: Total time for which application threads were stopped: 0.0000983 seconds, Stopping threads took: 0.0000180 seconds
2016-08-16T13:45:57.911+0800: 465055.249: Total time for which application threads were stopped: 0.0001027 seconds, Stopping threads took: 0.0000197 seconds
2016-08-16T13:45:57.932+0800: 465055.271: Total time for which application threads were stopped: 0.0001106 seconds, Stopping threads took: 0.0000202 seconds
2016-08-16T13:46:03.789+0800: 465061.127: Total time for which application threads were stopped: 0.0001200 seconds, Stopping threads took: 0.0000231 seconds
2016-08-16T13:46:03.790+0800: 465061.129: Total time for which application threads were stopped: 0.0000798 seconds, Stopping threads took: 0.0000251 seconds
2016-08-16T13:46:03.796+0800: 465061.134: Total time for which application threads were stopped: 0.0001063 seconds, Stopping threads took: 0.0000200 seconds
2016-08-16T13:46:03.818+0800: 465061.157: Total time for which application threads were stopped: 0.0001219 seconds, Stopping threads took: 0.0000297 seconds
2016-08-16T13:46:10.217+0800: 465067.556: Total time for which application threads were stopped: 0.0001317 seconds, Stopping threads took: 0.0000220 seconds
2016-08-16T13:46:10.226+0800: 465067.565: Total time for which application threads were stopped: 0.0009373 seconds, Stopping threads took: 0.0000249 seconds
2016-08-16T13:46:10.234+0800: 465067.573: Total time for which application threads were stopped: 0.0008424 seconds, Stopping threads took: 0.0000218 seconds
2016-08-16T13:46:10.240+0800: 465067.579: Total time for which application threads were stopped: 0.0001849 seconds, Stopping threads took: 0.0000334 seconds
2016-08-16T13:46:10.241+0800: 465067.580: Total time for which application threads were stopped: 0.0001001 seconds, Stopping threads took: 0.0000138 seconds
2016-08-16T13:46:10.242+0800: 465067.581: Total time for which application threads were stopped: 0.0000953 seconds, Stopping threads took: 0.0000114 seconds
2016-08-16T13:46:10.244+0800: 465067.583: Total time for which application threads were stopped: 0.0001578 seconds, Stopping threads took: 0.0000232 seconds
2016-08-16T13:46:10.245+0800: 465067.584: Total time for which application threads were stopped: 0.0001222 seconds, Stopping threads took: 0.0000147 seconds
2016-08-16T13:46:10.258+0800: 465067.597: Total time for which application threads were stopped: 0.0001232 seconds, Stopping threads took: 0.0000191 seconds
2016-08-16T13:46:10.260+0800: 465067.599: Total time for which application threads were stopped: 0.0001199 seconds, Stopping threads took: 0.0000212 seconds
2016-08-16T13:46:10.260+0800: 465067.599: Total time for which application threads were stopped: 0.0001220 seconds, Stopping threads took: 0.0000231 seconds
2016-08-16T13:46:10.261+0800: 465067.600: Total time for which application threads were stopped: 0.0001515 seconds, Stopping threads took: 0.0000466 seconds
2016-08-16T13:46:10.263+0800: 465067.602: Total time for which application threads were stopped: 0.0000947 seconds, Stopping threads took: 0.0000272 seconds
2016-08-16T13:46:10.263+0800: 465067.602: Total time for which application threads were stopped: 0.0000780 seconds, Stopping threads took: 0.0000291 seconds
2016-08-16T13:46:10.264+0800: 465067.603: Total time for which application threads were stopped: 0.0000792 seconds, Stopping threads took: 0.0000284 seconds
2016-08-16T13:46:10.418+0800: 465067.757: Total time for which application threads were stopped: 0.0001117 seconds, Stopping threads took: 0.0000213 seconds
2016-08-16T13:46:10.418+0800: 465067.757: Total time for which application threads were stopped: 0.0000632 seconds, Stopping threads took: 0.0000095 seconds
2016-08-16T13:46:10.420+0800: 465067.759: Total time for which application threads were stopped: 0.0000801 seconds, Stopping threads took: 0.0000130 seconds
2016-08-16T13:46:10.423+0800: 465067.762: Total time for which application threads were stopped: 0.0000895 seconds, Stopping threads took: 0.0000152 seconds
2016-08-16T13:46:10.427+0800: 465067.766: Total time for which application threads were stopped: 0.0001050 seconds, Stopping threads took: 0.0000206 seconds
2016-08-16T13:46:10.433+0800: 465067.772: Total time for which application threads were stopped: 0.0001178 seconds, Stopping threads took: 0.0000246 seconds
2016-08-16T13:46:10.433+0800: 465067.772: Total time for which application threads were stopped: 0.0001158 seconds, Stopping threads took: 0.0000228 seconds
2016-08-16T13:46:10.438+0800: 465067.777: Total time for which application threads were stopped: 0.0001208 seconds, Stopping threads took: 0.0000447 seconds
2016-08-16T13:46:10.438+0800: 465067.777: Total time for which application threads were stopped: 0.0001312 seconds, Stopping threads took: 0.0000393 seconds
2016-08-16T13:46:10.442+0800: 465067.781: Total time for which application threads were stopped: 0.0000782 seconds, Stopping threads took: 0.0000134 seconds
2016-08-16T13:46:26.688+0800: 465084.028: Total time for which application threads were stopped: 0.0001306 seconds, Stopping threads took: 0.0000219 seconds
2016-08-16T13:46:26.690+0800: 465084.030: Total time for which application threads were stopped: 0.0000746 seconds, Stopping threads took: 0.0000105 seconds
2016-08-16T13:46:26.695+0800: 465084.035: Total time for which application threads were stopped: 0.0001198 seconds, Stopping threads took: 0.0000199 seconds
2016-08-16T13:46:26.713+0800: 465084.053: Total time for which application threads were stopped: 0.0000773 seconds, Stopping threads took: 0.0000143 seconds
2016-08-16T13:46:26.713+0800: 465084.054: Total time for which application threads were stopped: 0.0000794 seconds, Stopping threads took: 0.0000088 seconds
2016-08-16T13:46:31.198+0800: 465088.538: Total time for which application threads were stopped: 0.0001161 seconds, Stopping threads took: 0.0000292 seconds
2016-08-16T13:46:32.203+0800: 465089.543: Total time for which application threads were stopped: 0.0002627 seconds, Stopping threads took: 0.0000697 seconds
2016-08-16T13:46:48.867+0800: 465106.209: Total time for which application threads were stopped: 0.0001271 seconds, Stopping threads took: 0.0000291 seconds
2016-08-16T13:46:48.870+0800: 465106.211: Total time for which application threads were stopped: 0.0001131 seconds, Stopping threads took: 0.0000271 seconds
2016-08-16T13:46:48.875+0800: 465106.217: Total time for which application threads were stopped: 0.0001810 seconds, Stopping threads took: 0.0000653 seconds
2016-08-16T13:46:48.892+0800: 465106.233: Total time for which application threads were stopped: 0.0001089 seconds, Stopping threads took: 0.0000213 seconds
2016-08-16T13:46:53.635+0800: 465110.977: Total time for which application threads were stopped: 0.0001224 seconds, Stopping threads took: 0.0000238 seconds
2016-08-16T13:46:53.637+0800: 465110.979: Total time for which application threads were stopped: 0.0000583 seconds, Stopping threads took: 0.0000101 seconds
2016-08-16T13:46:53.639+0800: 465110.981: Total time for which application threads were stopped: 0.0000667 seconds, Stopping threads took: 0.0000117 seconds
2016-08-16T13:46:53.643+0800: 465110.985: Total time for which application threads were stopped: 0.0000688 seconds, Stopping threads took: 0.0000117 seconds
2016-08-16T13:46:53.650+0800: 465110.992: Total time for which application threads were stopped: 0.0001469 seconds, Stopping threads took: 0.0000318 seconds
2016-08-16T13:46:53.650+0800: 465110.992: Total time for which application threads were stopped: 0.0000786 seconds, Stopping threads took: 0.0000111 seconds
2016-08-16T13:46:53.655+0800: 465110.997: Total time for which application threads were stopped: 0.0003061 seconds, Stopping threads took: 0.0000737 seconds
2016-08-16T13:46:53.657+0800: 465110.999: Total time for which application threads were stopped: 0.0010980 seconds, Stopping threads took: 0.0000453 seconds
2016-08-16T13:46:53.657+0800: 465110.999: Total time for which application threads were stopped: 0.0001331 seconds, Stopping threads took: 0.0000377 seconds
2016-08-16T13:46:53.661+0800: 465111.003: Total time for which application threads were stopped: 0.0000717 seconds, Stopping threads took: 0.0000117 seconds
2016-08-16T13:47:06.805+0800: 465124.148: Total time for which application threads were stopped: 0.0001496 seconds, Stopping threads took: 0.0000239 seconds
2016-08-16T13:47:06.807+0800: 465124.150: Total time for which application threads were stopped: 0.0000856 seconds, Stopping threads took: 0.0000121 seconds
2016-08-16T13:47:06.813+0800: 465124.156: Total time for which application threads were stopped: 0.0000937 seconds, Stopping threads took: 0.0000135 seconds
2016-08-16T13:47:06.831+0800: 465124.174: Total time for which application threads were stopped: 0.0000790 seconds, Stopping threads took: 0.0000128 seconds
2016-08-16T13:47:12.934+0800: 465130.277: Total time for which application threads were stopped: 0.0001182 seconds, Stopping threads took: 0.0000226 seconds
2016-08-16T13:47:12.936+0800: 465130.279: Total time for which application threads were stopped: 0.0001317 seconds, Stopping threads took: 0.0000103 seconds
2016-08-16T13:47:12.941+0800: 465130.284: Total time for which application threads were stopped: 0.0000756 seconds, Stopping threads took: 0.0000127 seconds
2016-08-16T13:47:12.957+0800: 465130.300: Total time for which application threads were stopped: 0.0001173 seconds, Stopping threads took: 0.0000220 seconds
2016-08-16T13:47:15.584+0800: 465132.928: Total time for which application threads were stopped: 0.0001974 seconds, Stopping threads took: 0.0000432 seconds
2016-08-16T13:47:15.594+0800: 465132.937: Total time for which application threads were stopped: 0.0000838 seconds, Stopping threads took: 0.0000148 seconds
2016-08-16T13:47:16.243+0800: 465133.586: Total time for which application threads were stopped: 0.0001461 seconds, Stopping threads took: 0.0000303 seconds
2016-08-16T13:47:16.298+0800: 465133.642: Total time for which application threads were stopped: 0.0001534 seconds, Stopping threads took: 0.0000207 seconds
2016-08-16T13:47:16.300+0800: 465133.643: Total time for which application threads were stopped: 0.0000754 seconds, Stopping threads took: 0.0000123 seconds
2016-08-16T13:47:16.304+0800: 465133.647: Total time for which application threads were stopped: 0.0000948 seconds, Stopping threads took: 0.0000188 seconds
2016-08-16T13:47:16.304+0800: 465133.648: Total time for which application threads were stopped: 0.0000715 seconds, Stopping threads took: 0.0000097 seconds
2016-08-16T13:47:16.472+0800: 465133.815: Total time for which application threads were stopped: 0.0001133 seconds, Stopping threads took: 0.0000219 seconds
2016-08-16T13:47:16.473+0800: 465133.817: Total time for which application threads were stopped: 0.0000756 seconds, Stopping threads took: 0.0000124 seconds
2016-08-16T13:47:16.479+0800: 465133.822: Total time for which application threads were stopped: 0.0001125 seconds, Stopping threads took: 0.0000209 seconds
2016-08-16T13:47:16.496+0800: 465133.839: Total time for which application threads were stopped: 0.0001202 seconds, Stopping threads took: 0.0000224 seconds
2016-08-16T13:47:17.500+0800: 465134.844: Total time for which application threads were stopped: 0.0001946 seconds, Stopping threads took: 0.0000415 seconds
2016-08-16T13:47:26.253+0800: 465143.597: Total time for which application threads were stopped: 0.0001669 seconds, Stopping threads took: 0.0000228 seconds
2016-08-16T13:47:26.253+0800: 465143.598: Total time for which application threads were stopped: 0.0000729 seconds, Stopping threads took: 0.0000074 seconds
2016-08-16T13:47:26.254+0800: 465143.598: Total time for which application threads were stopped: 0.0000408 seconds, Stopping threads took: 0.0000059 seconds
2016-08-16T13:47:26.254+0800: 465143.598: Total time for which application threads were stopped: 0.0000483 seconds, Stopping threads took: 0.0000059 seconds
2016-08-16T13:47:26.254+0800: 465143.598: Total time for which application threads were stopped: 0.0000411 seconds, Stopping threads took: 0.0000074 seconds
2016-08-16T13:47:26.275+0800: 465143.620: Total time for which application threads were stopped: 0.0002040 seconds, Stopping threads took: 0.0000365 seconds
2016-08-16T13:47:26.276+0800: 465143.620: Total time for which application threads were stopped: 0.0001149 seconds, Stopping threads took: 0.0000128 seconds
2016-08-16T13:47:26.276+0800: 465143.620: Total time for which application threads were stopped: 0.0001311 seconds, Stopping threads took: 0.0000563 seconds
2016-08-16T13:47:26.551+0800: 465143.895: Total time for which application threads were stopped: 0.0001512 seconds, Stopping threads took: 0.0000229 seconds
2016-08-16T13:47:26.551+0800: 465143.895: Total time for which application threads were stopped: 0.0000673 seconds, Stopping threads took: 0.0000082 seconds
2016-08-16T13:47:26.553+0800: 465143.897: Total time for which application threads were stopped: 0.0000724 seconds, Stopping threads took: 0.0000115 seconds
2016-08-16T13:47:26.558+0800: 465143.902: Total time for which application threads were stopped: 0.0001172 seconds, Stopping threads took: 0.0000201 seconds
2016-08-16T13:47:26.580+0800: 465143.924: Total time for which application threads were stopped: 0.0000989 seconds, Stopping threads took: 0.0000254 seconds
2016-08-16T13:47:26.581+0800: 465143.925: Total time for which application threads were stopped: 0.0001171 seconds, Stopping threads took: 0.0000095 seconds
2016-08-16T13:47:26.581+0800: 465143.925: Total time for which application threads were stopped: 0.0000605 seconds, Stopping threads took: 0.0000070 seconds
2016-08-16T13:47:26.581+0800: 465143.925: Total time for which application threads were stopped: 0.0000638 seconds, Stopping threads took: 0.0000098 seconds
2016-08-16T13:47:26.581+0800: 465143.925: Total time for which application threads were stopped: 0.0000425 seconds, Stopping threads took: 0.0000058 seconds
2016-08-16T13:47:26.581+0800: 465143.925: Total time for which application threads were stopped: 0.0000632 seconds, Stopping threads took: 0.0000096 seconds
2016-08-16T13:47:27.585+0800: 465144.929: Total time for which application threads were stopped: 0.0001536 seconds, Stopping threads took: 0.0000342 seconds
2016-08-16T13:47:53.655+0800: 465171.001: Total time for which application threads were stopped: 0.0001497 seconds, Stopping threads took: 0.0000328 seconds
2016-08-16T13:49:16.243+0800: 465253.595: Total time for which application threads were stopped: 0.0001414 seconds, Stopping threads took: 0.0000288 seconds
2016-08-16T13:49:16.251+0800: 465253.603: Total time for which application threads were stopped: 0.0001292 seconds, Stopping threads took: 0.0000425 seconds
2016-08-16T13:49:16.252+0800: 465253.603: Total time for which application threads were stopped: 0.0001067 seconds, Stopping threads took: 0.0000340 seconds
2016-08-16T13:49:17.257+0800: 465254.608: Total time for which application threads were stopped: 0.0002522 seconds, Stopping threads took: 0.0000596 seconds
2016-08-16T13:50:18.543+0800: 465315.898: Total time for which application threads were stopped: 0.0002544 seconds, Stopping threads took: 0.0000430 seconds
2016-08-16T13:50:18.543+0800: 465315.899: Total time for which application threads were stopped: 0.0000709 seconds, Stopping threads took: 0.0000097 seconds
2016-08-16T13:50:18.545+0800: 465315.900: Total time for which application threads were stopped: 0.0000785 seconds, Stopping threads took: 0.0000144 seconds
2016-08-16T13:50:18.550+0800: 465315.905: Total time for which application threads were stopped: 0.0000764 seconds, Stopping threads took: 0.0000134 seconds
2016-08-16T13:50:18.550+0800: 465315.906: Total time for which application threads were stopped: 0.0001046 seconds, Stopping threads took: 0.0000100 seconds
2016-08-16T13:50:18.569+0800: 465315.925: Total time for which application threads were stopped: 0.0001007 seconds, Stopping threads took: 0.0000235 seconds
2016-08-16T13:50:19.575+0800: 465316.930: Total time for which application threads were stopped: 0.0002422 seconds, Stopping threads took: 0.0000567 seconds
2016-08-16T13:50:23.015+0800: 465320.371: Total time for which application threads were stopped: 0.0001273 seconds, Stopping threads took: 0.0000209 seconds
2016-08-16T13:50:23.017+0800: 465320.372: Total time for which application threads were stopped: 0.0001595 seconds, Stopping threads took: 0.0000313 seconds
2016-08-16T13:50:24.020+0800: 465321.376: Total time for which application threads were stopped: 0.0001472 seconds, Stopping threads took: 0.0000332 seconds
2016-08-16T13:51:00.279+0800: 465357.637: Total time for which application threads were stopped: 0.0001137 seconds, Stopping threads took: 0.0000220 seconds
2016-08-16T13:51:00.280+0800: 465357.638: Total time for which application threads were stopped: 0.0001007 seconds, Stopping threads took: 0.0000171 seconds
2016-08-16T13:51:00.281+0800: 465357.639: Total time for which application threads were stopped: 0.0007844 seconds, Stopping threads took: 0.0000095 seconds
2016-08-16T13:51:00.281+0800: 465357.639: Total time for which application threads were stopped: 0.0001386 seconds, Stopping threads took: 0.0000090 seconds
{Heap before GC invocations=35 (full 1):
 par new generation   total 109248K, used 90092K [0x00000007a0000000, 0x00000007a8000000, 0x00000007a8000000)
  eden space 87424K, 100% used [0x00000007a0000000, 0x00000007a5560000, 0x00000007a5560000)
  from space 21824K,  12% used [0x00000007a6ab0000, 0x00000007a6d4b0b8, 0x00000007a8000000)
  to   space 21824K,   0% used [0x00000007a5560000, 0x00000007a5560000, 0x00000007a6ab0000)
 concurrent mark-sweep generation total 393216K, used 27693K [0x00000007a8000000, 0x00000007c0000000, 0x00000007c0000000)
 Metaspace       used 34429K, capacity 34918K, committed 35452K, reserved 1081344K
  class space    used 3787K, capacity 3932K, committed 3964K, reserved 1048576K
2016-08-16T13:51:00.282+0800: 465357.640: [GC (Allocation Failure) 2016-08-16T13:51:00.282+0800: 465357.640: [ParNew
Desired survivor size 20112992 bytes, new threshold 8 (max 8)
- age   1:     837624 bytes,     837624 total
- age   2:      43728 bytes,     881352 total
- age   3:      28912 bytes,     910264 total
- age   4:     362440 bytes,    1272704 total
- age   5:     127112 bytes,    1399816 total
- age   6:       2888 bytes,    1402704 total
- age   7:        904 bytes,    1403608 total
- age   8:       1560 bytes,    1405168 total
: 90092K->1838K(109248K), 0.0055420 secs] 117785K->29534K(502464K), 0.0055810 secs] [Times: user=0.02 sys=0.00, real=0.00 secs] 
Heap after GC invocations=36 (full 1):
 par new generation   total 109248K, used 1838K [0x00000007a0000000, 0x00000007a8000000, 0x00000007a8000000)
  eden space 87424K,   0% used [0x00000007a0000000, 0x00000007a0000000, 0x00000007a5560000)
  from space 21824K,   8% used [0x00000007a5560000, 0x00000007a572bb40, 0x00000007a6ab0000)
  to   space 21824K,   0% used [0x00000007a6ab0000, 0x00000007a6ab0000, 0x00000007a8000000)
 concurrent mark-sweep generation total 393216K, used 27696K [0x00000007a8000000, 0x00000007c0000000, 0x00000007c0000000)
 Metaspace       used 34429K, capacity 34918K, committed 35452K, reserved 1081344K
  class space    used 3787K, capacity 3932K, committed 3964K, reserved 1048576K
}
2016-08-16T13:51:00.287+0800: 465357.645: Total time for which application threads were stopped: 0.0061794 seconds, Stopping threads took: 0.0000063 seconds
2016-08-16T13:54:42.508+0800: 465579.881: Total time for which application threads were stopped: 0.0001731 seconds, Stopping threads took: 0.0000525 seconds
2016-08-16T13:54:42.509+0800: 465579.882: Total time for which application threads were stopped: 0.0001011 seconds, Stopping threads took: 0.0000147 seconds
2016-08-16T13:54:42.509+0800: 465579.882: Total time for which application threads were stopped: 0.0000872 seconds, Stopping threads took: 0.0000106 seconds
2016-08-16T13:54:43.513+0800: 465580.886: Total time for which application threads were stopped: 0.0001571 seconds, Stopping threads took: 0.0000366 seconds
2016-08-16T13:55:33.655+0800: 465631.031: Total time for which application threads were stopped: 0.0001427 seconds, Stopping threads took: 0.0000328 seconds
2016-08-16T14:08:46.209+0800: 466423.637: Total time for which application threads were stopped: 0.0001088 seconds, Stopping threads took: 0.0000200 seconds
2016-08-16T14:08:46.223+0800: 466423.651: Total time for which application threads were stopped: 0.0001142 seconds, Stopping threads took: 0.0000295 seconds
2016-08-16T14:08:46.225+0800: 466423.653: Total time for which application threads were stopped: 0.0000959 seconds, Stopping threads took: 0.0000168 seconds
2016-08-16T14:08:46.330+0800: 466423.758: Total time for which application threads were stopped: 0.0001145 seconds, Stopping threads took: 0.0000225 seconds
2016-08-16T14:08:46.334+0800: 466423.762: Total time for which application threads were stopped: 0.0001030 seconds, Stopping threads took: 0.0000182 seconds
2016-08-16T14:08:46.365+0800: 466423.794: Total time for which application threads were stopped: 0.0001189 seconds, Stopping threads took: 0.0000211 seconds
2016-08-16T14:08:46.369+0800: 466423.798: Total time for which application threads were stopped: 0.0000924 seconds, Stopping threads took: 0.0000166 seconds
2016-08-16T14:08:46.375+0800: 466423.803: Total time for which application threads were stopped: 0.0001704 seconds, Stopping threads took: 0.0000368 seconds
2016-08-16T14:08:46.375+0800: 466423.803: Total time for which application threads were stopped: 0.0001188 seconds, Stopping threads took: 0.0000231 seconds
2016-08-16T14:08:46.380+0800: 466423.808: Total time for which application threads were stopped: 0.0001254 seconds, Stopping threads took: 0.0000249 seconds
2016-08-16T14:08:46.380+0800: 466423.809: Total time for which application threads were stopped: 0.0001030 seconds, Stopping threads took: 0.0000237 seconds
2016-08-16T14:08:46.385+0800: 466423.814: Total time for which application threads were stopped: 0.0001287 seconds, Stopping threads took: 0.0000215 seconds
2016-08-16T14:08:46.406+0800: 466423.834: Total time for which application threads were stopped: 0.0001345 seconds, Stopping threads took: 0.0000198 seconds
2016-08-16T14:08:46.409+0800: 466423.838: Total time for which application threads were stopped: 0.0001028 seconds, Stopping threads took: 0.0000250 seconds
2016-08-16T14:08:46.413+0800: 466423.841: Total time for which application threads were stopped: 0.0001067 seconds, Stopping threads took: 0.0000195 seconds
2016-08-16T14:08:46.463+0800: 466423.891: Total time for which application threads were stopped: 0.0001235 seconds, Stopping threads took: 0.0000228 seconds
2016-08-16T14:08:46.468+0800: 466423.896: Total time for which application threads were stopped: 0.0001091 seconds, Stopping threads took: 0.0000251 seconds
2016-08-16T14:08:47.472+0800: 466424.901: Total time for which application threads were stopped: 0.0001355 seconds, Stopping threads took: 0.0000281 seconds
2016-08-16T14:09:19.201+0800: 466456.632: Total time for which application threads were stopped: 0.0001934 seconds, Stopping threads took: 0.0000207 seconds
2016-08-16T14:09:19.261+0800: 466456.691: Total time for which application threads were stopped: 0.0001274 seconds, Stopping threads took: 0.0000254 seconds
2016-08-16T14:09:19.263+0800: 466456.693: Total time for which application threads were stopped: 0.0000912 seconds, Stopping threads took: 0.0000163 seconds
2016-08-16T14:09:42.781+0800: 466480.213: Total time for which application threads were stopped: 0.0001174 seconds, Stopping threads took: 0.0000213 seconds
2016-08-16T14:09:42.853+0800: 466480.285: Total time for which application threads were stopped: 0.0001124 seconds, Stopping threads took: 0.0000221 seconds
2016-08-16T14:09:42.855+0800: 466480.287: Total time for which application threads were stopped: 0.0000743 seconds, Stopping threads took: 0.0000121 seconds
2016-08-16T14:09:46.382+0800: 466483.814: Total time for which application threads were stopped: 0.0002051 seconds, Stopping threads took: 0.0000370 seconds
2016-08-16T14:11:11.073+0800: 466568.511: Total time for which application threads were stopped: 0.0001154 seconds, Stopping threads took: 0.0000199 seconds
2016-08-16T14:11:11.141+0800: 466568.579: Total time for which application threads were stopped: 0.0001183 seconds, Stopping threads took: 0.0000223 seconds
2016-08-16T14:11:11.143+0800: 466568.581: Total time for which application threads were stopped: 0.0000932 seconds, Stopping threads took: 0.0000162 seconds
2016-08-16T14:13:40.398+0800: 466717.845: Total time for which application threads were stopped: 0.0001108 seconds, Stopping threads took: 0.0000216 seconds
2016-08-16T14:13:40.468+0800: 466717.916: Total time for which application threads were stopped: 0.0001247 seconds, Stopping threads took: 0.0000215 seconds
2016-08-16T14:13:40.471+0800: 466717.918: Total time for which application threads were stopped: 0.0001069 seconds, Stopping threads took: 0.0000207 seconds
2016-08-16T14:13:57.563+0800: 466735.011: Total time for which application threads were stopped: 0.0001206 seconds, Stopping threads took: 0.0000224 seconds
2016-08-16T14:13:57.640+0800: 466735.089: Total time for which application threads were stopped: 0.0001135 seconds, Stopping threads took: 0.0000294 seconds
2016-08-16T14:13:57.642+0800: 466735.091: Total time for which application threads were stopped: 0.0000805 seconds, Stopping threads took: 0.0000119 seconds
2016-08-16T14:14:22.774+0800: 466760.224: Total time for which application threads were stopped: 0.0001133 seconds, Stopping threads took: 0.0000222 seconds
2016-08-16T14:14:22.787+0800: 466760.237: Total time for which application threads were stopped: 0.0000800 seconds, Stopping threads took: 0.0000136 seconds
2016-08-16T14:14:22.788+0800: 466760.239: Total time for which application threads were stopped: 0.0000551 seconds, Stopping threads took: 0.0000096 seconds
2016-08-16T14:14:23.789+0800: 466761.240: Total time for which application threads were stopped: 0.0001471 seconds, Stopping threads took: 0.0000352 seconds
2016-08-16T14:16:18.379+0800: 466875.837: Total time for which application threads were stopped: 0.0001097 seconds, Stopping threads took: 0.0000210 seconds
2016-08-16T14:16:18.453+0800: 466875.911: Total time for which application threads were stopped: 0.0001096 seconds, Stopping threads took: 0.0000205 seconds
2016-08-16T14:16:18.455+0800: 466875.913: Total time for which application threads were stopped: 0.0000727 seconds, Stopping threads took: 0.0000110 seconds
2016-08-16T14:16:21.476+0800: 466878.934: Total time for which application threads were stopped: 0.0001093 seconds, Stopping threads took: 0.0000211 seconds
2016-08-16T14:16:21.477+0800: 466878.936: Total time for which application threads were stopped: 0.0000614 seconds, Stopping threads took: 0.0000101 seconds
2016-08-16T14:16:21.480+0800: 466878.938: Total time for which application threads were stopped: 0.0000657 seconds, Stopping threads took: 0.0000108 seconds
2016-08-16T14:16:21.502+0800: 466878.960: Total time for which application threads were stopped: 0.0001478 seconds, Stopping threads took: 0.0000268 seconds
2016-08-16T14:16:21.508+0800: 466878.966: Total time for which application threads were stopped: 0.0001166 seconds, Stopping threads took: 0.0000254 seconds
2016-08-16T14:16:21.508+0800: 466878.967: Total time for which application threads were stopped: 0.0000743 seconds, Stopping threads took: 0.0000106 seconds
2016-08-16T14:16:21.513+0800: 466878.971: Total time for which application threads were stopped: 0.0001318 seconds, Stopping threads took: 0.0000501 seconds
2016-08-16T14:16:21.513+0800: 466878.971: Total time for which application threads were stopped: 0.0001114 seconds, Stopping threads took: 0.0000455 seconds
2016-08-16T14:16:21.518+0800: 466878.976: Total time for which application threads were stopped: 0.0001541 seconds, Stopping threads took: 0.0000131 seconds
2016-08-16T14:16:34.471+0800: 466891.930: Total time for which application threads were stopped: 0.0001283 seconds, Stopping threads took: 0.0000241 seconds
2016-08-16T14:16:34.473+0800: 466891.932: Total time for which application threads were stopped: 0.0001105 seconds, Stopping threads took: 0.0000293 seconds
2016-08-16T14:16:34.477+0800: 466891.936: Total time for which application threads were stopped: 0.0001107 seconds, Stopping threads took: 0.0000224 seconds
2016-08-16T14:16:34.490+0800: 466891.949: Total time for which application threads were stopped: 0.0001126 seconds, Stopping threads took: 0.0000161 seconds
2016-08-16T14:16:34.516+0800: 466891.975: Total time for which application threads were stopped: 0.0001611 seconds, Stopping threads took: 0.0000258 seconds
2016-08-16T14:16:34.581+0800: 466892.040: Total time for which application threads were stopped: 0.0001235 seconds, Stopping threads took: 0.0000231 seconds
2016-08-16T14:16:34.583+0800: 466892.042: Total time for which application threads were stopped: 0.0000947 seconds, Stopping threads took: 0.0000156 seconds
2016-08-16T14:16:34.587+0800: 466892.046: Total time for which application threads were stopped: 0.0001235 seconds, Stopping threads took: 0.0000222 seconds
2016-08-16T14:16:34.606+0800: 466892.065: Total time for which application threads were stopped: 0.0001199 seconds, Stopping threads took: 0.0000226 seconds
2016-08-16T14:16:35.611+0800: 466893.070: Total time for which application threads were stopped: 0.0001581 seconds, Stopping threads took: 0.0000370 seconds
2016-08-16T14:16:44.543+0800: 466902.002: Total time for which application threads were stopped: 0.0001165 seconds, Stopping threads took: 0.0000209 seconds
2016-08-16T14:17:21.512+0800: 466938.974: Total time for which application threads were stopped: 0.0001616 seconds, Stopping threads took: 0.0000301 seconds
2016-08-16T14:18:49.574+0800: 467027.042: Total time for which application threads were stopped: 0.0001211 seconds, Stopping threads took: 0.0000227 seconds
2016-08-16T14:18:49.576+0800: 467027.044: Total time for which application threads were stopped: 0.0000968 seconds, Stopping threads took: 0.0000166 seconds
2016-08-16T14:18:49.582+0800: 467027.050: Total time for which application threads were stopped: 0.0001113 seconds, Stopping threads took: 0.0000225 seconds
2016-08-16T14:18:49.604+0800: 467027.071: Total time for which application threads were stopped: 0.0001168 seconds, Stopping threads took: 0.0000226 seconds
2016-08-16T14:18:52.374+0800: 467029.842: Total time for which application threads were stopped: 0.0001114 seconds, Stopping threads took: 0.0000218 seconds
2016-08-16T14:18:52.380+0800: 467029.848: Total time for which application threads were stopped: 0.0001083 seconds, Stopping threads took: 0.0000190 seconds
2016-08-16T14:18:52.399+0800: 467029.867: Total time for which application threads were stopped: 0.0001281 seconds, Stopping threads took: 0.0000206 seconds
2016-08-16T14:19:07.450+0800: 467044.919: Total time for which application threads were stopped: 0.0001062 seconds, Stopping threads took: 0.0000210 seconds
2016-08-16T14:19:07.455+0800: 467044.924: Total time for which application threads were stopped: 0.0001049 seconds, Stopping threads took: 0.0000198 seconds
2016-08-16T14:19:07.471+0800: 467044.941: Total time for which application threads were stopped: 0.0000815 seconds, Stopping threads took: 0.0000137 seconds
2016-08-16T14:19:10.292+0800: 467047.761: Total time for which application threads were stopped: 0.0001115 seconds, Stopping threads took: 0.0000220 seconds
2016-08-16T14:19:10.297+0800: 467047.766: Total time for which application threads were stopped: 0.0000768 seconds, Stopping threads took: 0.0000214 seconds
2016-08-16T14:19:10.316+0800: 467047.785: Total time for which application threads were stopped: 0.0001260 seconds, Stopping threads took: 0.0000216 seconds
2016-08-16T14:19:38.724+0800: 467076.195: Total time for which application threads were stopped: 0.0001153 seconds, Stopping threads took: 0.0000216 seconds
2016-08-16T14:19:38.730+0800: 467076.201: Total time for which application threads were stopped: 0.0001201 seconds, Stopping threads took: 0.0000219 seconds
2016-08-16T14:19:38.748+0800: 467076.219: Total time for which application threads were stopped: 0.0001091 seconds, Stopping threads took: 0.0000211 seconds
2016-08-16T14:20:43.010+0800: 467140.485: Total time for which application threads were stopped: 0.0001252 seconds, Stopping threads took: 0.0000291 seconds
2016-08-16T14:20:43.016+0800: 467140.491: Total time for which application threads were stopped: 0.0001183 seconds, Stopping threads took: 0.0000225 seconds
2016-08-16T14:20:43.034+0800: 467140.509: Total time for which application threads were stopped: 0.0001202 seconds, Stopping threads took: 0.0000223 seconds
2016-08-16T14:20:53.885+0800: 467151.361: Total time for which application threads were stopped: 0.0002895 seconds, Stopping threads took: 0.0000285 seconds
2016-08-16T14:20:53.957+0800: 467151.433: Total time for which application threads were stopped: 0.0001242 seconds, Stopping threads took: 0.0000314 seconds
2016-08-16T14:20:53.959+0800: 467151.435: Total time for which application threads were stopped: 0.0001005 seconds, Stopping threads took: 0.0000245 seconds
2016-08-16T14:21:04.145+0800: 467161.621: Total time for which application threads were stopped: 0.0001062 seconds, Stopping threads took: 0.0000203 seconds
2016-08-16T14:21:04.147+0800: 467161.623: Total time for which application threads were stopped: 0.0000674 seconds, Stopping threads took: 0.0000123 seconds
2016-08-16T14:21:04.151+0800: 467161.628: Total time for which application threads were stopped: 0.0000697 seconds, Stopping threads took: 0.0000114 seconds
2016-08-16T14:21:04.172+0800: 467161.649: Total time for which application threads were stopped: 0.0001376 seconds, Stopping threads took: 0.0000251 seconds
2016-08-16T15:06:41.444+0800: 469899.092: Total time for which application threads were stopped: 0.0001177 seconds, Stopping threads took: 0.0000221 seconds
2016-08-16T15:06:42.448+0800: 469900.097: Total time for which application threads were stopped: 0.0001554 seconds, Stopping threads took: 0.0000362 seconds
2016-08-16T15:06:52.264+0800: 469909.913: Total time for which application threads were stopped: 0.0001363 seconds, Stopping threads took: 0.0000282 seconds
2016-08-16T15:06:53.266+0800: 469910.915: Total time for which application threads were stopped: 0.0001456 seconds, Stopping threads took: 0.0000286 seconds
2016-08-16T15:07:45.418+0800: 469963.070: Total time for which application threads were stopped: 0.0001312 seconds, Stopping threads took: 0.0000284 seconds
{Heap before GC invocations=36 (full 1):
 par new generation   total 109248K, used 89262K [0x00000007a0000000, 0x00000007a8000000, 0x00000007a8000000)
  eden space 87424K, 100% used [0x00000007a0000000, 0x00000007a5560000, 0x00000007a5560000)
  from space 21824K,   8% used [0x00000007a5560000, 0x00000007a572bb40, 0x00000007a6ab0000)
  to   space 21824K,   0% used [0x00000007a6ab0000, 0x00000007a6ab0000, 0x00000007a8000000)
 concurrent mark-sweep generation total 393216K, used 27696K [0x00000007a8000000, 0x00000007c0000000, 0x00000007c0000000)
 Metaspace       used 34431K, capacity 34918K, committed 35452K, reserved 1081344K
  class space    used 3787K, capacity 3932K, committed 3964K, reserved 1048576K
2016-08-16T15:07:48.968+0800: 469966.621: [GC (Allocation Failure) 2016-08-16T15:07:48.968+0800: 469966.621: [ParNew
Desired survivor size 20112992 bytes, new threshold 8 (max 8)
- age   1:     569064 bytes,     569064 total
- age   2:     634328 bytes,    1203392 total
- age   3:      23760 bytes,    1227152 total
- age   4:      26192 bytes,    1253344 total
- age   5:     349968 bytes,    1603312 total
- age   6:     125176 bytes,    1728488 total
- age   7:       2888 bytes,    1731376 total
- age   8:        904 bytes,    1732280 total
: 89262K->2239K(109248K), 0.0086655 secs] 116958K->29936K(502464K), 0.0087159 secs] [Times: user=0.02 sys=0.00, real=0.01 secs] 
Heap after GC invocations=37 (full 1):
 par new generation   total 109248K, used 2239K [0x00000007a0000000, 0x00000007a8000000, 0x00000007a8000000)
  eden space 87424K,   0% used [0x00000007a0000000, 0x00000007a0000000, 0x00000007a5560000)
  from space 21824K,  10% used [0x00000007a6ab0000, 0x00000007a6cdfd00, 0x00000007a8000000)
  to   space 21824K,   0% used [0x00000007a5560000, 0x00000007a5560000, 0x00000007a6ab0000)
 concurrent mark-sweep generation total 393216K, used 27697K [0x00000007a8000000, 0x00000007c0000000, 0x00000007c0000000)
 Metaspace       used 34431K, capacity 34918K, committed 35452K, reserved 1081344K
  class space    used 3787K, capacity 3932K, committed 3964K, reserved 1048576K
}
2016-08-16T15:07:48.977+0800: 469966.629: Total time for which application threads were stopped: 0.0091173 seconds, Stopping threads took: 0.0000228 seconds
2016-08-16T15:07:59.292+0800: 469976.945: Total time for which application threads were stopped: 0.0001262 seconds, Stopping threads took: 0.0000334 seconds
2016-08-16T15:08:20.341+0800: 469997.995: Total time for which application threads were stopped: 0.0002807 seconds, Stopping threads took: 0.0000642 seconds
2016-08-16T15:08:21.341+0800: 469998.996: Total time for which application threads were stopped: 0.0003827 seconds, Stopping threads took: 0.0000799 seconds
2016-08-16T15:22:57.383+0800: 470875.092: Total time for which application threads were stopped: 0.0001264 seconds, Stopping threads took: 0.0000243 seconds
2016-08-16T15:22:58.387+0800: 470876.096: Total time for which application threads were stopped: 0.0001288 seconds, Stopping threads took: 0.0000257 seconds
2016-08-16T15:22:58.950+0800: 470876.658: Total time for which application threads were stopped: 0.0001384 seconds, Stopping threads took: 0.0000252 seconds
{Heap before GC invocations=37 (full 1):
 par new generation   total 109248K, used 89663K [0x00000007a0000000, 0x00000007a8000000, 0x00000007a8000000)
  eden space 87424K, 100% used [0x00000007a0000000, 0x00000007a5560000, 0x00000007a5560000)
  from space 21824K,  10% used [0x00000007a6ab0000, 0x00000007a6cdfd00, 0x00000007a8000000)
  to   space 21824K,   0% used [0x00000007a5560000, 0x00000007a5560000, 0x00000007a6ab0000)
 concurrent mark-sweep generation total 393216K, used 27697K [0x00000007a8000000, 0x00000007c0000000, 0x00000007c0000000)
 Metaspace       used 34454K, capacity 34918K, committed 35452K, reserved 1081344K
  class space    used 3787K, capacity 3932K, committed 3964K, reserved 1048576K
2016-08-16T15:23:09.733+0800: 470887.442: [GC (Allocation Failure) 2016-08-16T15:23:09.733+0800: 470887.442: [ParNew
Desired survivor size 20112992 bytes, new threshold 8 (max 8)
- age   1:     333968 bytes,     333968 total
- age   2:     315864 bytes,     649832 total
- age   3:     620064 bytes,    1269896 total
- age   4:      14536 bytes,    1284432 total
- age   5:      26192 bytes,    1310624 total
- age   6:     349968 bytes,    1660592 total
- age   7:     124952 bytes,    1785544 total
- age   8:       2888 bytes,    1788432 total
: 89663K->2064K(109248K), 0.0063324 secs] 117360K->29763K(502464K), 0.0063976 secs] [Times: user=0.01 sys=0.00, real=0.00 secs] 
Heap after GC invocations=38 (full 1):
 par new generation   total 109248K, used 2064K [0x00000007a0000000, 0x00000007a8000000, 0x00000007a8000000)
  eden space 87424K,   0% used [0x00000007a0000000, 0x00000007a0000000, 0x00000007a5560000)
  from space 21824K,   9% used [0x00000007a5560000, 0x00000007a57642d8, 0x00000007a6ab0000)
  to   space 21824K,   0% used [0x00000007a6ab0000, 0x00000007a6ab0000, 0x00000007a8000000)
 concurrent mark-sweep generation total 393216K, used 27698K [0x00000007a8000000, 0x00000007c0000000, 0x00000007c0000000)
 Metaspace       used 34454K, capacity 34918K, committed 35452K, reserved 1081344K
  class space    used 3787K, capacity 3932K, committed 3964K, reserved 1048576K
}
2016-08-16T15:23:09.739+0800: 470887.448: Total time for which application threads were stopped: 0.0067036 seconds, Stopping threads took: 0.0000252 seconds
2016-08-16T15:23:10.741+0800: 470888.450: Total time for which application threads were stopped: 0.0001207 seconds, Stopping threads took: 0.0000261 seconds
2016-08-16T15:23:11.745+0800: 470889.455: Total time for which application threads were stopped: 0.0001477 seconds, Stopping threads took: 0.0000346 seconds
2016-08-16T15:23:14.750+0800: 470892.459: Total time for which application threads were stopped: 0.0001485 seconds, Stopping threads took: 0.0000355 seconds
2016-08-16T15:42:44.656+0800: 472062.436: Total time for which application threads were stopped: 0.0001367 seconds, Stopping threads took: 0.0000326 seconds
2016-08-16T15:44:03.711+0800: 472141.496: Total time for which application threads were stopped: 0.0001027 seconds, Stopping threads took: 0.0000190 seconds
2016-08-16T15:46:24.583+0800: 472282.378: Total time for which application threads were stopped: 0.0001157 seconds, Stopping threads took: 0.0000299 seconds
2016-08-16T15:46:24.584+0800: 472282.379: Total time for which application threads were stopped: 0.0000867 seconds, Stopping threads took: 0.0000118 seconds
2016-08-16T15:46:59.677+0800: 472317.473: Total time for which application threads were stopped: 0.0001083 seconds, Stopping threads took: 0.0000251 seconds
2016-08-16T15:47:00.677+0800: 472318.473: Total time for which application threads were stopped: 0.0001371 seconds, Stopping threads took: 0.0000312 seconds
2016-08-16T15:48:12.917+0800: 472390.717: Total time for which application threads were stopped: 0.0001372 seconds, Stopping threads took: 0.0000278 seconds
2016-08-16T15:59:24.965+0800: 473062.807: Total time for which application threads were stopped: 0.0001195 seconds, Stopping threads took: 0.0000231 seconds
2016-08-16T15:59:24.966+0800: 473062.809: Total time for which application threads were stopped: 0.0001020 seconds, Stopping threads took: 0.0000146 seconds
2016-08-16T15:59:57.177+0800: 473094.827: Total time for which application threads were stopped: 0.0001104 seconds, Stopping threads took: 0.0000202 seconds
2016-08-16T16:06:13.966+0800: 473471.641: Total time for which application threads were stopped: 0.0001531 seconds, Stopping threads took: 0.0000288 seconds
2016-08-16T16:06:57.039+0800: 473514.717: Total time for which application threads were stopped: 0.0001080 seconds, Stopping threads took: 0.0000207 seconds
2016-08-16T16:11:28.273+0800: 473785.970: Total time for which application threads were stopped: 0.0001094 seconds, Stopping threads took: 0.0000212 seconds
2016-08-16T16:11:56.877+0800: 473814.575: Total time for which application threads were stopped: 0.0001143 seconds, Stopping threads took: 0.0000235 seconds
2016-08-16T16:11:57.881+0800: 473815.579: Total time for which application threads were stopped: 0.0001381 seconds, Stopping threads took: 0.0000450 seconds
2016-08-16T16:12:14.313+0800: 473832.012: Total time for which application threads were stopped: 0.0001252 seconds, Stopping threads took: 0.0000370 seconds
2016-08-16T16:12:26.511+0800: 473844.211: Total time for which application threads were stopped: 0.0001136 seconds, Stopping threads took: 0.0000211 seconds
2016-08-16T16:12:26.609+0800: 473844.309: Total time for which application threads were stopped: 0.0001298 seconds, Stopping threads took: 0.0000203 seconds
2016-08-16T16:12:26.612+0800: 473844.312: Total time for which application threads were stopped: 0.0001133 seconds, Stopping threads took: 0.0000236 seconds
2016-08-16T16:12:31.072+0800: 473848.773: Total time for which application threads were stopped: 0.0001108 seconds, Stopping threads took: 0.0000211 seconds
2016-08-16T16:12:31.074+0800: 473848.774: Total time for which application threads were stopped: 0.0000533 seconds, Stopping threads took: 0.0000086 seconds
2016-08-16T16:12:31.077+0800: 473848.777: Total time for which application threads were stopped: 0.0000661 seconds, Stopping threads took: 0.0000118 seconds
2016-08-16T16:12:31.092+0800: 473848.793: Total time for which application threads were stopped: 0.0001121 seconds, Stopping threads took: 0.0000212 seconds
2016-08-16T16:12:43.724+0800: 473861.425: Total time for which application threads were stopped: 0.0001121 seconds, Stopping threads took: 0.0000213 seconds
2016-08-16T16:12:43.726+0800: 473861.427: Total time for which application threads were stopped: 0.0001047 seconds, Stopping threads took: 0.0000113 seconds
2016-08-16T16:12:43.731+0800: 473861.432: Total time for which application threads were stopped: 0.0001034 seconds, Stopping threads took: 0.0000192 seconds
2016-08-16T16:12:43.750+0800: 473861.451: Total time for which application threads were stopped: 0.0001928 seconds, Stopping threads took: 0.0000215 seconds
2016-08-16T16:12:47.734+0800: 473865.435: Total time for which application threads were stopped: 0.0001406 seconds, Stopping threads took: 0.0000250 seconds
2016-08-16T16:12:47.744+0800: 473865.445: Total time for which application threads were stopped: 0.0000776 seconds, Stopping threads took: 0.0000132 seconds
2016-08-16T16:12:47.829+0800: 473865.530: Total time for which application threads were stopped: 0.0001228 seconds, Stopping threads took: 0.0000201 seconds
2016-08-16T16:12:48.053+0800: 473865.754: Total time for which application threads were stopped: 0.0001099 seconds, Stopping threads took: 0.0000211 seconds
2016-08-16T16:12:48.054+0800: 473865.756: Total time for which application threads were stopped: 0.0000576 seconds, Stopping threads took: 0.0000092 seconds
2016-08-16T16:12:48.059+0800: 473865.761: Total time for which application threads were stopped: 0.0000752 seconds, Stopping threads took: 0.0000117 seconds
2016-08-16T16:12:48.078+0800: 473865.780: Total time for which application threads were stopped: 0.0001166 seconds, Stopping threads took: 0.0000228 seconds
2016-08-16T16:12:48.079+0800: 473865.781: Total time for which application threads were stopped: 0.0001137 seconds, Stopping threads took: 0.0000215 seconds
2016-08-16T16:12:48.079+0800: 473865.781: Total time for which application threads were stopped: 0.0000643 seconds, Stopping threads took: 0.0000177 seconds
2016-08-16T16:12:48.080+0800: 473865.781: Total time for which application threads were stopped: 0.0000545 seconds, Stopping threads took: 0.0000093 seconds
2016-08-16T16:12:48.080+0800: 473865.781: Total time for which application threads were stopped: 0.0001118 seconds, Stopping threads took: 0.0000442 seconds
2016-08-16T16:12:53.478+0800: 473871.180: Total time for which application threads were stopped: 0.0002101 seconds, Stopping threads took: 0.0000433 seconds
2016-08-16T16:12:53.481+0800: 473871.183: Total time for which application threads were stopped: 0.0002589 seconds, Stopping threads took: 0.0000442 seconds
2016-08-16T16:12:53.487+0800: 473871.189: Total time for which application threads were stopped: 0.0000943 seconds, Stopping threads took: 0.0000163 seconds
2016-08-16T16:12:53.509+0800: 473871.211: Total time for which application threads were stopped: 0.0000963 seconds, Stopping threads took: 0.0000167 seconds
2016-08-16T16:12:56.112+0800: 473873.814: Total time for which application threads were stopped: 0.0001108 seconds, Stopping threads took: 0.0000191 seconds
2016-08-16T16:12:56.114+0800: 473873.816: Total time for which application threads were stopped: 0.0001110 seconds, Stopping threads took: 0.0000148 seconds
2016-08-16T16:12:56.119+0800: 473873.821: Total time for which application threads were stopped: 0.0001054 seconds, Stopping threads took: 0.0000155 seconds
2016-08-16T16:12:56.140+0800: 473873.842: Total time for which application threads were stopped: 0.0000804 seconds, Stopping threads took: 0.0000124 seconds
2016-08-16T16:12:57.837+0800: 473875.539: Total time for which application threads were stopped: 0.0001005 seconds, Stopping threads took: 0.0000196 seconds
2016-08-16T16:12:57.841+0800: 473875.544: Total time for which application threads were stopped: 0.0001192 seconds, Stopping threads took: 0.0000201 seconds
2016-08-16T16:12:57.842+0800: 473875.544: Total time for which application threads were stopped: 0.0000623 seconds, Stopping threads took: 0.0000078 seconds
2016-08-16T16:12:58.574+0800: 473876.276: Total time for which application threads were stopped: 0.0001242 seconds, Stopping threads took: 0.0000200 seconds
2016-08-16T16:12:58.574+0800: 473876.276: Total time for which application threads were stopped: 0.0000735 seconds, Stopping threads took: 0.0000096 seconds
2016-08-16T16:12:58.576+0800: 473876.278: Total time for which application threads were stopped: 0.0000980 seconds, Stopping threads took: 0.0000110 seconds
2016-08-16T16:12:58.581+0800: 473876.283: Total time for which application threads were stopped: 0.0000759 seconds, Stopping threads took: 0.0000132 seconds
2016-08-16T16:12:58.600+0800: 473876.302: Total time for which application threads were stopped: 0.0000951 seconds, Stopping threads took: 0.0000157 seconds
2016-08-16T16:12:58.601+0800: 473876.303: Total time for which application threads were stopped: 0.0001340 seconds, Stopping threads took: 0.0000386 seconds
2016-08-16T16:12:58.601+0800: 473876.303: Total time for which application threads were stopped: 0.0001481 seconds, Stopping threads took: 0.0000078 seconds
2016-08-16T16:13:03.085+0800: 473880.788: Total time for which application threads were stopped: 0.0002514 seconds, Stopping threads took: 0.0000272 seconds
2016-08-16T16:13:03.112+0800: 473880.815: Total time for which application threads were stopped: 0.0001849 seconds, Stopping threads took: 0.0000825 seconds
2016-08-16T16:13:03.113+0800: 473880.816: Total time for which application threads were stopped: 0.0001037 seconds, Stopping threads took: 0.0000311 seconds
2016-08-16T16:13:03.113+0800: 473880.816: Total time for which application threads were stopped: 0.0000919 seconds, Stopping threads took: 0.0000373 seconds
2016-08-16T16:13:03.113+0800: 473880.816: Total time for which application threads were stopped: 0.0000470 seconds, Stopping threads took: 0.0000068 seconds
2016-08-16T16:13:03.113+0800: 473880.816: Total time for which application threads were stopped: 0.0000600 seconds, Stopping threads took: 0.0000088 seconds
2016-08-16T16:13:03.114+0800: 473880.816: Total time for which application threads were stopped: 0.0000827 seconds, Stopping threads took: 0.0000410 seconds
2016-08-16T16:13:08.134+0800: 473885.837: Total time for which application threads were stopped: 0.0001240 seconds, Stopping threads took: 0.0000274 seconds
2016-08-16T16:13:10.142+0800: 473887.845: Total time for which application threads were stopped: 0.0001580 seconds, Stopping threads took: 0.0000313 seconds
2016-08-16T16:13:22.191+0800: 473899.895: Total time for which application threads were stopped: 0.0001678 seconds, Stopping threads took: 0.0000284 seconds
2016-08-16T16:13:25.200+0800: 473902.904: Total time for which application threads were stopped: 0.0001874 seconds, Stopping threads took: 0.0000406 seconds
2016-08-16T16:13:37.242+0800: 473914.947: Total time for which application threads were stopped: 0.0001598 seconds, Stopping threads took: 0.0000460 seconds
2016-08-16T16:14:06.337+0800: 473944.044: Total time for which application threads were stopped: 0.0001814 seconds, Stopping threads took: 0.0000789 seconds
2016-08-16T16:14:08.346+0800: 473946.053: Total time for which application threads were stopped: 0.0001476 seconds, Stopping threads took: 0.0000296 seconds
2016-08-16T16:14:15.369+0800: 473953.076: Total time for which application threads were stopped: 0.0002866 seconds, Stopping threads took: 0.0000844 seconds
2016-08-16T16:14:27.413+0800: 473965.122: Total time for which application threads were stopped: 0.0001700 seconds, Stopping threads took: 0.0000375 seconds
2016-08-16T16:14:32.431+0800: 473970.139: Total time for which application threads were stopped: 0.0001674 seconds, Stopping threads took: 0.0000344 seconds
2016-08-16T16:14:32.431+0800: 473970.139: Total time for which application threads were stopped: 0.0001624 seconds, Stopping threads took: 0.0000519 seconds
2016-08-16T16:14:32.436+0800: 473970.145: Total time for which application threads were stopped: 0.0001333 seconds, Stopping threads took: 0.0000152 seconds
2016-08-16T16:14:32.436+0800: 473970.145: Total time for which application threads were stopped: 0.0001172 seconds, Stopping threads took: 0.0000202 seconds
2016-08-16T16:14:33.438+0800: 473971.147: Total time for which application threads were stopped: 0.0001277 seconds, Stopping threads took: 0.0000259 seconds
2016-08-16T16:14:36.410+0800: 473974.119: Total time for which application threads were stopped: 0.0002176 seconds, Stopping threads took: 0.0000253 seconds
2016-08-16T16:14:47.828+0800: 473985.538: Total time for which application threads were stopped: 0.0001186 seconds, Stopping threads took: 0.0000228 seconds
2016-08-16T16:14:47.836+0800: 473985.546: Total time for which application threads were stopped: 0.0001193 seconds, Stopping threads took: 0.0000217 seconds
2016-08-16T16:14:47.837+0800: 473985.547: Total time for which application threads were stopped: 0.0000659 seconds, Stopping threads took: 0.0000110 seconds
2016-08-16T16:14:47.837+0800: 473985.547: Total time for which application threads were stopped: 0.0000938 seconds, Stopping threads took: 0.0000127 seconds
2016-08-16T16:14:47.837+0800: 473985.547: Total time for which application threads were stopped: 0.0001683 seconds, Stopping threads took: 0.0000906 seconds
{Heap before GC invocations=38 (full 1):
 par new generation   total 109248K, used 89488K [0x00000007a0000000, 0x00000007a8000000, 0x00000007a8000000)
  eden space 87424K, 100% used [0x00000007a0000000, 0x00000007a5560000, 0x00000007a5560000)
  from space 21824K,   9% used [0x00000007a5560000, 0x00000007a57642d8, 0x00000007a6ab0000)
  to   space 21824K,   0% used [0x00000007a6ab0000, 0x00000007a6ab0000, 0x00000007a8000000)
 concurrent mark-sweep generation total 393216K, used 27698K [0x00000007a8000000, 0x00000007c0000000, 0x00000007c0000000)
 Metaspace       used 34538K, capacity 34982K, committed 35452K, reserved 1081344K
  class space    used 3788K, capacity 3932K, committed 3964K, reserved 1048576K
2016-08-16T16:14:47.838+0800: 473985.548: [GC (Allocation Failure) 2016-08-16T16:14:47.838+0800: 473985.548: [ParNew
Desired survivor size 20112992 bytes, new threshold 8 (max 8)
- age   1:     481592 bytes,     481592 total
- age   2:       2920 bytes,     484512 total
- age   3:      94952 bytes,     579464 total
- age   4:     510976 bytes,    1090440 total
- age   5:      12376 bytes,    1102816 total
- age   6:      26128 bytes,    1128944 total
- age   7:     349712 bytes,    1478656 total
- age   8:     124784 bytes,    1603440 total
: 89488K->2429K(109248K), 0.0063223 secs] 117187K->30131K(502464K), 0.0063656 secs] [Times: user=0.02 sys=0.00, real=0.01 secs] 
Heap after GC invocations=39 (full 1):
 par new generation   total 109248K, used 2429K [0x00000007a0000000, 0x00000007a8000000, 0x00000007a8000000)
  eden space 87424K,   0% used [0x00000007a0000000, 0x00000007a0000000, 0x00000007a5560000)
  from space 21824K,  11% used [0x00000007a6ab0000, 0x00000007a6d0f730, 0x00000007a8000000)
  to   space 21824K,   0% used [0x00000007a5560000, 0x00000007a5560000, 0x00000007a6ab0000)
 concurrent mark-sweep generation total 393216K, used 27701K [0x00000007a8000000, 0x00000007c0000000, 0x00000007c0000000)
 Metaspace       used 34538K, capacity 34982K, committed 35452K, reserved 1081344K
  class space    used 3788K, capacity 3932K, committed 3964K, reserved 1048576K
}
2016-08-16T16:14:47.845+0800: 473985.554: Total time for which application threads were stopped: 0.0065120 seconds, Stopping threads took: 0.0000105 seconds
2016-08-16T16:14:47.848+0800: 473985.558: Total time for which application threads were stopped: 0.0000929 seconds, Stopping threads took: 0.0000224 seconds
2016-08-16T16:14:47.848+0800: 473985.558: Total time for which application threads were stopped: 0.0000706 seconds, Stopping threads took: 0.0000194 seconds
2016-08-16T16:14:47.848+0800: 473985.558: Total time for which application threads were stopped: 0.0000712 seconds, Stopping threads took: 0.0000188 seconds
2016-08-16T16:14:47.848+0800: 473985.558: Total time for which application threads were stopped: 0.0000751 seconds, Stopping threads took: 0.0000225 seconds
2016-08-16T16:14:48.852+0800: 473986.562: Total time for which application threads were stopped: 0.0001320 seconds, Stopping threads took: 0.0000308 seconds
2016-08-16T16:15:32.437+0800: 474030.149: Total time for which application threads were stopped: 0.0001452 seconds, Stopping threads took: 0.0000305 seconds
2016-08-16T16:15:33.582+0800: 474031.295: Total time for which application threads were stopped: 0.0001134 seconds, Stopping threads took: 0.0000298 seconds
2016-08-16T16:15:33.582+0800: 474031.295: Total time for which application threads were stopped: 0.0000899 seconds, Stopping threads took: 0.0000385 seconds
2016-08-16T16:15:33.583+0800: 474031.295: Total time for which application threads were stopped: 0.0000824 seconds, Stopping threads took: 0.0000194 seconds
2016-08-16T16:15:33.583+0800: 474031.295: Total time for which application threads were stopped: 0.0000597 seconds, Stopping threads took: 0.0000070 seconds
2016-08-16T16:15:33.583+0800: 474031.296: Total time for which application threads were stopped: 0.0000663 seconds, Stopping threads took: 0.0000087 seconds
2016-08-16T16:15:33.583+0800: 474031.296: Total time for which application threads were stopped: 0.0001083 seconds, Stopping threads took: 0.0000086 seconds
2016-08-16T16:15:34.588+0800: 474032.301: Total time for which application threads were stopped: 0.0002399 seconds, Stopping threads took: 0.0000716 seconds
2016-08-16T16:15:45.819+0800: 474043.532: Total time for which application threads were stopped: 0.0001215 seconds, Stopping threads took: 0.0000201 seconds
2016-08-16T16:15:45.820+0800: 474043.533: Total time for which application threads were stopped: 0.0000782 seconds, Stopping threads took: 0.0000105 seconds
2016-08-16T16:15:45.820+0800: 474043.534: Total time for which application threads were stopped: 0.0000544 seconds, Stopping threads took: 0.0000064 seconds
2016-08-16T16:15:45.820+0800: 474043.534: Total time for which application threads were stopped: 0.0000562 seconds, Stopping threads took: 0.0000068 seconds
2016-08-16T16:15:56.856+0800: 474054.571: Total time for which application threads were stopped: 0.0001882 seconds, Stopping threads took: 0.0000435 seconds
2016-08-16T16:16:25.937+0800: 474083.654: Total time for which application threads were stopped: 0.0001531 seconds, Stopping threads took: 0.0000368 seconds
2016-08-16T16:21:57.221+0800: 474414.959: Total time for which application threads were stopped: 0.0001185 seconds, Stopping threads took: 0.0000202 seconds
2016-08-16T16:23:47.034+0800: 474524.780: Total time for which application threads were stopped: 0.0001024 seconds, Stopping threads took: 0.0000217 seconds
2016-08-16T16:30:58.711+0800: 474956.486: Total time for which application threads were stopped: 0.0009591 seconds, Stopping threads took: 0.0000194 seconds
2016-08-16T16:30:59.715+0800: 474957.490: Total time for which application threads were stopped: 0.0001655 seconds, Stopping threads took: 0.0000336 seconds
2016-08-16T16:31:43.384+0800: 475001.162: Total time for which application threads were stopped: 0.0001033 seconds, Stopping threads took: 0.0000201 seconds
2016-08-16T16:32:53.623+0800: 475071.406: Total time for which application threads were stopped: 0.0001481 seconds, Stopping threads took: 0.0000335 seconds
2016-08-16T16:33:00.556+0800: 475078.339: Total time for which application threads were stopped: 0.0001144 seconds, Stopping threads took: 0.0000223 seconds
2016-08-16T17:16:23.506+0800: 477681.456: Total time for which application threads were stopped: 0.0001103 seconds, Stopping threads took: 0.0000276 seconds
2016-08-16T17:16:25.547+0800: 477683.498: Total time for which application threads were stopped: 0.0001536 seconds, Stopping threads took: 0.0000283 seconds
2016-08-16T17:16:25.548+0800: 477683.498: Total time for which application threads were stopped: 0.0000539 seconds, Stopping threads took: 0.0000062 seconds
2016-08-16T17:16:25.548+0800: 477683.499: Total time for which application threads were stopped: 0.0000596 seconds, Stopping threads took: 0.0000070 seconds
2016-08-16T17:16:25.548+0800: 477683.499: Total time for which application threads were stopped: 0.0000472 seconds, Stopping threads took: 0.0000077 seconds
2016-08-16T17:16:32.591+0800: 477690.543: Total time for which application threads were stopped: 0.0001445 seconds, Stopping threads took: 0.0000301 seconds
2016-08-16T17:16:32.595+0800: 477690.547: Total time for which application threads were stopped: 0.0000911 seconds, Stopping threads took: 0.0000136 seconds
2016-08-16T17:16:32.602+0800: 477690.553: Total time for which application threads were stopped: 0.0001208 seconds, Stopping threads took: 0.0000294 seconds
2016-08-16T17:16:32.602+0800: 477690.554: Total time for which application threads were stopped: 0.0000560 seconds, Stopping threads took: 0.0000206 seconds
2016-08-16T17:16:32.602+0800: 477690.554: Total time for which application threads were stopped: 0.0000616 seconds, Stopping threads took: 0.0000186 seconds
2016-08-16T17:16:32.602+0800: 477690.554: Total time for which application threads were stopped: 0.0000720 seconds, Stopping threads took: 0.0000377 seconds
2016-08-16T17:16:34.778+0800: 477692.730: Total time for which application threads were stopped: 0.0002266 seconds, Stopping threads took: 0.0000331 seconds
2016-08-16T17:16:34.798+0800: 477692.750: Total time for which application threads were stopped: 0.0001638 seconds, Stopping threads took: 0.0000367 seconds
2016-08-16T17:16:34.798+0800: 477692.750: Total time for which application threads were stopped: 0.0001039 seconds, Stopping threads took: 0.0000230 seconds
2016-08-16T17:16:34.799+0800: 477692.750: Total time for which application threads were stopped: 0.0001196 seconds, Stopping threads took: 0.0000313 seconds
2016-08-16T17:16:34.799+0800: 477692.750: Total time for which application threads were stopped: 0.0001118 seconds, Stopping threads took: 0.0000337 seconds
2016-08-16T17:16:34.799+0800: 477692.751: Total time for which application threads were stopped: 0.0000837 seconds, Stopping threads took: 0.0000187 seconds
2016-08-16T17:16:34.799+0800: 477692.751: Total time for which application threads were stopped: 0.0000782 seconds, Stopping threads took: 0.0000181 seconds
2016-08-16T17:16:34.799+0800: 477692.751: Total time for which application threads were stopped: 0.0000821 seconds, Stopping threads took: 0.0000184 seconds
2016-08-16T17:16:35.804+0800: 477693.756: Total time for which application threads were stopped: 0.0002454 seconds, Stopping threads took: 0.0000585 seconds
2016-08-16T17:16:38.721+0800: 477696.673: Total time for which application threads were stopped: 0.0001287 seconds, Stopping threads took: 0.0000191 seconds
2016-08-16T17:16:39.724+0800: 477697.676: Total time for which application threads were stopped: 0.0003833 seconds, Stopping threads took: 0.0000400 seconds
2016-08-16T17:18:22.585+0800: 477800.543: Total time for which application threads were stopped: 0.0002569 seconds, Stopping threads took: 0.0000296 seconds
2016-08-16T17:18:22.593+0800: 477800.551: Total time for which application threads were stopped: 0.0001551 seconds, Stopping threads took: 0.0000598 seconds
2016-08-16T17:18:22.594+0800: 477800.552: Total time for which application threads were stopped: 0.0001318 seconds, Stopping threads took: 0.0000466 seconds
2016-08-16T17:18:22.594+0800: 477800.552: Total time for which application threads were stopped: 0.0001192 seconds, Stopping threads took: 0.0000643 seconds
2016-08-16T17:18:22.594+0800: 477800.553: Total time for which application threads were stopped: 0.0000830 seconds, Stopping threads took: 0.0000363 seconds
2016-08-16T17:18:22.595+0800: 477800.553: Total time for which application threads were stopped: 0.0001119 seconds, Stopping threads took: 0.0000387 seconds
2016-08-16T17:18:22.603+0800: 477800.561: Total time for which application threads were stopped: 0.0001024 seconds, Stopping threads took: 0.0000334 seconds
2016-08-16T17:18:22.603+0800: 477800.561: Total time for which application threads were stopped: 0.0000692 seconds, Stopping threads took: 0.0000244 seconds
2016-08-16T17:18:22.603+0800: 477800.561: Total time for which application threads were stopped: 0.0000639 seconds, Stopping threads took: 0.0000252 seconds
2016-08-16T17:18:22.603+0800: 477800.561: Total time for which application threads were stopped: 0.0000670 seconds, Stopping threads took: 0.0000348 seconds
2016-08-16T17:24:11.907+0800: 478149.887: Total time for which application threads were stopped: 0.0002229 seconds, Stopping threads took: 0.0000222 seconds
2016-08-16T17:24:16.881+0800: 478154.861: Total time for which application threads were stopped: 0.0001346 seconds, Stopping threads took: 0.0000298 seconds
2016-08-16T17:43:53.568+0800: 479331.621: Total time for which application threads were stopped: 0.0001029 seconds, Stopping threads took: 0.0000199 seconds
2016-08-16T17:43:53.568+0800: 479331.622: Total time for which application threads were stopped: 0.0000750 seconds, Stopping threads took: 0.0000106 seconds
2016-08-16T17:43:53.568+0800: 479331.622: Total time for which application threads were stopped: 0.0000653 seconds, Stopping threads took: 0.0000094 seconds
2016-08-16T17:43:53.568+0800: 479331.622: Total time for which application threads were stopped: 0.0000553 seconds, Stopping threads took: 0.0000068 seconds
2016-08-16T17:43:53.568+0800: 479331.622: Total time for which application threads were stopped: 0.0000495 seconds, Stopping threads took: 0.0000065 seconds
2016-08-16T17:43:53.569+0800: 479331.623: Total time for which application threads were stopped: 0.0000562 seconds, Stopping threads took: 0.0000073 seconds
2016-08-16T17:55:16.628+0800: 480014.724: Total time for which application threads were stopped: 0.0001472 seconds, Stopping threads took: 0.0000327 seconds
2016-08-16T17:55:17.999+0800: 480016.096: Total time for which application threads were stopped: 0.0001312 seconds, Stopping threads took: 0.0000224 seconds
2016-08-16T17:55:18.000+0800: 480016.096: Total time for which application threads were stopped: 0.0000779 seconds, Stopping threads took: 0.0000122 seconds
2016-08-16T17:58:46.554+0800: 480224.663: Total time for which application threads were stopped: 0.0002423 seconds, Stopping threads took: 0.0000623 seconds
2016-08-16T18:02:01.168+0800: 480419.290: Total time for which application threads were stopped: 0.0001874 seconds, Stopping threads took: 0.0000613 seconds
2016-08-16T18:02:09.103+0800: 480427.226: Total time for which application threads were stopped: 0.0001200 seconds, Stopping threads took: 0.0000257 seconds
{Heap before GC invocations=39 (full 1):
 par new generation   total 109248K, used 89853K [0x00000007a0000000, 0x00000007a8000000, 0x00000007a8000000)
  eden space 87424K, 100% used [0x00000007a0000000, 0x00000007a5560000, 0x00000007a5560000)
  from space 21824K,  11% used [0x00000007a6ab0000, 0x00000007a6d0f730, 0x00000007a8000000)
  to   space 21824K,   0% used [0x00000007a5560000, 0x00000007a5560000, 0x00000007a6ab0000)
 concurrent mark-sweep generation total 393216K, used 27701K [0x00000007a8000000, 0x00000007c0000000, 0x00000007c0000000)
 Metaspace       used 34581K, capacity 35046K, committed 35452K, reserved 1081344K
  class space    used 3789K, capacity 3932K, committed 3964K, reserved 1048576K
2016-08-16T18:02:09.108+0800: 480427.231: [GC (Allocation Failure) 2016-08-16T18:02:09.108+0800: 480427.231: [ParNew
Desired survivor size 20112992 bytes, new threshold 8 (max 8)
- age   1:     767640 bytes,     767640 total
- age   2:     218360 bytes,     986000 total
- age   3:       1464 bytes,     987464 total
- age   4:      92648 bytes,    1080112 total
- age   5:     502688 bytes,    1582800 total
- age   6:      12376 bytes,    1595176 total
- age   7:      25936 bytes,    1621112 total
- age   8:     349648 bytes,    1970760 total
: 89853K->2525K(109248K), 0.0089210 secs] 117555K->30350K(502464K), 0.0089682 secs] [Times: user=0.02 sys=0.00, real=0.01 secs] 
Heap after GC invocations=40 (full 1):
 par new generation   total 109248K, used 2525K [0x00000007a0000000, 0x00000007a8000000, 0x00000007a8000000)
  eden space 87424K,   0% used [0x00000007a0000000, 0x00000007a0000000, 0x00000007a5560000)
  from space 21824K,  11% used [0x00000007a5560000, 0x00000007a57d7798, 0x00000007a6ab0000)
  to   space 21824K,   0% used [0x00000007a6ab0000, 0x00000007a6ab0000, 0x00000007a8000000)
 concurrent mark-sweep generation total 393216K, used 27824K [0x00000007a8000000, 0x00000007c0000000, 0x00000007c0000000)
 Metaspace       used 34581K, capacity 35046K, committed 35452K, reserved 1081344K
  class space    used 3789K, capacity 3932K, committed 3964K, reserved 1048576K
}
2016-08-16T18:02:09.117+0800: 480427.240: Total time for which application threads were stopped: 0.0091523 seconds, Stopping threads took: 0.0000221 seconds
2016-08-16T18:02:09.118+0800: 480427.240: Total time for which application threads were stopped: 0.0003184 seconds, Stopping threads took: 0.0000698 seconds
2016-08-16T18:03:22.339+0800: 480500.465: Total time for which application threads were stopped: 0.0001407 seconds, Stopping threads took: 0.0000363 seconds
2016-08-16T18:03:43.976+0800: 480522.104: Total time for which application threads were stopped: 0.0001643 seconds, Stopping threads took: 0.0000357 seconds
2016-08-17T11:16:45.347+0800: 497332.661: Total time for which application threads were stopped: 0.0022833 seconds, Stopping threads took: 0.0004342 seconds
2016-08-17T11:23:03.218+0800: 497710.556: Total time for which application threads were stopped: 0.0001485 seconds, Stopping threads took: 0.0000386 seconds
2016-08-17T11:23:08.254+0800: 497715.593: Total time for which application threads were stopped: 0.0002364 seconds, Stopping threads took: 0.0000198 seconds
2016-08-17T11:30:29.252+0800: 498156.619: Total time for which application threads were stopped: 0.0001467 seconds, Stopping threads took: 0.0000339 seconds
2016-08-17T11:30:30.863+0800: 498158.230: Total time for which application threads were stopped: 0.0003522 seconds, Stopping threads took: 0.0000370 seconds
2016-08-17T11:30:30.865+0800: 498158.233: Total time for which application threads were stopped: 0.0001426 seconds, Stopping threads took: 0.0000188 seconds
2016-08-17T11:30:30.866+0800: 498158.234: Total time for which application threads were stopped: 0.0002270 seconds, Stopping threads took: 0.0000072 seconds
2016-08-17T11:30:30.873+0800: 498158.241: Total time for which application threads were stopped: 0.0002187 seconds, Stopping threads took: 0.0001411 seconds
2016-08-17T11:30:30.873+0800: 498158.241: Total time for which application threads were stopped: 0.0000821 seconds, Stopping threads took: 0.0000199 seconds
2016-08-17T11:30:30.874+0800: 498158.241: Total time for which application threads were stopped: 0.0001066 seconds, Stopping threads took: 0.0000479 seconds
2016-08-17T11:30:30.874+0800: 498158.241: Total time for which application threads were stopped: 0.0001045 seconds, Stopping threads took: 0.0000268 seconds
2016-08-17T11:30:31.081+0800: 498158.449: Total time for which application threads were stopped: 0.0001768 seconds, Stopping threads took: 0.0000200 seconds
2016-08-17T11:30:31.102+0800: 498158.470: Total time for which application threads were stopped: 0.0001694 seconds, Stopping threads took: 0.0000331 seconds
2016-08-17T11:30:31.103+0800: 498158.470: Total time for which application threads were stopped: 0.0000617 seconds, Stopping threads took: 0.0000090 seconds
2016-08-17T11:30:31.109+0800: 498158.476: Total time for which application threads were stopped: 0.0001471 seconds, Stopping threads took: 0.0000510 seconds
2016-08-17T11:30:31.109+0800: 498158.476: Total time for which application threads were stopped: 0.0001076 seconds, Stopping threads took: 0.0000481 seconds
2016-08-17T11:31:24.777+0800: 498212.148: Total time for which application threads were stopped: 0.0001283 seconds, Stopping threads took: 0.0000185 seconds
2016-08-17T11:31:24.782+0800: 498212.153: Total time for which application threads were stopped: 0.0033868 seconds, Stopping threads took: 0.0000112 seconds
2016-08-17T11:31:24.796+0800: 498212.167: Total time for which application threads were stopped: 0.0001374 seconds, Stopping threads took: 0.0000342 seconds
2016-08-17T11:31:24.812+0800: 498212.183: Total time for which application threads were stopped: 0.0001467 seconds, Stopping threads took: 0.0000163 seconds
2016-08-17T11:31:24.813+0800: 498212.184: Total time for which application threads were stopped: 0.0007051 seconds, Stopping threads took: 0.0006378 seconds
2016-08-17T11:31:24.814+0800: 498212.184: Total time for which application threads were stopped: 0.0001290 seconds, Stopping threads took: 0.0000788 seconds
2016-08-17T11:31:24.814+0800: 498212.185: Total time for which application threads were stopped: 0.0000807 seconds, Stopping threads took: 0.0000311 seconds
2016-08-17T11:31:24.814+0800: 498212.185: Total time for which application threads were stopped: 0.0000418 seconds, Stopping threads took: 0.0000093 seconds
2016-08-17T11:31:24.814+0800: 498212.185: Total time for which application threads were stopped: 0.0000395 seconds, Stopping threads took: 0.0000057 seconds
2016-08-17T11:31:24.814+0800: 498212.185: Total time for which application threads were stopped: 0.0000801 seconds, Stopping threads took: 0.0000049 seconds
2016-08-17T11:31:24.815+0800: 498212.186: Total time for which application threads were stopped: 0.0000484 seconds, Stopping threads took: 0.0000067 seconds
Heap
 par new generation   total 109248K, used 30012K [0x00000007a0000000, 0x00000007a8000000, 0x00000007a8000000)
  eden space 87424K,  31% used [0x00000007a0000000, 0x00000007a1ad78a8, 0x00000007a5560000)
  from space 21824K,  11% used [0x00000007a5560000, 0x00000007a57d7798, 0x00000007a6ab0000)
  to   space 21824K,   0% used [0x00000007a6ab0000, 0x00000007a6ab0000, 0x00000007a8000000)
 concurrent mark-sweep generation total 393216K, used 27824K [0x00000007a8000000, 0x00000007c0000000, 0x00000007c0000000)
 Metaspace       used 34657K, capacity 35110K, committed 35452K, reserved 1081344K
  class space    used 3799K, capacity 3932K, committed 3964K, reserved 1048576K
