Java HotSpot(TM) 64-Bit Server VM (25.91-b14) for bsd-amd64 JRE (1.8.0_91-b14), built on Apr  1 2016 01:03:00 by "java_re" with gcc 4.2.1 (Based on Apple Inc. build 5658) (LLVM build 2336.11.00)
Memory: 4k page, physical 16777216k(2010680k free)

/proc/meminfo:

CommandLine flags: -XX:CMSInitiatingOccupancyFraction=50 -XX:CMSMaxAbortablePrecleanTime=6000 -XX:+CMSParallelRemarkEnabled -XX:+CMSScavengeBeforeRemark -XX:ConcGCThreads=4 -XX:InitialHeapSize=536870912 -XX:MaxHeapSize=536870912 -XX:MaxTenuringThreshold=8 -XX:NewRatio=3 -XX:OldPLABSize=16 -XX:ParallelGCThreads=4 -XX:+ParallelRefProcEnabled -XX:PretenureSizeThreshold=67108864 -XX:+PrintGC -XX:+PrintGCApplicationStoppedTime -XX:+PrintGCDateStamps -XX:+PrintGCDetails -XX:+PrintGCTimeStamps -XX:+PrintHeapAtGC -XX:+PrintTenuringDistribution -XX:SurvivorRatio=4 -XX:TargetSurvivorRatio=90 -XX:ThreadStackSize=256 -XX:+UseCMSInitiatingOccupancyOnly -XX:+UseCompressedClassPointers -XX:+UseCompressedOops -XX:+UseConcMarkSweepGC -XX:+UseParNewGC 
2016-08-29T11:33:28.402+0800: 0.327: Total time for which application threads were stopped: 0.0001422 seconds, Stopping threads took: 0.0000117 seconds
2016-08-29T11:33:28.498+0800: 0.423: Total time for which application threads were stopped: 0.0001195 seconds, Stopping threads took: 0.0000107 seconds
2016-08-29T11:33:28.586+0800: 0.511: Total time for which application threads were stopped: 0.0001220 seconds, Stopping threads took: 0.0000105 seconds
2016-08-29T11:33:28.634+0800: 0.559: Total time for which application threads were stopped: 0.0001737 seconds, Stopping threads took: 0.0000141 seconds
2016-08-29T11:33:28.648+0800: 0.572: Total time for which application threads were stopped: 0.0001894 seconds, Stopping threads took: 0.0000177 seconds
2016-08-29T11:33:28.659+0800: 0.583: Total time for which application threads were stopped: 0.0001469 seconds, Stopping threads took: 0.0000125 seconds
{Heap before GC invocations=0 (full 0):
 par new generation   total 109248K, used 87424K [0x00000007a0000000, 0x00000007a8000000, 0x00000007a8000000)
  eden space 87424K, 100% used [0x00000007a0000000, 0x00000007a5560000, 0x00000007a5560000)
  from space 21824K,   0% used [0x00000007a5560000, 0x00000007a5560000, 0x00000007a6ab0000)
  to   space 21824K,   0% used [0x00000007a6ab0000, 0x00000007a6ab0000, 0x00000007a8000000)
 concurrent mark-sweep generation total 393216K, used 0K [0x00000007a8000000, 0x00000007c0000000, 0x00000007c0000000)
 Metaspace       used 10084K, capacity 10268K, committed 10496K, reserved 1058816K
  class space    used 1153K, capacity 1208K, committed 1280K, reserved 1048576K
2016-08-29T11:33:28.853+0800: 0.778: [GC (Allocation Failure) 2016-08-29T11:33:28.853+0800: 0.778: [ParNew
Desired survivor size 20112992 bytes, new threshold 8 (max 8)
- age   1:    5577312 bytes,    5577312 total
: 87424K->5513K(109248K), 0.0058404 secs] 87424K->5513K(502464K), 0.0059226 secs] [Times: user=0.01 sys=0.01, real=0.00 secs] 
Heap after GC invocations=1 (full 0):
 par new generation   total 109248K, used 5513K [0x00000007a0000000, 0x00000007a8000000, 0x00000007a8000000)
  eden space 87424K,   0% used [0x00000007a0000000, 0x00000007a0000000, 0x00000007a5560000)
  from space 21824K,  25% used [0x00000007a6ab0000, 0x00000007a7012560, 0x00000007a8000000)
  to   space 21824K,   0% used [0x00000007a5560000, 0x00000007a5560000, 0x00000007a6ab0000)
 concurrent mark-sweep generation total 393216K, used 0K [0x00000007a8000000, 0x00000007c0000000, 0x00000007c0000000)
 Metaspace       used 10084K, capacity 10268K, committed 10496K, reserved 1058816K
  class space    used 1153K, capacity 1208K, committed 1280K, reserved 1048576K
}
2016-08-29T11:33:28.859+0800: 0.784: Total time for which application threads were stopped: 0.0060835 seconds, Stopping threads took: 0.0000142 seconds
2016-08-29T11:33:28.941+0800: 0.866: Total time for which application threads were stopped: 0.0001916 seconds, Stopping threads took: 0.0000152 seconds
2016-08-29T11:33:28.989+0800: 0.914: Total time for which application threads were stopped: 0.0001958 seconds, Stopping threads took: 0.0000248 seconds
2016-08-29T11:33:29.147+0800: 1.072: Total time for which application threads were stopped: 0.0002301 seconds, Stopping threads took: 0.0000127 seconds
2016-08-29T11:33:29.149+0800: 1.074: Total time for which application threads were stopped: 0.0002366 seconds, Stopping threads took: 0.0000129 seconds
2016-08-29T11:33:29.154+0800: 1.079: Total time for which application threads were stopped: 0.0001906 seconds, Stopping threads took: 0.0000132 seconds
2016-08-29T11:33:29.657+0800: 1.582: Total time for which application threads were stopped: 0.0004424 seconds, Stopping threads took: 0.0001936 seconds
{Heap before GC invocations=1 (full 0):
 par new generation   total 109248K, used 92937K [0x00000007a0000000, 0x00000007a8000000, 0x00000007a8000000)
  eden space 87424K, 100% used [0x00000007a0000000, 0x00000007a5560000, 0x00000007a5560000)
  from space 21824K,  25% used [0x00000007a6ab0000, 0x00000007a7012560, 0x00000007a8000000)
  to   space 21824K,   0% used [0x00000007a5560000, 0x00000007a5560000, 0x00000007a6ab0000)
 concurrent mark-sweep generation total 393216K, used 0K [0x00000007a8000000, 0x00000007c0000000, 0x00000007c0000000)
 Metaspace       used 19361K, capacity 19706K, committed 19840K, reserved 1067008K
  class space    used 2277K, capacity 2386K, committed 2432K, reserved 1048576K
2016-08-29T11:33:29.932+0800: 1.857: [GC (Allocation Failure) 2016-08-29T11:33:29.932+0800: 1.857: [ParNew
Desired survivor size 20112992 bytes, new threshold 8 (max 8)
- age   1:    9092152 bytes,    9092152 total
- age   2:    2502760 bytes,   11594912 total
: 92937K->12506K(109248K), 0.0103897 secs] 92937K->12506K(502464K), 0.0104828 secs] [Times: user=0.03 sys=0.01, real=0.01 secs] 
Heap after GC invocations=2 (full 0):
 par new generation   total 109248K, used 12506K [0x00000007a0000000, 0x00000007a8000000, 0x00000007a8000000)
  eden space 87424K,   0% used [0x00000007a0000000, 0x00000007a0000000, 0x00000007a5560000)
  from space 21824K,  57% used [0x00000007a5560000, 0x00000007a6196a60, 0x00000007a6ab0000)
  to   space 21824K,   0% used [0x00000007a6ab0000, 0x00000007a6ab0000, 0x00000007a8000000)
 concurrent mark-sweep generation total 393216K, used 0K [0x00000007a8000000, 0x00000007c0000000, 0x00000007c0000000)
 Metaspace       used 19361K, capacity 19706K, committed 19840K, reserved 1067008K
  class space    used 2277K, capacity 2386K, committed 2432K, reserved 1048576K
}
2016-08-29T11:33:29.943+0800: 1.868: Total time for which application threads were stopped: 0.0107835 seconds, Stopping threads took: 0.0000482 seconds
2016-08-29T11:33:30.020+0800: 1.945: Total time for which application threads were stopped: 0.0002835 seconds, Stopping threads took: 0.0000241 seconds
2016-08-29T11:33:30.047+0800: 1.971: Total time for which application threads were stopped: 0.0004021 seconds, Stopping threads took: 0.0000339 seconds
2016-08-29T11:33:30.072+0800: 1.997: Total time for which application threads were stopped: 0.0001808 seconds, Stopping threads took: 0.0000113 seconds
{Heap before GC invocations=2 (full 0):
 par new generation   total 109248K, used 99929K [0x00000007a0000000, 0x00000007a8000000, 0x00000007a8000000)
  eden space 87424K,  99% used [0x00000007a0000000, 0x00000007a555fa58, 0x00000007a5560000)
  from space 21824K,  57% used [0x00000007a5560000, 0x00000007a6196a60, 0x00000007a6ab0000)
  to   space 21824K,   0% used [0x00000007a6ab0000, 0x00000007a6ab0000, 0x00000007a8000000)
 concurrent mark-sweep generation total 393216K, used 0K [0x00000007a8000000, 0x00000007c0000000, 0x00000007c0000000)
 Metaspace       used 20492K, capacity 20794K, committed 20992K, reserved 1067008K
  class space    used 2407K, capacity 2514K, committed 2560K, reserved 1048576K
2016-08-29T11:33:30.153+0800: 2.078: [GC (Allocation Failure) 2016-08-29T11:33:30.153+0800: 2.078: [ParNew
Desired survivor size 20112992 bytes, new threshold 8 (max 8)
- age   1:    2159512 bytes,    2159512 total
- age   2:    3729096 bytes,    5888608 total
- age   3:    2486832 bytes,    8375440 total
: 99929K->14077K(109248K), 0.0075735 secs] 99929K->14077K(502464K), 0.0076524 secs] [Times: user=0.03 sys=0.00, real=0.01 secs] 
Heap after GC invocations=3 (full 0):
 par new generation   total 109248K, used 14077K [0x00000007a0000000, 0x00000007a8000000, 0x00000007a8000000)
  eden space 87424K,   0% used [0x00000007a0000000, 0x00000007a0000000, 0x00000007a5560000)
  from space 21824K,  64% used [0x00000007a6ab0000, 0x00000007a786f420, 0x00000007a8000000)
  to   space 21824K,   0% used [0x00000007a5560000, 0x00000007a5560000, 0x00000007a6ab0000)
 concurrent mark-sweep generation total 393216K, used 0K [0x00000007a8000000, 0x00000007c0000000, 0x00000007c0000000)
 Metaspace       used 20492K, capacity 20794K, committed 20992K, reserved 1067008K
  class space    used 2407K, capacity 2514K, committed 2560K, reserved 1048576K
}
2016-08-29T11:33:30.161+0800: 2.085: Total time for which application threads were stopped: 0.0079318 seconds, Stopping threads took: 0.0000777 seconds
2016-08-29T11:33:30.232+0800: 2.157: Total time for which application threads were stopped: 0.0001115 seconds, Stopping threads took: 0.0000360 seconds
2016-08-29T11:33:30.252+0800: 2.177: Total time for which application threads were stopped: 0.0000924 seconds, Stopping threads took: 0.0000158 seconds
{Heap before GC invocations=3 (full 0):
 par new generation   total 109248K, used 101501K [0x00000007a0000000, 0x00000007a8000000, 0x00000007a8000000)
  eden space 87424K, 100% used [0x00000007a0000000, 0x00000007a5560000, 0x00000007a5560000)
  from space 21824K,  64% used [0x00000007a6ab0000, 0x00000007a786f420, 0x00000007a8000000)
  to   space 21824K,   0% used [0x00000007a5560000, 0x00000007a5560000, 0x00000007a6ab0000)
 concurrent mark-sweep generation total 393216K, used 0K [0x00000007a8000000, 0x00000007c0000000, 0x00000007c0000000)
 Metaspace       used 21528K, capacity 21842K, committed 21960K, reserved 1069056K
  class space    used 2536K, capacity 2646K, committed 2684K, reserved 1048576K
2016-08-29T11:33:30.286+0800: 2.211: [GC (Allocation Failure) 2016-08-29T11:33:30.286+0800: 2.211: [ParNew
Desired survivor size 20112992 bytes, new threshold 8 (max 8)
- age   1:    1863112 bytes,    1863112 total
- age   2:    1283112 bytes,    3146224 total
- age   3:    3708568 bytes,    6854792 total
- age   4:    2486888 bytes,    9341680 total
: 101501K->12075K(109248K), 0.0071413 secs] 101501K->12075K(502464K), 0.0071928 secs] [Times: user=0.02 sys=0.00, real=0.01 secs] 
Heap after GC invocations=4 (full 0):
 par new generation   total 109248K, used 12075K [0x00000007a0000000, 0x00000007a8000000, 0x00000007a8000000)
  eden space 87424K,   0% used [0x00000007a0000000, 0x00000007a0000000, 0x00000007a5560000)
  from space 21824K,  55% used [0x00000007a5560000, 0x00000007a612ac50, 0x00000007a6ab0000)
  to   space 21824K,   0% used [0x00000007a6ab0000, 0x00000007a6ab0000, 0x00000007a8000000)
 concurrent mark-sweep generation total 393216K, used 0K [0x00000007a8000000, 0x00000007c0000000, 0x00000007c0000000)
 Metaspace       used 21528K, capacity 21842K, committed 21960K, reserved 1069056K
  class space    used 2536K, capacity 2646K, committed 2684K, reserved 1048576K
}
2016-08-29T11:33:30.293+0800: 2.218: Total time for which application threads were stopped: 0.0073560 seconds, Stopping threads took: 0.0000174 seconds
2016-08-29T11:33:30.293+0800: 2.218: [GC (CMS Initial Mark) [1 CMS-initial-mark: 0K(393216K)] 12710K(502464K), 0.0018693 secs] [Times: user=0.01 sys=0.00, real=0.00 secs] 
2016-08-29T11:33:30.295+0800: 2.220: Total time for which application threads were stopped: 0.0019802 seconds, Stopping threads took: 0.0000254 seconds
2016-08-29T11:33:30.295+0800: 2.220: [CMS-concurrent-mark-start]
2016-08-29T11:33:30.296+0800: 2.220: [CMS-concurrent-mark: 0.000/0.000 secs] [Times: user=0.00 sys=0.00, real=0.00 secs] 
2016-08-29T11:33:30.296+0800: 2.220: [CMS-concurrent-preclean-start]
2016-08-29T11:33:30.296+0800: 2.221: [CMS-concurrent-preclean: 0.001/0.001 secs] [Times: user=0.00 sys=0.00, real=0.00 secs] 
2016-08-29T11:33:30.296+0800: 2.221: [GC (CMS Final Remark) [YG occupancy: 12710 K (109248 K)]{Heap before GC invocations=4 (full 1):
 par new generation   total 109248K, used 12710K [0x00000007a0000000, 0x00000007a8000000, 0x00000007a8000000)
  eden space 87424K,   0% used [0x00000007a0000000, 0x00000007a009ed10, 0x00000007a5560000)
  from space 21824K,  55% used [0x00000007a5560000, 0x00000007a612ac50, 0x00000007a6ab0000)
  to   space 21824K,   0% used [0x00000007a6ab0000, 0x00000007a6ab0000, 0x00000007a8000000)
 concurrent mark-sweep generation total 393216K, used 0K [0x00000007a8000000, 0x00000007c0000000, 0x00000007c0000000)
 Metaspace       used 21543K, capacity 21842K, committed 21960K, reserved 1069056K
  class space    used 2538K, capacity 2646K, committed 2684K, reserved 1048576K
2016-08-29T11:33:30.296+0800: 2.221: [GC (CMS Final Remark) 2016-08-29T11:33:30.296+0800: 2.221: [ParNew
Desired survivor size 20112992 bytes, new threshold 8 (max 8)
- age   1:      14480 bytes,      14480 total
- age   2:    1134112 bytes,    1148592 total
- age   3:    1283112 bytes,    2431704 total
- age   4:    3708568 bytes,    6140272 total
- age   5:    2486832 bytes,    8627104 total
: 12710K->11296K(109248K), 0.0057770 secs] 12710K->11296K(502464K), 0.0058277 secs] [Times: user=0.02 sys=0.00, real=0.01 secs] 
Heap after GC invocations=5 (full 1):
 par new generation   total 109248K, used 11296K [0x00000007a0000000, 0x00000007a8000000, 0x00000007a8000000)
  eden space 87424K,   0% used [0x00000007a0000000, 0x00000007a0000000, 0x00000007a5560000)
  from space 21824K,  51% used [0x00000007a6ab0000, 0x00000007a75b8330, 0x00000007a8000000)
  to   space 21824K,   0% used [0x00000007a5560000, 0x00000007a5560000, 0x00000007a6ab0000)
 concurrent mark-sweep generation total 393216K, used 0K [0x00000007a8000000, 0x00000007c0000000, 0x00000007c0000000)
 Metaspace       used 21543K, capacity 21842K, committed 21960K, reserved 1069056K
  class space    used 2538K, capacity 2646K, committed 2684K, reserved 1048576K
}
2016-08-29T11:33:30.302+0800: 2.227: [Rescan (parallel) , 0.0021459 secs]2016-08-29T11:33:30.304+0800: 2.229: [weak refs processing, 0.0007633 secs]2016-08-29T11:33:30.305+0800: 2.230: [class unloading, 0.0032675 secs]2016-08-29T11:33:30.309+0800: 2.233: [scrub symbol table, 0.0033866 secs]2016-08-29T11:33:30.312+0800: 2.237: [scrub string table, 0.0002042 secs][1 CMS-remark: 0K(393216K)] 11296K(502464K), 0.0163721 secs] [Times: user=0.03 sys=0.00, real=0.02 secs] 
2016-08-29T11:33:30.313+0800: 2.237: Total time for which application threads were stopped: 0.0165464 seconds, Stopping threads took: 0.0001053 seconds
2016-08-29T11:33:30.313+0800: 2.238: [CMS-concurrent-sweep-start]
2016-08-29T11:33:30.313+0800: 2.238: [CMS-concurrent-sweep: 0.000/0.000 secs] [Times: user=0.00 sys=0.00, real=0.00 secs] 
2016-08-29T11:33:30.313+0800: 2.238: [CMS-concurrent-reset-start]
2016-08-29T11:33:30.316+0800: 2.240: [CMS-concurrent-reset: 0.003/0.003 secs] [Times: user=0.01 sys=0.00, real=0.00 secs] 
2016-08-29T11:33:30.354+0800: 2.278: Total time for which application threads were stopped: 0.0004543 seconds, Stopping threads took: 0.0000179 seconds
2016-08-29T11:33:30.686+0800: 2.611: Total time for which application threads were stopped: 0.0003937 seconds, Stopping threads took: 0.0000163 seconds
2016-08-29T11:33:31.690+0800: 3.614: Total time for which application threads were stopped: 0.0001304 seconds, Stopping threads took: 0.0000194 seconds
2016-08-29T11:33:32.159+0800: 4.083: Total time for which application threads were stopped: 0.0004355 seconds, Stopping threads took: 0.0000184 seconds
2016-08-29T11:33:36.942+0800: 8.867: Total time for which application threads were stopped: 0.0000741 seconds, Stopping threads took: 0.0000163 seconds
2016-08-29T11:33:36.942+0800: 8.867: Total time for which application threads were stopped: 0.0001121 seconds, Stopping threads took: 0.0000680 seconds
2016-08-29T11:33:36.947+0800: 8.871: Total time for which application threads were stopped: 0.0000980 seconds, Stopping threads took: 0.0000110 seconds
2016-08-29T11:33:36.967+0800: 8.892: Total time for which application threads were stopped: 0.0003652 seconds, Stopping threads took: 0.0000170 seconds
2016-08-29T11:33:36.977+0800: 8.902: Total time for which application threads were stopped: 0.0000873 seconds, Stopping threads took: 0.0000253 seconds
2016-08-29T11:33:36.982+0800: 8.907: Total time for which application threads were stopped: 0.0000558 seconds, Stopping threads took: 0.0000105 seconds
2016-08-29T11:33:36.983+0800: 8.908: Total time for which application threads were stopped: 0.0000397 seconds, Stopping threads took: 0.0000088 seconds
2016-08-29T11:33:37.003+0800: 8.928: Total time for which application threads were stopped: 0.0000895 seconds, Stopping threads took: 0.0000177 seconds
2016-08-29T11:33:37.068+0800: 8.992: Total time for which application threads were stopped: 0.0001020 seconds, Stopping threads took: 0.0000211 seconds
2016-08-29T11:33:37.068+0800: 8.993: Total time for which application threads were stopped: 0.0000594 seconds, Stopping threads took: 0.0000190 seconds
2016-08-29T11:33:37.068+0800: 8.993: Total time for which application threads were stopped: 0.0000823 seconds, Stopping threads took: 0.0000320 seconds
2016-08-29T11:33:37.068+0800: 8.993: Total time for which application threads were stopped: 0.0000622 seconds, Stopping threads took: 0.0000260 seconds
2016-08-29T11:33:37.068+0800: 8.993: Total time for which application threads were stopped: 0.0000695 seconds, Stopping threads took: 0.0000252 seconds
2016-08-29T11:33:37.069+0800: 8.993: Total time for which application threads were stopped: 0.0000689 seconds, Stopping threads took: 0.0000271 seconds
{Heap before GC invocations=5 (full 1):
 par new generation   total 109248K, used 98720K [0x00000007a0000000, 0x00000007a8000000, 0x00000007a8000000)
  eden space 87424K, 100% used [0x00000007a0000000, 0x00000007a5560000, 0x00000007a5560000)
  from space 21824K,  51% used [0x00000007a6ab0000, 0x00000007a75b8330, 0x00000007a8000000)
  to   space 21824K,   0% used [0x00000007a5560000, 0x00000007a5560000, 0x00000007a6ab0000)
 concurrent mark-sweep generation total 393216K, used 0K [0x00000007a8000000, 0x00000007c0000000, 0x00000007c0000000)
 Metaspace       used 28090K, capacity 28370K, committed 28668K, reserved 1075200K
  class space    used 3360K, capacity 3456K, committed 3580K, reserved 1048576K
2016-08-29T11:33:37.069+0800: 8.994: [GC (Allocation Failure) 2016-08-29T11:33:37.069+0800: 8.994: [ParNew
Desired survivor size 20112992 bytes, new threshold 6 (max 8)
- age   1:   14818600 bytes,   14818600 total
- age   2:        920 bytes,   14819520 total
- age   3:    1128608 bytes,   15948128 total
- age   4:     245704 bytes,   16193832 total
- age   5:    3624832 bytes,   19818664 total
- age   6:    2486328 bytes,   22304992 total
: 98720K->21824K(109248K), 0.0187407 secs] 98720K->25147K(502464K), 0.0188350 secs] [Times: user=0.05 sys=0.02, real=0.02 secs] 
Heap after GC invocations=6 (full 1):
 par new generation   total 109248K, used 21824K [0x00000007a0000000, 0x00000007a8000000, 0x00000007a8000000)
  eden space 87424K,   0% used [0x00000007a0000000, 0x00000007a0000000, 0x00000007a5560000)
  from space 21824K, 100% used [0x00000007a5560000, 0x00000007a6ab0000, 0x00000007a6ab0000)
  to   space 21824K,   0% used [0x00000007a6ab0000, 0x00000007a6ab0000, 0x00000007a8000000)
 concurrent mark-sweep generation total 393216K, used 3323K [0x00000007a8000000, 0x00000007c0000000, 0x00000007c0000000)
 Metaspace       used 28090K, capacity 28370K, committed 28668K, reserved 1075200K
  class space    used 3360K, capacity 3456K, committed 3580K, reserved 1048576K
}
2016-08-29T11:33:37.088+0800: 9.013: Total time for which application threads were stopped: 0.0190084 seconds, Stopping threads took: 0.0000214 seconds
2016-08-29T11:33:37.089+0800: 9.014: Total time for which application threads were stopped: 0.0001061 seconds, Stopping threads took: 0.0000518 seconds
2016-08-29T11:33:37.090+0800: 9.014: Total time for which application threads were stopped: 0.0001128 seconds, Stopping threads took: 0.0000511 seconds
2016-08-29T11:33:37.090+0800: 9.015: Total time for which application threads were stopped: 0.0001602 seconds, Stopping threads took: 0.0000915 seconds
2016-08-29T11:33:37.094+0800: 9.019: Total time for which application threads were stopped: 0.0000738 seconds, Stopping threads took: 0.0000138 seconds
2016-08-29T11:33:37.094+0800: 9.019: Total time for which application threads were stopped: 0.0000556 seconds, Stopping threads took: 0.0000100 seconds
2016-08-29T11:33:37.096+0800: 9.021: Total time for which application threads were stopped: 0.0000954 seconds, Stopping threads took: 0.0000286 seconds
2016-08-29T11:33:37.096+0800: 9.021: Total time for which application threads were stopped: 0.0001453 seconds, Stopping threads took: 0.0000390 seconds
2016-08-29T11:33:37.097+0800: 9.022: Total time for which application threads were stopped: 0.0000688 seconds, Stopping threads took: 0.0000130 seconds
2016-08-29T11:33:37.097+0800: 9.022: Total time for which application threads were stopped: 0.0000865 seconds, Stopping threads took: 0.0000228 seconds
2016-08-29T11:33:37.100+0800: 9.024: Total time for which application threads were stopped: 0.0005042 seconds, Stopping threads took: 0.0004075 seconds
2016-08-29T11:33:37.100+0800: 9.025: Total time for which application threads were stopped: 0.0000608 seconds, Stopping threads took: 0.0000116 seconds
2016-08-29T11:33:37.101+0800: 9.026: Total time for which application threads were stopped: 0.0001045 seconds, Stopping threads took: 0.0000416 seconds
2016-08-29T11:33:37.101+0800: 9.026: Total time for which application threads were stopped: 0.0001289 seconds, Stopping threads took: 0.0000588 seconds
2016-08-29T11:33:37.102+0800: 9.027: Total time for which application threads were stopped: 0.0001004 seconds, Stopping threads took: 0.0000348 seconds
2016-08-29T11:33:37.104+0800: 9.028: Total time for which application threads were stopped: 0.0001078 seconds, Stopping threads took: 0.0000469 seconds
2016-08-29T11:33:37.104+0800: 9.029: Total time for which application threads were stopped: 0.0001056 seconds, Stopping threads took: 0.0000315 seconds
2016-08-29T11:33:37.106+0800: 9.031: Total time for which application threads were stopped: 0.0000712 seconds, Stopping threads took: 0.0000130 seconds
2016-08-29T11:33:37.116+0800: 9.041: Total time for which application threads were stopped: 0.0001078 seconds, Stopping threads took: 0.0000501 seconds
2016-08-29T11:33:37.116+0800: 9.041: Total time for which application threads were stopped: 0.0000894 seconds, Stopping threads took: 0.0000323 seconds
2016-08-29T11:33:37.117+0800: 9.042: Total time for which application threads were stopped: 0.0000942 seconds, Stopping threads took: 0.0000236 seconds
2016-08-29T11:33:37.117+0800: 9.042: Total time for which application threads were stopped: 0.0000692 seconds, Stopping threads took: 0.0000308 seconds
2016-08-29T11:33:37.118+0800: 9.043: Total time for which application threads were stopped: 0.0000919 seconds, Stopping threads took: 0.0000472 seconds
2016-08-29T11:33:37.124+0800: 9.049: Total time for which application threads were stopped: 0.0001441 seconds, Stopping threads took: 0.0000552 seconds
2016-08-29T11:33:37.126+0800: 9.051: Total time for which application threads were stopped: 0.0001609 seconds, Stopping threads took: 0.0000580 seconds
2016-08-29T11:33:37.194+0800: 9.119: Total time for which application threads were stopped: 0.0001516 seconds, Stopping threads took: 0.0000168 seconds
2016-08-29T11:33:37.214+0800: 9.139: Total time for which application threads were stopped: 0.0001076 seconds, Stopping threads took: 0.0000272 seconds
2016-08-29T11:33:37.222+0800: 9.147: Total time for which application threads were stopped: 0.0000846 seconds, Stopping threads took: 0.0000135 seconds
2016-08-29T11:33:37.223+0800: 9.147: Total time for which application threads were stopped: 0.0000560 seconds, Stopping threads took: 0.0000089 seconds
2016-08-29T11:33:37.223+0800: 9.148: Total time for which application threads were stopped: 0.0000670 seconds, Stopping threads took: 0.0000089 seconds
2016-08-29T11:33:37.223+0800: 9.148: Total time for which application threads were stopped: 0.0000490 seconds, Stopping threads took: 0.0000086 seconds
2016-08-29T11:33:37.223+0800: 9.148: Total time for which application threads were stopped: 0.0000466 seconds, Stopping threads took: 0.0000080 seconds
2016-08-29T11:33:37.223+0800: 9.148: Total time for which application threads were stopped: 0.0000528 seconds, Stopping threads took: 0.0000079 seconds
2016-08-29T11:33:37.224+0800: 9.149: Total time for which application threads were stopped: 0.0000833 seconds, Stopping threads took: 0.0000264 seconds
2016-08-29T11:33:37.224+0800: 9.149: Total time for which application threads were stopped: 0.0000595 seconds, Stopping threads took: 0.0000096 seconds
2016-08-29T11:33:37.224+0800: 9.149: Total time for which application threads were stopped: 0.0000546 seconds, Stopping threads took: 0.0000091 seconds
2016-08-29T11:33:37.224+0800: 9.149: Total time for which application threads were stopped: 0.0000628 seconds, Stopping threads took: 0.0000085 seconds
2016-08-29T11:33:37.224+0800: 9.149: Total time for which application threads were stopped: 0.0000677 seconds, Stopping threads took: 0.0000064 seconds
2016-08-29T11:33:37.225+0800: 9.149: Total time for which application threads were stopped: 0.0000355 seconds, Stopping threads took: 0.0000073 seconds
2016-08-29T11:33:37.225+0800: 9.150: Total time for which application threads were stopped: 0.0000622 seconds, Stopping threads took: 0.0000172 seconds
2016-08-29T11:33:37.229+0800: 9.154: Total time for which application threads were stopped: 0.0001025 seconds, Stopping threads took: 0.0000373 seconds
2016-08-29T11:33:37.229+0800: 9.154: Total time for which application threads were stopped: 0.0000888 seconds, Stopping threads took: 0.0000136 seconds
2016-08-29T11:33:37.230+0800: 9.155: Total time for which application threads were stopped: 0.0000897 seconds, Stopping threads took: 0.0000262 seconds
2016-08-29T11:33:37.230+0800: 9.155: Total time for which application threads were stopped: 0.0000885 seconds, Stopping threads took: 0.0000323 seconds
2016-08-29T11:33:37.237+0800: 9.162: Total time for which application threads were stopped: 0.0000953 seconds, Stopping threads took: 0.0000326 seconds
2016-08-29T11:33:37.237+0800: 9.162: Total time for which application threads were stopped: 0.0001763 seconds, Stopping threads took: 0.0000297 seconds
2016-08-29T11:33:37.330+0800: 9.255: Total time for which application threads were stopped: 0.0003332 seconds, Stopping threads took: 0.0000155 seconds
2016-08-29T11:33:37.330+0800: 9.255: Total time for which application threads were stopped: 0.0001481 seconds, Stopping threads took: 0.0000162 seconds
2016-08-29T11:33:37.331+0800: 9.256: Total time for which application threads were stopped: 0.0000681 seconds, Stopping threads took: 0.0000209 seconds
2016-08-29T11:33:37.331+0800: 9.256: Total time for which application threads were stopped: 0.0000799 seconds, Stopping threads took: 0.0000238 seconds
2016-08-29T11:33:37.331+0800: 9.256: Total time for which application threads were stopped: 0.0000552 seconds, Stopping threads took: 0.0000157 seconds
2016-08-29T11:33:37.332+0800: 9.256: Total time for which application threads were stopped: 0.0000573 seconds, Stopping threads took: 0.0000059 seconds
2016-08-29T11:33:37.332+0800: 9.257: Total time for which application threads were stopped: 0.0000604 seconds, Stopping threads took: 0.0000061 seconds
2016-08-29T11:33:37.337+0800: 9.262: Total time for which application threads were stopped: 0.0000621 seconds, Stopping threads took: 0.0000115 seconds
2016-08-29T11:33:37.337+0800: 9.262: Total time for which application threads were stopped: 0.0000539 seconds, Stopping threads took: 0.0000159 seconds
2016-08-29T11:33:37.337+0800: 9.262: Total time for which application threads were stopped: 0.0000463 seconds, Stopping threads took: 0.0000160 seconds
2016-08-29T11:33:37.337+0800: 9.262: Total time for which application threads were stopped: 0.0000580 seconds, Stopping threads took: 0.0000187 seconds
2016-08-29T11:33:37.338+0800: 9.262: Total time for which application threads were stopped: 0.0000468 seconds, Stopping threads took: 0.0000070 seconds
2016-08-29T11:33:37.338+0800: 9.263: Total time for which application threads were stopped: 0.0000416 seconds, Stopping threads took: 0.0000066 seconds
2016-08-29T11:33:38.341+0800: 10.266: Total time for which application threads were stopped: 0.0000998 seconds, Stopping threads took: 0.0000211 seconds
2016-08-29T11:33:41.756+0800: 13.681: Total time for which application threads were stopped: 0.0000749 seconds, Stopping threads took: 0.0000184 seconds
2016-08-29T11:33:41.756+0800: 13.681: Total time for which application threads were stopped: 0.0000429 seconds, Stopping threads took: 0.0000074 seconds
2016-08-29T11:33:41.771+0800: 13.696: Total time for which application threads were stopped: 0.0004728 seconds, Stopping threads took: 0.0000109 seconds
2016-08-29T11:33:41.771+0800: 13.696: Total time for which application threads were stopped: 0.0000786 seconds, Stopping threads took: 0.0000093 seconds
2016-08-29T11:33:41.805+0800: 13.730: Total time for which application threads were stopped: 0.0000952 seconds, Stopping threads took: 0.0000148 seconds
2016-08-29T11:33:41.806+0800: 13.731: Total time for which application threads were stopped: 0.0000464 seconds, Stopping threads took: 0.0000093 seconds
2016-08-29T11:33:41.841+0800: 13.766: Total time for which application threads were stopped: 0.0000783 seconds, Stopping threads took: 0.0000190 seconds
2016-08-29T11:33:41.842+0800: 13.767: Total time for which application threads were stopped: 0.0000517 seconds, Stopping threads took: 0.0000112 seconds
2016-08-29T11:33:41.842+0800: 13.767: Total time for which application threads were stopped: 0.0000357 seconds, Stopping threads took: 0.0000065 seconds
2016-08-29T11:33:41.845+0800: 13.770: Total time for which application threads were stopped: 0.0000829 seconds, Stopping threads took: 0.0000147 seconds
2016-08-29T11:33:41.846+0800: 13.771: Total time for which application threads were stopped: 0.0001130 seconds, Stopping threads took: 0.0000078 seconds
2016-08-29T11:33:41.849+0800: 13.774: Total time for which application threads were stopped: 0.0000691 seconds, Stopping threads took: 0.0000163 seconds
2016-08-29T11:33:41.873+0800: 13.798: Total time for which application threads were stopped: 0.0000892 seconds, Stopping threads took: 0.0000164 seconds
2016-08-29T11:33:41.878+0800: 13.803: Total time for which application threads were stopped: 0.0000531 seconds, Stopping threads took: 0.0000109 seconds
2016-08-29T11:33:41.900+0800: 13.825: Total time for which application threads were stopped: 0.0000932 seconds, Stopping threads took: 0.0000259 seconds
2016-08-29T11:33:41.904+0800: 13.829: Total time for which application threads were stopped: 0.0000777 seconds, Stopping threads took: 0.0000240 seconds
2016-08-29T11:33:41.908+0800: 13.833: Total time for which application threads were stopped: 0.0000964 seconds, Stopping threads took: 0.0000150 seconds
2016-08-29T11:33:42.010+0800: 13.935: Total time for which application threads were stopped: 0.0000866 seconds, Stopping threads took: 0.0000180 seconds
2016-08-29T11:33:42.022+0800: 13.947: Total time for which application threads were stopped: 0.0000918 seconds, Stopping threads took: 0.0000160 seconds
2016-08-29T11:33:43.026+0800: 14.951: Total time for which application threads were stopped: 0.0001698 seconds, Stopping threads took: 0.0000201 seconds
2016-08-29T11:33:47.170+0800: 19.095: Total time for which application threads were stopped: 0.0001090 seconds, Stopping threads took: 0.0000242 seconds
2016-08-29T11:34:12.933+0800: 44.859: Total time for which application threads were stopped: 0.0001311 seconds, Stopping threads took: 0.0000294 seconds
2016-08-29T11:34:13.013+0800: 44.939: Total time for which application threads were stopped: 0.0004247 seconds, Stopping threads took: 0.0000353 seconds
2016-08-29T11:34:13.031+0800: 44.957: Total time for which application threads were stopped: 0.0003944 seconds, Stopping threads took: 0.0000175 seconds
2016-08-29T11:34:14.033+0800: 45.959: Total time for which application threads were stopped: 0.0001430 seconds, Stopping threads took: 0.0000315 seconds
2016-08-29T11:34:16.601+0800: 48.527: Total time for which application threads were stopped: 0.0000744 seconds, Stopping threads took: 0.0000171 seconds
2016-08-29T11:34:16.607+0800: 48.533: Total time for which application threads were stopped: 0.0000758 seconds, Stopping threads took: 0.0000135 seconds
2016-08-29T11:34:17.612+0800: 49.538: Total time for which application threads were stopped: 0.0001264 seconds, Stopping threads took: 0.0000242 seconds
2016-08-29T11:34:27.631+0800: 59.557: Total time for which application threads were stopped: 0.0000804 seconds, Stopping threads took: 0.0000199 seconds
2016-08-29T11:34:37.339+0800: 69.265: Total time for which application threads were stopped: 0.0000903 seconds, Stopping threads took: 0.0000193 seconds
2016-08-29T11:36:12.550+0800: 164.480: Total time for which application threads were stopped: 0.0000814 seconds, Stopping threads took: 0.0000206 seconds
2016-08-29T11:38:22.845+0800: 294.778: Total time for which application threads were stopped: 0.0001185 seconds, Stopping threads took: 0.0000384 seconds
2016-08-29T11:38:31.596+0800: 303.529: Total time for which application threads were stopped: 0.0001049 seconds, Stopping threads took: 0.0000319 seconds
2016-08-29T11:38:32.597+0800: 304.531: Total time for which application threads were stopped: 0.0002268 seconds, Stopping threads took: 0.0000389 seconds
2016-08-29T11:38:35.605+0800: 307.538: Total time for which application threads were stopped: 0.0001082 seconds, Stopping threads took: 0.0000192 seconds
2016-08-29T11:38:42.077+0800: 314.010: Total time for which application threads were stopped: 0.0000854 seconds, Stopping threads took: 0.0000193 seconds
2016-08-29T11:38:43.078+0800: 315.012: Total time for which application threads were stopped: 0.0000947 seconds, Stopping threads took: 0.0000200 seconds
2016-08-29T11:38:47.089+0800: 319.023: Total time for which application threads were stopped: 0.0001103 seconds, Stopping threads took: 0.0000201 seconds
2016-08-29T11:38:58.111+0800: 330.045: Total time for which application threads were stopped: 0.0001033 seconds, Stopping threads took: 0.0000203 seconds
2016-08-29T11:41:02.079+0800: 454.016: Total time for which application threads were stopped: 0.0000763 seconds, Stopping threads took: 0.0000183 seconds
2016-08-29T11:41:03.079+0800: 455.016: Total time for which application threads were stopped: 0.0000883 seconds, Stopping threads took: 0.0000195 seconds
2016-08-29T11:41:04.678+0800: 456.615: Total time for which application threads were stopped: 0.0000878 seconds, Stopping threads took: 0.0000207 seconds
2016-08-29T11:41:05.683+0800: 457.620: Total time for which application threads were stopped: 0.0001084 seconds, Stopping threads took: 0.0000224 seconds
2016-08-29T11:41:46.792+0800: 498.731: Total time for which application threads were stopped: 0.0001008 seconds, Stopping threads took: 0.0000194 seconds
2016-08-29T11:41:47.423+0800: 499.361: Total time for which application threads were stopped: 0.0001023 seconds, Stopping threads took: 0.0000204 seconds
{Heap before GC invocations=6 (full 1):
 par new generation   total 109248K, used 109248K [0x00000007a0000000, 0x00000007a8000000, 0x00000007a8000000)
  eden space 87424K, 100% used [0x00000007a0000000, 0x00000007a5560000, 0x00000007a5560000)
  from space 21824K, 100% used [0x00000007a5560000, 0x00000007a6ab0000, 0x00000007a6ab0000)
  to   space 21824K,   0% used [0x00000007a6ab0000, 0x00000007a6ab0000, 0x00000007a8000000)
 concurrent mark-sweep generation total 393216K, used 3323K [0x00000007a8000000, 0x00000007c0000000, 0x00000007c0000000)
 Metaspace       used 30809K, capacity 31162K, committed 31484K, reserved 1077248K
  class space    used 3625K, capacity 3722K, committed 3836K, reserved 1048576K
2016-08-29T11:41:47.425+0800: 499.364: [GC (Allocation Failure) 2016-08-29T11:41:47.426+0800: 499.364: [ParNew
Desired survivor size 20112992 bytes, new threshold 6 (max 8)
- age   1:    2075944 bytes,    2075944 total
- age   2:   14849640 bytes,   16925584 total
- age   3:        920 bytes,   16926504 total
- age   4:    1082136 bytes,   18008640 total
- age   5:     200264 bytes,   18208904 total
- age   6:    2976072 bytes,   21184976 total
: 109248K->21824K(109248K), 0.0173989 secs] 112571K->33774K(502464K), 0.0174750 secs] [Times: user=0.05 sys=0.01, real=0.02 secs] 
Heap after GC invocations=7 (full 1):
 par new generation   total 109248K, used 21824K [0x00000007a0000000, 0x00000007a8000000, 0x00000007a8000000)
  eden space 87424K,   0% used [0x00000007a0000000, 0x00000007a0000000, 0x00000007a5560000)
  from space 21824K, 100% used [0x00000007a6ab0000, 0x00000007a8000000, 0x00000007a8000000)
  to   space 21824K,   0% used [0x00000007a5560000, 0x00000007a5560000, 0x00000007a6ab0000)
 concurrent mark-sweep generation total 393216K, used 11950K [0x00000007a8000000, 0x00000007c0000000, 0x00000007c0000000)
 Metaspace       used 30809K, capacity 31162K, committed 31484K, reserved 1077248K
  class space    used 3625K, capacity 3722K, committed 3836K, reserved 1048576K
}
2016-08-29T11:41:47.443+0800: 499.382: Total time for which application threads were stopped: 0.0176427 seconds, Stopping threads took: 0.0000127 seconds
2016-08-29T11:41:57.454+0800: 509.393: Total time for which application threads were stopped: 0.0001185 seconds, Stopping threads took: 0.0000283 seconds
2016-08-29T11:43:24.669+0800: 596.610: Total time for which application threads were stopped: 0.0002197 seconds, Stopping threads took: 0.0000487 seconds
2016-08-29T11:44:33.995+0800: 665.938: Total time for which application threads were stopped: 0.0001472 seconds, Stopping threads took: 0.0000174 seconds
2016-08-29T11:44:34.996+0800: 666.940: Total time for which application threads were stopped: 0.0001211 seconds, Stopping threads took: 0.0000237 seconds
2016-08-29T11:44:40.868+0800: 672.812: Total time for which application threads were stopped: 0.0000939 seconds, Stopping threads took: 0.0000221 seconds
2016-08-29T11:44:40.868+0800: 672.812: Total time for which application threads were stopped: 0.0000471 seconds, Stopping threads took: 0.0000106 seconds
2016-08-29T11:44:41.871+0800: 673.814: Total time for which application threads were stopped: 0.0001709 seconds, Stopping threads took: 0.0000314 seconds
2016-08-29T11:59:09.638+0800: 1541.606: Total time for which application threads were stopped: 0.0000843 seconds, Stopping threads took: 0.0000204 seconds
2016-08-29T12:05:29.565+0800: 1921.544: Total time for which application threads were stopped: 0.0002344 seconds, Stopping threads took: 0.0000506 seconds
2016-08-29T12:05:40.362+0800: 1932.340: Total time for which application threads were stopped: 0.0001016 seconds, Stopping threads took: 0.0000173 seconds
2016-08-29T12:05:41.366+0800: 1933.344: Total time for which application threads were stopped: 0.0001224 seconds, Stopping threads took: 0.0000297 seconds
2016-08-29T12:05:42.159+0800: 1934.138: Total time for which application threads were stopped: 0.0000955 seconds, Stopping threads took: 0.0000206 seconds
2016-08-29T12:05:43.159+0800: 1935.138: Total time for which application threads were stopped: 0.0001828 seconds, Stopping threads took: 0.0000498 seconds
2016-08-29T12:07:26.570+0800: 2038.552: Total time for which application threads were stopped: 0.0000944 seconds, Stopping threads took: 0.0000196 seconds
2016-08-29T12:07:27.397+0800: 2039.379: Total time for which application threads were stopped: 0.0000857 seconds, Stopping threads took: 0.0000183 seconds
2016-08-29T12:07:28.398+0800: 2040.379: Total time for which application threads were stopped: 0.0002156 seconds, Stopping threads took: 0.0000798 seconds
2016-08-29T12:09:45.333+0800: 2177.318: Total time for which application threads were stopped: 0.0000769 seconds, Stopping threads took: 0.0000167 seconds
2016-08-29T12:09:46.338+0800: 2178.323: Total time for which application threads were stopped: 0.0002100 seconds, Stopping threads took: 0.0000512 seconds
2016-08-29T12:11:55.686+0800: 2307.675: Total time for which application threads were stopped: 0.0002369 seconds, Stopping threads took: 0.0000497 seconds
2016-08-29T12:14:19.737+0800: 2451.730: Total time for which application threads were stopped: 0.0000896 seconds, Stopping threads took: 0.0000295 seconds
2016-08-29T12:14:20.737+0800: 2452.730: Total time for which application threads were stopped: 0.0001453 seconds, Stopping threads took: 0.0000293 seconds
2016-08-29T12:14:56.562+0800: 2488.556: Total time for which application threads were stopped: 0.0001417 seconds, Stopping threads took: 0.0000242 seconds
2016-08-29T12:14:57.566+0800: 2489.560: Total time for which application threads were stopped: 0.0000904 seconds, Stopping threads took: 0.0000221 seconds
2016-08-29T12:15:04.583+0800: 2496.578: Total time for which application threads were stopped: 0.0001640 seconds, Stopping threads took: 0.0000397 seconds
2016-08-29T12:17:26.758+0800: 2638.757: Total time for which application threads were stopped: 0.0001179 seconds, Stopping threads took: 0.0000347 seconds
2016-08-29T12:17:27.759+0800: 2639.757: Total time for which application threads were stopped: 0.0002015 seconds, Stopping threads took: 0.0000583 seconds
2016-08-29T12:17:28.371+0800: 2640.369: Total time for which application threads were stopped: 0.0001120 seconds, Stopping threads took: 0.0000334 seconds
2016-08-29T12:17:29.371+0800: 2641.370: Total time for which application threads were stopped: 0.0001309 seconds, Stopping threads took: 0.0000287 seconds
{Heap before GC invocations=7 (full 1):
 par new generation   total 109248K, used 109248K [0x00000007a0000000, 0x00000007a8000000, 0x00000007a8000000)
  eden space 87424K, 100% used [0x00000007a0000000, 0x00000007a5560000, 0x00000007a5560000)
  from space 21824K, 100% used [0x00000007a6ab0000, 0x00000007a8000000, 0x00000007a8000000)
  to   space 21824K,   0% used [0x00000007a5560000, 0x00000007a5560000, 0x00000007a6ab0000)
 concurrent mark-sweep generation total 393216K, used 11950K [0x00000007a8000000, 0x00000007c0000000, 0x00000007c0000000)
 Metaspace       used 30997K, capacity 31360K, committed 31740K, reserved 1077248K
  class space    used 3627K, capacity 3723K, committed 3836K, reserved 1048576K
2016-08-29T12:17:29.736+0800: 2641.734: [GC (Allocation Failure) 2016-08-29T12:17:29.736+0800: 2641.735: [ParNew
Desired survivor size 20112992 bytes, new threshold 8 (max 8)
- age   1:     248464 bytes,     248464 total
- age   2:    1476744 bytes,    1725208 total
- age   3:   10283280 bytes,   12008488 total
- age   4:        920 bytes,   12009408 total
- age   5:    1082136 bytes,   13091544 total
- age   6:     200264 bytes,   13291808 total
: 109248K->19312K(109248K), 0.0113883 secs] 121198K->34233K(502464K), 0.0114559 secs] [Times: user=0.04 sys=0.00, real=0.01 secs] 
Heap after GC invocations=8 (full 1):
 par new generation   total 109248K, used 19312K [0x00000007a0000000, 0x00000007a8000000, 0x00000007a8000000)
  eden space 87424K,   0% used [0x00000007a0000000, 0x00000007a0000000, 0x00000007a5560000)
  from space 21824K,  88% used [0x00000007a5560000, 0x00000007a683c048, 0x00000007a6ab0000)
  to   space 21824K,   0% used [0x00000007a6ab0000, 0x00000007a6ab0000, 0x00000007a8000000)
 concurrent mark-sweep generation total 393216K, used 14921K [0x00000007a8000000, 0x00000007c0000000, 0x00000007c0000000)
 Metaspace       used 30997K, capacity 31360K, committed 31740K, reserved 1077248K
  class space    used 3627K, capacity 3723K, committed 3836K, reserved 1048576K
}
2016-08-29T12:17:29.748+0800: 2641.746: Total time for which application threads were stopped: 0.0116206 seconds, Stopping threads took: 0.0000200 seconds
2016-08-29T12:17:30.750+0800: 2642.749: Total time for which application threads were stopped: 0.0002404 seconds, Stopping threads took: 0.0000753 seconds
2016-08-29T12:17:31.751+0800: 2643.749: Total time for which application threads were stopped: 0.0001175 seconds, Stopping threads took: 0.0000236 seconds
2016-08-29T12:17:32.751+0800: 2644.750: Total time for which application threads were stopped: 0.0001479 seconds, Stopping threads took: 0.0000332 seconds
2016-08-29T12:17:37.752+0800: 2649.750: Total time for which application threads were stopped: 0.0001225 seconds, Stopping threads took: 0.0000297 seconds
2016-08-29T12:17:38.752+0800: 2650.751: Total time for which application threads were stopped: 0.0001347 seconds, Stopping threads took: 0.0000347 seconds
2016-08-29T12:17:39.757+0800: 2651.756: Total time for which application threads were stopped: 0.0002417 seconds, Stopping threads took: 0.0000513 seconds
2016-08-29T12:21:06.195+0800: 2858.199: Total time for which application threads were stopped: 0.0002259 seconds, Stopping threads took: 0.0000527 seconds
2016-08-29T13:02:12.448+0800: 2931.289: Total time for which application threads were stopped: 0.0000907 seconds, Stopping threads took: 0.0000189 seconds
2016-08-29T13:02:13.365+0800: 2932.206: Total time for which application threads were stopped: 0.0001690 seconds, Stopping threads took: 0.0000271 seconds
2016-08-29T13:02:14.370+0800: 2933.211: Total time for which application threads were stopped: 0.0001237 seconds, Stopping threads took: 0.0000282 seconds
2016-08-29T13:04:31.799+0800: 3070.644: Total time for which application threads were stopped: 0.0001313 seconds, Stopping threads took: 0.0000464 seconds
2016-08-29T13:04:32.804+0800: 3071.649: Total time for which application threads were stopped: 0.0002331 seconds, Stopping threads took: 0.0000560 seconds
2016-08-29T13:04:33.089+0800: 3071.933: Total time for which application threads were stopped: 0.0000989 seconds, Stopping threads took: 0.0000193 seconds
2016-08-29T13:04:43.120+0800: 3081.965: Total time for which application threads were stopped: 0.0001200 seconds, Stopping threads took: 0.0000281 seconds
2016-08-29T13:05:36.471+0800: 3135.317: Total time for which application threads were stopped: 0.0000940 seconds, Stopping threads took: 0.0000188 seconds
{Heap before GC invocations=8 (full 1):
 par new generation   total 109248K, used 106736K [0x00000007a0000000, 0x00000007a8000000, 0x00000007a8000000)
  eden space 87424K, 100% used [0x00000007a0000000, 0x00000007a5560000, 0x00000007a5560000)
  from space 21824K,  88% used [0x00000007a5560000, 0x00000007a683c048, 0x00000007a6ab0000)
  to   space 21824K,   0% used [0x00000007a6ab0000, 0x00000007a6ab0000, 0x00000007a8000000)
 concurrent mark-sweep generation total 393216K, used 14921K [0x00000007a8000000, 0x00000007c0000000, 0x00000007c0000000)
 Metaspace       used 31123K, capacity 31488K, committed 31996K, reserved 1077248K
  class space    used 3627K, capacity 3723K, committed 3836K, reserved 1048576K
2016-08-29T13:05:36.474+0800: 3135.320: [GC (Allocation Failure) 2016-08-29T13:05:36.474+0800: 3135.320: [ParNew
Desired survivor size 20112992 bytes, new threshold 8 (max 8)
- age   1:     106392 bytes,     106392 total
- age   2:      29016 bytes,     135408 total
- age   3:    1464064 bytes,    1599472 total
- age   4:    7997184 bytes,    9596656 total
- age   5:        736 bytes,    9597392 total
- age   6:    1070744 bytes,   10668136 total
- age   7:     192136 bytes,   10860272 total
: 106736K->12474K(109248K), 0.0094758 secs] 121657K->27395K(502464K), 0.0095521 secs] [Times: user=0.03 sys=0.00, real=0.01 secs] 
Heap after GC invocations=9 (full 1):
 par new generation   total 109248K, used 12474K [0x00000007a0000000, 0x00000007a8000000, 0x00000007a8000000)
  eden space 87424K,   0% used [0x00000007a0000000, 0x00000007a0000000, 0x00000007a5560000)
  from space 21824K,  57% used [0x00000007a6ab0000, 0x00000007a76de890, 0x00000007a8000000)
  to   space 21824K,   0% used [0x00000007a5560000, 0x00000007a5560000, 0x00000007a6ab0000)
 concurrent mark-sweep generation total 393216K, used 14921K [0x00000007a8000000, 0x00000007c0000000, 0x00000007c0000000)
 Metaspace       used 31123K, capacity 31488K, committed 31996K, reserved 1077248K
  class space    used 3627K, capacity 3723K, committed 3836K, reserved 1048576K
}
2016-08-29T13:05:36.484+0800: 3135.330: Total time for which application threads were stopped: 0.0097375 seconds, Stopping threads took: 0.0000235 seconds
2016-08-29T13:07:28.800+0800: 3247.650: Total time for which application threads were stopped: 0.0000823 seconds, Stopping threads took: 0.0000170 seconds
2016-08-29T13:07:29.804+0800: 3248.653: Total time for which application threads were stopped: 0.0001428 seconds, Stopping threads took: 0.0000305 seconds
2016-08-29T13:08:18.920+0800: 3297.771: Total time for which application threads were stopped: 0.0001757 seconds, Stopping threads took: 0.0000751 seconds
2016-08-29T13:08:47.587+0800: 3326.439: Total time for which application threads were stopped: 0.0000871 seconds, Stopping threads took: 0.0000167 seconds
2016-08-29T13:08:48.590+0800: 3327.442: Total time for which application threads were stopped: 0.0001304 seconds, Stopping threads took: 0.0000318 seconds
2016-08-29T13:12:02.421+0800: 3521.279: Total time for which application threads were stopped: 0.0000993 seconds, Stopping threads took: 0.0000282 seconds
2016-08-29T13:12:03.427+0800: 3522.284: Total time for which application threads were stopped: 0.0002414 seconds, Stopping threads took: 0.0000534 seconds
2016-08-29T13:12:03.618+0800: 3522.475: Total time for which application threads were stopped: 0.0001652 seconds, Stopping threads took: 0.0000487 seconds
2016-08-29T13:12:04.621+0800: 3523.478: Total time for which application threads were stopped: 0.0001506 seconds, Stopping threads took: 0.0000331 seconds
2016-08-29T13:12:53.716+0800: 3572.575: Total time for which application threads were stopped: 0.0000876 seconds, Stopping threads took: 0.0000212 seconds
2016-08-29T13:13:30.806+0800: 3609.666: Total time for which application threads were stopped: 0.0002254 seconds, Stopping threads took: 0.0000524 seconds
2016-08-29T13:13:33.815+0800: 3612.674: Total time for which application threads were stopped: 0.0001240 seconds, Stopping threads took: 0.0000320 seconds
2016-08-29T13:13:39.834+0800: 3618.694: Total time for which application threads were stopped: 0.0001275 seconds, Stopping threads took: 0.0000324 seconds
2016-08-29T13:13:44.843+0800: 3623.703: Total time for which application threads were stopped: 0.0001893 seconds, Stopping threads took: 0.0000402 seconds
{Heap before GC invocations=9 (full 1):
 par new generation   total 109248K, used 99898K [0x00000007a0000000, 0x00000007a8000000, 0x00000007a8000000)
  eden space 87424K, 100% used [0x00000007a0000000, 0x00000007a5560000, 0x00000007a5560000)
  from space 21824K,  57% used [0x00000007a6ab0000, 0x00000007a76de890, 0x00000007a8000000)
  to   space 21824K,   0% used [0x00000007a5560000, 0x00000007a5560000, 0x00000007a6ab0000)
 concurrent mark-sweep generation total 393216K, used 14921K [0x00000007a8000000, 0x00000007c0000000, 0x00000007c0000000)
 Metaspace       used 31230K, capacity 31616K, committed 31996K, reserved 1077248K
  class space    used 3628K, capacity 3723K, committed 3836K, reserved 1048576K
2016-08-29T13:13:57.047+0800: 3635.907: [GC (Allocation Failure) 2016-08-29T13:13:57.047+0800: 3635.907: [ParNew
Desired survivor size 20112992 bytes, new threshold 8 (max 8)
- age   1:     111992 bytes,     111992 total
- age   2:       5448 bytes,     117440 total
- age   3:      26600 bytes,     144040 total
- age   4:    1463272 bytes,    1607312 total
- age   5:    8056328 bytes,    9663640 total
- age   6:        736 bytes,    9664376 total
- age   7:    1070744 bytes,   10735120 total
- age   8:     192136 bytes,   10927256 total
: 99898K->13590K(109248K), 0.0081017 secs] 114819K->28512K(502464K), 0.0081698 secs] [Times: user=0.03 sys=0.00, real=0.01 secs] 
Heap after GC invocations=10 (full 1):
 par new generation   total 109248K, used 13590K [0x00000007a0000000, 0x00000007a8000000, 0x00000007a8000000)
  eden space 87424K,   0% used [0x00000007a0000000, 0x00000007a0000000, 0x00000007a5560000)
  from space 21824K,  62% used [0x00000007a5560000, 0x00000007a62a59a0, 0x00000007a6ab0000)
  to   space 21824K,   0% used [0x00000007a6ab0000, 0x00000007a6ab0000, 0x00000007a8000000)
 concurrent mark-sweep generation total 393216K, used 14921K [0x00000007a8000000, 0x00000007c0000000, 0x00000007c0000000)
 Metaspace       used 31230K, capacity 31616K, committed 31996K, reserved 1077248K
  class space    used 3628K, capacity 3723K, committed 3836K, reserved 1048576K
}
2016-08-29T13:13:57.055+0800: 3635.915: Total time for which application threads were stopped: 0.0083311 seconds, Stopping threads took: 0.0000198 seconds
2016-08-29T13:13:58.060+0800: 3636.920: Total time for which application threads were stopped: 0.0001052 seconds, Stopping threads took: 0.0000264 seconds
2016-08-29T13:14:20.120+0800: 3658.981: Total time for which application threads were stopped: 0.0001574 seconds, Stopping threads took: 0.0000322 seconds
2016-08-29T13:14:24.127+0800: 3662.988: Total time for which application threads were stopped: 0.0002289 seconds, Stopping threads took: 0.0000538 seconds
2016-08-29T13:19:18.997+0800: 3932.248: Total time for which application threads were stopped: 0.0001333 seconds, Stopping threads took: 0.0000351 seconds
2016-08-29T13:19:20.000+0800: 3933.251: Total time for which application threads were stopped: 0.0002267 seconds, Stopping threads took: 0.0000530 seconds
2016-08-29T14:10:56.419+0800: 4890.465: Total time for which application threads were stopped: 0.0001224 seconds, Stopping threads took: 0.0000303 seconds
2016-08-29T14:10:57.423+0800: 4891.469: Total time for which application threads were stopped: 0.0001498 seconds, Stopping threads took: 0.0000468 seconds
2016-08-29T14:13:15.799+0800: 5029.849: Total time for which application threads were stopped: 0.0001503 seconds, Stopping threads took: 0.0000568 seconds
2016-08-29T14:13:16.801+0800: 5030.851: Total time for which application threads were stopped: 0.0001075 seconds, Stopping threads took: 0.0000311 seconds
2016-08-29T14:13:23.042+0800: 5037.093: Total time for which application threads were stopped: 0.0001195 seconds, Stopping threads took: 0.0000232 seconds
2016-08-29T14:13:24.046+0800: 5038.097: Total time for which application threads were stopped: 0.0002164 seconds, Stopping threads took: 0.0000523 seconds
2016-08-29T14:13:24.512+0800: 5038.563: Total time for which application threads were stopped: 0.0000869 seconds, Stopping threads took: 0.0000166 seconds
2016-08-29T14:13:27.519+0800: 5041.569: Total time for which application threads were stopped: 0.0001727 seconds, Stopping threads took: 0.0000561 seconds
2016-08-29T14:13:28.523+0800: 5042.574: Total time for which application threads were stopped: 0.0002226 seconds, Stopping threads took: 0.0000548 seconds
2016-08-29T14:13:30.531+0800: 5044.582: Total time for which application threads were stopped: 0.0002079 seconds, Stopping threads took: 0.0000477 seconds
2016-08-29T14:13:39.558+0800: 5053.609: Total time for which application threads were stopped: 0.0002333 seconds, Stopping threads took: 0.0000553 seconds
2016-08-29T14:13:57.623+0800: 5071.674: Total time for which application threads were stopped: 0.0002211 seconds, Stopping threads took: 0.0000521 seconds
2016-08-29T14:14:53.211+0800: 5127.264: Total time for which application threads were stopped: 0.0000816 seconds, Stopping threads took: 0.0000157 seconds
2016-08-29T14:15:00.157+0800: 5134.210: Total time for which application threads were stopped: 0.0000883 seconds, Stopping threads took: 0.0000198 seconds
2016-08-29T14:15:01.160+0800: 5135.213: Total time for which application threads were stopped: 0.0002585 seconds, Stopping threads took: 0.0000579 seconds
2016-08-29T14:15:05.162+0800: 5139.215: Total time for which application threads were stopped: 0.0001692 seconds, Stopping threads took: 0.0000335 seconds
2016-08-29T14:15:30.229+0800: 5164.283: Total time for which application threads were stopped: 0.0002357 seconds, Stopping threads took: 0.0000537 seconds
{Heap before GC invocations=10 (full 1):
 par new generation   total 109248K, used 101014K [0x00000007a0000000, 0x00000007a8000000, 0x00000007a8000000)
  eden space 87424K, 100% used [0x00000007a0000000, 0x00000007a5560000, 0x00000007a5560000)
  from space 21824K,  62% used [0x00000007a5560000, 0x00000007a62a59a0, 0x00000007a6ab0000)
  to   space 21824K,   0% used [0x00000007a6ab0000, 0x00000007a6ab0000, 0x00000007a8000000)
 concurrent mark-sweep generation total 393216K, used 14921K [0x00000007a8000000, 0x00000007c0000000, 0x00000007c0000000)
 Metaspace       used 31299K, capacity 31680K, committed 32252K, reserved 1077248K
  class space    used 3628K, capacity 3723K, committed 3836K, reserved 1048576K
2016-08-29T14:15:31.993+0800: 5166.047: [GC (Allocation Failure) 2016-08-29T14:15:31.993+0800: 5166.047: [ParNew
Desired survivor size 20112992 bytes, new threshold 8 (max 8)
- age   1:      67760 bytes,      67760 total
- age   2:      15472 bytes,      83232 total
- age   3:       5408 bytes,      88640 total
- age   4:      26600 bytes,     115240 total
- age   5:    1463272 bytes,    1578512 total
- age   6:    7997136 bytes,    9575648 total
- age   7:        736 bytes,    9576384 total
- age   8:    1070744 bytes,   10647128 total
: 101014K->12308K(109248K), 0.0108686 secs] 115936K->27422K(502464K), 0.0109527 secs] [Times: user=0.04 sys=0.00, real=0.01 secs] 
Heap after GC invocations=11 (full 1):
 par new generation   total 109248K, used 12308K [0x00000007a0000000, 0x00000007a8000000, 0x00000007a8000000)
  eden space 87424K,   0% used [0x00000007a0000000, 0x00000007a0000000, 0x00000007a5560000)
  from space 21824K,  56% used [0x00000007a6ab0000, 0x00000007a76b5350, 0x00000007a8000000)
  to   space 21824K,   0% used [0x00000007a5560000, 0x00000007a5560000, 0x00000007a6ab0000)
 concurrent mark-sweep generation total 393216K, used 15113K [0x00000007a8000000, 0x00000007c0000000, 0x00000007c0000000)
 Metaspace       used 31299K, capacity 31680K, committed 32252K, reserved 1077248K
  class space    used 3628K, capacity 3723K, committed 3836K, reserved 1048576K
}
2016-08-29T14:15:32.004+0800: 5166.058: Total time for which application threads were stopped: 0.0111376 seconds, Stopping threads took: 0.0000223 seconds
2016-08-29T14:15:33.009+0800: 5167.063: Total time for which application threads were stopped: 0.0001069 seconds, Stopping threads took: 0.0000244 seconds
2016-08-29T14:15:42.039+0800: 5176.093: Total time for which application threads were stopped: 0.0002389 seconds, Stopping threads took: 0.0000533 seconds
2016-08-29T14:15:52.070+0800: 5186.125: Total time for which application threads were stopped: 0.0002133 seconds, Stopping threads took: 0.0000545 seconds
2016-08-29T14:17:41.363+0800: 5295.421: Total time for which application threads were stopped: 0.0000927 seconds, Stopping threads took: 0.0000183 seconds
2016-08-29T14:17:42.365+0800: 5296.422: Total time for which application threads were stopped: 0.0001837 seconds, Stopping threads took: 0.0000322 seconds
2016-08-29T14:17:45.376+0800: 5299.433: Total time for which application threads were stopped: 0.0002032 seconds, Stopping threads took: 0.0000512 seconds
2016-08-29T14:17:48.412+0800: 5302.470: Total time for which application threads were stopped: 0.0001805 seconds, Stopping threads took: 0.0000246 seconds
2016-08-29T14:17:49.413+0800: 5303.470: Total time for which application threads were stopped: 0.0004170 seconds, Stopping threads took: 0.0000763 seconds
2016-08-29T14:17:50.301+0800: 5304.358: Total time for which application threads were stopped: 0.0001500 seconds, Stopping threads took: 0.0000326 seconds
2016-08-29T14:17:56.311+0800: 5310.369: Total time for which application threads were stopped: 0.0001642 seconds, Stopping threads took: 0.0000315 seconds
2016-08-29T14:17:58.321+0800: 5312.379: Total time for which application threads were stopped: 0.0002598 seconds, Stopping threads took: 0.0000515 seconds
2016-08-29T14:18:04.338+0800: 5318.397: Total time for which application threads were stopped: 0.0001230 seconds, Stopping threads took: 0.0000308 seconds
2016-08-29T14:18:06.339+0800: 5320.397: Total time for which application threads were stopped: 0.0001796 seconds, Stopping threads took: 0.0000441 seconds
2016-08-29T14:18:28.392+0800: 5342.450: Total time for which application threads were stopped: 0.0002222 seconds, Stopping threads took: 0.0000521 seconds
2016-08-29T14:18:31.404+0800: 5345.463: Total time for which application threads were stopped: 0.0002205 seconds, Stopping threads took: 0.0000528 seconds
2016-08-29T14:19:46.541+0800: 5420.602: Total time for which application threads were stopped: 0.0001376 seconds, Stopping threads took: 0.0000420 seconds
2016-08-29T14:29:21.964+0800: 5721.435: Total time for which application threads were stopped: 0.0001246 seconds, Stopping threads took: 0.0000335 seconds
2016-08-29T14:29:22.062+0800: 5721.533: Total time for which application threads were stopped: 0.0001034 seconds, Stopping threads took: 0.0000265 seconds
2016-08-29T14:29:22.065+0800: 5721.536: Total time for which application threads were stopped: 0.0000800 seconds, Stopping threads took: 0.0000210 seconds
2016-08-29T14:29:48.690+0800: 5748.162: Total time for which application threads were stopped: 0.0000886 seconds, Stopping threads took: 0.0000157 seconds
2016-08-29T14:29:48.703+0800: 5748.175: Total time for which application threads were stopped: 0.0001592 seconds, Stopping threads took: 0.0000254 seconds
2016-08-29T14:29:48.703+0800: 5748.175: Total time for which application threads were stopped: 0.0001225 seconds, Stopping threads took: 0.0000679 seconds
2016-08-29T14:29:48.705+0800: 5748.177: Total time for which application threads were stopped: 0.0000773 seconds, Stopping threads took: 0.0000127 seconds
2016-08-29T15:44:17.779+0800: 10217.375: Total time for which application threads were stopped: 0.0001376 seconds, Stopping threads took: 0.0000342 seconds
2016-08-29T15:44:17.867+0800: 10217.463: Total time for which application threads were stopped: 0.0001124 seconds, Stopping threads took: 0.0000285 seconds
2016-08-29T15:44:17.869+0800: 10217.465: Total time for which application threads were stopped: 0.0000871 seconds, Stopping threads took: 0.0000240 seconds
2016-08-29T15:44:17.870+0800: 10217.466: Total time for which application threads were stopped: 0.0000918 seconds, Stopping threads took: 0.0000290 seconds
2016-08-29T15:44:17.986+0800: 10217.582: Total time for which application threads were stopped: 0.0001267 seconds, Stopping threads took: 0.0000238 seconds
2016-08-29T15:44:17.991+0800: 10217.587: Total time for which application threads were stopped: 0.0001108 seconds, Stopping threads took: 0.0000227 seconds
2016-08-29T15:44:18.032+0800: 10217.628: Total time for which application threads were stopped: 0.0001310 seconds, Stopping threads took: 0.0000266 seconds
2016-08-29T15:44:18.036+0800: 10217.632: Total time for which application threads were stopped: 0.0000952 seconds, Stopping threads took: 0.0000158 seconds
2016-08-29T15:44:18.041+0800: 10217.637: Total time for which application threads were stopped: 0.0000975 seconds, Stopping threads took: 0.0000266 seconds
2016-08-29T15:44:18.054+0800: 10217.650: Total time for which application threads were stopped: 0.0000688 seconds, Stopping threads took: 0.0000124 seconds
2016-08-29T15:44:19.057+0800: 10218.653: Total time for which application threads were stopped: 0.0001083 seconds, Stopping threads took: 0.0000241 seconds
2016-08-29T16:19:01.930+0800: 12301.584: Total time for which application threads were stopped: 0.0000941 seconds, Stopping threads took: 0.0000179 seconds
2016-08-29T16:19:02.048+0800: 12301.701: Total time for which application threads were stopped: 0.0000950 seconds, Stopping threads took: 0.0000172 seconds
2016-08-29T16:19:02.050+0800: 12301.704: Total time for which application threads were stopped: 0.0000509 seconds, Stopping threads took: 0.0000089 seconds
2016-08-29T18:09:01.943+0800: 18901.779: Total time for which application threads were stopped: 0.0001013 seconds, Stopping threads took: 0.0000188 seconds
2016-08-29T18:09:02.027+0800: 18901.864: Total time for which application threads were stopped: 0.0001192 seconds, Stopping threads took: 0.0000295 seconds
2016-08-29T18:09:02.030+0800: 18901.867: Total time for which application threads were stopped: 0.0000932 seconds, Stopping threads took: 0.0000220 seconds
2016-08-29T18:09:16.186+0800: 18916.023: Total time for which application threads were stopped: 0.0001647 seconds, Stopping threads took: 0.0000439 seconds
2016-08-29T18:09:16.274+0800: 18916.111: Total time for which application threads were stopped: 0.0001021 seconds, Stopping threads took: 0.0000270 seconds
2016-08-29T18:09:16.277+0800: 18916.114: Total time for which application threads were stopped: 0.0002074 seconds, Stopping threads took: 0.0001311 seconds
2016-08-29T18:09:17.281+0800: 18917.118: Total time for which application threads were stopped: 0.0000914 seconds, Stopping threads took: 0.0000209 seconds
2016-08-29T18:10:07.371+0800: 18967.209: Total time for which application threads were stopped: 0.0001073 seconds, Stopping threads took: 0.0000274 seconds
2016-08-29T18:10:07.434+0800: 18967.272: Total time for which application threads were stopped: 0.0001656 seconds, Stopping threads took: 0.0000282 seconds
2016-08-29T18:10:07.436+0800: 18967.274: Total time for which application threads were stopped: 0.0000801 seconds, Stopping threads took: 0.0000211 seconds
2016-08-29T18:10:23.941+0800: 18983.782: Total time for which application threads were stopped: 0.0020631 seconds, Stopping threads took: 0.0000192 seconds
2016-08-29T18:10:23.957+0800: 18983.796: Total time for which application threads were stopped: 0.0000923 seconds, Stopping threads took: 0.0000174 seconds
2016-08-29T18:10:23.959+0800: 18983.798: Total time for which application threads were stopped: 0.0000504 seconds, Stopping threads took: 0.0000094 seconds
2016-08-29T18:10:24.965+0800: 18984.804: Total time for which application threads were stopped: 0.0002800 seconds, Stopping threads took: 0.0000572 seconds
2016-08-29T18:10:34.063+0800: 18993.902: Total time for which application threads were stopped: 0.0001212 seconds, Stopping threads took: 0.0000226 seconds
2016-08-29T18:10:34.066+0800: 18993.905: Total time for which application threads were stopped: 0.0000929 seconds, Stopping threads took: 0.0000169 seconds
2016-08-29T18:10:42.696+0800: 19002.536: Total time for which application threads were stopped: 0.0001050 seconds, Stopping threads took: 0.0000271 seconds
2016-08-29T18:10:42.700+0800: 19002.540: Total time for which application threads were stopped: 0.0000688 seconds, Stopping threads took: 0.0000108 seconds
2016-08-29T18:10:42.725+0800: 19002.564: Total time for which application threads were stopped: 0.0001310 seconds, Stopping threads took: 0.0000383 seconds
2016-08-29T18:10:42.733+0800: 19002.572: Total time for which application threads were stopped: 0.0000711 seconds, Stopping threads took: 0.0000111 seconds
2016-08-29T18:10:42.733+0800: 19002.572: Total time for which application threads were stopped: 0.0000628 seconds, Stopping threads took: 0.0000106 seconds
2016-08-29T18:10:42.738+0800: 19002.578: Total time for which application threads were stopped: 0.0001143 seconds, Stopping threads took: 0.0000290 seconds
2016-08-29T18:10:42.738+0800: 19002.578: Total time for which application threads were stopped: 0.0000685 seconds, Stopping threads took: 0.0000283 seconds
2016-08-29T18:10:42.744+0800: 19002.583: Total time for which application threads were stopped: 0.0000876 seconds, Stopping threads took: 0.0000164 seconds
2016-08-29T18:10:42.747+0800: 19002.587: Total time for which application threads were stopped: 0.0004994 seconds, Stopping threads took: 0.0000112 seconds
2016-08-29T18:10:42.754+0800: 19002.594: Total time for which application threads were stopped: 0.0001003 seconds, Stopping threads took: 0.0000288 seconds
2016-08-29T18:10:42.764+0800: 19002.603: Total time for which application threads were stopped: 0.0005381 seconds, Stopping threads took: 0.0000192 seconds
2016-08-29T18:10:43.764+0800: 19003.604: Total time for which application threads were stopped: 0.0001285 seconds, Stopping threads took: 0.0000258 seconds
2016-08-29T18:10:49.750+0800: 19009.590: Total time for which application threads were stopped: 0.0001059 seconds, Stopping threads took: 0.0000212 seconds
2016-08-29T18:10:49.758+0800: 19009.597: Total time for which application threads were stopped: 0.0001394 seconds, Stopping threads took: 0.0000196 seconds
2016-08-29T18:10:49.780+0800: 19009.620: Total time for which application threads were stopped: 0.0001203 seconds, Stopping threads took: 0.0000277 seconds
2016-08-29T18:10:49.781+0800: 19009.620: Total time for which application threads were stopped: 0.0000546 seconds, Stopping threads took: 0.0000083 seconds
2016-08-29T18:10:49.781+0800: 19009.621: Total time for which application threads were stopped: 0.0000472 seconds, Stopping threads took: 0.0000074 seconds
2016-08-29T18:10:49.781+0800: 19009.621: Total time for which application threads were stopped: 0.0000474 seconds, Stopping threads took: 0.0000072 seconds
2016-08-29T18:10:49.781+0800: 19009.621: Total time for which application threads were stopped: 0.0000470 seconds, Stopping threads took: 0.0000069 seconds
2016-08-29T18:10:49.782+0800: 19009.621: Total time for which application threads were stopped: 0.0000475 seconds, Stopping threads took: 0.0000069 seconds
2016-08-29T18:10:49.782+0800: 19009.622: Total time for which application threads were stopped: 0.0000615 seconds, Stopping threads took: 0.0000078 seconds
2016-08-29T18:10:49.782+0800: 19009.622: Total time for which application threads were stopped: 0.0000742 seconds, Stopping threads took: 0.0000259 seconds
2016-08-29T18:10:49.782+0800: 19009.622: Total time for which application threads were stopped: 0.0000614 seconds, Stopping threads took: 0.0000088 seconds
2016-08-29T18:10:49.782+0800: 19009.622: Total time for which application threads were stopped: 0.0000444 seconds, Stopping threads took: 0.0000064 seconds
2016-08-29T18:10:49.783+0800: 19009.622: Total time for which application threads were stopped: 0.0000700 seconds, Stopping threads took: 0.0000134 seconds
2016-08-29T18:10:49.783+0800: 19009.622: Total time for which application threads were stopped: 0.0000724 seconds, Stopping threads took: 0.0000272 seconds
2016-08-29T18:10:49.783+0800: 19009.623: Total time for which application threads were stopped: 0.0000612 seconds, Stopping threads took: 0.0000082 seconds
2016-08-29T18:10:49.783+0800: 19009.623: Total time for which application threads were stopped: 0.0000548 seconds, Stopping threads took: 0.0000160 seconds
2016-08-29T18:10:49.784+0800: 19009.623: Total time for which application threads were stopped: 0.0000709 seconds, Stopping threads took: 0.0000300 seconds
2016-08-29T18:10:49.784+0800: 19009.623: Total time for which application threads were stopped: 0.0000918 seconds, Stopping threads took: 0.0000403 seconds
2016-08-29T18:10:49.788+0800: 19009.627: Total time for which application threads were stopped: 0.0001509 seconds, Stopping threads took: 0.0000388 seconds
2016-08-29T18:10:49.788+0800: 19009.627: Total time for which application threads were stopped: 0.0000754 seconds, Stopping threads took: 0.0000210 seconds
2016-08-29T18:10:49.793+0800: 19009.632: Total time for which application threads were stopped: 0.0001112 seconds, Stopping threads took: 0.0000266 seconds
2016-08-29T18:10:49.793+0800: 19009.633: Total time for which application threads were stopped: 0.0000683 seconds, Stopping threads took: 0.0000168 seconds
2016-08-29T18:10:49.798+0800: 19009.637: Total time for which application threads were stopped: 0.0000894 seconds, Stopping threads took: 0.0000135 seconds
2016-08-29T18:10:49.799+0800: 19009.639: Total time for which application threads were stopped: 0.0000833 seconds, Stopping threads took: 0.0000207 seconds
2016-08-29T18:10:49.799+0800: 19009.639: Total time for which application threads were stopped: 0.0000679 seconds, Stopping threads took: 0.0000170 seconds
2016-08-29T18:10:49.799+0800: 19009.639: Total time for which application threads were stopped: 0.0000642 seconds, Stopping threads took: 0.0000180 seconds
2016-08-29T18:10:49.799+0800: 19009.639: Total time for which application threads were stopped: 0.0000715 seconds, Stopping threads took: 0.0000214 seconds
2016-08-29T18:10:50.805+0800: 19010.645: Total time for which application threads were stopped: 0.0002816 seconds, Stopping threads took: 0.0000566 seconds
2016-08-29T18:10:56.619+0800: 19016.459: Total time for which application threads were stopped: 0.0001019 seconds, Stopping threads took: 0.0000210 seconds
2016-08-29T18:10:56.622+0800: 19016.461: Total time for which application threads were stopped: 0.0000603 seconds, Stopping threads took: 0.0000110 seconds
2016-08-29T18:11:49.797+0800: 19069.638: Total time for which application threads were stopped: 0.0001463 seconds, Stopping threads took: 0.0000324 seconds
2016-08-29T18:12:43.166+0800: 19123.009: Total time for which application threads were stopped: 0.0001390 seconds, Stopping threads took: 0.0000448 seconds
2016-08-29T18:12:44.170+0800: 19124.013: Total time for which application threads were stopped: 0.0002587 seconds, Stopping threads took: 0.0000570 seconds
2016-08-29T18:12:52.701+0800: 19132.544: Total time for which application threads were stopped: 0.0001054 seconds, Stopping threads took: 0.0000279 seconds
2016-08-29T18:12:52.703+0800: 19132.546: Total time for which application threads were stopped: 0.0000664 seconds, Stopping threads took: 0.0000102 seconds
2016-08-29T18:13:01.231+0800: 19141.075: Total time for which application threads were stopped: 0.0001037 seconds, Stopping threads took: 0.0000276 seconds
2016-08-29T18:13:01.234+0800: 19141.077: Total time for which application threads were stopped: 0.0000749 seconds, Stopping threads took: 0.0000257 seconds
2016-08-29T18:13:36.212+0800: 19176.056: Total time for which application threads were stopped: 0.0001114 seconds, Stopping threads took: 0.0000175 seconds
2016-08-29T18:13:36.214+0800: 19176.058: Total time for which application threads were stopped: 0.0001099 seconds, Stopping threads took: 0.0000331 seconds
2016-08-29T18:13:47.031+0800: 19186.876: Total time for which application threads were stopped: 0.0001551 seconds, Stopping threads took: 0.0000188 seconds
2016-08-29T18:13:47.038+0800: 19186.882: Total time for which application threads were stopped: 0.0000878 seconds, Stopping threads took: 0.0000165 seconds
2016-08-29T18:13:47.060+0800: 19186.905: Total time for which application threads were stopped: 0.0001031 seconds, Stopping threads took: 0.0000205 seconds
2016-08-29T18:13:47.066+0800: 19186.910: Total time for which application threads were stopped: 0.0001786 seconds, Stopping threads took: 0.0000798 seconds
2016-08-29T18:13:47.066+0800: 19186.911: Total time for which application threads were stopped: 0.0001420 seconds, Stopping threads took: 0.0000735 seconds
2016-08-29T18:13:47.071+0800: 19186.915: Total time for which application threads were stopped: 0.0000949 seconds, Stopping threads took: 0.0000164 seconds
2016-08-29T18:13:47.071+0800: 19186.915: Total time for which application threads were stopped: 0.0000627 seconds, Stopping threads took: 0.0000170 seconds
2016-08-29T18:13:47.075+0800: 19186.920: Total time for which application threads were stopped: 0.0000799 seconds, Stopping threads took: 0.0000123 seconds
2016-08-29T18:13:48.080+0800: 19187.925: Total time for which application threads were stopped: 0.0002385 seconds, Stopping threads took: 0.0000574 seconds
2016-08-29T18:14:47.071+0800: 19246.917: Total time for which application threads were stopped: 0.0001326 seconds, Stopping threads took: 0.0000304 seconds
2016-08-29T18:15:47.242+0800: 19307.090: Total time for which application threads were stopped: 0.0001115 seconds, Stopping threads took: 0.0000274 seconds
2016-08-29T18:15:47.245+0800: 19307.093: Total time for which application threads were stopped: 0.0000911 seconds, Stopping threads took: 0.0000245 seconds
2016-08-29T18:15:56.330+0800: 19316.178: Total time for which application threads were stopped: 0.0001238 seconds, Stopping threads took: 0.0000292 seconds
2016-08-29T18:15:56.334+0800: 19316.183: Total time for which application threads were stopped: 0.0000922 seconds, Stopping threads took: 0.0000180 seconds
2016-08-29T18:15:56.352+0800: 19316.200: Total time for which application threads were stopped: 0.0000976 seconds, Stopping threads took: 0.0000191 seconds
2016-08-29T18:15:56.357+0800: 19316.205: Total time for which application threads were stopped: 0.0000897 seconds, Stopping threads took: 0.0000238 seconds
2016-08-29T18:15:56.357+0800: 19316.205: Total time for which application threads were stopped: 0.0000920 seconds, Stopping threads took: 0.0000361 seconds
2016-08-29T18:15:56.362+0800: 19316.210: Total time for which application threads were stopped: 0.0001524 seconds, Stopping threads took: 0.0000472 seconds
2016-08-29T18:15:56.362+0800: 19316.211: Total time for which application threads were stopped: 0.0001134 seconds, Stopping threads took: 0.0000333 seconds
2016-08-29T18:15:56.368+0800: 19316.216: Total time for which application threads were stopped: 0.0001017 seconds, Stopping threads took: 0.0000184 seconds
2016-08-29T18:16:56.366+0800: 19376.216: Total time for which application threads were stopped: 0.0001358 seconds, Stopping threads took: 0.0000310 seconds
2016-08-29T18:17:15.485+0800: 19395.335: Total time for which application threads were stopped: 0.0001010 seconds, Stopping threads took: 0.0000194 seconds
2016-08-29T18:17:15.487+0800: 19395.338: Total time for which application threads were stopped: 0.0000922 seconds, Stopping threads took: 0.0000166 seconds
2016-08-29T18:17:16.492+0800: 19396.343: Total time for which application threads were stopped: 0.0002711 seconds, Stopping threads took: 0.0000766 seconds
2016-08-29T18:17:18.518+0800: 19398.368: Total time for which application threads were stopped: 0.0001019 seconds, Stopping threads took: 0.0000247 seconds
2016-08-29T18:25:58.873+0800: 19918.738: Total time for which application threads were stopped: 0.0000990 seconds, Stopping threads took: 0.0000187 seconds
2016-08-29T18:25:58.876+0800: 19918.741: Total time for which application threads were stopped: 0.0000544 seconds, Stopping threads took: 0.0000099 seconds
2016-08-29T18:25:59.879+0800: 19919.745: Total time for which application threads were stopped: 0.0001352 seconds, Stopping threads took: 0.0000351 seconds
2016-08-29T18:26:02.220+0800: 19922.085: Total time for which application threads were stopped: 0.0000929 seconds, Stopping threads took: 0.0000166 seconds
2016-08-29T18:26:02.222+0800: 19922.087: Total time for which application threads were stopped: 0.0000583 seconds, Stopping threads took: 0.0000109 seconds
2016-08-29T18:26:02.225+0800: 19922.090: Total time for which application threads were stopped: 0.0000639 seconds, Stopping threads took: 0.0000110 seconds
2016-08-29T18:26:02.247+0800: 19922.112: Total time for which application threads were stopped: 0.0001173 seconds, Stopping threads took: 0.0000158 seconds
2016-08-29T18:26:02.253+0800: 19922.118: Total time for which application threads were stopped: 0.0001641 seconds, Stopping threads took: 0.0000500 seconds
2016-08-29T18:26:02.253+0800: 19922.118: Total time for which application threads were stopped: 0.0000659 seconds, Stopping threads took: 0.0000198 seconds
2016-08-29T18:26:02.258+0800: 19922.123: Total time for which application threads were stopped: 0.0001430 seconds, Stopping threads took: 0.0000489 seconds
2016-08-29T18:26:02.258+0800: 19922.123: Total time for which application threads were stopped: 0.0000645 seconds, Stopping threads took: 0.0000233 seconds
2016-08-29T18:26:02.263+0800: 19922.128: Total time for which application threads were stopped: 0.0000973 seconds, Stopping threads took: 0.0000181 seconds
2016-08-29T18:26:03.266+0800: 19923.131: Total time for which application threads were stopped: 0.0002403 seconds, Stopping threads took: 0.0000587 seconds
2016-08-29T18:26:04.932+0800: 19924.797: Total time for which application threads were stopped: 0.0001029 seconds, Stopping threads took: 0.0000206 seconds
2016-08-29T18:26:04.935+0800: 19924.800: Total time for which application threads were stopped: 0.0000732 seconds, Stopping threads took: 0.0000206 seconds
2016-08-29T18:27:02.258+0800: 19982.125: Total time for which application threads were stopped: 0.0001393 seconds, Stopping threads took: 0.0000289 seconds
2016-08-29T18:27:21.515+0800: 20001.383: Total time for which application threads were stopped: 0.0001037 seconds, Stopping threads took: 0.0000195 seconds
2016-08-29T18:27:21.517+0800: 20001.385: Total time for which application threads were stopped: 0.0001151 seconds, Stopping threads took: 0.0000098 seconds
2016-08-29T18:27:21.523+0800: 20001.390: Total time for which application threads were stopped: 0.0001115 seconds, Stopping threads took: 0.0000275 seconds
2016-08-29T18:27:21.544+0800: 20001.412: Total time for which application threads were stopped: 0.0001078 seconds, Stopping threads took: 0.0000267 seconds
2016-08-29T18:27:22.545+0800: 20002.412: Total time for which application threads were stopped: 0.0001401 seconds, Stopping threads took: 0.0000294 seconds
2016-08-29T18:27:26.097+0800: 20005.964: Total time for which application threads were stopped: 0.0000953 seconds, Stopping threads took: 0.0000186 seconds
2016-08-29T18:27:26.099+0800: 20005.966: Total time for which application threads were stopped: 0.0000741 seconds, Stopping threads took: 0.0000147 seconds
2016-08-29T18:27:26.105+0800: 20005.973: Total time for which application threads were stopped: 0.0001161 seconds, Stopping threads took: 0.0000185 seconds
{Heap before GC invocations=11 (full 1):
 par new generation   total 109248K, used 99732K [0x00000007a0000000, 0x00000007a8000000, 0x00000007a8000000)
  eden space 87424K, 100% used [0x00000007a0000000, 0x00000007a5560000, 0x00000007a5560000)
  from space 21824K,  56% used [0x00000007a6ab0000, 0x00000007a76b5350, 0x00000007a8000000)
  to   space 21824K,   0% used [0x00000007a5560000, 0x00000007a5560000, 0x00000007a6ab0000)
 concurrent mark-sweep generation total 393216K, used 15113K [0x00000007a8000000, 0x00000007c0000000, 0x00000007c0000000)
 Metaspace       used 31766K, capacity 32128K, committed 32508K, reserved 1077248K
  class space    used 3640K, capacity 3723K, committed 3836K, reserved 1048576K
2016-08-29T18:27:26.107+0800: 20005.975: [GC (Allocation Failure) 2016-08-29T18:27:26.107+0800: 20005.975: [ParNew
Desired survivor size 20112992 bytes, new threshold 8 (max 8)
- age   1:     325600 bytes,     325600 total
- age   2:       8912 bytes,     334512 total
- age   3:      12144 bytes,     346656 total
- age   4:       5344 bytes,     352000 total
- age   5:      23712 bytes,     375712 total
- age   6:    1450920 bytes,    1826632 total
- age   7:   10219608 bytes,   12046240 total
- age   8:        736 bytes,   12046976 total
: 99732K->17359K(109248K), 0.0074316 secs] 114846K->33522K(502464K), 0.0074719 secs] [Times: user=0.02 sys=0.00, real=0.01 secs] 
Heap after GC invocations=12 (full 1):
 par new generation   total 109248K, used 17359K [0x00000007a0000000, 0x00000007a8000000, 0x00000007a8000000)
  eden space 87424K,   0% used [0x00000007a0000000, 0x00000007a0000000, 0x00000007a5560000)
  from space 21824K,  79% used [0x00000007a5560000, 0x00000007a6653dd0, 0x00000007a6ab0000)
  to   space 21824K,   0% used [0x00000007a6ab0000, 0x00000007a6ab0000, 0x00000007a8000000)
 concurrent mark-sweep generation total 393216K, used 16163K [0x00000007a8000000, 0x00000007c0000000, 0x00000007c0000000)
 Metaspace       used 31766K, capacity 32128K, committed 32508K, reserved 1077248K
  class space    used 3640K, capacity 3723K, committed 3836K, reserved 1048576K
}
2016-08-29T18:27:26.115+0800: 20005.982: Total time for which application threads were stopped: 0.0076048 seconds, Stopping threads took: 0.0000212 seconds
2016-08-29T18:27:26.134+0800: 20006.002: Total time for which application threads were stopped: 0.0001209 seconds, Stopping threads took: 0.0000190 seconds
2016-08-29T18:27:28.973+0800: 20008.840: Total time for which application threads were stopped: 0.0000974 seconds, Stopping threads took: 0.0000186 seconds
2016-08-29T18:27:28.975+0800: 20008.843: Total time for which application threads were stopped: 0.0000830 seconds, Stopping threads took: 0.0000143 seconds
2016-08-29T18:28:39.327+0800: 20079.196: Total time for which application threads were stopped: 0.0000962 seconds, Stopping threads took: 0.0000177 seconds
2016-08-29T18:28:39.329+0800: 20079.198: Total time for which application threads were stopped: 0.0000514 seconds, Stopping threads took: 0.0000093 seconds
2016-08-29T18:28:39.334+0800: 20079.204: Total time for which application threads were stopped: 0.0000967 seconds, Stopping threads took: 0.0000179 seconds
2016-08-29T18:28:39.355+0800: 20079.224: Total time for which application threads were stopped: 0.0001642 seconds, Stopping threads took: 0.0000771 seconds
2016-08-29T18:28:44.553+0800: 20084.422: Total time for which application threads were stopped: 0.0001088 seconds, Stopping threads took: 0.0000248 seconds
2016-08-29T18:28:44.555+0800: 20084.425: Total time for which application threads were stopped: 0.0000935 seconds, Stopping threads took: 0.0000228 seconds
2016-08-29T18:28:44.561+0800: 20084.431: Total time for which application threads were stopped: 0.0001033 seconds, Stopping threads took: 0.0000282 seconds
2016-08-29T18:28:44.582+0800: 20084.451: Total time for which application threads were stopped: 0.0001134 seconds, Stopping threads took: 0.0000223 seconds
2016-08-29T18:28:45.867+0800: 20085.736: Total time for which application threads were stopped: 0.0001038 seconds, Stopping threads took: 0.0000189 seconds
2016-08-29T18:28:45.870+0800: 20085.739: Total time for which application threads were stopped: 0.0001024 seconds, Stopping threads took: 0.0000233 seconds
2016-08-29T18:35:50.201+0800: 20510.069: Total time for which application threads were stopped: 0.0000939 seconds, Stopping threads took: 0.0000170 seconds
2016-08-29T18:35:50.203+0800: 20510.071: Total time for which application threads were stopped: 0.0000781 seconds, Stopping threads took: 0.0000134 seconds
2016-08-29T18:35:50.210+0800: 20510.078: Total time for which application threads were stopped: 0.0001053 seconds, Stopping threads took: 0.0000202 seconds
2016-08-29T18:35:50.230+0800: 20510.098: Total time for which application threads were stopped: 0.0001046 seconds, Stopping threads took: 0.0000181 seconds
2016-08-29T18:35:51.236+0800: 20511.103: Total time for which application threads were stopped: 0.0002370 seconds, Stopping threads took: 0.0000570 seconds
2016-08-30T11:48:19.516+0800: 32629.408: Total time for which application threads were stopped: 0.0036482 seconds, Stopping threads took: 0.0005911 seconds
2016-08-30T11:48:49.592+0800: 32659.485: Total time for which application threads were stopped: 0.0001480 seconds, Stopping threads took: 0.0000393 seconds
2016-08-30T13:12:07.065+0800: 35673.488: Total time for which application threads were stopped: 0.0003092 seconds, Stopping threads took: 0.0000352 seconds
2016-08-30T13:12:07.116+0800: 35673.539: Total time for which application threads were stopped: 0.0001341 seconds, Stopping threads took: 0.0000175 seconds
2016-08-30T13:12:07.124+0800: 35673.547: Total time for which application threads were stopped: 0.0001101 seconds, Stopping threads took: 0.0000343 seconds
2016-08-30T13:12:07.139+0800: 35673.563: Total time for which application threads were stopped: 0.0002024 seconds, Stopping threads took: 0.0000279 seconds
2016-08-30T13:12:07.144+0800: 35673.567: Total time for which application threads were stopped: 0.0000939 seconds, Stopping threads took: 0.0000155 seconds
2016-08-30T13:12:07.149+0800: 35673.572: Total time for which application threads were stopped: 0.0001614 seconds, Stopping threads took: 0.0000859 seconds
2016-08-30T13:12:07.149+0800: 35673.573: Total time for which application threads were stopped: 0.0001254 seconds, Stopping threads took: 0.0000926 seconds
2016-08-30T13:12:07.150+0800: 35673.573: Total time for which application threads were stopped: 0.0000561 seconds, Stopping threads took: 0.0000196 seconds
2016-08-30T13:12:07.150+0800: 35673.573: Total time for which application threads were stopped: 0.0000445 seconds, Stopping threads took: 0.0000083 seconds
2016-08-30T13:12:07.150+0800: 35673.573: Total time for which application threads were stopped: 0.0004304 seconds, Stopping threads took: 0.0000149 seconds
2016-08-30T13:12:07.157+0800: 35673.581: Total time for which application threads were stopped: 0.0000878 seconds, Stopping threads took: 0.0000268 seconds
2016-08-30T13:12:07.158+0800: 35673.581: Total time for which application threads were stopped: 0.0000517 seconds, Stopping threads took: 0.0000092 seconds
2016-08-30T13:12:07.163+0800: 35673.586: Total time for which application threads were stopped: 0.0001368 seconds, Stopping threads took: 0.0000319 seconds
2016-08-30T13:12:07.163+0800: 35673.586: Total time for which application threads were stopped: 0.0001104 seconds, Stopping threads took: 0.0000348 seconds
2016-08-30T13:12:07.169+0800: 35673.592: Total time for which application threads were stopped: 0.0001951 seconds, Stopping threads took: 0.0000276 seconds
2016-08-30T13:12:07.191+0800: 35673.615: Total time for which application threads were stopped: 0.0001221 seconds, Stopping threads took: 0.0000301 seconds
2016-08-30T13:12:07.196+0800: 35673.619: Total time for which application threads were stopped: 0.0001224 seconds, Stopping threads took: 0.0000307 seconds
2016-08-30T13:12:07.200+0800: 35673.624: Total time for which application threads were stopped: 0.0001029 seconds, Stopping threads took: 0.0000310 seconds
2016-08-30T13:12:07.249+0800: 35673.672: Total time for which application threads were stopped: 0.0001115 seconds, Stopping threads took: 0.0000204 seconds
2016-08-30T13:12:07.257+0800: 35673.680: Total time for which application threads were stopped: 0.0001211 seconds, Stopping threads took: 0.0000154 seconds
2016-08-30T13:12:07.327+0800: 35673.750: Total time for which application threads were stopped: 0.0001742 seconds, Stopping threads took: 0.0000175 seconds
2016-08-30T13:13:07.165+0800: 35733.590: Total time for which application threads were stopped: 0.0001269 seconds, Stopping threads took: 0.0000262 seconds
2016-08-30T16:20:08.458+0800: 46955.123: Total time for which application threads were stopped: 0.0001031 seconds, Stopping threads took: 0.0000292 seconds
2016-08-30T16:20:08.462+0800: 46955.127: Total time for which application threads were stopped: 0.0000652 seconds, Stopping threads took: 0.0000114 seconds
2016-08-30T16:20:08.505+0800: 46955.170: Total time for which application threads were stopped: 0.0001191 seconds, Stopping threads took: 0.0000185 seconds
2016-08-30T16:20:08.511+0800: 46955.175: Total time for which application threads were stopped: 0.0000886 seconds, Stopping threads took: 0.0000145 seconds
2016-08-30T16:20:08.514+0800: 46955.179: Total time for which application threads were stopped: 0.0000753 seconds, Stopping threads took: 0.0000122 seconds
2016-08-30T16:20:08.529+0800: 46955.194: Total time for which application threads were stopped: 0.0000689 seconds, Stopping threads took: 0.0000127 seconds
2016-08-30T23:24:56.302+0800: 61975.876: Total time for which application threads were stopped: 0.0001741 seconds, Stopping threads took: 0.0000689 seconds
2016-08-31T11:38:29.424+0800: 74324.533: Total time for which application threads were stopped: 0.0030939 seconds, Stopping threads took: 0.0003077 seconds
2016-08-31T11:38:29.449+0800: 74324.558: Total time for which application threads were stopped: 0.0001218 seconds, Stopping threads took: 0.0000149 seconds
2016-08-31T16:35:25.094+0800: 85013.752: Total time for which application threads were stopped: 0.0002075 seconds, Stopping threads took: 0.0000380 seconds
2016-08-31T16:35:25.154+0800: 85013.812: Total time for which application threads were stopped: 0.0001114 seconds, Stopping threads took: 0.0000267 seconds
2016-08-31T16:35:25.158+0800: 85013.816: Total time for which application threads were stopped: 0.0000850 seconds, Stopping threads took: 0.0000119 seconds
2016-08-31T16:35:25.187+0800: 85013.845: Total time for which application threads were stopped: 0.0000906 seconds, Stopping threads took: 0.0000160 seconds
2016-08-31T16:35:25.193+0800: 85013.851: Total time for which application threads were stopped: 0.0000951 seconds, Stopping threads took: 0.0000345 seconds
2016-08-31T16:35:25.216+0800: 85013.875: Total time for which application threads were stopped: 0.0001702 seconds, Stopping threads took: 0.0001068 seconds
2016-08-31T16:35:25.220+0800: 85013.879: Total time for which application threads were stopped: 0.0004346 seconds, Stopping threads took: 0.0003745 seconds
2016-08-31T16:35:25.225+0800: 85013.883: Total time for which application threads were stopped: 0.0001102 seconds, Stopping threads took: 0.0000276 seconds
2016-08-31T16:35:25.287+0800: 85013.946: Total time for which application threads were stopped: 0.0001281 seconds, Stopping threads took: 0.0000298 seconds
2016-08-31T16:35:25.296+0800: 85013.954: Total time for which application threads were stopped: 0.0000871 seconds, Stopping threads took: 0.0000250 seconds
2016-08-31T16:35:25.300+0800: 85013.959: Total time for which application threads were stopped: 0.0000876 seconds, Stopping threads took: 0.0000111 seconds
2016-08-31T16:35:26.303+0800: 85014.961: Total time for which application threads were stopped: 0.0001583 seconds, Stopping threads took: 0.0000258 seconds
2016-08-31T16:58:59.333+0800: 86428.022: Total time for which application threads were stopped: 0.0002232 seconds, Stopping threads took: 0.0000537 seconds
2016-09-01T14:18:17.836+0800: 115058.948: Total time for which application threads were stopped: 0.0017999 seconds, Stopping threads took: 0.0002346 seconds
2016-09-01T14:18:17.870+0800: 115058.982: Total time for which application threads were stopped: 0.0030462 seconds, Stopping threads took: 0.0008276 seconds
2016-09-01T14:18:17.957+0800: 115059.069: Total time for which application threads were stopped: 0.0001152 seconds, Stopping threads took: 0.0000198 seconds
2016-09-01T14:18:17.962+0800: 115059.074: Total time for which application threads were stopped: 0.0000734 seconds, Stopping threads took: 0.0000201 seconds
2016-09-01T14:18:17.967+0800: 115059.079: Total time for which application threads were stopped: 0.0000638 seconds, Stopping threads took: 0.0000116 seconds
2016-09-01T14:18:17.984+0800: 115059.096: Total time for which application threads were stopped: 0.0000987 seconds, Stopping threads took: 0.0000140 seconds
2016-09-01T14:51:29.939+0800: 117051.098: Total time for which application threads were stopped: 0.0001022 seconds, Stopping threads took: 0.0000177 seconds
2016-09-01T14:51:30.165+0800: 117051.324: Total time for which application threads were stopped: 0.0001142 seconds, Stopping threads took: 0.0000185 seconds
2016-09-01T14:51:31.168+0800: 117052.327: Total time for which application threads were stopped: 0.0001149 seconds, Stopping threads took: 0.0000260 seconds
2016-09-01T14:52:18.317+0800: 117099.479: Total time for which application threads were stopped: 0.0022215 seconds, Stopping threads took: 0.0000528 seconds
2016-09-01T14:53:07.449+0800: 117148.611: Total time for which application threads were stopped: 0.0001398 seconds, Stopping threads took: 0.0000328 seconds
2016-09-01T14:53:12.462+0800: 117153.624: Total time for which application threads were stopped: 0.0001302 seconds, Stopping threads took: 0.0000277 seconds
2016-09-01T14:53:39.209+0800: 117180.371: Total time for which application threads were stopped: 0.0000904 seconds, Stopping threads took: 0.0000157 seconds
2016-09-01T14:53:39.211+0800: 117180.373: Total time for which application threads were stopped: 0.0012383 seconds, Stopping threads took: 0.0010645 seconds
2016-09-01T14:53:40.213+0800: 117181.374: Total time for which application threads were stopped: 0.0001403 seconds, Stopping threads took: 0.0000327 seconds
2016-09-01T14:53:55.109+0800: 117196.271: Total time for which application threads were stopped: 0.0007546 seconds, Stopping threads took: 0.0006460 seconds
2016-09-01T14:53:55.122+0800: 117196.284: Total time for which application threads were stopped: 0.0000705 seconds, Stopping threads took: 0.0000136 seconds
2016-09-01T14:54:00.111+0800: 117201.273: Total time for which application threads were stopped: 0.0001291 seconds, Stopping threads took: 0.0000289 seconds
2016-09-01T15:33:02.651+0800: 119543.867: Total time for which application threads were stopped: 0.0001210 seconds, Stopping threads took: 0.0000394 seconds
2016-09-01T21:25:10.124+0800: 127728.667: Total time for which application threads were stopped: 0.0035936 seconds, Stopping threads took: 0.0006106 seconds
2016-09-02T10:59:42.183+0800: 144137.076: Total time for which application threads were stopped: 0.0011036 seconds, Stopping threads took: 0.0002795 seconds
2016-09-02T10:59:42.239+0800: 144137.133: Total time for which application threads were stopped: 0.0006656 seconds, Stopping threads took: 0.0004581 seconds
2016-09-02T10:59:42.247+0800: 144137.140: Total time for which application threads were stopped: 0.0008240 seconds, Stopping threads took: 0.0000221 seconds
2016-09-02T10:59:42.254+0800: 144137.148: Total time for which application threads were stopped: 0.0001110 seconds, Stopping threads took: 0.0000277 seconds
2016-09-02T10:59:42.257+0800: 144137.151: Total time for which application threads were stopped: 0.0001511 seconds, Stopping threads took: 0.0000177 seconds
2016-09-02T10:59:42.304+0800: 144137.197: Total time for which application threads were stopped: 0.0001084 seconds, Stopping threads took: 0.0000187 seconds
2016-09-02T10:59:42.311+0800: 144137.205: Total time for which application threads were stopped: 0.0001004 seconds, Stopping threads took: 0.0000159 seconds
2016-09-02T10:59:42.334+0800: 144137.228: Total time for which application threads were stopped: 0.0001100 seconds, Stopping threads took: 0.0000190 seconds
2016-09-02T10:59:42.340+0800: 144137.233: Total time for which application threads were stopped: 0.0000938 seconds, Stopping threads took: 0.0000167 seconds
2016-09-02T10:59:42.345+0800: 144137.239: Total time for which application threads were stopped: 0.0001354 seconds, Stopping threads took: 0.0000209 seconds
2016-09-02T10:59:42.421+0800: 144137.314: Total time for which application threads were stopped: 0.0001027 seconds, Stopping threads took: 0.0000178 seconds
2016-09-02T10:59:42.431+0800: 144137.324: Total time for which application threads were stopped: 0.0001260 seconds, Stopping threads took: 0.0000502 seconds
2016-09-02T10:59:42.436+0800: 144137.330: Total time for which application threads were stopped: 0.0002299 seconds, Stopping threads took: 0.0001008 seconds
2016-09-02T10:59:43.440+0800: 144138.334: Total time for which application threads were stopped: 0.0002543 seconds, Stopping threads took: 0.0000532 seconds
2016-09-02T12:45:54.297+0800: 148145.684: Total time for which application threads were stopped: 0.0001248 seconds, Stopping threads took: 0.0000310 seconds
2016-09-02T12:45:55.301+0800: 148146.688: Total time for which application threads were stopped: 0.0021629 seconds, Stopping threads took: 0.0000381 seconds
2016-09-02T12:46:06.381+0800: 148157.768: Total time for which application threads were stopped: 0.0001227 seconds, Stopping threads took: 0.0000327 seconds
2016-09-02T12:46:41.476+0800: 148192.864: Total time for which application threads were stopped: 0.0002371 seconds, Stopping threads took: 0.0000362 seconds
2016-09-02T12:47:03.543+0800: 148214.932: Total time for which application threads were stopped: 0.0001124 seconds, Stopping threads took: 0.0000236 seconds
{Heap before GC invocations=12 (full 1):
 par new generation   total 109248K, used 104783K [0x00000007a0000000, 0x00000007a8000000, 0x00000007a8000000)
  eden space 87424K, 100% used [0x00000007a0000000, 0x00000007a5560000, 0x00000007a5560000)
  from space 21824K,  79% used [0x00000007a5560000, 0x00000007a6653dd0, 0x00000007a6ab0000)
  to   space 21824K,   0% used [0x00000007a6ab0000, 0x00000007a6ab0000, 0x00000007a8000000)
 concurrent mark-sweep generation total 393216K, used 16163K [0x00000007a8000000, 0x00000007c0000000, 0x00000007c0000000)
 Metaspace       used 32052K, capacity 32428K, committed 32764K, reserved 1079296K
  class space    used 3642K, capacity 3757K, committed 3836K, reserved 1048576K
2016-09-02T12:47:48.639+0800: 148260.029: [GC (Allocation Failure) 2016-09-02T12:47:48.639+0800: 148260.029: [ParNew
Desired survivor size 20112992 bytes, new threshold 8 (max 8)
- age   1:     345800 bytes,     345800 total
- age   2:     130496 bytes,     476296 total
- age   3:       8472 bytes,     484768 total
- age   4:      11696 bytes,     496464 total
- age   5:       5056 bytes,     501520 total
- age   6:      22752 bytes,     524272 total
- age   7:    1439632 bytes,    1963904 total
- age   8:    7982144 bytes,    9946048 total
: 104783K->11710K(109248K), 0.0403081 secs] 120946K->27874K(502464K), 0.0404069 secs] [Times: user=0.03 sys=0.07, real=0.04 secs] 
Heap after GC invocations=13 (full 1):
 par new generation   total 109248K, used 11710K [0x00000007a0000000, 0x00000007a8000000, 0x00000007a8000000)
  eden space 87424K,   0% used [0x00000007a0000000, 0x00000007a0000000, 0x00000007a5560000)
  from space 21824K,  53% used [0x00000007a6ab0000, 0x00000007a761f940, 0x00000007a8000000)
  to   space 21824K,   0% used [0x00000007a5560000, 0x00000007a5560000, 0x00000007a6ab0000)
 concurrent mark-sweep generation total 393216K, used 16163K [0x00000007a8000000, 0x00000007c0000000, 0x00000007c0000000)
 Metaspace       used 32052K, capacity 32428K, committed 32764K, reserved 1079296K
  class space    used 3642K, capacity 3757K, committed 3836K, reserved 1048576K
}
2016-09-02T12:47:48.679+0800: 148260.069: Total time for which application threads were stopped: 0.0413521 seconds, Stopping threads took: 0.0000173 seconds
2016-09-02T12:48:34.825+0800: 148306.216: Total time for which application threads were stopped: 0.0002333 seconds, Stopping threads took: 0.0000567 seconds
2016-09-02T12:48:38.836+0800: 148310.227: Total time for which application threads were stopped: 0.0002392 seconds, Stopping threads took: 0.0000529 seconds
2016-09-02T16:16:46.772+0800: 152871.927: Total time for which application threads were stopped: 0.0001137 seconds, Stopping threads took: 0.0000296 seconds
2016-09-02T16:16:46.776+0800: 152871.931: Total time for which application threads were stopped: 0.0000703 seconds, Stopping threads took: 0.0000139 seconds
2016-09-02T16:16:46.821+0800: 152871.976: Total time for which application threads were stopped: 0.0001075 seconds, Stopping threads took: 0.0000178 seconds
2016-09-02T16:16:46.828+0800: 152871.984: Total time for which application threads were stopped: 0.0000835 seconds, Stopping threads took: 0.0000132 seconds
2016-09-02T16:16:46.833+0800: 152871.988: Total time for which application threads were stopped: 0.0000940 seconds, Stopping threads took: 0.0000149 seconds
2016-09-02T16:16:46.848+0800: 152872.004: Total time for which application threads were stopped: 0.0000679 seconds, Stopping threads took: 0.0000116 seconds
2016-09-02T17:10:35.518+0800: 156100.771: Total time for which application threads were stopped: 0.0001963 seconds, Stopping threads took: 0.0000217 seconds
2016-09-02T17:10:36.521+0800: 156101.773: Total time for which application threads were stopped: 0.0002515 seconds, Stopping threads took: 0.0000573 seconds
2016-09-02T17:10:53.606+0800: 156118.859: Total time for which application threads were stopped: 0.0000988 seconds, Stopping threads took: 0.0000198 seconds
2016-09-02T17:10:53.606+0800: 156118.859: Total time for which application threads were stopped: 0.0000356 seconds, Stopping threads took: 0.0000063 seconds
2016-09-02T17:14:41.911+0800: 156347.172: Total time for which application threads were stopped: 0.0001251 seconds, Stopping threads took: 0.0000206 seconds
2016-09-02T17:14:42.913+0800: 156348.173: Total time for which application threads were stopped: 0.0001146 seconds, Stopping threads took: 0.0000261 seconds
2016-09-06T10:23:09.589+0800: 330889.829: Total time for which application threads were stopped: 0.0072359 seconds, Stopping threads took: 0.0004920 seconds
2016-09-06T10:23:09.664+0800: 330889.904: Total time for which application threads were stopped: 0.0002222 seconds, Stopping threads took: 0.0000220 seconds
2016-09-06T10:23:09.684+0800: 330889.924: Total time for which application threads were stopped: 0.0005725 seconds, Stopping threads took: 0.0003988 seconds
2016-09-06T10:23:09.715+0800: 330889.955: Total time for which application threads were stopped: 0.0001272 seconds, Stopping threads took: 0.0000161 seconds
2016-09-06T10:23:09.724+0800: 330889.964: Total time for which application threads were stopped: 0.0010657 seconds, Stopping threads took: 0.0009825 seconds
2016-09-06T10:23:09.753+0800: 330889.993: Total time for which application threads were stopped: 0.0012497 seconds, Stopping threads took: 0.0011336 seconds
2016-09-06T10:23:09.764+0800: 330890.004: Total time for which application threads were stopped: 0.0007104 seconds, Stopping threads took: 0.0006078 seconds
2016-09-06T10:23:09.774+0800: 330890.014: Total time for which application threads were stopped: 0.0006834 seconds, Stopping threads took: 0.0005819 seconds
2016-09-06T10:23:09.844+0800: 330890.084: Total time for which application threads were stopped: 0.0001100 seconds, Stopping threads took: 0.0000265 seconds
2016-09-06T10:23:09.861+0800: 330890.101: Total time for which application threads were stopped: 0.0005975 seconds, Stopping threads took: 0.0004953 seconds
2016-09-06T10:23:09.871+0800: 330890.111: Total time for which application threads were stopped: 0.0002677 seconds, Stopping threads took: 0.0000219 seconds
2016-09-06T10:23:10.050+0800: 330890.289: Total time for which application threads were stopped: 0.0002132 seconds, Stopping threads took: 0.0000356 seconds
2016-09-06T10:23:11.054+0800: 330891.293: Total time for which application threads were stopped: 0.0001934 seconds, Stopping threads took: 0.0000623 seconds
2016-09-06T14:25:35.753+0800: 344339.825: Total time for which application threads were stopped: 0.0001530 seconds, Stopping threads took: 0.0000680 seconds
2016-09-06T14:25:35.760+0800: 344339.831: Total time for which application threads were stopped: 0.0001251 seconds, Stopping threads took: 0.0000381 seconds
2016-09-06T14:25:35.803+0800: 344339.874: Total time for which application threads were stopped: 0.0002726 seconds, Stopping threads took: 0.0000547 seconds
2016-09-06T14:25:35.809+0800: 344339.880: Total time for which application threads were stopped: 0.0000685 seconds, Stopping threads took: 0.0000110 seconds
2016-09-06T14:25:35.812+0800: 344339.883: Total time for which application threads were stopped: 0.0000641 seconds, Stopping threads took: 0.0000111 seconds
2016-09-06T14:25:35.826+0800: 344339.897: Total time for which application threads were stopped: 0.0000632 seconds, Stopping threads took: 0.0000105 seconds
2016-09-06T15:18:20.948+0800: 347505.160: Total time for which application threads were stopped: 0.0001420 seconds, Stopping threads took: 0.0000549 seconds
2016-09-06T15:18:21.953+0800: 347506.165: Total time for which application threads were stopped: 0.0001887 seconds, Stopping threads took: 0.0000658 seconds
2016-09-06T15:18:33.988+0800: 347518.201: Total time for which application threads were stopped: 0.0001404 seconds, Stopping threads took: 0.0000283 seconds
2016-09-06T15:18:44.024+0800: 347528.238: Total time for which application threads were stopped: 0.0001250 seconds, Stopping threads took: 0.0000270 seconds
2016-09-06T15:18:49.040+0800: 347533.253: Total time for which application threads were stopped: 0.0001953 seconds, Stopping threads took: 0.0000311 seconds
2016-09-06T15:19:34.181+0800: 347578.397: Total time for which application threads were stopped: 0.0001296 seconds, Stopping threads took: 0.0000302 seconds
2016-09-06T15:22:16.948+0800: 347741.171: Total time for which application threads were stopped: 0.0001742 seconds, Stopping threads took: 0.0000199 seconds
2016-09-06T15:49:17.273+0800: 349361.568: Total time for which application threads were stopped: 0.0001970 seconds, Stopping threads took: 0.0000208 seconds
2016-09-06T15:49:18.277+0800: 349362.572: Total time for which application threads were stopped: 0.0002264 seconds, Stopping threads took: 0.0000551 seconds
2016-09-06T15:50:49.080+0800: 349453.379: Total time for which application threads were stopped: 0.0001174 seconds, Stopping threads took: 0.0000255 seconds
2016-09-06T15:50:50.083+0800: 349454.382: Total time for which application threads were stopped: 0.0001394 seconds, Stopping threads took: 0.0000334 seconds
2016-09-06T15:51:51.554+0800: 349515.856: Total time for which application threads were stopped: 0.0001035 seconds, Stopping threads took: 0.0000197 seconds
2016-09-06T15:51:52.555+0800: 349516.857: Total time for which application threads were stopped: 0.0001159 seconds, Stopping threads took: 0.0000290 seconds
2016-09-06T15:53:36.523+0800: 349620.830: Total time for which application threads were stopped: 0.0001307 seconds, Stopping threads took: 0.0000198 seconds
2016-09-06T15:59:29.101+0800: 349973.423: Total time for which application threads were stopped: 0.0001054 seconds, Stopping threads took: 0.0000189 seconds
2016-09-06T16:03:42.078+0800: 350226.411: Total time for which application threads were stopped: 0.0001193 seconds, Stopping threads took: 0.0000258 seconds
2016-09-06T16:03:44.482+0800: 350228.816: Total time for which application threads were stopped: 0.0001232 seconds, Stopping threads took: 0.0000396 seconds
2016-09-06T16:04:09.465+0800: 350253.800: Total time for which application threads were stopped: 0.0001179 seconds, Stopping threads took: 0.0000182 seconds
2016-09-06T16:04:16.637+0800: 350260.971: Total time for which application threads were stopped: 0.0001185 seconds, Stopping threads took: 0.0000170 seconds
2016-09-06T16:05:04.256+0800: 350308.593: Total time for which application threads were stopped: 0.0001013 seconds, Stopping threads took: 0.0000188 seconds
2016-09-06T16:06:32.436+0800: 350396.777: Total time for which application threads were stopped: 0.0001106 seconds, Stopping threads took: 0.0000193 seconds
2016-09-06T16:07:09.487+0800: 350433.830: Total time for which application threads were stopped: 0.0000975 seconds, Stopping threads took: 0.0000185 seconds
2016-09-06T16:08:41.141+0800: 350525.488: Total time for which application threads were stopped: 0.0000962 seconds, Stopping threads took: 0.0000173 seconds
2016-09-06T16:09:32.476+0800: 350576.825: Total time for which application threads were stopped: 0.0001262 seconds, Stopping threads took: 0.0000209 seconds
2016-09-06T16:11:28.965+0800: 350693.319: Total time for which application threads were stopped: 0.0001481 seconds, Stopping threads took: 0.0000243 seconds
2016-09-06T16:12:20.359+0800: 350744.715: Total time for which application threads were stopped: 0.0001237 seconds, Stopping threads took: 0.0000212 seconds
2016-09-06T16:12:21.362+0800: 350745.719: Total time for which application threads were stopped: 0.0001326 seconds, Stopping threads took: 0.0000321 seconds
2016-09-06T16:14:03.900+0800: 350848.261: Total time for which application threads were stopped: 0.0001042 seconds, Stopping threads took: 0.0000198 seconds
2016-09-06T16:14:56.939+0800: 350901.302: Total time for which application threads were stopped: 0.0001163 seconds, Stopping threads took: 0.0000187 seconds
2016-09-06T16:15:32.146+0800: 350936.511: Total time for which application threads were stopped: 0.0000917 seconds, Stopping threads took: 0.0000172 seconds
2016-09-06T16:16:05.876+0800: 350970.242: Total time for which application threads were stopped: 0.0001011 seconds, Stopping threads took: 0.0000201 seconds
2016-09-06T16:16:06.878+0800: 350971.245: Total time for which application threads were stopped: 0.0001936 seconds, Stopping threads took: 0.0000315 seconds
2016-09-06T16:16:52.315+0800: 351016.683: Total time for which application threads were stopped: 0.0001615 seconds, Stopping threads took: 0.0000180 seconds
2016-09-06T16:17:25.830+0800: 351050.200: Total time for which application threads were stopped: 0.0000963 seconds, Stopping threads took: 0.0000196 seconds
2016-09-06T16:18:39.510+0800: 351123.883: Total time for which application threads were stopped: 0.0001017 seconds, Stopping threads took: 0.0000184 seconds
2016-09-06T16:20:06.509+0800: 351210.886: Total time for which application threads were stopped: 0.0001133 seconds, Stopping threads took: 0.0000193 seconds
2016-09-06T16:20:07.509+0800: 351211.886: Total time for which application threads were stopped: 0.0001203 seconds, Stopping threads took: 0.0000289 seconds
2016-09-06T16:20:13.278+0800: 351217.656: Total time for which application threads were stopped: 0.0000976 seconds, Stopping threads took: 0.0000184 seconds
2016-09-06T16:20:55.858+0800: 351260.237: Total time for which application threads were stopped: 0.0001003 seconds, Stopping threads took: 0.0000190 seconds
2016-09-06T16:21:48.921+0800: 351313.303: Total time for which application threads were stopped: 0.0000951 seconds, Stopping threads took: 0.0000182 seconds
2016-09-06T16:27:47.826+0800: 351672.223: Total time for which application threads were stopped: 0.0000989 seconds, Stopping threads took: 0.0000181 seconds
2016-09-06T16:29:15.991+0800: 351760.393: Total time for which application threads were stopped: 0.0001034 seconds, Stopping threads took: 0.0000211 seconds
2016-09-06T16:35:30.545+0800: 352134.963: Total time for which application threads were stopped: 0.0000978 seconds, Stopping threads took: 0.0000178 seconds
2016-09-06T16:38:18.410+0800: 352302.836: Total time for which application threads were stopped: 0.0001299 seconds, Stopping threads took: 0.0000220 seconds
2016-09-06T16:39:00.530+0800: 352344.958: Total time for which application threads were stopped: 0.0000967 seconds, Stopping threads took: 0.0000179 seconds
2016-09-06T16:40:18.058+0800: 352422.490: Total time for which application threads were stopped: 0.0000995 seconds, Stopping threads took: 0.0000186 seconds
2016-09-06T16:41:32.310+0800: 352496.745: Total time for which application threads were stopped: 0.0001367 seconds, Stopping threads took: 0.0000193 seconds
2016-09-06T16:42:35.913+0800: 352560.350: Total time for which application threads were stopped: 0.0001339 seconds, Stopping threads took: 0.0000206 seconds
2016-09-06T16:42:59.195+0800: 352583.633: Total time for which application threads were stopped: 0.0001334 seconds, Stopping threads took: 0.0000195 seconds
2016-09-06T16:43:00.199+0800: 352584.637: Total time for which application threads were stopped: 0.0001583 seconds, Stopping threads took: 0.0000363 seconds
2016-09-06T16:46:32.773+0800: 352797.221: Total time for which application threads were stopped: 0.0001078 seconds, Stopping threads took: 0.0000191 seconds
2016-09-06T16:46:33.778+0800: 352798.226: Total time for which application threads were stopped: 0.0004235 seconds, Stopping threads took: 0.0001090 seconds
2016-09-06T16:47:30.847+0800: 352855.297: Total time for which application threads were stopped: 0.0000968 seconds, Stopping threads took: 0.0000180 seconds
2016-09-06T16:56:51.370+0800: 353415.845: Total time for which application threads were stopped: 0.0000978 seconds, Stopping threads took: 0.0000175 seconds
2016-09-06T16:56:52.371+0800: 353416.846: Total time for which application threads were stopped: 0.0001181 seconds, Stopping threads took: 0.0000287 seconds
2016-09-06T16:57:46.649+0800: 353471.126: Total time for which application threads were stopped: 0.0001267 seconds, Stopping threads took: 0.0000206 seconds
2016-09-06T16:58:45.860+0800: 353530.340: Total time for which application threads were stopped: 0.0001773 seconds, Stopping threads took: 0.0000195 seconds
2016-09-06T16:59:12.934+0800: 353557.415: Total time for which application threads were stopped: 0.0001642 seconds, Stopping threads took: 0.0000339 seconds
2016-09-06T16:59:13.937+0800: 353558.418: Total time for which application threads were stopped: 0.0001739 seconds, Stopping threads took: 0.0000486 seconds
2016-09-06T16:59:49.082+0800: 353593.565: Total time for which application threads were stopped: 0.0001124 seconds, Stopping threads took: 0.0000204 seconds
2016-09-06T17:01:25.591+0800: 353690.078: Total time for which application threads were stopped: 0.0001236 seconds, Stopping threads took: 0.0000201 seconds
2016-09-06T17:02:18.430+0800: 353742.920: Total time for which application threads were stopped: 0.0001008 seconds, Stopping threads took: 0.0000186 seconds
2016-09-06T17:03:02.149+0800: 353786.640: Total time for which application threads were stopped: 0.0001330 seconds, Stopping threads took: 0.0000219 seconds
2016-09-06T17:08:00.380+0800: 354084.885: Total time for which application threads were stopped: 0.0001486 seconds, Stopping threads took: 0.0000189 seconds
2016-09-07T12:09:26.258+0800: 365453.934: Total time for which application threads were stopped: 0.0037530 seconds, Stopping threads took: 0.0003462 seconds
2016-09-07T12:09:26.353+0800: 365454.028: Total time for which application threads were stopped: 0.0001621 seconds, Stopping threads took: 0.0000186 seconds
2016-09-07T12:09:26.364+0800: 365454.039: Total time for which application threads were stopped: 0.0001918 seconds, Stopping threads took: 0.0000278 seconds
2016-09-07T12:09:26.390+0800: 365454.065: Total time for which application threads were stopped: 0.0001118 seconds, Stopping threads took: 0.0000208 seconds
2016-09-07T12:09:26.396+0800: 365454.071: Total time for which application threads were stopped: 0.0003651 seconds, Stopping threads took: 0.0002146 seconds
2016-09-07T12:09:26.424+0800: 365454.099: Total time for which application threads were stopped: 0.0001068 seconds, Stopping threads took: 0.0000194 seconds
2016-09-07T12:09:26.429+0800: 365454.105: Total time for which application threads were stopped: 0.0001068 seconds, Stopping threads took: 0.0000191 seconds
2016-09-07T12:09:26.433+0800: 365454.109: Total time for which application threads were stopped: 0.0001007 seconds, Stopping threads took: 0.0000254 seconds
2016-09-07T12:09:26.488+0800: 365454.163: Total time for which application threads were stopped: 0.0007152 seconds, Stopping threads took: 0.0005809 seconds
2016-09-07T12:09:26.500+0800: 365454.176: Total time for which application threads were stopped: 0.0000916 seconds, Stopping threads took: 0.0000180 seconds
2016-09-07T12:09:26.507+0800: 365454.183: Total time for which application threads were stopped: 0.0001526 seconds, Stopping threads took: 0.0000339 seconds
2016-09-07T12:09:27.512+0800: 365455.187: Total time for which application threads were stopped: 0.0001688 seconds, Stopping threads took: 0.0000252 seconds
2016-09-07T12:11:46.214+0800: 365593.896: Total time for which application threads were stopped: 0.0001259 seconds, Stopping threads took: 0.0000233 seconds
2016-09-07T12:11:47.218+0800: 365594.900: Total time for which application threads were stopped: 0.0001115 seconds, Stopping threads took: 0.0000283 seconds
2016-09-07T12:13:18.593+0800: 365686.279: Total time for which application threads were stopped: 0.0001270 seconds, Stopping threads took: 0.0000205 seconds
2016-09-07T12:13:22.502+0800: 365690.188: Total time for which application threads were stopped: 0.0001019 seconds, Stopping threads took: 0.0000192 seconds
2016-09-07T12:14:29.016+0800: 365756.706: Total time for which application threads were stopped: 0.0003158 seconds, Stopping threads took: 0.0000200 seconds
2016-09-07T12:14:39.931+0800: 365767.621: Total time for which application threads were stopped: 0.0001197 seconds, Stopping threads took: 0.0000195 seconds
2016-09-07T12:18:13.053+0800: 365980.753: Total time for which application threads were stopped: 0.0001258 seconds, Stopping threads took: 0.0000204 seconds
2016-09-07T12:18:15.533+0800: 365983.233: Total time for which application threads were stopped: 0.0001021 seconds, Stopping threads took: 0.0000180 seconds
2016-09-07T12:19:01.249+0800: 366028.951: Total time for which application threads were stopped: 0.0000942 seconds, Stopping threads took: 0.0000158 seconds
2016-09-07T12:19:13.163+0800: 366040.865: Total time for which application threads were stopped: 0.0001276 seconds, Stopping threads took: 0.0000266 seconds
2016-09-07T12:19:35.094+0800: 366062.798: Total time for which application threads were stopped: 0.0002194 seconds, Stopping threads took: 0.0000442 seconds
2016-09-07T12:22:12.975+0800: 366220.457: Total time for which application threads were stopped: 0.0001088 seconds, Stopping threads took: 0.0000181 seconds
2016-09-07T12:22:35.675+0800: 366243.159: Total time for which application threads were stopped: 0.0000980 seconds, Stopping threads took: 0.0000181 seconds
2016-09-07T12:22:46.044+0800: 366253.528: Total time for which application threads were stopped: 0.0001036 seconds, Stopping threads took: 0.0000184 seconds
2016-09-07T12:23:06.545+0800: 366274.030: Total time for which application threads were stopped: 0.0001045 seconds, Stopping threads took: 0.0000179 seconds
2016-09-07T12:23:18.386+0800: 366285.872: Total time for which application threads were stopped: 0.0001044 seconds, Stopping threads took: 0.0000197 seconds
2016-09-07T12:23:26.307+0800: 366293.793: Total time for which application threads were stopped: 0.0000976 seconds, Stopping threads took: 0.0000188 seconds
2016-09-07T12:24:05.989+0800: 366333.477: Total time for which application threads were stopped: 0.0001088 seconds, Stopping threads took: 0.0000191 seconds
2016-09-07T12:24:13.899+0800: 366341.387: Total time for which application threads were stopped: 0.0001269 seconds, Stopping threads took: 0.0000200 seconds
2016-09-07T12:24:38.117+0800: 366365.606: Total time for which application threads were stopped: 0.0001023 seconds, Stopping threads took: 0.0000181 seconds
2016-09-07T12:24:47.305+0800: 366374.796: Total time for which application threads were stopped: 0.0001218 seconds, Stopping threads took: 0.0000196 seconds
2016-09-07T12:25:14.237+0800: 366401.728: Total time for which application threads were stopped: 0.0001099 seconds, Stopping threads took: 0.0000202 seconds
2016-09-07T12:25:22.227+0800: 366409.719: Total time for which application threads were stopped: 0.0001274 seconds, Stopping threads took: 0.0000234 seconds
2016-09-07T12:26:09.536+0800: 366457.030: Total time for which application threads were stopped: 0.0001037 seconds, Stopping threads took: 0.0000180 seconds
2016-09-07T12:26:21.472+0800: 366468.966: Total time for which application threads were stopped: 0.0001205 seconds, Stopping threads took: 0.0000196 seconds
2016-09-07T12:27:01.206+0800: 366508.703: Total time for which application threads were stopped: 0.0002275 seconds, Stopping threads took: 0.0000218 seconds
2016-09-07T12:41:43.677+0800: 367391.218: Total time for which application threads were stopped: 0.0001064 seconds, Stopping threads took: 0.0000198 seconds
2016-09-07T12:42:04.248+0800: 367411.790: Total time for which application threads were stopped: 0.0001102 seconds, Stopping threads took: 0.0000195 seconds
2016-09-07T12:42:05.250+0800: 367412.791: Total time for which application threads were stopped: 0.0001831 seconds, Stopping threads took: 0.0000476 seconds
2016-09-07T12:42:27.967+0800: 367435.510: Total time for which application threads were stopped: 0.0001088 seconds, Stopping threads took: 0.0000220 seconds
2016-09-07T12:42:31.150+0800: 367438.693: Total time for which application threads were stopped: 0.0001062 seconds, Stopping threads took: 0.0000190 seconds
2016-09-07T12:43:01.972+0800: 367469.516: Total time for which application threads were stopped: 0.0001124 seconds, Stopping threads took: 0.0000292 seconds
2016-09-07T12:43:19.937+0800: 367487.483: Total time for which application threads were stopped: 0.0001126 seconds, Stopping threads took: 0.0000222 seconds
2016-09-07T12:43:43.685+0800: 367511.231: Total time for which application threads were stopped: 0.0001053 seconds, Stopping threads took: 0.0000194 seconds
2016-09-07T12:43:54.505+0800: 367522.052: Total time for which application threads were stopped: 0.0001247 seconds, Stopping threads took: 0.0000200 seconds
2016-09-07T12:43:55.510+0800: 367523.057: Total time for which application threads were stopped: 0.0001084 seconds, Stopping threads took: 0.0000252 seconds
2016-09-07T12:44:12.571+0800: 367540.119: Total time for which application threads were stopped: 0.0001017 seconds, Stopping threads took: 0.0000199 seconds
2016-09-07T12:44:19.317+0800: 367546.865: Total time for which application threads were stopped: 0.0001049 seconds, Stopping threads took: 0.0000185 seconds
2016-09-07T12:44:39.038+0800: 367566.588: Total time for which application threads were stopped: 0.0001174 seconds, Stopping threads took: 0.0000206 seconds
2016-09-07T12:44:53.611+0800: 367581.161: Total time for which application threads were stopped: 0.0001115 seconds, Stopping threads took: 0.0000199 seconds
2016-09-07T12:45:23.168+0800: 367610.719: Total time for which application threads were stopped: 0.0001026 seconds, Stopping threads took: 0.0000183 seconds
2016-09-07T12:45:33.475+0800: 367621.027: Total time for which application threads were stopped: 0.0001139 seconds, Stopping threads took: 0.0000189 seconds
2016-09-07T12:46:04.561+0800: 367652.115: Total time for which application threads were stopped: 0.0001244 seconds, Stopping threads took: 0.0000196 seconds
2016-09-07T12:46:18.629+0800: 367666.183: Total time for which application threads were stopped: 0.0001264 seconds, Stopping threads took: 0.0000201 seconds
2016-09-07T12:46:52.912+0800: 367700.468: Total time for which application threads were stopped: 0.0001034 seconds, Stopping threads took: 0.0000198 seconds
2016-09-07T12:48:23.482+0800: 367791.043: Total time for which application threads were stopped: 0.0001076 seconds, Stopping threads took: 0.0000205 seconds
2016-09-07T12:48:59.090+0800: 367826.653: Total time for which application threads were stopped: 0.0001184 seconds, Stopping threads took: 0.0000291 seconds
2016-09-07T12:49:16.451+0800: 367844.014: Total time for which application threads were stopped: 0.0001731 seconds, Stopping threads took: 0.0000198 seconds
2016-09-07T12:49:49.980+0800: 367877.545: Total time for which application threads were stopped: 0.0001038 seconds, Stopping threads took: 0.0000188 seconds
2016-09-07T13:46:43.474+0800: 371291.201: Total time for which application threads were stopped: 0.0001051 seconds, Stopping threads took: 0.0000192 seconds
2016-09-07T13:46:44.474+0800: 371292.201: Total time for which application threads were stopped: 0.0001700 seconds, Stopping threads took: 0.0000543 seconds
2016-09-07T13:47:50.126+0800: 371357.857: Total time for which application threads were stopped: 0.0001071 seconds, Stopping threads took: 0.0000196 seconds
2016-09-07T13:48:05.679+0800: 371373.410: Total time for which application threads were stopped: 0.0001282 seconds, Stopping threads took: 0.0000190 seconds
2016-09-07T13:48:25.069+0800: 371392.802: Total time for which application threads were stopped: 0.0001031 seconds, Stopping threads took: 0.0000187 seconds
2016-09-07T13:48:35.742+0800: 371403.475: Total time for which application threads were stopped: 0.0001206 seconds, Stopping threads took: 0.0000194 seconds
2016-09-07T14:06:06.317+0800: 372454.101: Total time for which application threads were stopped: 0.0001161 seconds, Stopping threads took: 0.0000201 seconds
2016-09-07T14:06:06.350+0800: 372454.133: Total time for which application threads were stopped: 0.0012588 seconds, Stopping threads took: 0.0000291 seconds
2016-09-07T14:06:06.462+0800: 372454.246: Total time for which application threads were stopped: 0.0001343 seconds, Stopping threads took: 0.0000218 seconds
2016-09-07T14:08:06.385+0800: 372574.175: Total time for which application threads were stopped: 0.0001808 seconds, Stopping threads took: 0.0000449 seconds
2016-09-07T14:08:06.386+0800: 372574.175: Total time for which application threads were stopped: 0.0000809 seconds, Stopping threads took: 0.0000166 seconds
2016-09-07T14:08:06.386+0800: 372574.175: Total time for which application threads were stopped: 0.0000847 seconds, Stopping threads took: 0.0000173 seconds
2016-09-07T14:08:06.463+0800: 372574.252: Total time for which application threads were stopped: 0.0001536 seconds, Stopping threads took: 0.0000440 seconds
2016-09-07T14:08:06.463+0800: 372574.253: Total time for which application threads were stopped: 0.0000838 seconds, Stopping threads took: 0.0000191 seconds
2016-09-07T14:08:06.463+0800: 372574.253: Total time for which application threads were stopped: 0.0000932 seconds, Stopping threads took: 0.0000328 seconds
2016-09-07T14:17:55.747+0800: 373163.564: Total time for which application threads were stopped: 0.0001332 seconds, Stopping threads took: 0.0000432 seconds
2016-09-07T14:17:55.819+0800: 373163.636: Total time for which application threads were stopped: 0.0001206 seconds, Stopping threads took: 0.0000207 seconds
2016-09-07T14:17:55.823+0800: 373163.640: Total time for which application threads were stopped: 0.0001032 seconds, Stopping threads took: 0.0000266 seconds
2016-09-07T14:20:14.217+0800: 373302.041: Total time for which application threads were stopped: 0.0001079 seconds, Stopping threads took: 0.0000201 seconds
2016-09-07T14:20:15.220+0800: 373303.044: Total time for which application threads were stopped: 0.0001612 seconds, Stopping threads took: 0.0000300 seconds
2016-09-07T14:21:41.784+0800: 373389.612: Total time for which application threads were stopped: 0.0001176 seconds, Stopping threads took: 0.0000216 seconds
2016-09-07T14:22:04.233+0800: 373412.062: Total time for which application threads were stopped: 0.0001039 seconds, Stopping threads took: 0.0000186 seconds
2016-09-07T14:24:33.362+0800: 373561.198: Total time for which application threads were stopped: 0.0001202 seconds, Stopping threads took: 0.0000191 seconds
2016-09-07T14:24:34.363+0800: 373562.199: Total time for which application threads were stopped: 0.0001541 seconds, Stopping threads took: 0.0000347 seconds
2016-09-07T14:24:36.995+0800: 373564.831: Total time for which application threads were stopped: 0.0001111 seconds, Stopping threads took: 0.0000215 seconds
2016-09-07T14:24:37.999+0800: 373565.835: Total time for which application threads were stopped: 0.0001101 seconds, Stopping threads took: 0.0000237 seconds
2016-09-07T14:24:51.076+0800: 373578.913: Total time for which application threads were stopped: 0.0001133 seconds, Stopping threads took: 0.0000211 seconds
2016-09-07T14:25:57.304+0800: 373645.144: Total time for which application threads were stopped: 0.0001180 seconds, Stopping threads took: 0.0000226 seconds
2016-09-07T14:27:02.338+0800: 373710.182: Total time for which application threads were stopped: 0.0001253 seconds, Stopping threads took: 0.0000290 seconds
2016-09-07T14:27:21.118+0800: 373728.962: Total time for which application threads were stopped: 0.0001984 seconds, Stopping threads took: 0.0000214 seconds
2016-09-07T14:28:07.061+0800: 373774.907: Total time for which application threads were stopped: 0.0001054 seconds, Stopping threads took: 0.0000194 seconds
2016-09-07T14:28:45.218+0800: 373813.066: Total time for which application threads were stopped: 0.0001244 seconds, Stopping threads took: 0.0000233 seconds
2016-09-07T14:44:30.866+0800: 374758.758: Total time for which application threads were stopped: 0.0001747 seconds, Stopping threads took: 0.0000203 seconds
2016-09-07T14:44:30.877+0800: 374758.770: Total time for which application threads were stopped: 0.0000798 seconds, Stopping threads took: 0.0000132 seconds
2016-09-07T14:44:30.879+0800: 374758.772: Total time for which application threads were stopped: 0.0000748 seconds, Stopping threads took: 0.0000107 seconds
2016-09-07T14:45:02.707+0800: 374790.600: Total time for which application threads were stopped: 0.0001065 seconds, Stopping threads took: 0.0000182 seconds
2016-09-07T14:48:33.003+0800: 375000.906: Total time for which application threads were stopped: 0.0001086 seconds, Stopping threads took: 0.0000204 seconds
2016-09-07T14:48:33.102+0800: 375001.006: Total time for which application threads were stopped: 0.0000994 seconds, Stopping threads took: 0.0000204 seconds
2016-09-07T14:48:33.104+0800: 375001.008: Total time for which application threads were stopped: 0.0000771 seconds, Stopping threads took: 0.0000125 seconds
2016-09-07T14:48:43.789+0800: 375011.693: Total time for which application threads were stopped: 0.0001181 seconds, Stopping threads took: 0.0000237 seconds
2016-09-07T14:48:43.895+0800: 375011.799: Total time for which application threads were stopped: 0.0001171 seconds, Stopping threads took: 0.0000212 seconds
2016-09-07T14:48:43.896+0800: 375011.800: Total time for which application threads were stopped: 0.0000668 seconds, Stopping threads took: 0.0000100 seconds
2016-09-07T14:48:46.835+0800: 375014.739: Total time for which application threads were stopped: 0.0001154 seconds, Stopping threads took: 0.0000214 seconds
2016-09-07T14:48:46.837+0800: 375014.741: Total time for which application threads were stopped: 0.0000706 seconds, Stopping threads took: 0.0000125 seconds
2016-09-07T14:48:46.840+0800: 375014.744: Total time for which application threads were stopped: 0.0000736 seconds, Stopping threads took: 0.0000115 seconds
2016-09-07T14:48:46.868+0800: 375014.772: Total time for which application threads were stopped: 0.0001523 seconds, Stopping threads took: 0.0000232 seconds
2016-09-07T14:48:46.872+0800: 375014.776: Total time for which application threads were stopped: 0.0001238 seconds, Stopping threads took: 0.0000394 seconds
2016-09-07T14:48:46.873+0800: 375014.777: Total time for which application threads were stopped: 0.0001581 seconds, Stopping threads took: 0.0001007 seconds
2016-09-07T14:48:46.873+0800: 375014.777: Total time for which application threads were stopped: 0.0000633 seconds, Stopping threads took: 0.0000203 seconds
2016-09-07T14:48:46.873+0800: 375014.778: Total time for which application threads were stopped: 0.0000636 seconds, Stopping threads took: 0.0000177 seconds
2016-09-07T14:48:46.874+0800: 375014.778: Total time for which application threads were stopped: 0.0000614 seconds, Stopping threads took: 0.0000188 seconds
2016-09-07T14:48:46.874+0800: 375014.778: Total time for which application threads were stopped: 0.0000525 seconds, Stopping threads took: 0.0000108 seconds
2016-09-07T14:48:46.874+0800: 375014.778: Total time for which application threads were stopped: 0.0000837 seconds, Stopping threads took: 0.0000377 seconds
2016-09-07T14:48:46.874+0800: 375014.778: Total time for which application threads were stopped: 0.0000602 seconds, Stopping threads took: 0.0000198 seconds
2016-09-07T14:48:46.874+0800: 375014.778: Total time for which application threads were stopped: 0.0000580 seconds, Stopping threads took: 0.0000196 seconds
2016-09-07T14:48:46.875+0800: 375014.779: Total time for which application threads were stopped: 0.0000649 seconds, Stopping threads took: 0.0000082 seconds
2016-09-07T14:48:46.875+0800: 375014.779: Total time for which application threads were stopped: 0.0000636 seconds, Stopping threads took: 0.0000079 seconds
2016-09-07T14:48:46.883+0800: 375014.787: Total time for which application threads were stopped: 0.0000941 seconds, Stopping threads took: 0.0000202 seconds
2016-09-07T14:48:46.883+0800: 375014.788: Total time for which application threads were stopped: 0.0000815 seconds, Stopping threads took: 0.0000113 seconds
2016-09-07T14:48:46.888+0800: 375014.792: Total time for which application threads were stopped: 0.0001173 seconds, Stopping threads took: 0.0000245 seconds
2016-09-07T14:48:46.888+0800: 375014.793: Total time for which application threads were stopped: 0.0001533 seconds, Stopping threads took: 0.0000713 seconds
2016-09-07T14:48:46.904+0800: 375014.808: Total time for which application threads were stopped: 0.0001184 seconds, Stopping threads took: 0.0000210 seconds
2016-09-07T14:48:47.908+0800: 375015.812: Total time for which application threads were stopped: 0.0001704 seconds, Stopping threads took: 0.0000333 seconds
2016-09-07T14:49:25.919+0800: 375053.825: Total time for which application threads were stopped: 0.0001153 seconds, Stopping threads took: 0.0000220 seconds
2016-09-07T14:49:25.921+0800: 375053.827: Total time for which application threads were stopped: 0.0000893 seconds, Stopping threads took: 0.0000155 seconds
2016-09-07T14:49:25.926+0800: 375053.832: Total time for which application threads were stopped: 0.0001983 seconds, Stopping threads took: 0.0000198 seconds
2016-09-07T14:49:25.945+0800: 375053.851: Total time for which application threads were stopped: 0.0001162 seconds, Stopping threads took: 0.0000194 seconds
2016-09-07T14:49:26.947+0800: 375054.853: Total time for which application threads were stopped: 0.0001772 seconds, Stopping threads took: 0.0000297 seconds
2016-09-07T14:49:27.510+0800: 375055.416: Total time for which application threads were stopped: 0.0001346 seconds, Stopping threads took: 0.0000232 seconds
2016-09-07T14:49:27.524+0800: 375055.430: Total time for which application threads were stopped: 0.0001310 seconds, Stopping threads took: 0.0000316 seconds
2016-09-07T14:49:27.816+0800: 375055.722: Total time for which application threads were stopped: 0.0001211 seconds, Stopping threads took: 0.0000205 seconds
2016-09-07T14:49:27.998+0800: 375055.904: Total time for which application threads were stopped: 0.0001341 seconds, Stopping threads took: 0.0000212 seconds
2016-09-07T14:49:28.003+0800: 375055.909: Total time for which application threads were stopped: 0.0000803 seconds, Stopping threads took: 0.0000211 seconds
2016-09-07T14:49:28.007+0800: 375055.913: Total time for which application threads were stopped: 0.0000635 seconds, Stopping threads took: 0.0000108 seconds
2016-09-07T14:49:28.034+0800: 375055.940: Total time for which application threads were stopped: 0.0001228 seconds, Stopping threads took: 0.0000196 seconds
2016-09-07T14:49:29.039+0800: 375056.945: Total time for which application threads were stopped: 0.0001490 seconds, Stopping threads took: 0.0000350 seconds
2016-09-07T14:49:36.015+0800: 375063.922: Total time for which application threads were stopped: 0.0001109 seconds, Stopping threads took: 0.0000216 seconds
2016-09-07T14:49:36.018+0800: 375063.924: Total time for which application threads were stopped: 0.0000732 seconds, Stopping threads took: 0.0000117 seconds
2016-09-07T14:49:36.024+0800: 375063.930: Total time for which application threads were stopped: 0.0001078 seconds, Stopping threads took: 0.0000201 seconds
2016-09-07T14:49:36.050+0800: 375063.957: Total time for which application threads were stopped: 0.0001324 seconds, Stopping threads took: 0.0000242 seconds
2016-09-07T14:49:37.055+0800: 375064.961: Total time for which application threads were stopped: 0.0001278 seconds, Stopping threads took: 0.0000315 seconds
2016-09-07T14:49:42.824+0800: 375070.731: Total time for which application threads were stopped: 0.0001138 seconds, Stopping threads took: 0.0000291 seconds
2016-09-07T14:49:42.826+0800: 375070.733: Total time for which application threads were stopped: 0.0000719 seconds, Stopping threads took: 0.0000123 seconds
2016-09-07T14:49:42.832+0800: 375070.738: Total time for which application threads were stopped: 0.0000745 seconds, Stopping threads took: 0.0000119 seconds
2016-09-07T14:49:42.857+0800: 375070.764: Total time for which application threads were stopped: 0.0001019 seconds, Stopping threads took: 0.0000181 seconds
2016-09-07T14:49:46.889+0800: 375074.796: Total time for which application threads were stopped: 0.0001288 seconds, Stopping threads took: 0.0000249 seconds
2016-09-07T14:50:37.043+0800: 375124.952: Total time for which application threads were stopped: 0.0001170 seconds, Stopping threads took: 0.0000223 seconds
2016-09-07T14:50:37.046+0800: 375124.955: Total time for which application threads were stopped: 0.0001253 seconds, Stopping threads took: 0.0000207 seconds
2016-09-07T14:50:37.129+0800: 375125.038: Total time for which application threads were stopped: 0.0004480 seconds, Stopping threads took: 0.0003407 seconds
2016-09-07T14:50:37.129+0800: 375125.039: Total time for which application threads were stopped: 0.0001432 seconds, Stopping threads took: 0.0000352 seconds
2016-09-07T14:50:37.130+0800: 375125.039: Total time for which application threads were stopped: 0.0001523 seconds, Stopping threads took: 0.0000864 seconds
2016-09-07T14:50:37.130+0800: 375125.040: Total time for which application threads were stopped: 0.0001087 seconds, Stopping threads took: 0.0000391 seconds
2016-09-07T14:50:37.137+0800: 375125.047: Total time for which application threads were stopped: 0.0001055 seconds, Stopping threads took: 0.0000158 seconds
2016-09-07T14:50:37.143+0800: 375125.052: Total time for which application threads were stopped: 0.0004567 seconds, Stopping threads took: 0.0001835 seconds
2016-09-07T14:50:37.146+0800: 375125.055: Total time for which application threads were stopped: 0.0009373 seconds, Stopping threads took: 0.0000311 seconds
{Heap before GC invocations=13 (full 1):
 par new generation   total 109248K, used 99134K [0x00000007a0000000, 0x00000007a8000000, 0x00000007a8000000)
  eden space 87424K, 100% used [0x00000007a0000000, 0x00000007a5560000, 0x00000007a5560000)
  from space 21824K,  53% used [0x00000007a6ab0000, 0x00000007a761f940, 0x00000007a8000000)
  to   space 21824K,   0% used [0x00000007a5560000, 0x00000007a5560000, 0x00000007a6ab0000)
 concurrent mark-sweep generation total 393216K, used 16163K [0x00000007a8000000, 0x00000007c0000000, 0x00000007c0000000)
 Metaspace       used 32640K, capacity 32940K, committed 33276K, reserved 1079296K
  class space    used 3670K, capacity 3757K, committed 3836K, reserved 1048576K
2016-09-07T14:50:37.332+0800: 375125.241: [GC (Allocation Failure) 2016-09-07T14:50:37.332+0800: 375125.241: [ParNew
Desired survivor size 20112992 bytes, new threshold 8 (max 8)
- age   1:     737744 bytes,     737744 total
- age   2:     161088 bytes,     898832 total
- age   3:     126456 bytes,    1025288 total
- age   4:       8472 bytes,    1033760 total
- age   5:      11696 bytes,    1045456 total
- age   6:       3624 bytes,    1049080 total
- age   7:      19816 bytes,    1068896 total
- age   8:    1385688 bytes,    2454584 total
: 99134K->6388K(109248K), 0.0387910 secs] 115298K->31114K(502464K), 0.0390931 secs] [Times: user=0.06 sys=0.05, real=0.04 secs] 
Heap after GC invocations=14 (full 1):
 par new generation   total 109248K, used 6388K [0x00000007a0000000, 0x00000007a8000000, 0x00000007a8000000)
  eden space 87424K,   0% used [0x00000007a0000000, 0x00000007a0000000, 0x00000007a5560000)
  from space 21824K,  29% used [0x00000007a5560000, 0x00000007a5b9d220, 0x00000007a6ab0000)
  to   space 21824K,   0% used [0x00000007a6ab0000, 0x00000007a6ab0000, 0x00000007a8000000)
 concurrent mark-sweep generation total 393216K, used 24726K [0x00000007a8000000, 0x00000007c0000000, 0x00000007c0000000)
 Metaspace       used 32640K, capacity 32940K, committed 33276K, reserved 1079296K
  class space    used 3670K, capacity 3757K, committed 3836K, reserved 1048576K
}
2016-09-07T14:50:37.371+0800: 375125.280: Total time for which application threads were stopped: 0.0405720 seconds, Stopping threads took: 0.0000217 seconds
2016-09-07T14:50:37.478+0800: 375125.388: Total time for which application threads were stopped: 0.0001702 seconds, Stopping threads took: 0.0000325 seconds
2016-09-07T14:50:37.479+0800: 375125.388: Total time for which application threads were stopped: 0.0000909 seconds, Stopping threads took: 0.0000266 seconds
2016-09-07T14:50:37.484+0800: 375125.393: Total time for which application threads were stopped: 0.0000870 seconds, Stopping threads took: 0.0000120 seconds
2016-09-07T14:50:37.484+0800: 375125.393: Total time for which application threads were stopped: 0.0000956 seconds, Stopping threads took: 0.0000190 seconds
2016-09-07T14:50:38.484+0800: 375126.393: Total time for which application threads were stopped: 0.0001668 seconds, Stopping threads took: 0.0000284 seconds
2016-09-07T14:50:40.489+0800: 375128.398: Total time for which application threads were stopped: 0.0002062 seconds, Stopping threads took: 0.0000313 seconds
2016-09-07T14:51:37.484+0800: 375185.396: Total time for which application threads were stopped: 0.0001055 seconds, Stopping threads took: 0.0000231 seconds
2016-09-07T14:51:38.893+0800: 375186.805: Total time for which application threads were stopped: 0.0001051 seconds, Stopping threads took: 0.0000184 seconds
2016-09-07T14:51:38.895+0800: 375186.807: Total time for which application threads were stopped: 0.0000897 seconds, Stopping threads took: 0.0000125 seconds
2016-09-07T14:51:38.895+0800: 375186.807: Total time for which application threads were stopped: 0.0001681 seconds, Stopping threads took: 0.0000073 seconds
2016-09-07T14:51:38.900+0800: 375186.812: Total time for which application threads were stopped: 0.0000755 seconds, Stopping threads took: 0.0000121 seconds
2016-09-07T14:51:38.925+0800: 375186.837: Total time for which application threads were stopped: 0.0001130 seconds, Stopping threads took: 0.0000200 seconds
2016-09-07T14:51:39.929+0800: 375187.841: Total time for which application threads were stopped: 0.0001736 seconds, Stopping threads took: 0.0000315 seconds
2016-09-07T14:51:44.647+0800: 375192.559: Total time for which application threads were stopped: 0.0001373 seconds, Stopping threads took: 0.0000192 seconds
2016-09-07T14:51:44.651+0800: 375192.564: Total time for which application threads were stopped: 0.0001185 seconds, Stopping threads took: 0.0000282 seconds
2016-09-07T14:51:44.657+0800: 375192.569: Total time for which application threads were stopped: 0.0000720 seconds, Stopping threads took: 0.0000118 seconds
2016-09-07T14:51:44.685+0800: 375192.598: Total time for which application threads were stopped: 0.0001290 seconds, Stopping threads took: 0.0000215 seconds
2016-09-07T14:51:51.903+0800: 375199.815: Total time for which application threads were stopped: 0.0001173 seconds, Stopping threads took: 0.0000222 seconds
2016-09-07T14:51:51.912+0800: 375199.825: Total time for which application threads were stopped: 0.0000762 seconds, Stopping threads took: 0.0000127 seconds
2016-09-07T14:51:52.913+0800: 375200.826: Total time for which application threads were stopped: 0.0001206 seconds, Stopping threads took: 0.0000273 seconds
2016-09-07T14:52:04.958+0800: 375212.871: Total time for which application threads were stopped: 0.0001942 seconds, Stopping threads took: 0.0000353 seconds
2016-09-07T14:52:14.277+0800: 375222.190: Total time for which application threads were stopped: 0.0001540 seconds, Stopping threads took: 0.0000404 seconds
2016-09-07T14:52:28.808+0800: 375236.722: Total time for which application threads were stopped: 0.0001775 seconds, Stopping threads took: 0.0001000 seconds
2016-09-07T14:53:12.322+0800: 375280.239: Total time for which application threads were stopped: 0.0001504 seconds, Stopping threads took: 0.0000662 seconds
2016-09-07T14:53:12.338+0800: 375280.254: Total time for which application threads were stopped: 0.0001155 seconds, Stopping threads took: 0.0000312 seconds
2016-09-07T14:53:12.339+0800: 375280.255: Total time for which application threads were stopped: 0.0001262 seconds, Stopping threads took: 0.0000232 seconds
2016-09-07T14:53:13.343+0800: 375281.259: Total time for which application threads were stopped: 0.0001720 seconds, Stopping threads took: 0.0000281 seconds
2016-09-07T14:54:03.359+0800: 375331.278: Total time for which application threads were stopped: 0.0001346 seconds, Stopping threads took: 0.0000417 seconds
2016-09-07T14:54:03.372+0800: 375331.291: Total time for which application threads were stopped: 0.0000936 seconds, Stopping threads took: 0.0000222 seconds
2016-09-07T14:54:03.373+0800: 375331.291: Total time for which application threads were stopped: 0.0000684 seconds, Stopping threads took: 0.0000092 seconds
2016-09-07T14:54:04.377+0800: 375332.296: Total time for which application threads were stopped: 0.0001398 seconds, Stopping threads took: 0.0000322 seconds
2016-09-07T14:54:08.360+0800: 375336.279: Total time for which application threads were stopped: 0.0001074 seconds, Stopping threads took: 0.0000248 seconds
2016-09-07T14:54:24.243+0800: 375352.163: Total time for which application threads were stopped: 0.0001092 seconds, Stopping threads took: 0.0000199 seconds
2016-09-07T14:54:24.245+0800: 375352.165: Total time for which application threads were stopped: 0.0000859 seconds, Stopping threads took: 0.0000119 seconds
2016-09-07T14:54:24.246+0800: 375352.165: Total time for which application threads were stopped: 0.0000788 seconds, Stopping threads took: 0.0000160 seconds
2016-09-07T14:54:24.252+0800: 375352.172: Total time for which application threads were stopped: 0.0001477 seconds, Stopping threads took: 0.0000218 seconds
2016-09-07T14:54:24.253+0800: 375352.173: Total time for which application threads were stopped: 0.0000830 seconds, Stopping threads took: 0.0000078 seconds
2016-09-07T14:54:24.277+0800: 375352.197: Total time for which application threads were stopped: 0.0001107 seconds, Stopping threads took: 0.0000207 seconds
2016-09-07T14:55:23.257+0800: 375411.179: Total time for which application threads were stopped: 0.0001103 seconds, Stopping threads took: 0.0000296 seconds
2016-09-07T14:55:24.261+0800: 375412.184: Total time for which application threads were stopped: 0.0001325 seconds, Stopping threads took: 0.0000323 seconds
2016-09-07T14:55:47.334+0800: 375435.257: Total time for which application threads were stopped: 0.0001488 seconds, Stopping threads took: 0.0000339 seconds
2016-09-07T14:55:58.307+0800: 375446.231: Total time for which application threads were stopped: 0.0001023 seconds, Stopping threads took: 0.0000215 seconds
2016-09-07T14:55:59.312+0800: 375447.236: Total time for which application threads were stopped: 0.0001792 seconds, Stopping threads took: 0.0000331 seconds
2016-09-07T14:57:07.805+0800: 375515.732: Total time for which application threads were stopped: 0.0001064 seconds, Stopping threads took: 0.0000188 seconds
2016-09-07T14:57:07.817+0800: 375515.744: Total time for which application threads were stopped: 0.0000970 seconds, Stopping threads took: 0.0000207 seconds
2016-09-07T14:57:07.817+0800: 375515.744: Total time for which application threads were stopped: 0.0000616 seconds, Stopping threads took: 0.0000089 seconds
2016-09-07T14:57:07.819+0800: 375515.746: Total time for which application threads were stopped: 0.0000668 seconds, Stopping threads took: 0.0000111 seconds
2016-09-07T14:57:13.851+0800: 375521.778: Total time for which application threads were stopped: 0.0001260 seconds, Stopping threads took: 0.0000231 seconds
2016-09-07T14:57:13.853+0800: 375521.781: Total time for which application threads were stopped: 0.0001887 seconds, Stopping threads took: 0.0000309 seconds
2016-09-07T14:57:13.859+0800: 375521.786: Total time for which application threads were stopped: 0.0000797 seconds, Stopping threads took: 0.0000243 seconds
2016-09-07T14:57:13.885+0800: 375521.813: Total time for which application threads were stopped: 0.0001335 seconds, Stopping threads took: 0.0000245 seconds
2016-09-07T14:57:14.889+0800: 375522.817: Total time for which application threads were stopped: 0.0001223 seconds, Stopping threads took: 0.0000307 seconds
2016-09-07T14:57:16.718+0800: 375524.646: Total time for which application threads were stopped: 0.0001139 seconds, Stopping threads took: 0.0000216 seconds
2016-09-07T14:57:16.723+0800: 375524.650: Total time for which application threads were stopped: 0.0000764 seconds, Stopping threads took: 0.0000144 seconds
2016-09-07T14:57:16.728+0800: 375524.656: Total time for which application threads were stopped: 0.0000751 seconds, Stopping threads took: 0.0000129 seconds
2016-09-07T14:57:16.755+0800: 375524.682: Total time for which application threads were stopped: 0.0002692 seconds, Stopping threads took: 0.0000527 seconds
2016-09-07T14:57:17.756+0800: 375525.684: Total time for which application threads were stopped: 0.0001196 seconds, Stopping threads took: 0.0000284 seconds
2016-09-07T14:57:21.618+0800: 375529.546: Total time for which application threads were stopped: 0.0001198 seconds, Stopping threads took: 0.0000203 seconds
2016-09-07T14:57:21.621+0800: 375529.549: Total time for which application threads were stopped: 0.0011106 seconds, Stopping threads took: 0.0010022 seconds
2016-09-07T14:57:21.625+0800: 375529.553: Total time for which application threads were stopped: 0.0001513 seconds, Stopping threads took: 0.0000843 seconds
2016-09-07T14:57:21.650+0800: 375529.578: Total time for which application threads were stopped: 0.0001071 seconds, Stopping threads took: 0.0000207 seconds
2016-09-07T14:57:23.706+0800: 375531.634: Total time for which application threads were stopped: 0.0001299 seconds, Stopping threads took: 0.0000219 seconds
2016-09-07T14:57:23.709+0800: 375531.637: Total time for which application threads were stopped: 0.0000975 seconds, Stopping threads took: 0.0000224 seconds
2016-09-07T14:57:23.710+0800: 375531.638: Total time for which application threads were stopped: 0.0001441 seconds, Stopping threads took: 0.0000183 seconds
2016-09-07T14:57:23.722+0800: 375531.650: Total time for which application threads were stopped: 0.0001265 seconds, Stopping threads took: 0.0000209 seconds
2016-09-07T14:57:23.728+0800: 375531.656: Total time for which application threads were stopped: 0.0001537 seconds, Stopping threads took: 0.0000272 seconds
2016-09-07T14:57:23.728+0800: 375531.656: Total time for which application threads were stopped: 0.0001350 seconds, Stopping threads took: 0.0000546 seconds
2016-09-07T14:57:23.729+0800: 375531.657: Total time for which application threads were stopped: 0.0008697 seconds, Stopping threads took: 0.0007742 seconds
2016-09-07T14:57:23.943+0800: 375531.871: Total time for which application threads were stopped: 0.0001152 seconds, Stopping threads took: 0.0000199 seconds
2016-09-07T14:57:23.944+0800: 375531.872: Total time for which application threads were stopped: 0.0000676 seconds, Stopping threads took: 0.0000080 seconds
2016-09-07T14:57:23.946+0800: 375531.874: Total time for which application threads were stopped: 0.0001251 seconds, Stopping threads took: 0.0000087 seconds
2016-09-07T14:57:23.948+0800: 375531.876: Total time for which application threads were stopped: 0.0000672 seconds, Stopping threads took: 0.0000104 seconds
2016-09-07T14:57:23.952+0800: 375531.880: Total time for which application threads were stopped: 0.0000725 seconds, Stopping threads took: 0.0000111 seconds
2016-09-07T14:57:23.953+0800: 375531.881: Total time for which application threads were stopped: 0.0000624 seconds, Stopping threads took: 0.0000098 seconds
2016-09-07T14:57:23.953+0800: 375531.881: Total time for which application threads were stopped: 0.0000385 seconds, Stopping threads took: 0.0000060 seconds
2016-09-07T14:57:23.953+0800: 375531.881: Total time for which application threads were stopped: 0.0000369 seconds, Stopping threads took: 0.0000059 seconds
2016-09-07T14:57:23.953+0800: 375531.881: Total time for which application threads were stopped: 0.0000367 seconds, Stopping threads took: 0.0000057 seconds
2016-09-07T14:57:23.953+0800: 375531.881: Total time for which application threads were stopped: 0.0000363 seconds, Stopping threads took: 0.0000058 seconds
2016-09-07T14:57:23.954+0800: 375531.882: Total time for which application threads were stopped: 0.0000504 seconds, Stopping threads took: 0.0000152 seconds
2016-09-07T14:57:23.954+0800: 375531.882: Total time for which application threads were stopped: 0.0000470 seconds, Stopping threads took: 0.0000094 seconds
2016-09-07T14:57:23.954+0800: 375531.882: Total time for which application threads were stopped: 0.0000599 seconds, Stopping threads took: 0.0000248 seconds
2016-09-07T14:57:23.954+0800: 375531.882: Total time for which application threads were stopped: 0.0001327 seconds, Stopping threads took: 0.0000085 seconds
2016-09-07T14:57:23.960+0800: 375531.888: Total time for which application threads were stopped: 0.0001571 seconds, Stopping threads took: 0.0000286 seconds
2016-09-07T14:57:23.960+0800: 375531.888: Total time for which application threads were stopped: 0.0000977 seconds, Stopping threads took: 0.0000121 seconds
2016-09-07T14:57:23.964+0800: 375531.892: Total time for which application threads were stopped: 0.0002291 seconds, Stopping threads took: 0.0000279 seconds
2016-09-07T14:57:23.965+0800: 375531.893: Total time for which application threads were stopped: 0.0002194 seconds, Stopping threads took: 0.0000455 seconds
2016-09-07T14:57:23.965+0800: 375531.893: Total time for which application threads were stopped: 0.0002215 seconds, Stopping threads took: 0.0000401 seconds
2016-09-07T14:57:23.970+0800: 375531.898: Total time for which application threads were stopped: 0.0000957 seconds, Stopping threads took: 0.0000166 seconds
2016-09-07T14:57:33.567+0800: 375541.495: Total time for which application threads were stopped: 0.0001124 seconds, Stopping threads took: 0.0000298 seconds
2016-09-07T14:57:33.651+0800: 375541.580: Total time for which application threads were stopped: 0.0001177 seconds, Stopping threads took: 0.0000221 seconds
2016-09-07T14:57:34.656+0800: 375542.584: Total time for which application threads were stopped: 0.0001261 seconds, Stopping threads took: 0.0000268 seconds
2016-09-07T14:57:39.152+0800: 375547.081: Total time for which application threads were stopped: 0.0001610 seconds, Stopping threads took: 0.0000548 seconds
2016-09-07T14:57:39.152+0800: 375547.081: Total time for which application threads were stopped: 0.0001019 seconds, Stopping threads took: 0.0000467 seconds
2016-09-07T14:57:39.153+0800: 375547.081: Total time for which application threads were stopped: 0.0000908 seconds, Stopping threads took: 0.0000396 seconds
2016-09-07T14:57:39.153+0800: 375547.081: Total time for which application threads were stopped: 0.0000830 seconds, Stopping threads took: 0.0000259 seconds
2016-09-07T14:57:39.153+0800: 375547.081: Total time for which application threads were stopped: 0.0000657 seconds, Stopping threads took: 0.0000113 seconds
2016-09-07T14:57:39.153+0800: 375547.082: Total time for which application threads were stopped: 0.0001473 seconds, Stopping threads took: 0.0000899 seconds
2016-09-07T14:57:39.154+0800: 375547.082: Total time for which application threads were stopped: 0.0000771 seconds, Stopping threads took: 0.0000290 seconds
2016-09-07T14:57:39.158+0800: 375547.087: Total time for which application threads were stopped: 0.0000984 seconds, Stopping threads took: 0.0000233 seconds
2016-09-07T14:57:39.158+0800: 375547.087: Total time for which application threads were stopped: 0.0001065 seconds, Stopping threads took: 0.0000110 seconds
2016-09-07T14:57:39.163+0800: 375547.092: Total time for which application threads were stopped: 0.0001581 seconds, Stopping threads took: 0.0000744 seconds
2016-09-07T14:57:39.163+0800: 375547.092: Total time for which application threads were stopped: 0.0001177 seconds, Stopping threads took: 0.0000555 seconds
2016-09-07T14:57:40.166+0800: 375548.095: Total time for which application threads were stopped: 0.0001202 seconds, Stopping threads took: 0.0000267 seconds
2016-09-07T14:57:50.526+0800: 375558.455: Total time for which application threads were stopped: 0.0001347 seconds, Stopping threads took: 0.0000243 seconds
2016-09-07T14:57:50.528+0800: 375558.457: Total time for which application threads were stopped: 0.0001051 seconds, Stopping threads took: 0.0000198 seconds
2016-09-07T14:57:50.534+0800: 375558.463: Total time for which application threads were stopped: 0.0000784 seconds, Stopping threads took: 0.0000204 seconds
2016-09-07T14:57:50.545+0800: 375558.474: Total time for which application threads were stopped: 0.0001798 seconds, Stopping threads took: 0.0000576 seconds
2016-09-07T14:57:50.546+0800: 375558.476: Total time for which application threads were stopped: 0.0001024 seconds, Stopping threads took: 0.0000250 seconds
2016-09-07T14:57:52.167+0800: 375560.096: Total time for which application threads were stopped: 0.0001547 seconds, Stopping threads took: 0.0000225 seconds
2016-09-07T14:57:52.178+0800: 375560.107: Total time for which application threads were stopped: 0.0001008 seconds, Stopping threads took: 0.0000290 seconds
2016-09-07T14:57:52.570+0800: 375560.499: Total time for which application threads were stopped: 0.0001190 seconds, Stopping threads took: 0.0000191 seconds
2016-09-07T14:57:52.576+0800: 375560.506: Total time for which application threads were stopped: 0.0007440 seconds, Stopping threads took: 0.0000189 seconds
2016-09-07T14:57:52.578+0800: 375560.507: Total time for which application threads were stopped: 0.0002665 seconds, Stopping threads took: 0.0000082 seconds
2016-09-07T14:57:52.579+0800: 375560.508: Total time for which application threads were stopped: 0.0003104 seconds, Stopping threads took: 0.0000074 seconds
2016-09-07T14:57:52.583+0800: 375560.512: Total time for which application threads were stopped: 0.0002547 seconds, Stopping threads took: 0.0000087 seconds
2016-09-07T14:57:52.776+0800: 375560.706: Total time for which application threads were stopped: 0.0002330 seconds, Stopping threads took: 0.0000228 seconds
2016-09-07T14:57:52.779+0800: 375560.708: Total time for which application threads were stopped: 0.0000868 seconds, Stopping threads took: 0.0000138 seconds
2016-09-07T14:57:52.785+0800: 375560.714: Total time for which application threads were stopped: 0.0001352 seconds, Stopping threads took: 0.0000443 seconds
2016-09-07T14:57:52.787+0800: 375560.716: Total time for which application threads were stopped: 0.0001048 seconds, Stopping threads took: 0.0000152 seconds
2016-09-07T14:57:52.787+0800: 375560.716: Total time for which application threads were stopped: 0.0000854 seconds, Stopping threads took: 0.0000107 seconds
2016-09-07T14:57:52.927+0800: 375560.856: Total time for which application threads were stopped: 0.0001253 seconds, Stopping threads took: 0.0000214 seconds
2016-09-07T14:57:52.929+0800: 375560.858: Total time for which application threads were stopped: 0.0000655 seconds, Stopping threads took: 0.0000110 seconds
2016-09-07T14:57:52.934+0800: 375560.864: Total time for which application threads were stopped: 0.0000817 seconds, Stopping threads took: 0.0000144 seconds
2016-09-07T14:57:52.952+0800: 375560.881: Total time for which application threads were stopped: 0.0001159 seconds, Stopping threads took: 0.0000319 seconds
2016-09-07T14:58:02.612+0800: 375570.542: Total time for which application threads were stopped: 0.0001586 seconds, Stopping threads took: 0.0000250 seconds
2016-09-07T14:58:02.616+0800: 375570.546: Total time for which application threads were stopped: 0.0001008 seconds, Stopping threads took: 0.0000189 seconds
2016-09-07T14:58:02.617+0800: 375570.546: Total time for which application threads were stopped: 0.0000925 seconds, Stopping threads took: 0.0000277 seconds
2016-09-07T14:58:02.618+0800: 375570.547: Total time for which application threads were stopped: 0.0000644 seconds, Stopping threads took: 0.0000098 seconds
2016-09-07T14:58:02.657+0800: 375570.587: Total time for which application threads were stopped: 0.0003944 seconds, Stopping threads took: 0.0002572 seconds
2016-09-07T14:58:02.657+0800: 375570.587: Total time for which application threads were stopped: 0.0000782 seconds, Stopping threads took: 0.0000250 seconds
2016-09-07T14:58:02.658+0800: 375570.587: Total time for which application threads were stopped: 0.0000507 seconds, Stopping threads took: 0.0000107 seconds
2016-09-07T14:58:02.669+0800: 375570.599: Total time for which application threads were stopped: 0.0000783 seconds, Stopping threads took: 0.0000136 seconds
2016-09-07T14:58:03.672+0800: 375571.602: Total time for which application threads were stopped: 0.0002782 seconds, Stopping threads took: 0.0000560 seconds
2016-09-07T14:58:05.902+0800: 375573.832: Total time for which application threads were stopped: 0.0003581 seconds, Stopping threads took: 0.0000246 seconds
2016-09-07T14:58:05.903+0800: 375573.833: Total time for which application threads were stopped: 0.0002738 seconds, Stopping threads took: 0.0000478 seconds
2016-09-07T14:58:05.906+0800: 375573.836: Total time for which application threads were stopped: 0.0001064 seconds, Stopping threads took: 0.0000191 seconds
2016-09-07T14:58:05.912+0800: 375573.842: Total time for which application threads were stopped: 0.0000877 seconds, Stopping threads took: 0.0000308 seconds
2016-09-07T14:58:05.937+0800: 375573.867: Total time for which application threads were stopped: 0.0000853 seconds, Stopping threads took: 0.0000134 seconds
2016-09-07T14:58:05.938+0800: 375573.868: Total time for which application threads were stopped: 0.0000662 seconds, Stopping threads took: 0.0000090 seconds
2016-09-07T14:58:05.938+0800: 375573.868: Total time for which application threads were stopped: 0.0000567 seconds, Stopping threads took: 0.0000065 seconds
2016-09-07T14:58:05.938+0800: 375573.868: Total time for which application threads were stopped: 0.0000506 seconds, Stopping threads took: 0.0000082 seconds
2016-09-07T14:58:05.938+0800: 375573.868: Total time for which application threads were stopped: 0.0000416 seconds, Stopping threads took: 0.0000060 seconds
2016-09-07T14:58:05.938+0800: 375573.868: Total time for which application threads were stopped: 0.0000399 seconds, Stopping threads took: 0.0000059 seconds
2016-09-07T14:58:06.940+0800: 375574.870: Total time for which application threads were stopped: 0.0001570 seconds, Stopping threads took: 0.0000359 seconds
2016-09-07T14:58:20.817+0800: 375588.747: Total time for which application threads were stopped: 0.0001687 seconds, Stopping threads took: 0.0000456 seconds
2016-09-07T14:58:20.817+0800: 375588.748: Total time for which application threads were stopped: 0.0001107 seconds, Stopping threads took: 0.0000335 seconds
2016-09-07T14:58:20.818+0800: 375588.749: Total time for which application threads were stopped: 0.0000677 seconds, Stopping threads took: 0.0000102 seconds
2016-09-07T14:58:20.819+0800: 375588.749: Total time for which application threads were stopped: 0.0002166 seconds, Stopping threads took: 0.0000334 seconds
2016-09-07T14:58:20.821+0800: 375588.751: Total time for which application threads were stopped: 0.0001422 seconds, Stopping threads took: 0.0000165 seconds
2016-09-07T14:58:20.821+0800: 375588.752: Total time for which application threads were stopped: 0.0002165 seconds, Stopping threads took: 0.0000870 seconds
2016-09-07T14:58:20.822+0800: 375588.753: Total time for which application threads were stopped: 0.0001593 seconds, Stopping threads took: 0.0000781 seconds
2016-09-07T14:58:20.824+0800: 375588.755: Total time for which application threads were stopped: 0.0001880 seconds, Stopping threads took: 0.0000706 seconds
2016-09-07T14:58:20.824+0800: 375588.755: Total time for which application threads were stopped: 0.0001561 seconds, Stopping threads took: 0.0000258 seconds
2016-09-07T14:58:20.978+0800: 375588.909: Total time for which application threads were stopped: 0.0001699 seconds, Stopping threads took: 0.0000286 seconds
2016-09-07T14:58:20.978+0800: 375588.909: Total time for which application threads were stopped: 0.0000875 seconds, Stopping threads took: 0.0000108 seconds
2016-09-07T14:58:20.984+0800: 375588.914: Total time for which application threads were stopped: 0.0001441 seconds, Stopping threads took: 0.0000467 seconds
2016-09-07T14:58:20.984+0800: 375588.914: Total time for which application threads were stopped: 0.0000867 seconds, Stopping threads took: 0.0000098 seconds
2016-09-07T14:58:24.920+0800: 375592.851: Total time for which application threads were stopped: 0.0001238 seconds, Stopping threads took: 0.0000238 seconds
2016-09-07T14:58:24.922+0800: 375592.853: Total time for which application threads were stopped: 0.0000808 seconds, Stopping threads took: 0.0000134 seconds
2016-09-07T14:58:24.923+0800: 375592.853: Total time for which application threads were stopped: 0.0001063 seconds, Stopping threads took: 0.0000083 seconds
2016-09-07T14:58:24.930+0800: 375592.860: Total time for which application threads were stopped: 0.0000928 seconds, Stopping threads took: 0.0000162 seconds
2016-09-07T14:58:24.931+0800: 375592.861: Total time for which application threads were stopped: 0.0001021 seconds, Stopping threads took: 0.0000173 seconds
2016-09-07T14:58:24.956+0800: 375592.887: Total time for which application threads were stopped: 0.0001309 seconds, Stopping threads took: 0.0000241 seconds
2016-09-07T14:58:24.957+0800: 375592.887: Total time for which application threads were stopped: 0.0001130 seconds, Stopping threads took: 0.0000256 seconds
2016-09-07T14:58:27.422+0800: 375595.353: Total time for which application threads were stopped: 0.0001161 seconds, Stopping threads took: 0.0000221 seconds
2016-09-07T14:58:27.422+0800: 375595.353: Total time for which application threads were stopped: 0.0000896 seconds, Stopping threads took: 0.0000128 seconds
2016-09-07T14:58:27.424+0800: 375595.355: Total time for which application threads were stopped: 0.0000694 seconds, Stopping threads took: 0.0000109 seconds
2016-09-07T14:58:27.424+0800: 375595.355: Total time for which application threads were stopped: 0.0000483 seconds, Stopping threads took: 0.0000065 seconds
2016-09-07T14:58:27.430+0800: 375595.361: Total time for which application threads were stopped: 0.0000735 seconds, Stopping threads took: 0.0000123 seconds
2016-09-07T14:58:27.452+0800: 375595.383: Total time for which application threads were stopped: 0.0000761 seconds, Stopping threads took: 0.0000136 seconds
2016-09-07T14:58:51.743+0800: 375619.675: Total time for which application threads were stopped: 0.0001158 seconds, Stopping threads took: 0.0000224 seconds
2016-09-07T14:58:51.745+0800: 375619.677: Total time for which application threads were stopped: 0.0000758 seconds, Stopping threads took: 0.0000126 seconds
2016-09-07T14:58:51.751+0800: 375619.683: Total time for which application threads were stopped: 0.0000755 seconds, Stopping threads took: 0.0000126 seconds
2016-09-07T14:58:51.775+0800: 375619.708: Total time for which application threads were stopped: 0.0001955 seconds, Stopping threads took: 0.0000240 seconds
2016-09-07T14:58:54.104+0800: 375622.036: Total time for which application threads were stopped: 0.0001105 seconds, Stopping threads took: 0.0000198 seconds
2016-09-07T14:58:54.106+0800: 375622.038: Total time for which application threads were stopped: 0.0000793 seconds, Stopping threads took: 0.0000130 seconds
2016-09-07T14:58:54.112+0800: 375622.044: Total time for which application threads were stopped: 0.0001050 seconds, Stopping threads took: 0.0000143 seconds
2016-09-07T14:58:54.136+0800: 375622.068: Total time for which application threads were stopped: 0.0001501 seconds, Stopping threads took: 0.0000337 seconds
2016-09-07T14:58:58.796+0800: 375626.729: Total time for which application threads were stopped: 0.0001811 seconds, Stopping threads took: 0.0000186 seconds
2016-09-07T14:58:58.796+0800: 375626.729: Total time for which application threads were stopped: 0.0000899 seconds, Stopping threads took: 0.0000116 seconds
2016-09-07T14:58:58.802+0800: 375626.734: Total time for which application threads were stopped: 0.0001536 seconds, Stopping threads took: 0.0000626 seconds
2016-09-07T14:58:58.802+0800: 375626.734: Total time for which application threads were stopped: 0.0000861 seconds, Stopping threads took: 0.0000144 seconds
2016-09-07T14:58:59.806+0800: 375627.739: Total time for which application threads were stopped: 0.0001551 seconds, Stopping threads took: 0.0000357 seconds
2016-09-07T14:59:03.733+0800: 375631.666: Total time for which application threads were stopped: 0.0001188 seconds, Stopping threads took: 0.0000283 seconds
2016-09-07T14:59:08.737+0800: 375636.670: Total time for which application threads were stopped: 0.0001172 seconds, Stopping threads took: 0.0000267 seconds
2016-09-07T14:59:42.785+0800: 375670.720: Total time for which application threads were stopped: 0.0001172 seconds, Stopping threads took: 0.0000252 seconds
2016-09-07T14:59:42.786+0800: 375670.721: Total time for which application threads were stopped: 0.0002625 seconds, Stopping threads took: 0.0000412 seconds
2016-09-07T14:59:42.790+0800: 375670.724: Total time for which application threads were stopped: 0.0001746 seconds, Stopping threads took: 0.0000135 seconds
2016-09-07T14:59:42.795+0800: 375670.729: Total time for which application threads were stopped: 0.0000796 seconds, Stopping threads took: 0.0000135 seconds
2016-09-07T14:59:42.816+0800: 375670.751: Total time for which application threads were stopped: 0.0001222 seconds, Stopping threads took: 0.0000305 seconds
2016-09-07T14:59:45.538+0800: 375673.473: Total time for which application threads were stopped: 0.0001705 seconds, Stopping threads took: 0.0000455 seconds
2016-09-07T14:59:45.541+0800: 375673.476: Total time for which application threads were stopped: 0.0001192 seconds, Stopping threads took: 0.0000306 seconds
2016-09-07T14:59:45.547+0800: 375673.481: Total time for which application threads were stopped: 0.0001178 seconds, Stopping threads took: 0.0000235 seconds
2016-09-07T14:59:45.567+0800: 375673.501: Total time for which application threads were stopped: 0.0001394 seconds, Stopping threads took: 0.0000445 seconds
2016-09-07T14:59:46.887+0800: 375674.821: Total time for which application threads were stopped: 0.0001262 seconds, Stopping threads took: 0.0000208 seconds
2016-09-07T14:59:46.887+0800: 375674.822: Total time for which application threads were stopped: 0.0000663 seconds, Stopping threads took: 0.0000101 seconds
2016-09-07T14:59:46.888+0800: 375674.822: Total time for which application threads were stopped: 0.0000914 seconds, Stopping threads took: 0.0000235 seconds
2016-09-07T14:59:46.892+0800: 375674.826: Total time for which application threads were stopped: 0.0001238 seconds, Stopping threads took: 0.0000193 seconds
2016-09-07T14:59:46.896+0800: 375674.830: Total time for which application threads were stopped: 0.0001099 seconds, Stopping threads took: 0.0000188 seconds
2016-09-07T14:59:46.896+0800: 375674.831: Total time for which application threads were stopped: 0.0000692 seconds, Stopping threads took: 0.0000099 seconds
2016-09-07T14:59:46.896+0800: 375674.831: Total time for which application threads were stopped: 0.0000478 seconds, Stopping threads took: 0.0000063 seconds
2016-09-07T14:59:46.896+0800: 375674.831: Total time for which application threads were stopped: 0.0000890 seconds, Stopping threads took: 0.0000432 seconds
2016-09-07T14:59:47.068+0800: 375675.003: Total time for which application threads were stopped: 0.0001264 seconds, Stopping threads took: 0.0000222 seconds
2016-09-07T14:59:47.069+0800: 375675.003: Total time for which application threads were stopped: 0.0001287 seconds, Stopping threads took: 0.0000150 seconds
2016-09-07T14:59:47.071+0800: 375675.005: Total time for which application threads were stopped: 0.0001001 seconds, Stopping threads took: 0.0000166 seconds
2016-09-07T14:59:47.074+0800: 375675.009: Total time for which application threads were stopped: 0.0000809 seconds, Stopping threads took: 0.0000125 seconds
2016-09-07T14:59:47.078+0800: 375675.012: Total time for which application threads were stopped: 0.0000741 seconds, Stopping threads took: 0.0000131 seconds
2016-09-07T14:59:47.083+0800: 375675.018: Total time for which application threads were stopped: 0.0000982 seconds, Stopping threads took: 0.0000213 seconds
2016-09-07T14:59:47.083+0800: 375675.018: Total time for which application threads were stopped: 0.0000806 seconds, Stopping threads took: 0.0000112 seconds
2016-09-07T14:59:47.087+0800: 375675.022: Total time for which application threads were stopped: 0.0000873 seconds, Stopping threads took: 0.0000105 seconds
2016-09-07T14:59:47.088+0800: 375675.022: Total time for which application threads were stopped: 0.0001508 seconds, Stopping threads took: 0.0000531 seconds
2016-09-07T14:59:47.094+0800: 375675.028: Total time for which application threads were stopped: 0.0001184 seconds, Stopping threads took: 0.0000226 seconds
2016-09-07T14:59:51.026+0800: 375678.960: Total time for which application threads were stopped: 0.0001297 seconds, Stopping threads took: 0.0000292 seconds
2016-09-07T14:59:51.080+0800: 375679.015: Total time for which application threads were stopped: 0.0001655 seconds, Stopping threads took: 0.0000448 seconds
2016-09-07T14:59:51.080+0800: 375679.015: Total time for which application threads were stopped: 0.0002008 seconds, Stopping threads took: 0.0000731 seconds
2016-09-07T14:59:51.082+0800: 375679.017: Total time for which application threads were stopped: 0.0000765 seconds, Stopping threads took: 0.0000151 seconds
2016-09-07T14:59:51.082+0800: 375679.017: Total time for which application threads were stopped: 0.0001012 seconds, Stopping threads took: 0.0000228 seconds
2016-09-07T14:59:51.084+0800: 375679.019: Total time for which application threads were stopped: 0.0002249 seconds, Stopping threads took: 0.0000207 seconds
2016-09-07T14:59:51.087+0800: 375679.022: Total time for which application threads were stopped: 0.0001713 seconds, Stopping threads took: 0.0000169 seconds
2016-09-07T14:59:51.088+0800: 375679.023: Total time for which application threads were stopped: 0.0001934 seconds, Stopping threads took: 0.0000721 seconds
2016-09-07T14:59:51.155+0800: 375679.090: Total time for which application threads were stopped: 0.0001567 seconds, Stopping threads took: 0.0000347 seconds
2016-09-07T14:59:51.242+0800: 375679.177: Total time for which application threads were stopped: 0.0001465 seconds, Stopping threads took: 0.0000339 seconds
2016-09-07T14:59:51.242+0800: 375679.177: Total time for which application threads were stopped: 0.0001431 seconds, Stopping threads took: 0.0000257 seconds
2016-09-07T14:59:51.248+0800: 375679.182: Total time for which application threads were stopped: 0.0001738 seconds, Stopping threads took: 0.0000704 seconds
2016-09-07T14:59:51.248+0800: 375679.183: Total time for which application threads were stopped: 0.0001070 seconds, Stopping threads took: 0.0000239 seconds
2016-09-07T14:59:56.182+0800: 375684.117: Total time for which application threads were stopped: 0.0001519 seconds, Stopping threads took: 0.0000445 seconds
2016-09-07T14:59:56.917+0800: 375684.852: Total time for which application threads were stopped: 0.0002125 seconds, Stopping threads took: 0.0000247 seconds
2016-09-07T14:59:56.919+0800: 375684.854: Total time for which application threads were stopped: 0.0000858 seconds, Stopping threads took: 0.0000215 seconds
2016-09-07T14:59:56.943+0800: 375684.878: Total time for which application threads were stopped: 0.0001293 seconds, Stopping threads took: 0.0000303 seconds
2016-09-07T14:59:59.389+0800: 375687.325: Total time for which application threads were stopped: 0.0001383 seconds, Stopping threads took: 0.0000336 seconds
2016-09-07T14:59:59.390+0800: 375687.325: Total time for which application threads were stopped: 0.0000835 seconds, Stopping threads took: 0.0000118 seconds
2016-09-07T14:59:59.394+0800: 375687.329: Total time for which application threads were stopped: 0.0000720 seconds, Stopping threads took: 0.0000100 seconds
2016-09-07T14:59:59.394+0800: 375687.329: Total time for which application threads were stopped: 0.0001210 seconds, Stopping threads took: 0.0000508 seconds
2016-09-07T15:00:09.210+0800: 375697.146: Total time for which application threads were stopped: 0.0002645 seconds, Stopping threads took: 0.0000559 seconds
2016-09-07T15:00:09.210+0800: 375697.146: Total time for which application threads were stopped: 0.0001814 seconds, Stopping threads took: 0.0000113 seconds
2016-09-07T15:00:09.215+0800: 375697.151: Total time for which application threads were stopped: 0.0001503 seconds, Stopping threads took: 0.0000557 seconds
2016-09-07T15:00:09.216+0800: 375697.151: Total time for which application threads were stopped: 0.0000924 seconds, Stopping threads took: 0.0000326 seconds
2016-09-07T15:00:10.484+0800: 375698.420: Total time for which application threads were stopped: 0.0001349 seconds, Stopping threads took: 0.0000194 seconds
2016-09-07T15:00:10.484+0800: 375698.420: Total time for which application threads were stopped: 0.0000872 seconds, Stopping threads took: 0.0000121 seconds
2016-09-07T15:00:10.489+0800: 375698.424: Total time for which application threads were stopped: 0.0001368 seconds, Stopping threads took: 0.0000549 seconds
2016-09-07T15:00:10.489+0800: 375698.425: Total time for which application threads were stopped: 0.0000599 seconds, Stopping threads took: 0.0000164 seconds
2016-09-07T15:00:12.250+0800: 375700.186: Total time for which application threads were stopped: 0.0001424 seconds, Stopping threads took: 0.0000269 seconds
2016-09-07T15:00:12.250+0800: 375700.186: Total time for which application threads were stopped: 0.0000761 seconds, Stopping threads took: 0.0000107 seconds
2016-09-07T15:00:12.255+0800: 375700.191: Total time for which application threads were stopped: 0.0001041 seconds, Stopping threads took: 0.0000263 seconds
2016-09-07T15:00:12.255+0800: 375700.191: Total time for which application threads were stopped: 0.0001061 seconds, Stopping threads took: 0.0000391 seconds
2016-09-07T15:00:14.953+0800: 375702.889: Total time for which application threads were stopped: 0.0001214 seconds, Stopping threads took: 0.0000234 seconds
2016-09-07T15:00:17.553+0800: 375705.490: Total time for which application threads were stopped: 0.0002087 seconds, Stopping threads took: 0.0000187 seconds
2016-09-07T15:00:17.605+0800: 375705.541: Total time for which application threads were stopped: 0.0001342 seconds, Stopping threads took: 0.0000193 seconds
2016-09-07T15:00:17.608+0800: 375705.544: Total time for which application threads were stopped: 0.0001174 seconds, Stopping threads took: 0.0000156 seconds
2016-09-07T15:00:17.609+0800: 375705.545: Total time for which application threads were stopped: 0.0001117 seconds, Stopping threads took: 0.0000505 seconds
2016-09-07T15:00:17.609+0800: 375705.545: Total time for which application threads were stopped: 0.0001056 seconds, Stopping threads took: 0.0000546 seconds
2016-09-07T15:00:17.777+0800: 375705.714: Total time for which application threads were stopped: 0.0001259 seconds, Stopping threads took: 0.0000209 seconds
2016-09-07T15:00:17.778+0800: 375705.714: Total time for which application threads were stopped: 0.0000617 seconds, Stopping threads took: 0.0000096 seconds
2016-09-07T15:00:17.778+0800: 375705.714: Total time for which application threads were stopped: 0.0000677 seconds, Stopping threads took: 0.0000108 seconds
2016-09-07T15:00:27.560+0800: 375715.497: Total time for which application threads were stopped: 0.0001538 seconds, Stopping threads took: 0.0000401 seconds
{Heap before GC invocations=14 (full 1):
 par new generation   total 109248K, used 93800K [0x00000007a0000000, 0x00000007a8000000, 0x00000007a8000000)
  eden space 87424K,  99% used [0x00000007a0000000, 0x00000007a555d138, 0x00000007a5560000)
  from space 21824K,  29% used [0x00000007a5560000, 0x00000007a5b9d220, 0x00000007a6ab0000)
  to   space 21824K,   0% used [0x00000007a6ab0000, 0x00000007a6ab0000, 0x00000007a8000000)
 concurrent mark-sweep generation total 393216K, used 24726K [0x00000007a8000000, 0x00000007c0000000, 0x00000007c0000000)
 Metaspace       used 33379K, capacity 33832K, committed 34300K, reserved 1079296K
  class space    used 3711K, capacity 3805K, committed 3836K, reserved 1048576K
2016-09-07T15:00:27.568+0800: 375715.505: [GC (Allocation Failure) 2016-09-07T15:00:27.568+0800: 375715.505: [ParNew
Desired survivor size 20112992 bytes, new threshold 8 (max 8)
- age   1:    7001760 bytes,    7001760 total
- age   2:     258488 bytes,    7260248 total
- age   3:      37560 bytes,    7297808 total
- age   4:      67480 bytes,    7365288 total
- age   5:       5432 bytes,    7370720 total
- age   6:       8656 bytes,    7379376 total
- age   7:       3624 bytes,    7383000 total
- age   8:      18664 bytes,    7401664 total
: 93800K->8265K(109248K), 0.0094050 secs] 118527K->34343K(502464K), 0.0094802 secs] [Times: user=0.03 sys=0.00, real=0.01 secs] 
Heap after GC invocations=15 (full 1):
 par new generation   total 109248K, used 8265K [0x00000007a0000000, 0x00000007a8000000, 0x00000007a8000000)
  eden space 87424K,   0% used [0x00000007a0000000, 0x00000007a0000000, 0x00000007a5560000)
  from space 21824K,  37% used [0x00000007a6ab0000, 0x00000007a72c25a0, 0x00000007a8000000)
  to   space 21824K,   0% used [0x00000007a5560000, 0x00000007a5560000, 0x00000007a6ab0000)
 concurrent mark-sweep generation total 393216K, used 26077K [0x00000007a8000000, 0x00000007c0000000, 0x00000007c0000000)
 Metaspace       used 33379K, capacity 33832K, committed 34300K, reserved 1079296K
  class space    used 3711K, capacity 3805K, committed 3836K, reserved 1048576K
}
2016-09-07T15:00:27.578+0800: 375715.514: Total time for which application threads were stopped: 0.0121429 seconds, Stopping threads took: 0.0000148 seconds
2016-09-07T15:00:27.595+0800: 375715.531: Total time for which application threads were stopped: 0.0001201 seconds, Stopping threads took: 0.0000167 seconds
2016-09-07T15:00:27.595+0800: 375715.532: Total time for which application threads were stopped: 0.0001046 seconds, Stopping threads took: 0.0000544 seconds
2016-09-07T15:00:27.595+0800: 375715.532: Total time for which application threads were stopped: 0.0000606 seconds, Stopping threads took: 0.0000229 seconds
2016-09-07T15:00:28.600+0800: 375716.536: Total time for which application threads were stopped: 0.0001724 seconds, Stopping threads took: 0.0000316 seconds
2016-09-07T15:00:36.540+0800: 375724.477: Total time for which application threads were stopped: 0.0001297 seconds, Stopping threads took: 0.0000298 seconds
2016-09-07T15:00:36.568+0800: 375724.505: Total time for which application threads were stopped: 0.0002494 seconds, Stopping threads took: 0.0000200 seconds
2016-09-07T15:00:39.492+0800: 375727.429: Total time for which application threads were stopped: 0.0001721 seconds, Stopping threads took: 0.0000429 seconds
2016-09-07T15:00:39.493+0800: 375727.430: Total time for which application threads were stopped: 0.0001006 seconds, Stopping threads took: 0.0000108 seconds
2016-09-07T15:00:39.498+0800: 375727.435: Total time for which application threads were stopped: 0.0001555 seconds, Stopping threads took: 0.0000596 seconds
2016-09-07T15:00:39.498+0800: 375727.436: Total time for which application threads were stopped: 0.0001208 seconds, Stopping threads took: 0.0000313 seconds
2016-09-07T15:00:39.510+0800: 375727.447: Total time for which application threads were stopped: 0.0001194 seconds, Stopping threads took: 0.0000173 seconds
2016-09-07T15:00:39.510+0800: 375727.447: Total time for which application threads were stopped: 0.0000854 seconds, Stopping threads took: 0.0000110 seconds
2016-09-07T15:00:39.510+0800: 375727.447: Total time for which application threads were stopped: 0.0000788 seconds, Stopping threads took: 0.0000094 seconds
2016-09-07T15:00:39.510+0800: 375727.447: Total time for which application threads were stopped: 0.0000755 seconds, Stopping threads took: 0.0000090 seconds
2016-09-07T15:00:39.510+0800: 375727.447: Total time for which application threads were stopped: 0.0000686 seconds, Stopping threads took: 0.0000080 seconds
2016-09-07T15:00:40.515+0800: 375728.452: Total time for which application threads were stopped: 0.0001362 seconds, Stopping threads took: 0.0000314 seconds
2016-09-07T15:00:44.435+0800: 375732.372: Total time for which application threads were stopped: 0.0001275 seconds, Stopping threads took: 0.0000282 seconds
2016-09-07T15:00:49.437+0800: 375737.375: Total time for which application threads were stopped: 0.0001251 seconds, Stopping threads took: 0.0000267 seconds
2016-09-07T15:01:15.428+0800: 375763.367: Total time for which application threads were stopped: 0.0001204 seconds, Stopping threads took: 0.0000298 seconds
2016-09-07T15:01:17.864+0800: 375765.803: Total time for which application threads were stopped: 0.0001515 seconds, Stopping threads took: 0.0000227 seconds
2016-09-07T15:01:17.884+0800: 375765.823: Total time for which application threads were stopped: 0.0001262 seconds, Stopping threads took: 0.0000219 seconds
2016-09-07T15:01:18.888+0800: 375766.827: Total time for which application threads were stopped: 0.0001282 seconds, Stopping threads took: 0.0000298 seconds
2016-09-07T15:02:17.553+0800: 375825.495: Total time for which application threads were stopped: 0.0001268 seconds, Stopping threads took: 0.0000254 seconds
2016-09-07T15:02:17.560+0800: 375825.502: Total time for which application threads were stopped: 0.0001114 seconds, Stopping threads took: 0.0000219 seconds
2016-09-07T15:02:18.561+0800: 375826.502: Total time for which application threads were stopped: 0.0001743 seconds, Stopping threads took: 0.0000292 seconds
2016-09-07T15:03:38.130+0800: 375906.075: Total time for which application threads were stopped: 0.0001149 seconds, Stopping threads took: 0.0000203 seconds
2016-09-07T15:03:44.641+0800: 375912.587: Total time for which application threads were stopped: 0.0001673 seconds, Stopping threads took: 0.0000253 seconds
2016-09-07T15:03:45.645+0800: 375913.591: Total time for which application threads were stopped: 0.0001742 seconds, Stopping threads took: 0.0000378 seconds
2016-09-07T15:03:47.263+0800: 375915.209: Total time for which application threads were stopped: 0.0001281 seconds, Stopping threads took: 0.0000254 seconds
2016-09-07T15:03:47.268+0800: 375915.214: Total time for which application threads were stopped: 0.0001959 seconds, Stopping threads took: 0.0000181 seconds
2016-09-07T15:03:47.268+0800: 375915.214: Total time for which application threads were stopped: 0.0001007 seconds, Stopping threads took: 0.0000270 seconds
2016-09-07T15:03:47.269+0800: 375915.215: Total time for which application threads were stopped: 0.0001753 seconds, Stopping threads took: 0.0000892 seconds
2016-09-07T15:03:47.269+0800: 375915.215: Total time for which application threads were stopped: 0.0000925 seconds, Stopping threads took: 0.0000270 seconds
2016-09-07T15:03:47.423+0800: 375915.369: Total time for which application threads were stopped: 0.0002137 seconds, Stopping threads took: 0.0000453 seconds
2016-09-07T15:03:47.423+0800: 375915.369: Total time for which application threads were stopped: 0.0000777 seconds, Stopping threads took: 0.0000246 seconds
2016-09-07T15:03:47.424+0800: 375915.369: Total time for which application threads were stopped: 0.0000695 seconds, Stopping threads took: 0.0000087 seconds
2016-09-07T15:03:47.424+0800: 375915.369: Total time for which application threads were stopped: 0.0000493 seconds, Stopping threads took: 0.0000086 seconds
2016-09-07T15:03:47.424+0800: 375915.370: Total time for which application threads were stopped: 0.0000477 seconds, Stopping threads took: 0.0000069 seconds
2016-09-07T15:03:47.424+0800: 375915.370: Total time for which application threads were stopped: 0.0000468 seconds, Stopping threads took: 0.0000068 seconds
2016-09-07T15:03:47.424+0800: 375915.370: Total time for which application threads were stopped: 0.0000500 seconds, Stopping threads took: 0.0000074 seconds
2016-09-07T15:03:47.424+0800: 375915.370: Total time for which application threads were stopped: 0.0000428 seconds, Stopping threads took: 0.0000059 seconds
2016-09-07T15:03:47.424+0800: 375915.370: Total time for which application threads were stopped: 0.0000532 seconds, Stopping threads took: 0.0000090 seconds
2016-09-07T15:03:47.424+0800: 375915.370: Total time for which application threads were stopped: 0.0000427 seconds, Stopping threads took: 0.0000061 seconds
2016-09-07T15:03:47.425+0800: 375915.370: Total time for which application threads were stopped: 0.0000413 seconds, Stopping threads took: 0.0000058 seconds
2016-09-07T15:03:47.425+0800: 375915.370: Total time for which application threads were stopped: 0.0000422 seconds, Stopping threads took: 0.0000061 seconds
2016-09-07T15:03:47.425+0800: 375915.371: Total time for which application threads were stopped: 0.0000497 seconds, Stopping threads took: 0.0000074 seconds
2016-09-07T15:03:47.425+0800: 375915.371: Total time for which application threads were stopped: 0.0000473 seconds, Stopping threads took: 0.0000067 seconds
2016-09-07T15:03:47.425+0800: 375915.371: Total time for which application threads were stopped: 0.0000439 seconds, Stopping threads took: 0.0000063 seconds
2016-09-07T15:03:47.430+0800: 375915.376: Total time for which application threads were stopped: 0.0000906 seconds, Stopping threads took: 0.0000124 seconds
2016-09-07T15:03:47.430+0800: 375915.376: Total time for which application threads were stopped: 0.0000552 seconds, Stopping threads took: 0.0000056 seconds
2016-09-07T15:03:47.435+0800: 375915.381: Total time for which application threads were stopped: 0.0001906 seconds, Stopping threads took: 0.0000254 seconds
2016-09-07T15:03:47.436+0800: 375915.382: Total time for which application threads were stopped: 0.0002200 seconds, Stopping threads took: 0.0000630 seconds
2016-09-07T15:03:47.436+0800: 375915.382: Total time for which application threads were stopped: 0.0001960 seconds, Stopping threads took: 0.0000599 seconds
2016-09-07T15:03:48.439+0800: 375916.385: Total time for which application threads were stopped: 0.0001670 seconds, Stopping threads took: 0.0000326 seconds
2016-09-07T15:03:50.059+0800: 375918.005: Total time for which application threads were stopped: 0.0001239 seconds, Stopping threads took: 0.0000199 seconds
2016-09-07T15:03:50.067+0800: 375918.013: Total time for which application threads were stopped: 0.0001295 seconds, Stopping threads took: 0.0000247 seconds
2016-09-07T15:03:50.068+0800: 375918.014: Total time for which application threads were stopped: 0.0000859 seconds, Stopping threads took: 0.0000273 seconds
2016-09-07T15:03:50.068+0800: 375918.014: Total time for which application threads were stopped: 0.0000841 seconds, Stopping threads took: 0.0000193 seconds
2016-09-07T15:03:50.070+0800: 375918.016: Total time for which application threads were stopped: 0.0001431 seconds, Stopping threads took: 0.0000473 seconds
2016-09-07T15:03:50.070+0800: 375918.016: Total time for which application threads were stopped: 0.0000753 seconds, Stopping threads took: 0.0000176 seconds
2016-09-07T15:03:50.070+0800: 375918.016: Total time for which application threads were stopped: 0.0000803 seconds, Stopping threads took: 0.0000328 seconds
2016-09-07T15:03:50.070+0800: 375918.016: Total time for which application threads were stopped: 0.0000736 seconds, Stopping threads took: 0.0000214 seconds
2016-09-07T15:03:50.070+0800: 375918.016: Total time for which application threads were stopped: 0.0000727 seconds, Stopping threads took: 0.0000225 seconds
2016-09-07T15:03:50.070+0800: 375918.016: Total time for which application threads were stopped: 0.0000593 seconds, Stopping threads took: 0.0000185 seconds
2016-09-07T15:03:50.071+0800: 375918.017: Total time for which application threads were stopped: 0.0001770 seconds, Stopping threads took: 0.0000172 seconds
2016-09-07T15:03:50.244+0800: 375918.190: Total time for which application threads were stopped: 0.0001328 seconds, Stopping threads took: 0.0000237 seconds
2016-09-07T15:03:50.259+0800: 375918.205: Total time for which application threads were stopped: 0.0001646 seconds, Stopping threads took: 0.0000402 seconds
2016-09-07T15:03:50.259+0800: 375918.205: Total time for which application threads were stopped: 0.0001127 seconds, Stopping threads took: 0.0000314 seconds
2016-09-07T15:03:50.264+0800: 375918.210: Total time for which application threads were stopped: 0.0001503 seconds, Stopping threads took: 0.0000581 seconds
2016-09-07T15:03:50.264+0800: 375918.210: Total time for which application threads were stopped: 0.0001209 seconds, Stopping threads took: 0.0000444 seconds
2016-09-07T15:03:51.269+0800: 375919.216: Total time for which application threads were stopped: 0.0002578 seconds, Stopping threads took: 0.0000615 seconds
2016-09-07T15:03:55.168+0800: 375923.115: Total time for which application threads were stopped: 0.0001472 seconds, Stopping threads took: 0.0000340 seconds
2016-09-07T15:03:56.638+0800: 375924.584: Total time for which application threads were stopped: 0.0001515 seconds, Stopping threads took: 0.0000191 seconds
2016-09-07T15:03:56.638+0800: 375924.584: Total time for which application threads were stopped: 0.0000709 seconds, Stopping threads took: 0.0000090 seconds
2016-09-07T15:03:56.643+0800: 375924.589: Total time for which application threads were stopped: 0.0001801 seconds, Stopping threads took: 0.0000806 seconds
2016-09-07T15:03:56.643+0800: 375924.589: Total time for which application threads were stopped: 0.0000913 seconds, Stopping threads took: 0.0000097 seconds
2016-09-07T15:04:01.632+0800: 375929.578: Total time for which application threads were stopped: 0.0001681 seconds, Stopping threads took: 0.0000379 seconds
2016-09-07T15:04:36.517+0800: 375964.465: Total time for which application threads were stopped: 0.0007192 seconds, Stopping threads took: 0.0000298 seconds
2016-09-07T15:04:36.519+0800: 375964.467: Total time for which application threads were stopped: 0.0000889 seconds, Stopping threads took: 0.0000139 seconds
2016-09-07T15:04:36.519+0800: 375964.468: Total time for which application threads were stopped: 0.0006220 seconds, Stopping threads took: 0.0000071 seconds
2016-09-07T15:04:36.528+0800: 375964.476: Total time for which application threads were stopped: 0.0001291 seconds, Stopping threads took: 0.0000241 seconds
2016-09-07T15:04:36.530+0800: 375964.478: Total time for which application threads were stopped: 0.0000778 seconds, Stopping threads took: 0.0000104 seconds
2016-09-07T15:04:36.531+0800: 375964.479: Total time for which application threads were stopped: 0.0000689 seconds, Stopping threads took: 0.0000295 seconds
2016-09-07T15:04:36.531+0800: 375964.479: Total time for which application threads were stopped: 0.0000347 seconds, Stopping threads took: 0.0000053 seconds
2016-09-07T15:04:36.531+0800: 375964.479: Total time for which application threads were stopped: 0.0000304 seconds, Stopping threads took: 0.0000053 seconds
2016-09-07T15:04:36.531+0800: 375964.479: Total time for which application threads were stopped: 0.0000307 seconds, Stopping threads took: 0.0000050 seconds
2016-09-07T15:04:36.531+0800: 375964.479: Total time for which application threads were stopped: 0.0000720 seconds, Stopping threads took: 0.0000355 seconds
2016-09-07T15:04:36.532+0800: 375964.480: Total time for which application threads were stopped: 0.0000524 seconds, Stopping threads took: 0.0000142 seconds
2016-09-07T15:04:36.535+0800: 375964.483: Total time for which application threads were stopped: 0.0000974 seconds, Stopping threads took: 0.0000621 seconds
Heap
 par new generation   total 109248K, used 49721K [0x00000007a0000000, 0x00000007a8000000, 0x00000007a8000000)
  eden space 87424K,  47% used [0x00000007a0000000, 0x00000007a287be78, 0x00000007a5560000)
  from space 21824K,  37% used [0x00000007a6ab0000, 0x00000007a72c25a0, 0x00000007a8000000)
  to   space 21824K,   0% used [0x00000007a5560000, 0x00000007a5560000, 0x00000007a6ab0000)
 concurrent mark-sweep generation total 393216K, used 26077K [0x00000007a8000000, 0x00000007c0000000, 0x00000007c0000000)
 Metaspace       used 33546K, capacity 33940K, committed 34428K, reserved 1079296K
  class space    used 3721K, capacity 3839K, committed 3964K, reserved 1048576K
